08-29 18:05:32.271 28121 28121 I chatty  : uid=10008(com.samsung.android.app.aodservice) com.android.systemui:InfinityWallpaper identical 10 lines
08-29 18:05:32.288 28121 28121 D GLAnimatorManager: doFrame
08-29 18:05:32.295 29731 29731 I SKBD    : and isTosAccept false
08-29 18:05:32.305 28121 28121 D GLAnimatorManager: doFrame
08-29 18:05:32.471 28121 28121 I chatty  : uid=10008(com.samsung.android.app.aodservice) com.android.systemui:InfinityWallpaper identical 10 lines
08-29 18:05:32.488 28121 28121 D GLAnimatorManager: doFrame
08-29 18:05:32.496 29731 29731 I SKBD    : and isTosAccept false
08-29 18:05:32.504 28121 28121 D GLAnimatorManager: doFrame
08-29 18:05:32.671 28121 28121 I chatty  : uid=10008(com.samsung.android.app.aodservice) com.android.systemui:InfinityWallpaper identical 10 lines
08-29 18:05:32.688 28121 28121 D GLAnimatorManager: doFrame
08-29 18:05:32.697 29731 29731 I SKBD    : and isTosAccept false
08-29 18:05:32.705 28121 28121 D GLAnimatorManager: doFrame
08-29 18:05:32.871 28121 28121 I chatty  : uid=10008(com.samsung.android.app.aodservice) com.android.systemui:InfinityWallpaper identical 10 lines
08-29 18:05:32.888 28121 28121 D GLAnimatorManager: doFrame
08-29 18:05:32.898 29731 29731 I SKBD    : and isTosAccept false
08-29 18:05:32.904 28121 28121 D GLAnimatorManager: doFrame
08-29 18:05:33.071 28121 28121 I chatty  : uid=10008(com.samsung.android.app.aodservice) com.android.systemui:InfinityWallpaper identical 10 lines
08-29 18:05:33.087 28121 28121 D GLAnimatorManager: doFrame
08-29 18:05:33.099 29731 29731 I SKBD    : and isTosAccept false
08-29 18:05:33.105 28121 28121 D GLAnimatorManager: doFrame
08-29 18:05:33.271 28121 28121 I chatty  : uid=10008(com.samsung.android.app.aodservice) com.android.systemui:InfinityWallpaper identical 10 lines
08-29 18:05:33.288 28121 28121 D GLAnimatorManager: doFrame
08-29 18:05:33.300 29731 29731 I SKBD    : and isTosAccept false
08-29 18:05:33.304 28121 28121 D GLAnimatorManager: doFrame
08-29 18:05:33.470 28121 28121 I chatty  : uid=10008(com.samsung.android.app.aodservice) com.android.systemui:InfinityWallpaper identical 10 lines
08-29 18:05:33.487 28121 28121 D GLAnimatorManager: doFrame
08-29 18:05:33.501 29731 29731 I SKBD    : and isTosAccept false
08-29 18:05:33.505 28121 28121 D GLAnimatorManager: doFrame
08-29 18:05:33.670 28121 28121 I chatty  : uid=10008(com.samsung.android.app.aodservice) com.android.systemui:InfinityWallpaper identical 10 lines
08-29 18:05:33.687 28121 28121 D GLAnimatorManager: doFrame
08-29 18:05:33.703 29731 29731 I SKBD    : and isTosAccept false
08-29 18:05:33.704 28121 28121 D GLAnimatorManager: doFrame
08-29 18:05:33.887 28121 28121 I chatty  : uid=10008(com.samsung.android.app.aodservice) com.android.systemui:InfinityWallpaper identical 11 lines
08-29 18:05:33.903 28121 28121 D GLAnimatorManager: doFrame
08-29 18:05:33.904 29731 29731 I SKBD    : and isTosAccept false
08-29 18:05:33.906 29040 29040 D BoundBrokerSvc: onUnbind: Intent { act=com.google.android.gms.safetynet.service.START pkg=com.google.android.gms }
08-29 18:05:33.919 28121 28121 D GLAnimatorManager: doFrame
08-29 18:05:33.963 27399 29405 E BartenderActivityManager: BarTender: pid : 18388 cached=true abnormal=false kill=false stay=false release=false
08-29 18:05:34.086 28121 28121 I chatty  : uid=10008(com.samsung.android.app.aodservice) com.android.systemui:InfinityWallpaper identical 10 lines
08-29 18:05:34.103 28121 28121 D GLAnimatorManager: doFrame
08-29 18:05:34.105 29731 29731 I SKBD    : and isTosAccept false
08-29 18:05:34.119 28121 28121 D GLAnimatorManager: doFrame
08-29 18:05:34.286 28121 28121 I chatty  : uid=10008(com.samsung.android.app.aodservice) com.android.systemui:InfinityWallpaper identical 10 lines
08-29 18:05:34.302 28121 28121 D GLAnimatorManager: doFrame
08-29 18:05:34.306 29731 29731 I SKBD    : and isTosAccept false
08-29 18:05:34.319 28121 28121 D GLAnimatorManager: doFrame
08-29 18:05:34.486 28121 28121 I chatty  : uid=10008(com.samsung.android.app.aodservice) com.android.systemui:InfinityWallpaper identical 10 lines
08-29 18:05:34.503 28121 28121 D GLAnimatorManager: doFrame
08-29 18:05:34.507 29731 29731 I SKBD    : and isTosAccept false
08-29 18:05:34.519 28121 28121 D GLAnimatorManager: doFrame
08-29 18:05:34.686 28121 28121 I chatty  : uid=10008(com.samsung.android.app.aodservice) com.android.systemui:InfinityWallpaper identical 10 lines
08-29 18:05:34.703 28121 28121 D GLAnimatorManager: doFrame
08-29 18:05:34.703 27196 27385 V APM_AudioPolicyManager: getAudioPolicyConfig: audioParam;outDevice
08-29 18:05:34.704 27196 27385 V APM_AudioPolicyManager: getNewOutputDevice() selected device 0
08-29 18:05:34.704 27196 27385 V APM_AudioPolicyManager: ### curdevice : 2
08-29 18:05:34.707 29731 29731 I SKBD    : and isTosAccept false
08-29 18:05:34.719 28121 28121 D GLAnimatorManager: doFrame
08-29 18:05:34.787 27399 29405 E BartenderActivityManager: BarTender: pid : 19521 cached=true abnormal=false kill=false stay=false release=false
08-29 18:05:34.879 27399 29405 E BartenderActivityManager: BarTender: pid : 15893 cached=true abnormal=false kill=false stay=false release=false
08-29 18:05:34.883 27399 29405 E BartenderActivityManager: BarTender: pid : 10712 cached=true abnormal=false kill=false stay=false release=false
08-29 18:05:34.885 28121 28121 I chatty  : uid=10008(com.samsung.android.app.aodservice) com.android.systemui:InfinityWallpaper identical 10 lines
08-29 18:05:34.902 28121 28121 D GLAnimatorManager: doFrame
08-29 18:05:34.908 29731 29731 I SKBD    : and isTosAccept false
08-29 18:05:34.920 28121 28121 D GLAnimatorManager: doFrame
08-29 18:05:35.086 28121 28121 I chatty  : uid=10008(com.samsung.android.app.aodservice) com.android.systemui:InfinityWallpaper identical 10 lines
08-29 18:05:35.103 28121 28121 D GLAnimatorManager: doFrame
08-29 18:05:35.109 29731 29731 I SKBD    : and isTosAccept false
08-29 18:05:35.120 28121 28121 D GLAnimatorManager: doFrame
08-29 18:05:35.286 28121 28121 I chatty  : uid=10008(com.samsung.android.app.aodservice) com.android.systemui:InfinityWallpaper identical 10 lines
08-29 18:05:35.303 28121 28121 D GLAnimatorManager: doFrame
08-29 18:05:35.310 29731 29731 I SKBD    : and isTosAccept false
08-29 18:05:35.320 28121 28121 D GLAnimatorManager: doFrame
08-29 18:05:35.486 28121 28121 I chatty  : uid=10008(com.samsung.android.app.aodservice) com.android.systemui:InfinityWallpaper identical 10 lines
08-29 18:05:35.503 28121 28121 D GLAnimatorManager: doFrame
08-29 18:05:35.510 29731 29731 I SKBD    : and isTosAccept false
08-29 18:05:35.520 28121 28121 D GLAnimatorManager: doFrame
08-29 18:05:35.686 28121 28121 I chatty  : uid=10008(com.samsung.android.app.aodservice) com.android.systemui:InfinityWallpaper identical 10 lines
08-29 18:05:35.703 28121 28121 D GLAnimatorManager: doFrame
08-29 18:05:35.711 29731 29731 I SKBD    : and isTosAccept false
08-29 18:05:35.719 28121 28121 D GLAnimatorManager: doFrame
08-29 18:05:35.886 28121 28121 I chatty  : uid=10008(com.samsung.android.app.aodservice) com.android.systemui:InfinityWallpaper identical 10 lines
08-29 18:05:35.902 28121 28121 D GLAnimatorManager: doFrame
08-29 18:05:35.912 29731 29731 I SKBD    : and isTosAccept false
08-29 18:05:35.919 28121 28121 D GLAnimatorManager: doFrame
08-29 18:05:36.086 28121 28121 I chatty  : uid=10008(com.samsung.android.app.aodservice) com.android.systemui:InfinityWallpaper identical 10 lines
08-29 18:05:36.102 28121 28121 D GLAnimatorManager: doFrame
08-29 18:05:36.113 29731 29731 I SKBD    : and isTosAccept false
08-29 18:05:36.119 28121 28121 D GLAnimatorManager: doFrame
08-29 18:05:36.227 27399 29405 E BartenderActivityManager: BarTender: pid : 19539 cached=true abnormal=false kill=false stay=false release=false
08-29 18:05:36.267 27399 29405 E BartenderActivityManager: BarTender: pid : 18462 cached=true abnormal=false kill=false stay=false release=false
08-29 18:05:36.285 28121 28121 I chatty  : uid=10008(com.samsung.android.app.aodservice) com.android.systemui:InfinityWallpaper identical 10 lines
08-29 18:05:36.302 28121 28121 D GLAnimatorManager: doFrame
08-29 18:05:36.314 29731 29731 I SKBD    : and isTosAccept false
08-29 18:05:36.319 28121 28121 D GLAnimatorManager: doFrame
08-29 18:05:36.486 28121 28121 I chatty  : uid=10008(com.samsung.android.app.aodservice) com.android.systemui:InfinityWallpaper identical 10 lines
08-29 18:05:36.502 28121 28121 D GLAnimatorManager: doFrame
08-29 18:05:36.515 29731 29731 I SKBD    : and isTosAccept false
08-29 18:05:36.519 28121 28121 D GLAnimatorManager: doFrame
08-29 18:05:36.685 28121 28121 I chatty  : uid=10008(com.samsung.android.app.aodservice) com.android.systemui:InfinityWallpaper identical 10 lines
08-29 18:05:36.702 28121 28121 D GLAnimatorManager: doFrame
08-29 18:05:36.716 29731 29731 I SKBD    : and isTosAccept false
08-29 18:05:36.719 28121 28121 D GLAnimatorManager: doFrame
08-29 18:05:36.885  4940  4940 D io_stats: !@   8,0 r 156590 8250580 w 234401 12422260 d 11653 11627620 f 25405 102373 iot 334208 212816 th 307200 0 0 pt 0 inp 0 0 17463.374
08-29 18:05:36.888 28121 28121 I chatty  : uid=10008(com.samsung.android.app.aodservice) com.android.systemui:InfinityWallpaper identical 10 lines
08-29 18:05:36.902 28121 28121 D GLAnimatorManager: doFrame
08-29 18:05:36.917 29731 29731 I SKBD    : and isTosAccept false
08-29 18:05:36.919 28121 28121 D GLAnimatorManager: doFrame
08-29 18:05:37.003 27399 28099 E Watchdog: !@Sync 191 [2022-08-29 18:05:37.003] FD count : 566
08-29 18:05:37.085 28121 28121 I chatty  : uid=10008(com.samsung.android.app.aodservice) com.android.systemui:InfinityWallpaper identical 10 lines
08-29 18:05:37.101 28121 28121 D GLAnimatorManager: doFrame
08-29 18:05:37.118 29731 29731 I SKBD    : and isTosAccept false
08-29 18:05:37.118 28121 28121 D GLAnimatorManager: doFrame
08-29 18:05:37.251 27399 29405 E BartenderActivityManager: BarTender: pid : 19563 cached=true abnormal=false kill=false stay=false release=false
08-29 18:05:37.302 28121 28121 I chatty  : uid=10008(com.samsung.android.app.aodservice) com.android.systemui:InfinityWallpaper identical 11 lines
08-29 18:05:37.318 28121 28121 D GLAnimatorManager: doFrame
08-29 18:05:37.319 29731 29731 I SKBD    : and isTosAccept false
08-29 18:05:37.335 28121 28121 D GLAnimatorManager: doFrame
08-29 18:05:37.502 28121 28121 I chatty  : uid=10008(com.samsung.android.app.aodservice) com.android.systemui:InfinityWallpaper identical 10 lines
08-29 18:05:37.518 28121 28121 D GLAnimatorManager: doFrame
08-29 18:05:37.519 29731 29731 I SKBD    : and isTosAccept false
08-29 18:05:37.535 28121 28121 D GLAnimatorManager: doFrame
08-29 18:05:37.552 28121 28121 D GLAnimatorManager: doFrame
08-29 18:05:37.564 29040 29040 D BoundBrokerSvc: onUnbind: Intent { act=com.google.android.gms.measurement.START pkg=com.google.android.gms }
08-29 18:05:37.568 28121 28121 D GLAnimatorManager: doFrame
08-29 18:05:37.701 28121 28121 I chatty  : uid=10008(com.samsung.android.app.aodservice) com.android.systemui:InfinityWallpaper identical 8 lines
08-29 18:05:37.718 28121 28121 D GLAnimatorManager: doFrame
08-29 18:05:37.720 29731 29731 I SKBD    : and isTosAccept false
08-29 18:05:37.734 28121 28121 D GLAnimatorManager: doFrame
08-29 18:05:37.901 28121 28121 I chatty  : uid=10008(com.samsung.android.app.aodservice) com.android.systemui:InfinityWallpaper identical 10 lines
08-29 18:05:37.918 28121 28121 D GLAnimatorManager: doFrame
08-29 18:05:37.921 29731 29731 I SKBD    : and isTosAccept false
08-29 18:05:37.934 28121 28121 D GLAnimatorManager: doFrame
08-29 18:05:38.101 28121 28121 I chatty  : uid=10008(com.samsung.android.app.aodservice) com.android.systemui:InfinityWallpaper identical 10 lines
08-29 18:05:38.117 28121 28121 D GLAnimatorManager: doFrame
08-29 18:05:38.122 29731 29731 I SKBD    : and isTosAccept false
08-29 18:05:38.134 28121 28121 D GLAnimatorManager: doFrame
08-29 18:05:38.211 29007 29534 D SDHMS:s : SIOP:: AP:301(411,110) BAT:383(383,0) CHG:401(401,0) USB:383(383,0) PA:345(394,50) LRP:0(0,-999) ATC:0(0,-999) 
08-29 18:05:38.301 28121 28121 I chatty  : uid=10008(com.samsung.android.app.aodservice) com.android.systemui:InfinityWallpaper identical 10 lines
08-29 18:05:38.318 28121 28121 D GLAnimatorManager: doFrame
08-29 18:05:38.323 29731 29731 I SKBD    : and isTosAccept false
08-29 18:05:38.334 28121 28121 D GLAnimatorManager: doFrame
08-29 18:05:38.466 27399 29137 E BartenderActivityManager: BarTender: pid : 19580 cached=true abnormal=false kill=false stay=false release=false
08-29 18:05:38.501 28121 28121 I chatty  : uid=10008(com.samsung.android.app.aodservice) com.android.systemui:InfinityWallpaper identical 10 lines
08-29 18:05:38.517 28121 28121 D GLAnimatorManager: doFrame
08-29 18:05:38.528 19888 19888 I Finsky:background: [2] mjz.onDestroy(8): IPC-SERVER: Stopping gRPC host service...
08-29 18:05:38.529 29731 29731 I SKBD    : and isTosAccept false
08-29 18:05:38.534 28121 28121 D GLAnimatorManager: doFrame
08-29 18:05:38.567 28121 28121 I chatty  : uid=10008(com.samsung.android.app.aodservice) com.android.systemui:InfinityWallpaper identical 2 lines
08-29 18:05:38.584 28121 28121 D GLAnimatorManager: doFrame
08-29 18:05:38.594 29007 29531 D TelephonyManager: getAllCellInfo : Caller (PID / UID / TID): 29007 / 1000 / 29531
08-29 18:05:38.601 28121 28121 D GLAnimatorManager: doFrame
08-29 18:05:38.701 28121 28121 I chatty  : uid=10008(com.samsung.android.app.aodservice) com.android.systemui:InfinityWallpaper identical 6 lines
08-29 18:05:38.717 28121 28121 D GLAnimatorManager: doFrame
08-29 18:05:38.730 29731 29731 I SKBD    : and isTosAccept false
08-29 18:05:38.734 28121 28121 D GLAnimatorManager: doFrame
08-29 18:05:38.784 28121 28121 I chatty  : uid=10008(com.samsung.android.app.aodservice) com.android.systemui:InfinityWallpaper identical 3 lines
08-29 18:05:38.800 28121 28121 D GLAnimatorManager: doFrame
08-29 18:05:38.811  3333  3333 I SurfaceFlinger: SFWD update time=17465301277084
08-29 18:05:38.818 28121 28121 D GLAnimatorManager: doFrame
08-29 18:05:38.900 28121 28121 I chatty  : uid=10008(com.samsung.android.app.aodservice) com.android.systemui:InfinityWallpaper identical 5 lines
08-29 18:05:38.917 28121 28121 D GLAnimatorManager: doFrame
08-29 18:05:38.931 29731 29731 I SKBD    : and isTosAccept false
08-29 18:05:38.934 28121 28121 D GLAnimatorManager: doFrame
08-29 18:05:39.100 28121 28121 I chatty  : uid=10008(com.samsung.android.app.aodservice) com.android.systemui:InfinityWallpaper identical 10 lines
08-29 18:05:39.116 28121 28121 D GLAnimatorManager: doFrame
08-29 18:05:39.132 29731 29731 I SKBD    : and isTosAccept false
08-29 18:05:39.133 28121 28121 D GLAnimatorManager: doFrame
08-29 18:05:39.316 28121 28121 I chatty  : uid=10008(com.samsung.android.app.aodservice) com.android.systemui:InfinityWallpaper identical 11 lines
08-29 18:05:39.333 28121 28121 D GLAnimatorManager: doFrame
08-29 18:05:39.333 29731 29731 I SKBD    : and isTosAccept false
08-29 18:05:39.349 28121 28121 D GLAnimatorManager: doFrame
08-29 18:05:39.366 28121 28121 I chatty  : uid=10008(com.samsung.android.app.aodservice) com.android.systemui:InfinityWallpaper identical 1 line
08-29 18:05:39.383 28121 28121 D GLAnimatorManager: doFrame
08-29 18:05:39.396 19598 19598 I Finsky  : [2] svq.run(23): Detected restoreservicev2://recovery not needed, will not run
08-29 18:05:39.399 28121 28121 D GLAnimatorManager: doFrame
08-29 18:05:39.516 28121 28121 I chatty  : uid=10008(com.samsung.android.app.aodservice) com.android.systemui:InfinityWallpaper identical 7 lines
08-29 18:05:39.532 28121 28121 D GLAnimatorManager: doFrame
08-29 18:05:39.533 29731 29731 I SKBD    : and isTosAccept false
08-29 18:05:39.549 28121 28121 D GLAnimatorManager: doFrame
08-29 18:05:39.551 27399 29137 E BartenderActivityManager: BarTender: pid : 19613 cached=true abnormal=false kill=false stay=false release=false
08-29 18:05:39.716 28121 28121 I chatty  : uid=10008(com.samsung.android.app.aodservice) com.android.systemui:InfinityWallpaper identical 10 lines
08-29 18:05:39.733 28121 28121 D GLAnimatorManager: doFrame
08-29 18:05:39.734 29731 29731 I SKBD    : and isTosAccept false
08-29 18:05:39.749 28121 28121 D GLAnimatorManager: doFrame
08-29 18:05:39.915 28121 28121 I chatty  : uid=10008(com.samsung.android.app.aodservice) com.android.systemui:InfinityWallpaper identical 10 lines
08-29 18:05:39.932 28121 28121 D GLAnimatorManager: doFrame
08-29 18:05:39.935 29731 29731 I SKBD    : and isTosAccept false
08-29 18:05:39.950 28121 28121 D GLAnimatorManager: doFrame
08-29 18:05:39.967 28121 28121 D GLAnimatorManager: doFrame
08-29 18:05:39.973 19598 19784 I Finsky  : [2492] aelw.c(2): registerListener
08-29 18:05:39.983 28121 28121 D GLAnimatorManager: doFrame
08-29 18:05:39.987 19598 19784 I Finsky  : [2492] ivz.g(1): getDownloads()
08-29 18:05:40.000 28121 28121 D GLAnimatorManager: doFrame
08-29 18:05:40.017 28121 28121 D GLAnimatorManager: doFrame
08-29 18:05:40.020 19888 19888 I Finsky:background: [2] mjz.onCreate(2): IPC-SERVER: Starting gRPC host service...
08-29 18:05:40.033 28121 28121 D GLAnimatorManager: doFrame
08-29 18:05:40.036 19598 19784 I Finsky  : [2492] rl.run(15): Initialized AssetModuleDownloader.
08-29 18:05:40.050 28121 28121 D GLAnimatorManager: doFrame
08-29 18:05:40.067 28121 28121 D GLAnimatorManager: doFrame
08-29 18:05:40.074 19888 20000 I Finsky:background: [2481] itn.f(1): getDownloads()
08-29 18:05:40.083 28121 28121 D GLAnimatorManager: doFrame
08-29 18:05:40.116 28121 28121 I chatty  : uid=10008(com.samsung.android.app.aodservice) com.android.systemui:InfinityWallpaper identical 2 lines
08-29 18:05:40.133 28121 28121 D GLAnimatorManager: doFrame
08-29 18:05:40.136 29731 29731 I SKBD    : and isTosAccept false
08-29 18:05:40.150 28121 28121 D GLAnimatorManager: doFrame
08-29 18:05:40.316 28121 28121 I chatty  : uid=10008(com.samsung.android.app.aodservice) com.android.systemui:InfinityWallpaper identical 10 lines
08-29 18:05:40.333 28121 28121 D GLAnimatorManager: doFrame
08-29 18:05:40.336 29731 29731 I SKBD    : and isTosAccept false
08-29 18:05:40.349 28121 28121 D GLAnimatorManager: doFrame
08-29 18:05:40.516 28121 28121 I chatty  : uid=10008(com.samsung.android.app.aodservice) com.android.systemui:InfinityWallpaper identical 10 lines
08-29 18:05:40.533 28121 28121 D GLAnimatorManager: doFrame
08-29 18:05:40.536 29731 29731 I SKBD    : and isTosAccept false
08-29 18:05:40.550 28121 28121 D GLAnimatorManager: doFrame
08-29 18:05:40.716 28121 28121 I chatty  : uid=10008(com.samsung.android.app.aodservice) com.android.systemui:InfinityWallpaper identical 10 lines
08-29 18:05:40.733 28121 28121 D GLAnimatorManager: doFrame
08-29 18:05:40.736 29731 29731 I SKBD    : and isTosAccept false
08-29 18:05:40.749 28121 28121 D GLAnimatorManager: doFrame
08-29 18:05:40.916 28121 28121 I chatty  : uid=10008(com.samsung.android.app.aodservice) com.android.systemui:InfinityWallpaper identical 10 lines
08-29 18:05:40.932 28121 28121 D GLAnimatorManager: doFrame
08-29 18:05:40.936 29731 29731 I SKBD    : and isTosAccept false
08-29 18:05:40.949 28121 28121 D GLAnimatorManager: doFrame
08-29 18:05:41.116 28121 28121 I chatty  : uid=10008(com.samsung.android.app.aodservice) com.android.systemui:InfinityWallpaper identical 10 lines
08-29 18:05:41.133 28121 28121 D GLAnimatorManager: doFrame
08-29 18:05:41.137 29731 29731 I SKBD    : and isTosAccept false
08-29 18:05:41.149 28121 28121 D GLAnimatorManager: doFrame
08-29 18:05:41.316 28121 28121 I chatty  : uid=10008(com.samsung.android.app.aodservice) com.android.systemui:InfinityWallpaper identical 10 lines
08-29 18:05:41.332 28121 28121 D GLAnimatorManager: doFrame
08-29 18:05:41.337 29731 29731 I SKBD    : and isTosAccept false
08-29 18:05:41.349 28121 28121 D GLAnimatorManager: doFrame
08-29 18:05:41.516 28121 28121 I chatty  : uid=10008(com.samsung.android.app.aodservice) com.android.systemui:InfinityWallpaper identical 10 lines
08-29 18:05:41.532 28121 28121 D GLAnimatorManager: doFrame
08-29 18:05:41.539 29731 29731 I SKBD    : and isTosAccept false
08-29 18:05:41.549 28121 28121 D GLAnimatorManager: doFrame
08-29 18:05:41.716 28121 28121 I chatty  : uid=10008(com.samsung.android.app.aodservice) com.android.systemui:InfinityWallpaper identical 10 lines
08-29 18:05:41.732 28121 28121 D GLAnimatorManager: doFrame
08-29 18:05:41.740 29731 29731 I SKBD    : and isTosAccept false
08-29 18:05:41.749 28121 28121 D GLAnimatorManager: doFrame
08-29 18:05:41.891  4940  4940 D io_stats: !@   8,0 r 156590 8250580 w 234471 12454604 d 11653 11627620 f 25405 102375 iot 334408 212962 th 307200 0 0 pt 0 inp 0 0 17468.379
08-29 18:05:41.915 28121 28121 I chatty  : uid=10008(com.samsung.android.app.aodservice) com.android.systemui:InfinityWallpaper identical 10 lines
08-29 18:05:41.932 28121 28121 D GLAnimatorManager: doFrame
08-29 18:05:41.940 29731 29731 I SKBD    : and isTosAccept false
08-29 18:05:41.949 28121 28121 D GLAnimatorManager: doFrame
08-29 18:05:42.115 28121 28121 I chatty  : uid=10008(com.samsung.android.app.aodservice) com.android.systemui:InfinityWallpaper identical 10 lines
08-29 18:05:42.132 28121 28121 D GLAnimatorManager: doFrame
08-29 18:05:42.141 29731 29731 I SKBD    : and isTosAccept false
08-29 18:05:42.149 28121 28121 D GLAnimatorManager: doFrame
08-29 18:05:42.315 28121 28121 I chatty  : uid=10008(com.samsung.android.app.aodservice) com.android.systemui:InfinityWallpaper identical 10 lines
08-29 18:05:42.332 28121 28121 D GLAnimatorManager: doFrame
08-29 18:05:42.342 29731 29731 I SKBD    : and isTosAccept false
08-29 18:05:42.348 28121 28121 D GLAnimatorManager: doFrame
08-29 18:05:42.515 28121 28121 I chatty  : uid=10008(com.samsung.android.app.aodservice) com.android.systemui:InfinityWallpaper identical 10 lines
08-29 18:05:42.531 28121 28121 D GLAnimatorManager: doFrame
08-29 18:05:42.543 29731 29731 I SKBD    : and isTosAccept false
08-29 18:05:42.548 28121 28121 D GLAnimatorManager: doFrame
08-29 18:05:42.715 28121 28121 I chatty  : uid=10008(com.samsung.android.app.aodservice) com.android.systemui:InfinityWallpaper identical 10 lines
08-29 18:05:42.731 28121 28121 D GLAnimatorManager: doFrame
08-29 18:05:42.744 29731 29731 I SKBD    : and isTosAccept false
08-29 18:05:42.748 28121 28121 D GLAnimatorManager: doFrame
08-29 18:05:42.765 28121 28121 D GLAnimatorManager: doFrame
08-29 18:05:42.775 28887 29025 D ContactsProvider_EventLog: contents_sample_state: [CONTACT contacts(0) data(0) accounts({}) accounts deleted({}) calls([]) countryIso(FR) userId(0)  ]
08-29 18:05:42.775 28887 29025 D ContactsProvider_EventLog: contents_sample_state: [ agr({})  ]
08-29 18:05:42.775 28887 29025 D ContactsProvider_EventLog: contents_sample_state: [ actCnt({android.process.acore(28887)=4, com.samsung.android.contacts(30273)=5})  ]
08-29 18:05:42.775 28887 29025 D ContactsProvider_EventLog: contents_sample_state: [PROFILE contacts(0) data(0) accounts({})  ] [SAPROFILE contacts(0) data(0) accounts({})  ]
08-29 18:05:42.775 28887 29025 D ContactsProvider_EventLog: contents_sample_state: [STORAGE Contacts(CE) Profile(CE) SAProfile(CE) CallLog(CE)  ]
08-29 18:05:42.781 28121 28121 D GLAnimatorManager: doFrame
08-29 18:05:42.915 28121 28121 I chatty  : uid=10008(com.samsung.android.app.aodservice) com.android.systemui:InfinityWallpaper identical 8 lines
08-29 18:05:42.931 28121 28121 D GLAnimatorManager: doFrame
08-29 18:05:42.945 29731 29731 I SKBD    : and isTosAccept false
08-29 18:05:42.948 28121 28121 D GLAnimatorManager: doFrame
08-29 18:05:43.115 28121 28121 I chatty  : uid=10008(com.samsung.android.app.aodservice) com.android.systemui:InfinityWallpaper identical 10 lines
08-29 18:05:43.131 28121 28121 D GLAnimatorManager: doFrame
08-29 18:05:43.146 29731 29731 I SKBD    : and isTosAccept false
08-29 18:05:43.148 28121 28121 D GLAnimatorManager: doFrame
08-29 18:05:43.314 28121 28121 I chatty  : uid=10008(com.samsung.android.app.aodservice) com.android.systemui:InfinityWallpaper identical 10 lines
08-29 18:05:43.333 28121 28121 D GLAnimatorManager: doFrame
08-29 18:05:43.347 29731 29731 I SKBD    : and isTosAccept false
08-29 18:05:43.348 28121 28121 D GLAnimatorManager: doFrame
08-29 18:05:43.531 28121 28121 I chatty  : uid=10008(com.samsung.android.app.aodservice) com.android.systemui:InfinityWallpaper identical 11 lines
08-29 18:05:43.548 28121 28121 D GLAnimatorManager: doFrame
08-29 18:05:43.548 29731 29731 I SKBD    : and isTosAccept false
08-29 18:05:43.565 28121 28121 D GLAnimatorManager: doFrame
08-29 18:05:43.731 28121 28121 I chatty  : uid=10008(com.samsung.android.app.aodservice) com.android.systemui:InfinityWallpaper identical 10 lines
08-29 18:05:43.748 28121 28121 D GLAnimatorManager: doFrame
08-29 18:05:43.749 29731 29731 I SKBD    : and isTosAccept false
08-29 18:05:43.764 28121 28121 D GLAnimatorManager: doFrame
08-29 18:05:43.935 27399 29137 E BartenderActivityManager: BarTender: pid : 19682 cached=true abnormal=false kill=false stay=false release=false
08-29 18:05:43.949 27399 29137 I ActivityManager: Killing 19148:com.samsung.android.app.cocktailbarservice:edgelighting/u0a18 (adj 906): empty #25
08-29 18:05:43.931 28121 28121 I chatty  : uid=10008(com.samsung.android.app.aodservice) com.android.systemui:InfinityWallpaper identical 10 lines
08-29 18:05:43.947 28121 28121 D GLAnimatorManager: doFrame
08-29 18:05:43.950 29731 29731 I SKBD    : and isTosAccept false
08-29 18:05:43.958 27399 27433 W libprocessgroup: kill(-19148, 9) failed: No such process
08-29 18:05:43.964 28121 28121 D GLAnimatorManager: doFrame
08-29 18:05:43.968 27399 27433 W libprocessgroup: kill(-19148, 9) failed: No such process
08-29 18:05:43.978 27399 27433 W libprocessgroup: kill(-19148, 9) failed: No such process
08-29 18:05:43.980 28121 28121 D GLAnimatorManager: doFrame
08-29 18:05:43.985 27399 27433 W libprocessgroup: kill(-19148, 9) failed: No such process
08-29 18:05:43.996 28121 28121 D GLAnimatorManager: doFrame
08-29 18:05:43.998 27399 27433 W libprocessgroup: kill(-19148, 9) failed: No such process
08-29 18:05:44.004 27399 27433 I chatty  : uid=1000(system) ActivityManager identical 1 line
08-29 18:05:44.010 27399 27433 W libprocessgroup: kill(-19148, 9) failed: No such process
08-29 18:05:44.013 28121 28121 D GLAnimatorManager: doFrame
08-29 18:05:44.016 27399 27433 W libprocessgroup: kill(-19148, 9) failed: No such process
08-29 18:05:44.022 27399 27433 W libprocessgroup: kill(-19148, 9) failed: No such process
08-29 18:05:44.025 27154 27154 I Zygote  : Process 19148 exited due to signal (9)
08-29 18:05:44.027 28284 28300 D ForegroundUtils: could not check pending caller
08-29 18:05:44.029 28121 28121 D GLAnimatorManager: doFrame
08-29 18:05:44.033 27399 27433 W libprocessgroup: kill(-19148, 9) failed: No such process
08-29 18:05:44.034 27399 27433 I libprocessgroup: Successfully killed process cgroup uid 10018 pid 19148 in 78ms
08-29 18:05:44.047 28121 28121 D GLAnimatorManager: doFrame
08-29 18:05:44.129 28121 28121 I chatty  : uid=10008(com.samsung.android.app.aodservice) com.android.systemui:InfinityWallpaper identical 5 lines
08-29 18:05:44.146 28121 28121 D GLAnimatorManager: doFrame
08-29 18:05:44.150 29731 29731 I SKBD    : and isTosAccept false
08-29 18:05:44.163 28121 28121 D GLAnimatorManager: doFrame
08-29 18:05:44.330 28121 28121 I chatty  : uid=10008(com.samsung.android.app.aodservice) com.android.systemui:InfinityWallpaper identical 10 lines
08-29 18:05:44.346 28121 28121 D GLAnimatorManager: doFrame
08-29 18:05:44.351 29731 29731 I SKBD    : and isTosAccept false
08-29 18:05:44.363 28121 28121 D GLAnimatorManager: doFrame
08-29 18:05:44.529 28121 28121 I chatty  : uid=10008(com.samsung.android.app.aodservice) com.android.systemui:InfinityWallpaper identical 10 lines
08-29 18:05:44.546 28121 28121 D GLAnimatorManager: doFrame
08-29 18:05:44.552 29731 29731 I SKBD    : and isTosAccept false
08-29 18:05:44.562 28121 28121 D GLAnimatorManager: doFrame
08-29 18:05:44.729 28121 28121 I chatty  : uid=10008(com.samsung.android.app.aodservice) com.android.systemui:InfinityWallpaper identical 10 lines
08-29 18:05:44.746 28121 28121 D GLAnimatorManager: doFrame
08-29 18:05:44.753 29731 29731 I SKBD    : and isTosAccept false
08-29 18:05:44.755 27196 27385 V APM_AudioPolicyManager: getAudioPolicyConfig: audioParam;outDevice
08-29 18:05:44.756 27196 27385 V APM_AudioPolicyManager: getNewOutputDevice() selected device 0
08-29 18:05:44.756 27196 27385 V APM_AudioPolicyManager: ### curdevice : 2
08-29 18:05:44.762 28121 28121 D GLAnimatorManager: doFrame
08-29 18:05:44.929 28121 28121 I chatty  : uid=10008(com.samsung.android.app.aodservice) com.android.systemui:InfinityWallpaper identical 10 lines
08-29 18:05:44.946 28121 28121 D GLAnimatorManager: doFrame
08-29 18:05:44.953 29731 29731 I SKBD    : and isTosAccept false
08-29 18:05:44.962 28121 28121 D GLAnimatorManager: doFrame
08-29 18:05:45.130 28121 28121 I chatty  : uid=10008(com.samsung.android.app.aodservice) com.android.systemui:InfinityWallpaper identical 10 lines
08-29 18:05:45.147 28121 28121 D GLAnimatorManager: doFrame
08-29 18:05:45.154 29731 29731 I SKBD    : and isTosAccept false
08-29 18:05:45.164 28121 28121 D GLAnimatorManager: doFrame
08-29 18:05:45.330 28121 28121 I chatty  : uid=10008(com.samsung.android.app.aodservice) com.android.systemui:InfinityWallpaper identical 10 lines
08-29 18:05:45.346 28121 28121 D GLAnimatorManager: doFrame
08-29 18:05:45.355 29731 29731 I SKBD    : and isTosAccept false
08-29 18:05:45.363 28121 28121 D GLAnimatorManager: doFrame
08-29 18:05:45.530 28121 28121 I chatty  : uid=10008(com.samsung.android.app.aodservice) com.android.systemui:InfinityWallpaper identical 10 lines
08-29 18:05:45.546 28121 28121 D GLAnimatorManager: doFrame
08-29 18:05:45.556 29731 29731 I SKBD    : and isTosAccept false
08-29 18:05:45.563 28121 28121 D GLAnimatorManager: doFrame
08-29 18:05:45.729 28121 28121 I chatty  : uid=10008(com.samsung.android.app.aodservice) com.android.systemui:InfinityWallpaper identical 10 lines
08-29 18:05:45.746 28121 28121 D GLAnimatorManager: doFrame
08-29 18:05:45.757 29731 29731 I SKBD    : and isTosAccept false
08-29 18:05:45.763 28121 28121 D GLAnimatorManager: doFrame
08-29 18:05:45.930 28121 28121 I chatty  : uid=10008(com.samsung.android.app.aodservice) com.android.systemui:InfinityWallpaper identical 10 lines
08-29 18:05:45.946 28121 28121 D GLAnimatorManager: doFrame
08-29 18:05:45.958 29731 29731 I SKBD    : and isTosAccept false
08-29 18:05:45.963 28121 28121 D GLAnimatorManager: doFrame
08-29 18:05:46.129 28121 28121 I chatty  : uid=10008(com.samsung.android.app.aodservice) com.android.systemui:InfinityWallpaper identical 10 lines
08-29 18:05:46.146 28121 28121 D GLAnimatorManager: doFrame
08-29 18:05:46.159 29731 29731 I SKBD    : and isTosAccept false
08-29 18:05:46.163 28121 28121 D GLAnimatorManager: doFrame
08-29 18:05:46.329 28121 28121 I chatty  : uid=10008(com.samsung.android.app.aodservice) com.android.systemui:InfinityWallpaper identical 10 lines
08-29 18:05:46.346 28121 28121 D GLAnimatorManager: doFrame
08-29 18:05:46.360 29731 29731 I SKBD    : and isTosAccept false
08-29 18:05:46.362 28121 28121 D GLAnimatorManager: doFrame
08-29 18:05:46.529 28121 28121 I chatty  : uid=10008(com.samsung.android.app.aodservice) com.android.systemui:InfinityWallpaper identical 10 lines
08-29 18:05:46.545 28121 28121 D GLAnimatorManager: doFrame
08-29 18:05:46.561 29731 29731 I SKBD    : and isTosAccept false
08-29 18:05:46.563 28121 28121 D GLAnimatorManager: doFrame
08-29 18:05:46.729 28121 28121 I chatty  : uid=10008(com.samsung.android.app.aodservice) com.android.systemui:InfinityWallpaper identical 10 lines
08-29 18:05:46.746 28121 28121 D GLAnimatorManager: doFrame
08-29 18:05:46.762 29731 29731 I SKBD    : and isTosAccept false
08-29 18:05:46.762 28121 28121 D GLAnimatorManager: doFrame
08-29 18:05:46.896  4940  4940 D io_stats: !@   8,0 r 156590 8250580 w 234547 12486272 d 11653 11627620 f 25405 102379 iot 334608 213110 th 307200 0 0 pt 0 inp 0 0 17473.385
08-29 18:05:46.946 28121 28121 I chatty  : uid=10008(com.samsung.android.app.aodservice) com.android.systemui:InfinityWallpaper identical 11 lines
08-29 18:05:46.963 28121 28121 D GLAnimatorManager: doFrame
08-29 18:05:46.963 29731 29731 I SKBD    : and isTosAccept false
08-29 18:05:46.979 28121 28121 D GLAnimatorManager: doFrame
08-29 18:05:47.145 28121 28121 I chatty  : uid=10008(com.samsung.android.app.aodservice) com.android.systemui:InfinityWallpaper identical 10 lines
08-29 18:05:47.162 28121 28121 D GLAnimatorManager: doFrame
08-29 18:05:47.164 29731 29731 I SKBD    : and isTosAccept false
08-29 18:05:47.179 28121 28121 D GLAnimatorManager: doFrame
08-29 18:05:47.345 28121 28121 I chatty  : uid=10008(com.samsung.android.app.aodservice) com.android.systemui:InfinityWallpaper identical 10 lines
08-29 18:05:47.362 28121 28121 D GLAnimatorManager: doFrame
08-29 18:05:47.365 29731 29731 I SKBD    : and isTosAccept false
08-29 18:05:47.378 28121 28121 D GLAnimatorManager: doFrame
08-29 18:05:47.528 28121 28121 I chatty  : uid=10008(com.samsung.android.app.aodservice) com.android.systemui:InfinityWallpaper identical 9 lines
08-29 18:05:47.545 28121 28121 D GLAnimatorManager: doFrame
08-29 18:05:47.546  1725  1906 I PhenotypeProcessReaper: Memory state is: 125
08-29 18:05:47.562 28121 28121 D GLAnimatorManager: doFrame
08-29 18:05:47.566 29731 29731 I SKBD    : and isTosAccept false
08-29 18:05:47.578 28121 28121 D GLAnimatorManager: doFrame
08-29 18:05:47.755 27399 29405 E BartenderActivityManager: BarTender: pid : 19487 cached=true abnormal=false kill=false stay=false release=false
08-29 18:05:47.745 28121 28121 I chatty  : uid=10008(com.samsung.android.app.aodservice) com.android.systemui:InfinityWallpaper identical 10 lines
08-29 18:05:47.762 28121 28121 D GLAnimatorManager: doFrame
08-29 18:05:47.767 29731 29731 I SKBD    : and isTosAccept false
08-29 18:05:47.778 28121 28121 D GLAnimatorManager: doFrame
08-29 18:05:47.945 28121 28121 I chatty  : uid=10008(com.samsung.android.app.aodservice) com.android.systemui:InfinityWallpaper identical 10 lines
08-29 18:05:47.961 28121 28121 D GLAnimatorManager: doFrame
08-29 18:05:47.968 29731 29731 I SKBD    : and isTosAccept false
08-29 18:05:47.978 28121 28121 D GLAnimatorManager: doFrame
08-29 18:05:48.145 28121 28121 I chatty  : uid=10008(com.samsung.android.app.aodservice) com.android.systemui:InfinityWallpaper identical 10 lines
08-29 18:05:48.161 28121 28121 D GLAnimatorManager: doFrame
08-29 18:05:48.169 29731 29731 I SKBD    : and isTosAccept false
08-29 18:05:48.178 28121 28121 D GLAnimatorManager: doFrame
08-29 18:05:48.208 27399 29405 E BartenderActivityManager: BarTender: pid : 16119 cached=true abnormal=false kill=false stay=false release=false
08-29 18:05:48.288 29007 29534 D SDHMS:s : SIOP:: AP:301(409,110) BAT:383(383,0) CHG:400(400,0) USB:383(383,0) PA:345(393,50) LRP:0(0,-999) ATC:0(0,-999) 
08-29 18:05:48.345 28121 28121 I chatty  : uid=10008(com.samsung.android.app.aodservice) com.android.systemui:InfinityWallpaper identical 10 lines
08-29 18:05:48.361 28121 28121 D GLAnimatorManager: doFrame
08-29 18:05:48.373 29731 29731 I SKBD    : and isTosAccept false
08-29 18:05:48.378 28121 28121 D GLAnimatorManager: doFrame
08-29 18:05:48.544 28121 28121 I chatty  : uid=10008(com.samsung.android.app.aodservice) com.android.systemui:InfinityWallpaper identical 10 lines
08-29 18:05:48.561 28121 28121 D GLAnimatorManager: doFrame
08-29 18:05:48.574 29731 29731 I SKBD    : and isTosAccept false
08-29 18:05:48.578 28121 28121 D GLAnimatorManager: doFrame
08-29 18:05:48.744 28121 28121 I chatty  : uid=10008(com.samsung.android.app.aodservice) com.android.systemui:InfinityWallpaper identical 10 lines
08-29 18:05:48.761 28121 28121 D GLAnimatorManager: doFrame
08-29 18:05:48.775 29731 29731 I SKBD    : and isTosAccept false
08-29 18:05:48.778 28121 28121 D GLAnimatorManager: doFrame
08-29 18:05:48.944 28121 28121 I chatty  : uid=10008(com.samsung.android.app.aodservice) com.android.systemui:InfinityWallpaper identical 10 lines
08-29 18:05:48.961 28121 28121 D GLAnimatorManager: doFrame
08-29 18:05:48.976 29731 29731 I SKBD    : and isTosAccept false
08-29 18:05:48.977 28121 28121 D GLAnimatorManager: doFrame
08-29 18:05:49.081 27399 29405 E BartenderActivityManager: BarTender: pid : 19763 cached=true abnormal=false kill=false stay=false release=false
08-29 18:05:49.160 28121 28121 I chatty  : uid=10008(com.samsung.android.app.aodservice) com.android.systemui:InfinityWallpaper identical 11 lines
08-29 18:05:49.176 28121 28121 D GLAnimatorManager: doFrame
08-29 18:05:49.177 29731 29731 I SKBD    : and isTosAccept false
08-29 18:05:49.193 28121 28121 D GLAnimatorManager: doFrame
08-29 18:05:49.359 28121 28121 I chatty  : uid=10008(com.samsung.android.app.aodservice) com.android.systemui:InfinityWallpaper identical 10 lines
08-29 18:05:49.376 28121 28121 D GLAnimatorManager: doFrame
08-29 18:05:49.377 29731 29731 I SKBD    : and isTosAccept false
08-29 18:05:49.393 28121 28121 D GLAnimatorManager: doFrame
08-29 18:05:49.559 28121 28121 I chatty  : uid=10008(com.samsung.android.app.aodservice) com.android.systemui:InfinityWallpaper identical 10 lines
08-29 18:05:49.576 28121 28121 D GLAnimatorManager: doFrame
08-29 18:05:49.578 29731 29731 I SKBD    : and isTosAccept false
08-29 18:05:49.593 28121 28121 D GLAnimatorManager: doFrame
08-29 18:05:49.759 28121 28121 I chatty  : uid=10008(com.samsung.android.app.aodservice) com.android.systemui:InfinityWallpaper identical 10 lines
08-29 18:05:49.776 28121 28121 D GLAnimatorManager: doFrame
08-29 18:05:49.779 29731 29731 I SKBD    : and isTosAccept false
08-29 18:05:49.792 28121 28121 D GLAnimatorManager: doFrame
08-29 18:05:49.959 28121 28121 I chatty  : uid=10008(com.samsung.android.app.aodservice) com.android.systemui:InfinityWallpaper identical 10 lines
08-29 18:05:49.976 28121 28121 D GLAnimatorManager: doFrame
08-29 18:05:49.979 29731 29731 I SKBD    : and isTosAccept false
08-29 18:05:49.993 28121 28121 D GLAnimatorManager: doFrame
08-29 18:05:50.009 27399 29405 E BartenderActivityManager: BarTender: pid : 19812 cached=true abnormal=false kill=false stay=false release=false
08-29 18:05:50.093 28121 28121 I chatty  : uid=10008(com.samsung.android.app.aodservice) com.android.systemui:InfinityWallpaper identical 6 lines
08-29 18:05:50.110 28121 28121 D GLAnimatorManager: doFrame
08-29 18:05:50.118 19888 19888 I Finsky:background: [2] mjz.onDestroy(8): IPC-SERVER: Stopping gRPC host service...
08-29 18:05:50.127 28121 28121 D GLAnimatorManager: doFrame
08-29 18:05:50.160 28121 28121 I chatty  : uid=10008(com.samsung.android.app.aodservice) com.android.systemui:InfinityWallpaper identical 2 lines
08-29 18:05:50.177 28121 28121 D GLAnimatorManager: doFrame
08-29 18:05:50.180 29731 29731 I SKBD    : and isTosAccept false
08-29 18:05:50.193 28121 28121 D GLAnimatorManager: doFrame
08-29 18:05:50.360 28121 28121 I chatty  : uid=10008(com.samsung.android.app.aodservice) com.android.systemui:InfinityWallpaper identical 10 lines
08-29 18:05:50.376 28121 28121 D GLAnimatorManager: doFrame
08-29 18:05:50.381 29731 29731 I SKBD    : and isTosAccept false
08-29 18:05:50.393 28121 28121 D GLAnimatorManager: doFrame
08-29 18:05:50.560 28121 28121 I chatty  : uid=10008(com.samsung.android.app.aodservice) com.android.systemui:InfinityWallpaper identical 10 lines
08-29 18:05:50.576 28121 28121 D GLAnimatorManager: doFrame
08-29 18:05:50.582 29731 29731 I SKBD    : and isTosAccept false
08-29 18:05:50.593 28121 28121 D GLAnimatorManager: doFrame
08-29 18:05:50.760 28121 28121 I chatty  : uid=10008(com.samsung.android.app.aodservice) com.android.systemui:InfinityWallpaper identical 10 lines
08-29 18:05:50.776 28121 28121 D GLAnimatorManager: doFrame
08-29 18:05:50.783 29731 29731 I SKBD    : and isTosAccept false
08-29 18:05:50.793 28121 28121 D GLAnimatorManager: doFrame
08-29 18:05:50.959 28121 28121 I chatty  : uid=10008(com.samsung.android.app.aodservice) com.android.systemui:InfinityWallpaper identical 10 lines
08-29 18:05:50.976 28121 28121 D GLAnimatorManager: doFrame
08-29 18:05:50.984 29731 29731 I SKBD    : and isTosAccept false
08-29 18:05:50.993 28121 28121 D GLAnimatorManager: doFrame
08-29 18:05:51.159 28121 28121 I chatty  : uid=10008(com.samsung.android.app.aodservice) com.android.systemui:InfinityWallpaper identical 10 lines
08-29 18:05:51.176 28121 28121 D GLAnimatorManager: doFrame
08-29 18:05:51.185 29731 29731 I SKBD    : and isTosAccept false
08-29 18:05:51.193 28121 28121 D GLAnimatorManager: doFrame
08-29 18:05:51.359 28121 28121 I chatty  : uid=10008(com.samsung.android.app.aodservice) com.android.systemui:InfinityWallpaper identical 10 lines
08-29 18:05:51.376 28121 28121 D GLAnimatorManager: doFrame
08-29 18:05:51.386 29731 29731 I SKBD    : and isTosAccept false
08-29 18:05:51.392 28121 28121 D GLAnimatorManager: doFrame
08-29 18:05:51.559 28121 28121 I chatty  : uid=10008(com.samsung.android.app.aodservice) com.android.systemui:InfinityWallpaper identical 10 lines
08-29 18:05:51.576 28121 28121 D GLAnimatorManager: doFrame
08-29 18:05:51.587 29731 29731 I SKBD    : and isTosAccept false
08-29 18:05:51.592 28121 28121 D GLAnimatorManager: doFrame
08-29 18:05:51.759 28121 28121 I chatty  : uid=10008(com.samsung.android.app.aodservice) com.android.systemui:InfinityWallpaper identical 10 lines
08-29 18:05:51.775 28121 28121 D GLAnimatorManager: doFrame
08-29 18:05:51.788 29731 29731 I SKBD    : and isTosAccept false
08-29 18:05:51.792 28121 28121 D GLAnimatorManager: doFrame
08-29 18:05:51.902  4940  4940 D io_stats: !@   8,0 r 156590 8250580 w 234616 12518344 d 11654 11627624 f 25405 102381 iot 334828 213267 th 307200 0 0 pt 0 inp 0 0 17478.390
08-29 18:05:51.959 28121 28121 I chatty  : uid=10008(com.samsung.android.app.aodservice) com.android.systemui:InfinityWallpaper identical 10 lines
08-29 18:05:51.975 28121 28121 D GLAnimatorManager: doFrame
08-29 18:05:51.989 29731 29731 I SKBD    : and isTosAccept false
08-29 18:05:51.992 28121 28121 D GLAnimatorManager: doFrame
08-29 18:05:52.159 28121 28121 I chatty  : uid=10008(com.samsung.android.app.aodservice) com.android.systemui:InfinityWallpaper identical 10 lines
08-29 18:05:52.176 28121 28121 D GLAnimatorManager: doFrame
08-29 18:05:52.190 29731 29731 I SKBD    : and isTosAccept false
08-29 18:05:52.192 28121 28121 D GLAnimatorManager: doFrame
08-29 18:05:52.361 27399 28149 E BartenderActivityManager: BarTender: pid : 19861 cached=true abnormal=false kill=false stay=false release=false
08-29 18:05:52.359 28121 28121 I chatty  : uid=10008(com.samsung.android.app.aodservice) com.android.systemui:InfinityWallpaper identical 10 lines
08-29 18:05:52.375 28121 28121 D GLAnimatorManager: doFrame
08-29 18:05:52.391 29731 29731 I SKBD    : and isTosAccept false
08-29 18:05:52.392 28121 28121 D GLAnimatorManager: doFrame
08-29 18:05:52.575 28121 28121 I chatty  : uid=10008(com.samsung.android.app.aodservice) com.android.systemui:InfinityWallpaper identical 11 lines
08-29 18:05:52.592 28121 28121 D GLAnimatorManager: doFrame
08-29 18:05:52.592 29731 29731 I SKBD    : and isTosAccept false
08-29 18:05:52.609 28121 28121 D GLAnimatorManager: doFrame
08-29 18:05:52.775 28121 28121 I chatty  : uid=10008(com.samsung.android.app.aodservice) com.android.systemui:InfinityWallpaper identical 10 lines
08-29 18:05:52.792 28121 28121 D GLAnimatorManager: doFrame
08-29 18:05:52.793 29731 29731 I SKBD    : and isTosAccept false
08-29 18:05:52.808 28121 28121 D GLAnimatorManager: doFrame
08-29 18:05:52.975 28121 28121 I chatty  : uid=10008(com.samsung.android.app.aodservice) com.android.systemui:InfinityWallpaper identical 10 lines
08-29 18:05:52.991 28121 28121 D GLAnimatorManager: doFrame
08-29 18:05:52.994 29731 29731 I SKBD    : and isTosAccept false
08-29 18:05:53.009 28121 28121 D GLAnimatorManager: doFrame
08-29 18:05:53.096 27399 28149 E BartenderActivityManager: BarTender: pid : 30765 cached=true abnormal=false kill=false stay=false release=false
08-29 18:05:53.175 28121 28121 I chatty  : uid=10008(com.samsung.android.app.aodservice) com.android.systemui:InfinityWallpaper identical 10 lines
08-29 18:05:53.192 28121 28121 D GLAnimatorManager: doFrame
08-29 18:05:53.194 29731 29731 I SKBD    : and isTosAccept false
08-29 18:05:53.208 28121 28121 D GLAnimatorManager: doFrame
08-29 18:05:53.375 28121 28121 I chatty  : uid=10008(com.samsung.android.app.aodservice) com.android.systemui:InfinityWallpaper identical 10 lines
08-29 18:05:53.391 28121 28121 D GLAnimatorManager: doFrame
08-29 18:05:53.394 29731 29731 I SKBD    : and isTosAccept false
08-29 18:05:53.408 28121 28121 D GLAnimatorManager: doFrame
08-29 18:05:53.574 28121 28121 I chatty  : uid=10008(com.samsung.android.app.aodservice) com.android.systemui:InfinityWallpaper identical 10 lines
08-29 18:05:53.591 28121 28121 D GLAnimatorManager: doFrame
08-29 18:05:53.595 29731 29731 I SKBD    : and isTosAccept false
08-29 18:05:53.608 28121 28121 D GLAnimatorManager: doFrame
08-29 18:05:53.775 28121 28121 I chatty  : uid=10008(com.samsung.android.app.aodservice) com.android.systemui:InfinityWallpaper identical 10 lines
08-29 18:05:53.791 28121 28121 D GLAnimatorManager: doFrame
08-29 18:05:53.796 29731 29731 I SKBD    : and isTosAccept false
08-29 18:05:53.808 28121 28121 D GLAnimatorManager: doFrame
08-29 18:05:53.975 28121 28121 I chatty  : uid=10008(com.samsung.android.app.aodservice) com.android.systemui:InfinityWallpaper identical 10 lines
08-29 18:05:53.991 28121 28121 D GLAnimatorManager: doFrame
08-29 18:05:53.997 29731 29731 I SKBD    : and isTosAccept false
08-29 18:05:54.007 28121 28121 D GLAnimatorManager: doFrame
08-29 18:05:54.059 27399 28149 E BartenderActivityManager: BarTender: pid : 19883 cached=true abnormal=false kill=false stay=false release=false
08-29 18:05:54.173 28121 28121 I chatty  : uid=10008(com.samsung.android.app.aodservice) com.android.systemui:InfinityWallpaper identical 10 lines
08-29 18:05:54.190 28121 28121 D GLAnimatorManager: doFrame
08-29 18:05:54.198 29731 29731 I SKBD    : and isTosAccept false
08-29 18:05:54.207 28121 28121 D GLAnimatorManager: doFrame
08-29 18:05:54.373 28121 28121 I chatty  : uid=10008(com.samsung.android.app.aodservice) com.android.systemui:InfinityWallpaper identical 10 lines
08-29 18:05:54.390 28121 28121 D GLAnimatorManager: doFrame
08-29 18:05:54.399 29731 29731 I SKBD    : and isTosAccept false
08-29 18:05:54.406 28121 28121 D GLAnimatorManager: doFrame
08-29 18:05:54.573 28121 28121 I chatty  : uid=10008(com.samsung.android.app.aodservice) com.android.systemui:InfinityWallpaper identical 10 lines
08-29 18:05:54.590 28121 28121 D GLAnimatorManager: doFrame
08-29 18:05:54.600 29731 29731 I SKBD    : and isTosAccept false
08-29 18:05:54.607 28121 28121 D GLAnimatorManager: doFrame
08-29 18:05:54.773 28121 28121 I chatty  : uid=10008(com.samsung.android.app.aodservice) com.android.systemui:InfinityWallpaper identical 10 lines
08-29 18:05:54.789 28121 28121 D GLAnimatorManager: doFrame
08-29 18:05:54.800 29731 29731 I SKBD    : and isTosAccept false
08-29 18:05:54.807 27196 27385 V APM_AudioPolicyManager: getAudioPolicyConfig: audioParam;outDevice
08-29 18:05:54.807 27196 27385 V APM_AudioPolicyManager: getNewOutputDevice() selected device 0
08-29 18:05:54.807 27196 27385 V APM_AudioPolicyManager: ### curdevice : 2
08-29 18:05:54.811 28121 28121 D GLAnimatorManager: doFrame
08-29 18:05:54.973 28121 28121 I chatty  : uid=10008(com.samsung.android.app.aodservice) com.android.systemui:InfinityWallpaper identical 10 lines
08-29 18:05:54.989 28121 28121 D GLAnimatorManager: doFrame
08-29 18:05:55.001 29731 29731 I SKBD    : and isTosAccept false
08-29 18:05:55.006 28121 28121 D GLAnimatorManager: doFrame
08-29 18:05:55.174 28121 28121 I chatty  : uid=10008(com.samsung.android.app.aodservice) com.android.systemui:InfinityWallpaper identical 10 lines
08-29 18:05:55.191 28121 28121 D GLAnimatorManager: doFrame
08-29 18:05:55.202 29731 29731 I SKBD    : and isTosAccept false
08-29 18:05:55.207 28121 28121 D GLAnimatorManager: doFrame
08-29 18:05:55.373 28121 28121 I chatty  : uid=10008(com.samsung.android.app.aodservice) com.android.systemui:InfinityWallpaper identical 10 lines
08-29 18:05:55.390 28121 28121 D GLAnimatorManager: doFrame
08-29 18:05:55.403 29731 29731 I SKBD    : and isTosAccept false
08-29 18:05:55.407 28121 28121 D GLAnimatorManager: doFrame
08-29 18:05:55.573 28121 28121 I chatty  : uid=10008(com.samsung.android.app.aodservice) com.android.systemui:InfinityWallpaper identical 10 lines
08-29 18:05:55.590 28121 28121 D GLAnimatorManager: doFrame
08-29 18:05:55.604 29731 29731 I SKBD    : and isTosAccept false
08-29 18:05:55.606 28121 28121 D GLAnimatorManager: doFrame
08-29 18:05:55.773 28121 28121 I chatty  : uid=10008(com.samsung.android.app.aodservice) com.android.systemui:InfinityWallpaper identical 10 lines
08-29 18:05:55.790 28121 28121 D GLAnimatorManager: doFrame
08-29 18:05:55.805 29731 29731 I SKBD    : and isTosAccept false
08-29 18:05:55.806 28121 28121 D GLAnimatorManager: doFrame
08-29 18:05:55.973 28121 28121 I chatty  : uid=10008(com.samsung.android.app.aodservice) com.android.systemui:InfinityWallpaper identical 10 lines
08-29 18:05:55.990 28121 28121 D GLAnimatorManager: doFrame
08-29 18:05:56.006 29731 29731 I SKBD    : and isTosAccept false
08-29 18:05:56.007 28121 28121 D GLAnimatorManager: doFrame
08-29 18:05:56.189 28121 28121 I chatty  : uid=10008(com.samsung.android.app.aodservice) com.android.systemui:InfinityWallpaper identical 11 lines
08-29 18:05:56.206 28121 28121 D GLAnimatorManager: doFrame
08-29 18:05:56.207 29731 29731 I SKBD    : and isTosAccept false
08-29 18:05:56.223 28121 28121 D GLAnimatorManager: doFrame
08-29 18:05:56.389 28121 28121 I chatty  : uid=10008(com.samsung.android.app.aodservice) com.android.systemui:InfinityWallpaper identical 10 lines
