08-29 18:05:20.424 29731 29731 I SKBD    : and isTosAccept false
08-29 18:05:20.429 28121 28121 D GLAnimatorManager: doFrame
08-29 18:05:20.431 27399 29135 W ActivityManager: Slow operation: 51ms so far, now at attachApplicationLocked: after sendPendingBroadcastsLocked
08-29 18:05:20.495 28121 28121 I chatty  : uid=10008(com.samsung.android.app.aodservice) com.android.systemui:InfinityWallpaper identical 4 lines
08-29 18:05:20.512 28121 28121 D GLAnimatorManager: doFrame
08-29 18:05:20.527 19833 19833 I oid.mdecservic: The ClassLoaderContext is a special shared library.
08-29 18:05:20.531 28121 28121 D GLAnimatorManager: doFrame
08-29 18:05:20.535 19598 19650 D NetworkSecurityConfig: No Network Security Config specified, using platform default
08-29 18:05:20.546 28121 28121 D GLAnimatorManager: doFrame
08-29 18:05:20.560 19598 19650 I System.out: (HTTPLog)-Static: isSBSettingEnabled false
08-29 18:05:20.561 19598 19650 I System.out: (HTTPLog)-Static: isSBSettingEnabled false
08-29 18:05:20.562 28121 28121 D GLAnimatorManager: doFrame
08-29 18:05:20.568 27221 27287 D EnterpriseController: netId is 0
08-29 18:05:20.568 27221 27287 E Netd    : getNetworkForDns: getNetId from enterpriseCtrl is netid 0
08-29 18:05:20.568 27221 27287 D DnsProxyListener: DNSDBG::dns addrinfo af 0
08-29 18:05:20.579 28121 28121 D GLAnimatorManager: doFrame
08-29 18:05:20.595 28121 28121 I chatty  : uid=10008(com.samsung.android.app.aodservice) com.android.systemui:InfinityWallpaper identical 1 line
08-29 18:05:20.612 28121 28121 D GLAnimatorManager: doFrame
08-29 18:05:20.627 29731 29731 I SKBD    : and isTosAccept false
08-29 18:05:20.629 28121 28121 D GLAnimatorManager: doFrame
08-29 18:05:20.679 28121 28121 I chatty  : uid=10008(com.samsung.android.app.aodservice) com.android.systemui:InfinityWallpaper identical 3 lines
08-29 18:05:20.695 28121 28121 D GLAnimatorManager: doFrame
08-29 18:05:20.711 19598 19748 I Finsky  : [2480] aec.WR(28): [ContentSync] finished, scheduled=false
08-29 18:05:20.712 28121 28121 D GLAnimatorManager: doFrame
08-29 18:05:20.728 19833 19833 D FirebaseApp: com.google.firebase.auth.FirebaseAuth is not linked. Skipping initialization.
08-29 18:05:20.728 28121 28121 D GLAnimatorManager: doFrame
08-29 18:05:20.732 19833 19833 D FirebaseApp: com.google.firebase.crash.FirebaseCrash is not linked. Skipping initialization.
08-29 18:05:20.735 19833 19833 I FirebaseInitProvider: FirebaseApp initialization successful
08-29 18:05:20.742 19833 19833 D mdec/CmcSettingsProvider: CmcSettingsProvider::onCreateData()(line 177), onCreateData
08-29 18:05:20.745 28121 28121 D GLAnimatorManager: doFrame
08-29 18:05:20.757 19833 19833 D mdec/GmContentProvider: GmContentProvider$DatabaseHelper::<init>()(line 340), DatabaseHelper constructor
08-29 18:05:20.761 19833 19833 D mdec/CmcSearchProvider: CmcSearchProvider::secQueryGetFingerprint()(line 91), secQueryGetFingerprint
08-29 18:05:20.762 28121 28121 D GLAnimatorManager: doFrame
08-29 18:05:20.768 19833 19833 D mdec/CmcSearchProvider: CmcSearchProvider::secQueryGetFingerprint()(line 110), totalStr  : com.samsung.android.mdecservice2.1.01.4en_GB
08-29 18:05:20.771 19833 19833 D mdec/GlobalSettingsInternalProvider: GlobalSettingsInternalProvider$DatabaseHelper::<init>()(line 172), DatabaseHelper constructor
08-29 18:05:20.774 19833 19833 D mdec/GlobalSettingsInternalProvider: GlobalSettingsInternalProvider::notifyChange()(line 203), notifyChange : content://com.samsung.android.mdecservice.database.GlobalSettingsInternalProvider/myInformation
08-29 18:05:20.779 28121 28121 D GLAnimatorManager: doFrame
08-29 18:05:20.786 28301 28301 D CmcGlobalSettingManager: mInternalDbChangeObserver : selfChange = false
08-29 18:05:20.790 27399 29135 W ActivityManager: wait for provider publish: waiters=1 callerApp=ProcessRecord{3494270d0 28301:com.sec.imsservice/1000} cpr=ContentProviderRecord{5ec545 u0 com.samsung.android.mdecservice/.mdec.database.GlobalSettingsInternalProvider}
08-29 18:05:20.795 28121 28121 D GLAnimatorManager: doFrame
08-29 18:05:20.802 19833 19833 D [NMS2]NmsProvider: onCreate()
08-29 18:05:20.812 28121 28121 D GLAnimatorManager: doFrame
08-29 18:05:20.813 19833 19833 D [NMS2]NmsFeatureModule: set mDeviceType=pd
08-29 18:05:20.814 19833 19833 D [NMS2]NmsFeatureModule: set mCmcVersion=2.0
08-29 18:05:20.820 19833 19833 D [NMS2]NmsFeatureModule: Msg app support= Phase2
08-29 18:05:20.823 19833 19833 D [NMS2]NmsBufferDBPersister: onCreate()
08-29 18:05:20.824 19833 19833 D [NMS2]NmsBufferDBPersister:  phase-2
08-29 18:05:20.828 29731 29731 I SKBD    : and isTosAccept false
08-29 18:05:20.832 28121 28121 D GLAnimatorManager: doFrame
08-29 18:05:20.845 28121 28121 D GLAnimatorManager: doFrame
08-29 18:05:20.862 19833 19833 D [NMS2]NmsBufferDBPersister: load
08-29 18:05:20.863 28121 28121 D GLAnimatorManager: doFrame
08-29 18:05:20.895 28121 28121 I chatty  : uid=10008(com.samsung.android.app.aodservice) com.android.systemui:InfinityWallpaper identical 2 lines
08-29 18:05:20.912 28121 28121 D GLAnimatorManager: doFrame
08-29 18:05:20.925 27399 28151 D PackageManager: setEnabledSetting : userId = 0 packageName = com.samsung.android.mdecservice cmp = androidx.work.impl.background.systemjob.SystemJobService newState = 1 callingPackage = 1000/com.samsung.android.mdecservice
08-29 18:05:20.928 28121 28121 D GLAnimatorManager: doFrame
08-29 18:05:20.945 28121 28121 D GLAnimatorManager: doFrame
08-29 18:05:20.951 27399 28151 D PackageManager: setEnabledSetting : userId = 0 packageName = com.samsung.android.mdecservice cmp = androidx.work.impl.background.systemalarm.SystemAlarmService newState = 2 callingPackage = 1000/com.samsung.android.mdecservice
08-29 18:05:20.962 28121 28121 D GLAnimatorManager: doFrame
08-29 18:05:20.974 19833 19833 D mdec/EntitlementProvider: EntitlementProvider$DatabaseHelper::<init>()(line 366), DatabaseHelper constructor
08-29 18:05:20.977 19833 19833 D mdec/SettingProvider: SettingProvider$DatabaseHelper::<init>()(line 257), DatabaseHelper constructor
08-29 18:05:20.979 28121 28121 D GLAnimatorManager: doFrame
08-29 18:05:20.995 28121 28121 D GLAnimatorManager: doFrame
08-29 18:05:20.996 19598 19727 I Finsky  : [2460] rtc.accept(26): SCH: Scheduling phonesky job Id: 29-29, CT: 1661789116260, Constraints: [{ L: 30000, D: 60000, C: 1, I: 1, N: 0 }]
08-29 18:05:21.012 28121 28121 D GLAnimatorManager: doFrame
08-29 18:05:21.029 28121 28121 D GLAnimatorManager: doFrame
08-29 18:05:21.032 29731 29731 I SKBD    : and isTosAccept false
08-29 18:05:21.034 19833 19833 I mdec/MdecServiceApp: MdecServiceApp::showVersion()(line 61), Mdec version : 2.1.01.4
08-29 18:05:21.035 19833 19833 D mdec/MdecServiceApp: MdecServiceApp::onCreate()(line 176), Package Name : com.samsung.android.mdecservice, Class Name : com.samsung.android.cmcsettings.UI.CMCMainActivity
08-29 18:05:21.037 19833 19847 I mdec/GlobalSettingsInternalProvider: GlobalSettingsInternalProvider::query()(line 117), query content://com.samsung.android.mdecservice.database.GlobalSettingsInternalProvider/myInformation
08-29 18:05:21.045 28121 28121 D GLAnimatorManager: doFrame
08-29 18:05:21.053 19833 19833 I mdec/EntitlementProvider: EntitlementProvider::query()(line 269), query content://com.samsung.android.mdecservice.entitlementprovider/defaultAcs
08-29 18:05:21.063 28121 28121 D GLAnimatorManager: doFrame
08-29 18:05:21.079 28121 28121 D GLAnimatorManager: doFrame
08-29 18:05:21.090 19833 19833 D mdec/MdecServiceApp: MdecServiceApp::resetServerDb()(line 72), defaultAcsCursorCountNum : 1
08-29 18:05:21.092 19833 19833 D mdec/MdecServiceApp: MdecServiceApp::resetServerDb()(line 89), defaultAcsAddrInDb : xx_samsungmdec.com
08-29 18:05:21.096 28121 28121 D GLAnimatorManager: doFrame
08-29 18:05:21.100 19833 19833 D mdec/EntitlementProvider: EntitlementProvider::delete()(line 209), delete:xxxxx
08-29 18:05:21.104 19833 19833 D mdec/EntitlementProvider: EntitlementProvider::notifyChange()(line 418), notifyChange : content://com.samsung.android.mdecservice.entitlementprovider/singleservers
08-29 18:05:21.112 28121 28121 D GLAnimatorManager: doFrame
08-29 18:05:21.120 19833 19833 D mdec/EntitlementProvider: EntitlementProvider::delete()(line 209), delete:xxxxx
08-29 18:05:21.124 19833 19833 D mdec/EntitlementProvider: EntitlementProvider::notifyChange()(line 418), notifyChange : content://com.samsung.android.mdecservice.entitlementprovider/sainfo
08-29 18:05:21.128 28121 28121 D GLAnimatorManager: doFrame
08-29 18:05:21.144 19833 19833 D mdec/MdecServiceApp: MdecServiceApp::onCreate()(line 183), cmcSmrEnabled : 1, deviceType : pd
08-29 18:05:21.145 28121 28121 D GLAnimatorManager: doFrame
08-29 18:05:21.147 19833 19833 D mdec/MdecServiceApp: MdecServiceApp::onCreate()(line 191), CMC_SMR_ENABLED : true
08-29 18:05:21.150 19833 19833 D mdec/MdecServiceApp: MdecServiceApp::initGlobalProvider()(line 110), data replace already done
08-29 18:05:21.159 19833 19833 D mdec/MdecServiceApp: MdecServiceApp::onCreate()(line 218), current process :com.samsung.android.mdecservice
08-29 18:05:21.163 19833 19833 D [NMS2]MdecAnalytics: initSA:
08-29 18:05:21.165 28121 28121 D GLAnimatorManager: doFrame
08-29 18:05:21.168 19833 19833 D mdec/Utils: Utils::getMyDeviceType()(line 311), setMyDeviceType primary
08-29 18:05:21.175 19833 19833 D SamsungAnalytics201007: [Validation] dma pkg:531401000
08-29 18:05:21.179 28121 28121 D GLAnimatorManager: doFrame
08-29 18:05:21.189 19833 19833 D SamsungAnalytics201007: cf feature is supported
08-29 18:05:21.198 28121 28121 D GLAnimatorManager: doFrame
08-29 18:05:21.215 19833 19833 D SamsungAnalytics201007: do not send setting < 7days
08-29 18:05:21.218 28121 28121 D GLAnimatorManager: doFrame
08-29 18:05:21.228 28121 28121 D GLAnimatorManager: doFrame
08-29 18:05:21.233 29731 29731 I SKBD    : and isTosAccept false
08-29 18:05:21.233 19833 19833 D SamsungAnalytics201007: [Tracker] Tracker start:2.01.007DLC
08-29 18:05:21.245 28121 28121 D GLAnimatorManager: doFrame
08-29 18:05:21.246 19833 19833 D mdec/MdecPackageReceiver: MdecPackageReceiver::onReceive()(line 32), receive intent - action : android.intent.action.PACKAGE_FULLY_REMOVED, packagename : com.opportunistask.scheduling.benchmarking_app_to_test_big_cores
08-29 18:05:21.257 27399 28151 D StorageManagerService: getExternalStorageMountMode : 1
08-29 18:05:21.262 28121 28121 D GLAnimatorManager: doFrame
08-29 18:05:21.263 27399 28151 D StorageManagerService: getExternalStorageMountMode : 3
08-29 18:05:21.266 27399 28151 D StorageManagerService: getExternalStorageMountMode : final mountMode=1, uid : 10119, packageName : com.sec.unifiedwfc
08-29 18:05:21.267 27399 28151 I ApplicationPolicy: isApplicationExternalStorageWhitelisted:com.sec.unifiedwfc user:0
08-29 18:05:21.267 27399 28151 D ApplicationPolicy: isApplicationExternalStorageWhitelisted: DO is not enabled on user 0. Allowed.
08-29 18:05:21.267 27399 28151 D ActivityManager: package  com.sec.unifiedwfc, user - 0 is SDcard whitelisted
08-29 18:05:21.267 27399 28151 I ApplicationPolicy: isApplicationExternalStorageBlacklisted:com.sec.unifiedwfc user:0
08-29 18:05:21.268 27399 28151 D ApplicationPolicy: isApplicationExternalStorageBlacklisted: DO is not enabled on user 0. Allowed.
08-29 18:05:21.268 27399 28151 I ApplicationPolicy: isApplicationExternalStorageBlacklisted:com.sec.unifiedwfc user:0
08-29 18:05:21.268 27399 28151 D ApplicationPolicy: isApplicationExternalStorageBlacklisted: DO is not enabled on user 0. Allowed.
08-29 18:05:21.278 28121 28121 D GLAnimatorManager: doFrame
08-29 18:05:21.237 19598 19712 I Finsky  : [2450] scl.apply(62): SCH: Scheduling 1 system job(s)
08-29 18:05:21.278 28121 28121 D GLAnimatorManager: doFrame
08-29 18:05:21.237 19598 19712 I Finsky  : [2450] scl.apply(62): SCH: Scheduling 1 system job(s)
08-29 18:05:21.303 28121 28121 D GLAnimatorManager: doFrame
08-29 18:05:21.309 19598 19712 I Finsky  : [2450] scl.apply(68): SCH: Scheduling system job Id: 9707, L: 24981, D: 54981, C: false, I: false, N: 0
08-29 18:05:21.312 28121 28121 D GLAnimatorManager: doFrame
08-29 18:05:21.319 27399 28151 I SamsungAlarmManager: setLocked to kernel - T:2 / 20220829T181459, SetElapsed=260662096, nowELAPSED=260084129
08-29 18:05:21.320 27399 28151 I SamsungAlarmManager: setLocked to kernel - T:3 / 20220829T180559, SetElapsed=260122810, nowELAPSED=260084130
08-29 18:05:21.320 27399 28151 D SamsungAlarmManager: setInexact Listener (T:2/F:0/AC:false) 20220829T180712 - CU:1000/CP:27399
08-29 18:05:21.321 27399 28151 I SamsungAlarmManager: setLocked to kernel - T:2 / 20220829T180712, SetElapsed=260195695, nowELAPSED=260084132
08-29 18:05:21.322 27399 28151 I SamsungAlarmManager: setLocked to kernel - T:3 / 20220829T180559, SetElapsed=260122810, nowELAPSED=260084133
08-29 18:05:21.333 27399 28151 I SamsungAlarmManager: setLocked to kernel - T:2 / 20220829T180712, SetElapsed=260195695, nowELAPSED=260084144
08-29 18:05:21.334 27399 28151 I SamsungAlarmManager: setLocked to kernel - T:3 / 20220829T180559, SetElapsed=260122810, nowELAPSED=260084145
08-29 18:05:21.335 27399 28151 D SamsungAlarmManager: setInexact Listener (T:2/F:0/AC:false) 20220829T181459 - CU:1000/CP:27399
08-29 18:05:21.336 27399 28151 I SamsungAlarmManager: setLocked to kernel - T:2 / 20220829T180712, SetElapsed=260195695, nowELAPSED=260084147
08-29 18:05:21.337 27399 28151 I SamsungAlarmManager: setLocked to kernel - T:3 / 20220829T180600, SetElapsed=260122810, nowELAPSED=260084148
08-29 18:05:21.352 27399 28151 I SamsungAlarmManager: setLocked to kernel - T:2 / 20220829T181459, SetElapsed=260662096, nowELAPSED=260084162
08-29 18:05:21.352 27399 28151 I SamsungAlarmManager: setLocked to kernel - T:3 / 20220829T180600, SetElapsed=260122811, nowELAPSED=260084163
08-29 18:05:21.353 27399 28151 D SamsungAlarmManager: setInexact Listener (T:2/F:0/AC:false) 20220829T180546 - CU:1000/CP:27399
08-29 18:05:21.361 27399 28151 I SamsungAlarmManager: setLocked to kernel - T:2 / 20220829T180546, SetElapsed=260109103, nowELAPSED=260084172
08-29 18:05:21.368 27399 28151 I SamsungAlarmManager: setLocked to kernel - T:2 / 20220829T180600, SetElapsed=260122811, nowELAPSED=260084178
08-29 18:05:21.369 27399 28151 D SamsungAlarmManager: setInexact Listener (T:2/F:0/AC:false) 20220829T180616 - CU:1000/CP:27399
08-29 18:05:21.369 27399 28151 I SamsungAlarmManager: setLocked to kernel - T:2 / 20220829T180600, SetElapsed=260122811, nowELAPSED=260084180
08-29 18:05:21.378 28121 28121 I chatty  : uid=10008(com.samsung.android.app.aodservice) com.android.systemui:InfinityWallpaper identical 4 lines
08-29 18:05:21.395 28121 28121 D GLAnimatorManager: doFrame
08-29 18:05:21.399 19861 19861 E Zygote  : isWhitelistProcess - Process is Whitelisted
08-29 18:05:21.399 27399 27430 I ActivityManager: Start proc 19861:com.sec.unifiedwfc/u0a119 for broadcast com.sec.unifiedwfc/com.sprint.ms.smf.ConfigurationReceiver
08-29 18:05:21.411 19861 19861 E Zygote  : accessInfo : 1
08-29 18:05:21.412 28121 28121 D GLAnimatorManager: doFrame
08-29 18:05:21.428 28121 28121 D GLAnimatorManager: doFrame
08-29 18:05:21.435 29731 29731 I SKBD    : and isTosAccept false
08-29 18:05:21.445 28121 28121 D GLAnimatorManager: doFrame
08-29 18:05:21.461 28121 28121 I chatty  : uid=10008(com.samsung.android.app.aodservice) com.android.systemui:InfinityWallpaper identical 1 line
08-29 18:05:21.479 28121 28121 D GLAnimatorManager: doFrame
08-29 18:05:21.483 19861 19861 E .sec.unifiedwf: Not starting debugger since process cannot load the jdwp agent.
08-29 18:05:21.495 28121 28121 D GLAnimatorManager: doFrame
08-29 18:05:21.528 28121 28121 I chatty  : uid=10008(com.samsung.android.app.aodservice) com.android.systemui:InfinityWallpaper identical 2 lines
08-29 18:05:21.545 28121 28121 D GLAnimatorManager: doFrame
08-29 18:05:21.560 29040 29040 D BoundBrokerSvc: onUnbind: Intent { act=com.google.android.gms.feedback.internal.IFeedbackService dat=chimera-action:com.google.android.gms.feedback.internal.IFeedbackService cmp=com.google.android.gms/.chimera.GmsBoundBrokerService }
08-29 18:05:21.561 28121 28121 D GLAnimatorManager: doFrame
08-29 18:05:21.573 27399 29405 I ActivityManager: DSS on for com.sec.unifiedwfc and scale is 1.0
08-29 18:05:21.613 28121 28121 I chatty  : uid=10008(com.samsung.android.app.aodservice) com.android.systemui:InfinityWallpaper identical 3 lines
08-29 18:05:21.629 28121 28121 D GLAnimatorManager: doFrame
08-29 18:05:21.636 29731 29731 I SKBD    : and isTosAccept false
08-29 18:05:21.646 28121 28121 D GLAnimatorManager: doFrame
08-29 18:05:21.711 28121 28121 I chatty  : uid=10008(com.samsung.android.app.aodservice) com.android.systemui:InfinityWallpaper identical 4 lines
08-29 18:05:21.728 28121 28121 D GLAnimatorManager: doFrame
08-29 18:05:21.728 19861 19861 I .sec.unifiedwf: The ClassLoaderContext is a special shared library.
08-29 18:05:21.745 28121 28121 D GLAnimatorManager: doFrame
08-29 18:05:21.745 19861 19861 I .sec.unifiedwf: The ClassLoaderContext is a special shared library.
08-29 18:05:21.760 19861 19861 I .sec.unifiedwf: The ClassLoaderContext is a special shared library.
08-29 18:05:21.762 28121 28121 D GLAnimatorManager: doFrame
08-29 18:05:21.811 28121 28121 I chatty  : uid=10008(com.samsung.android.app.aodservice) com.android.systemui:InfinityWallpaper identical 3 lines
08-29 18:05:21.828 28121 28121 D GLAnimatorManager: doFrame
08-29 18:05:21.837 29731 29731 I SKBD    : and isTosAccept false
08-29 18:05:21.842 19861 19861 D a_0.1.0 : Bixby Supported:true
08-29 18:05:21.845 28121 28121 D GLAnimatorManager: doFrame
08-29 18:05:21.857 19861 19861 D [UNWFC]-- : onCreateData
08-29 18:05:21.864 28121 28121 D GLAnimatorManager: doFrame
08-29 18:05:21.867  4940  4940 D io_stats: !@   8,0 r 156580 8250348 w 234099 12363700 d 11645 11627384 f 25367 102303 iot 333704 212470 th 307200 0 0 pt 0 inp 0 0 17448.355
08-29 18:05:22.012 28121 28121 I chatty  : uid=10008(com.samsung.android.app.aodservice) com.android.systemui:InfinityWallpaper identical 9 lines
08-29 18:05:22.028 28121 28121 D GLAnimatorManager: doFrame
08-29 18:05:22.038 29731 29731 I SKBD    : and isTosAccept false
08-29 18:05:22.045 28121 28121 D GLAnimatorManager: doFrame
08-29 18:05:22.048 27399 28151 D PackageManager: setEnabledSetting : userId = 0 packageName = com.sec.unifiedwfc cmp = androidx.work.impl.background.systemjob.SystemJobService newState = 1 callingPackage = 10119/com.sec.unifiedwfc
08-29 18:05:22.061 28121 28121 D GLAnimatorManager: doFrame
08-29 18:05:22.128 28121 28121 I chatty  : uid=10008(com.samsung.android.app.aodservice) com.android.systemui:InfinityWallpaper identical 4 lines
08-29 18:05:22.144 28121 28121 D GLAnimatorManager: doFrame
08-29 18:05:22.145 19861 19861 D [UNWFC]-- : WfcEpdgMgr : com.sec.unifiedwfc.VoWifiApplication@abe0377
08-29 18:05:22.151 19861 19861 D EPDG_Manager: connectService() on com.sec.epdg.EpdgManager@cffebe4
08-29 18:05:22.161 28121 28121 D GLAnimatorManager: doFrame
08-29 18:05:22.178 28121 28121 D GLAnimatorManager: doFrame
08-29 18:05:22.196 19861 19861 D a_0.1.0 : Version Name:6.3.47.66
08-29 18:05:22.196 28121 28121 D GLAnimatorManager: doFrame
08-29 18:05:22.196 19861 19861 D [UNWFC]-- Appl: WFC Bixby is supported
08-29 18:05:22.211 28121 28121 D GLAnimatorManager: doFrame
08-29 18:05:22.229 28121 28121 D GLAnimatorManager: doFrame
08-29 18:05:22.239 29731 29731 I SKBD    : and isTosAccept false
08-29 18:05:22.244 28121 28121 D GLAnimatorManager: doFrame
08-29 18:05:22.261 28121 28121 D GLAnimatorManager: doFrame
08-29 18:05:22.267 19861 19861 D EPDG_Manager: onServiceConnected () ComponentName : ComponentInfo{com.sec.epdg/com.sec.epdg.EpdgService}
08-29 18:05:22.268 19861 19861 D EPDG_Manager: mEpdgConnection onServiceConnected() : service is connected.
08-29 18:05:22.271 19861 19861 D [UNWFC]-- : WfcEpdgMgr onConnected : 
08-29 18:05:22.271 19861 19861 D [UNWFC]-- : WfcEpdgMgr updateWfcMenu
08-29 18:05:22.278 28121 28121 D GLAnimatorManager: doFrame
08-29 18:05:22.278 28338  3078 D EPDG -- SIM0 [EpdgSubScription]: checkEpdgFeature : Not ready
08-29 18:05:22.279 28338  3078 D EPDG -- SIM0 [EpdgSubScription]: checkEpdgFeature : WFCQUICKSETTINGSMENU (false)
08-29 18:05:22.291 28338  3078 D EPDG -- SIM0 [EpdgSubScription]: checkEpdgFeature : Not ready
08-29 18:05:22.291 28338  3078 D EPDG -- SIM0 [EpdgSubScription]: checkEpdgFeature : WFCSETTINGSMENU (false)
08-29 18:05:22.295 28121 28121 D GLAnimatorManager: doFrame
08-29 18:05:22.309 28338  3078 D EPDG -- SIM0 [EpdgSubScription]: checkEpdgFeature : Not ready
08-29 18:05:22.309 28338  3078 D EPDG -- SIM0 [EpdgSubScription]: checkEpdgFeature : WFCCALLMENU (false)
08-29 18:05:22.311 28121 28121 D GLAnimatorManager: doFrame
08-29 18:05:22.317 28338  3078 D EPDG -- SIM0 [EpdgSubScription]: checkEpdgFeature : Not ready
08-29 18:05:22.317 28338  3078 D EPDG -- SIM0 [EpdgSubScription]: checkEpdgFeature : SIMMO (false)
08-29 18:05:22.318 19861 19861 D [UNWFC]-- : PhoneId: 0 WFC MENU -- QS: false Settings : false Call Settings : false Sim Mobility : false
08-29 18:05:22.328 28121 28121 D GLAnimatorManager: doFrame
08-29 18:05:22.331 28338  3078 D EPDG -- SIM1 [EpdgSubScription]: checkEpdgFeature : Not ready
08-29 18:05:22.331 28338  3078 D EPDG -- SIM1 [EpdgSubScription]: checkEpdgFeature : WFCQUICKSETTINGSMENU (false)
08-29 18:05:22.335 27399 28151 I ActivityManager: Killing 19359:com.samsung.android.dqagent/1000 (adj 906): empty #25
08-29 18:05:22.340 27399 27433 W libprocessgroup: kill(-19359, 9) failed: No such process
08-29 18:05:22.349 28121 28121 D GLAnimatorManager: doFrame
08-29 18:05:22.355 28338  3078 D EPDG -- SIM1 [EpdgSubScription]: checkEpdgFeature : Not ready
08-29 18:05:22.356 28338  3078 D EPDG -- SIM1 [EpdgSubScription]: checkEpdgFeature : WFCSETTINGSMENU (false)
08-29 18:05:22.361 28121 28121 D GLAnimatorManager: doFrame
08-29 18:05:22.362 28338 28353 D EPDG -- SIM1 [EpdgSubScription]: checkEpdgFeature : Not ready
08-29 18:05:22.362 28338 28353 D EPDG -- SIM1 [EpdgSubScription]: checkEpdgFeature : WFCCALLMENU (false)
08-29 18:05:22.368 28338 28353 D EPDG -- SIM1 [EpdgSubScription]: checkEpdgFeature : Not ready
08-29 18:05:22.368 28338 28353 D EPDG -- SIM1 [EpdgSubScription]: checkEpdgFeature : SIMMO (false)
08-29 18:05:22.369 19861 19861 D [UNWFC]-- : PhoneId: 1 WFC MENU -- QS: false Settings : false Call Settings : false Sim Mobility : false
08-29 18:05:22.371 19861 19861 D [UNWFC]-- : call : updateMenuData arg :
08-29 18:05:22.378 28121 28121 D GLAnimatorManager: doFrame
08-29 18:05:22.394 28121 28121 I chatty  : uid=10008(com.samsung.android.app.aodservice) com.android.systemui:InfinityWallpaper identical 1 line
08-29 18:05:22.412 28121 28121 D GLAnimatorManager: doFrame
08-29 18:05:22.416 19861 19861 D [UNWFC]-- Util: Check for roaming partner with gid1
08-29 18:05:22.417 19861 19861 I [UNWFC]-- Util: multiSim Device
08-29 18:05:22.421 19861 19861 D [UNWFC]-- Util: isSimMobilitySupported: falseproduct : dreamltexx
08-29 18:05:22.421 19861 19861 D [UNWFC]-- Util: cscSalesCode : ROM
08-29 18:05:22.424 19861 19861 D [UNWFC]-- : skutype:100
08-29 18:05:22.428 28121 28121 D GLAnimatorManager: doFrame
08-29 18:05:22.408 27399 27433 W libprocessgroup: kill(-19359, 9) failed: No such process
08-29 18:05:22.436 19861 19861 D [UNWFC]-- Util: no match found for devices
08-29 18:05:22.436 19861 19861 D [UNWFC]-- Util: mccmnc : 999999 gid1 : 0 sales : 100
08-29 18:05:22.440 29731 29731 I SKBD    : and isTosAccept false
08-29 18:05:22.444 28121 28121 D GLAnimatorManager: doFrame
08-29 18:05:22.451 27399 27433 W libprocessgroup: kill(-19359, 9) failed: No such process
08-29 18:05:22.460 27399 27433 W libprocessgroup: kill(-19359, 9) failed: No such process
08-29 18:05:22.461 28121 28121 D GLAnimatorManager: doFrame
08-29 18:05:22.478 28121 28121 D GLAnimatorManager: doFrame
08-29 18:05:22.487 27399 27433 W libprocessgroup: kill(-19359, 9) failed: No such process
08-29 18:05:22.494 28121 28121 D GLAnimatorManager: doFrame
08-29 18:05:22.501 27399 27433 W libprocessgroup: kill(-19359, 9) failed: No such process
08-29 18:05:22.511 28121 28121 D GLAnimatorManager: doFrame
08-29 18:05:22.516 27399 27433 W libprocessgroup: kill(-19359, 9) failed: No such process
08-29 18:05:22.520 19861 19861 D [UNWFC]-- Util: cursor: android.content.ContentResolver$CursorWrapperInner@166be8bselection : operatornumeric='999999' and salescode='100'
08-29 18:05:22.521 19861 19861 D [UNWFC]-- Util: BUG in CONFIGURATION : 0
08-29 18:05:22.521 19861 19861 D [UNWFC]-- Util: It is OpenCarrier
08-29 18:05:22.523 19861 19861 D [UNWFC]-- : provisionType:100 uiType:100
08-29 18:05:22.523 19861 19861 D [UNWFC]-- : UX props:0,0,0,0,0,0,0,0,0,2
08-29 18:05:22.524 19861 19861 D [UNWFC]-- : Carrier Name is OPEN
08-29 18:05:22.527 28121 28121 D GLAnimatorManager: doFrame
08-29 18:05:22.539 27399 27433 W libprocessgroup: kill(-19359, 9) failed: No such process
08-29 18:05:22.525 19861 19861 D [UNWFC]-- : Provisioning Type is 100
08-29 18:05:22.539 27399 27433 W libprocessgroup: kill(-19359, 9) failed: No such process
08-29 18:05:22.525 19861 19861 D [UNWFC]-- : Provisioning Type is 100
08-29 18:05:22.545 28121 28121 D GLAnimatorManager: doFrame
08-29 18:05:22.551 19861 19861 D [UNWFC]-- : UX Type is 100
08-29 18:05:22.552 19861 19861 D [UNWFC]-- COMMON: updateWfcUxElements
08-29 18:05:22.557 19861 19861 D [UNWFC]-- COMMON: Notification Icon:Global
08-29 18:05:22.558 19861 19861 D [UNWFC]-- Util: isSupportVoiceNetwork = false
08-29 18:05:22.561 28121 28121 D GLAnimatorManager: doFrame
08-29 18:05:22.563 27399 27433 W libprocessgroup: kill(-19359, 9) failed: No such process
08-29 18:05:22.579 19861 19861 D [UNWFC]-- : settings disabled by vowifi menu enable
08-29 18:05:22.579 19861 19861 D [UNWFC]-- : settings connections menu runnable : true visible : false
08-29 18:05:22.580 19861 19861 I [UNWFC]-- Util: multiSim Device
08-29 18:05:22.582 28121 28121 D GLAnimatorManager: doFrame
08-29 18:05:22.574 27399 27433 W libprocessgroup: kill(-19359, 9) failed: No such process
08-29 18:05:22.574 27399 27433 W libprocessgroup: kill(-19359, 9) failed: No such process
08-29 18:05:22.593 19861 19861 D CustomizedTextParser: Initialzed
08-29 18:05:22.594 28121 28121 D GLAnimatorManager: doFrame
08-29 18:05:22.596 19861 19861 E CustomizedTextParser: getCustomizedText Rule is empty. mRuleMap={}
08-29 18:05:22.597 19861 19861 I [UNWFC]-- Util: multiSim Device
08-29 18:05:22.612 28121 28121 D GLAnimatorManager: doFrame
08-29 18:05:22.613 27399 27433 W libprocessgroup: kill(-19359, 9) failed: No such process
08-29 18:05:22.626 27399 27433 W libprocessgroup: kill(-19359, 9) failed: No such process
08-29 18:05:22.627 28121 28121 D GLAnimatorManager: doFrame
08-29 18:05:22.634 27399 27433 W libprocessgroup: kill(-19359, 9) failed: No such process
08-29 18:05:22.641 29731 29731 I SKBD    : and isTosAccept false
08-29 18:05:22.641 27399 27433 W libprocessgroup: kill(-19359, 9) failed: No such process
08-29 18:05:22.644 28121 28121 D GLAnimatorManager: doFrame
08-29 18:05:22.651 27399 27433 W libprocessgroup: kill(-19359, 9) failed: No such process
08-29 18:05:22.653 19861 19861 D [UNWFC]-- DB: getInt() wifi_call_enable : 0
08-29 18:05:22.659 27399 27433 W libprocessgroup: kill(-19359, 9) failed: No such process
08-29 18:05:22.661 28121 28121 D GLAnimatorManager: doFrame
08-29 18:05:22.675 27399 27433 W libprocessgroup: kill(-19359, 9) failed: No such process
08-29 18:05:22.678 28121 28121 D GLAnimatorManager: doFrame
08-29 18:05:22.681 19861 19861 D [UNWFC]-- Appl: QueryWfcTask onPostExecute wfc on false
08-29 18:05:22.694 28121 28121 D GLAnimatorManager: doFrame
08-29 18:05:22.697 27399 27433 W libprocessgroup: kill(-19359, 9) failed: No such process
08-29 18:05:22.709 27399 27433 W libprocessgroup: kill(-19359, 9) failed: No such process
08-29 18:05:22.711 28121 28121 D GLAnimatorManager: doFrame
08-29 18:05:22.719 27399 27433 W libprocessgroup: kill(-19359, 9) failed: No such process
08-29 18:05:22.726 27399 27433 W libprocessgroup: kill(-19359, 9) failed: No such process
08-29 18:05:22.727 28121 28121 D GLAnimatorManager: doFrame
08-29 18:05:22.744 28121 28121 D GLAnimatorManager: doFrame
08-29 18:05:22.751 27399 27433 W libprocessgroup: kill(-19359, 9) failed: No such process
08-29 18:05:22.761 28121 28121 D GLAnimatorManager: doFrame
08-29 18:05:22.775 27399 27433 W libprocessgroup: kill(-19359, 9) failed: No such process
08-29 18:05:22.777 28121 28121 D GLAnimatorManager: doFrame
08-29 18:05:22.783 27399 27433 W libprocessgroup: kill(-19359, 9) failed: No such process
08-29 18:05:22.791 27399 27433 W libprocessgroup: kill(-19359, 9) failed: No such process
08-29 18:05:22.794 28121 28121 D GLAnimatorManager: doFrame
08-29 18:05:22.804 27399 27433 W libprocessgroup: kill(-19359, 9) failed: No such process
08-29 18:05:22.811 28121 28121 D GLAnimatorManager: doFrame
08-29 18:05:22.816 27399 27433 W libprocessgroup: kill(-19359, 9) failed: No such process
08-29 18:05:22.823 27399 27433 W libprocessgroup: kill(-19359, 9) failed: No such process
08-29 18:05:22.827 28121 28121 D GLAnimatorManager: doFrame
08-29 18:05:22.839 19598 19880 I Finsky  : [2499] ivz.g(1): getDownloads()
08-29 18:05:22.842 29731 29731 I SKBD    : and isTosAccept false
08-29 18:05:22.844 28121 28121 D GLAnimatorManager: doFrame
08-29 18:05:22.852 27399 27433 W libprocessgroup: kill(-19359, 9) failed: No such process
08-29 18:05:22.866 28121 28121 D GLAnimatorManager: doFrame
08-29 18:05:22.868 27399 27433 W libprocessgroup: kill(-19359, 9) failed: No such process
08-29 18:05:22.877 28121 28121 D GLAnimatorManager: doFrame
08-29 18:05:22.884 27399 27433 W libprocessgroup: kill(-19359, 9) failed: No such process
08-29 18:05:22.891 27399 27433 W libprocessgroup: kill(-19359, 9) failed: No such process
08-29 18:05:22.896 28121 28121 D GLAnimatorManager: doFrame
08-29 18:05:22.899 27154 27154 I Zygote  : Process 19359 exited due to signal (9)
08-29 18:05:22.903 28284 28300 D ForegroundUtils: could not check pending caller
08-29 18:05:22.911 28121 28121 D GLAnimatorManager: doFrame
08-29 18:05:22.923 27399 27433 W libprocessgroup: kill(-19359, 9) failed: No such process
08-29 18:05:22.923 27399 27433 I libprocessgroup: Successfully killed process cgroup uid 1000 pid 19359 in 584ms
08-29 18:05:22.927 28121 28121 D GLAnimatorManager: doFrame
08-29 18:05:23.036 27399 28151 D StorageManagerService: getExternalStorageMountMode : 3
08-29 18:05:23.038 27399 28151 D StorageManagerService: getExternalStorageMountMode : 3
08-29 18:05:23.039 27399 28151 D StorageManagerService: getExternalStorageMountMode : final mountMode=3, uid : 10194, packageName : com.topjohnwu.magisk
08-29 18:05:23.011 28121 28121 I chatty  : uid=10008(com.samsung.android.app.aodservice) com.android.systemui:InfinityWallpaper identical 5 lines
08-29 18:05:23.027 28121 28121 D GLAnimatorManager: doFrame
08-29 18:05:23.040 27399 28151 I ApplicationPolicy: isApplicationExternalStorageWhitelisted:com.topjohnwu.magisk user:0
08-29 18:05:23.040 27399 28151 D ApplicationPolicy: isApplicationExternalStorageWhitelisted: DO is not enabled on user 0. Allowed.
08-29 18:05:23.040 27399 28151 D ActivityManager: package  com.topjohnwu.magisk, user - 0 is SDcard whitelisted
08-29 18:05:23.040 27399 28151 I ApplicationPolicy: isApplicationExternalStorageBlacklisted:com.topjohnwu.magisk user:0
08-29 18:05:23.041 27399 28151 D ApplicationPolicy: isApplicationExternalStorageBlacklisted: DO is not enabled on user 0. Allowed.
08-29 18:05:23.041 27399 28151 I ApplicationPolicy: isApplicationExternalStorageBlacklisted:com.topjohnwu.magisk user:0
08-29 18:05:23.041 27399 28151 D ApplicationPolicy: isApplicationExternalStorageBlacklisted: DO is not enabled on user 0. Allowed.
08-29 18:05:23.043 29731 29731 I SKBD    : and isTosAccept false
08-29 18:05:23.044 28121 28121 D GLAnimatorManager: doFrame
08-29 18:05:23.094 28121 28121 I chatty  : uid=10008(com.samsung.android.app.aodservice) com.android.systemui:InfinityWallpaper identical 3 lines
08-29 18:05:23.111 28121 28121 D GLAnimatorManager: doFrame
08-29 18:05:23.111 19598 19725 I android.vendin: IncrementDisableThreadFlip blocked for 7.018ms
08-29 18:05:23.128 28121 28121 D GLAnimatorManager: doFrame
08-29 18:05:23.137 27399 28151 D StorageManagerService: getExternalStorageMountMode : 3
08-29 18:05:23.138 27399 28151 D StorageManagerService: getExternalStorageMountMode : 3
08-29 18:05:23.140 27399 28151 D StorageManagerService: getExternalStorageMountMode : final mountMode=3, uid : 10062, packageName : com.android.vending
08-29 18:05:23.140 27399 28151 I ApplicationPolicy: isApplicationExternalStorageWhitelisted:com.android.vending user:0
08-29 18:05:23.141 27399 28151 D ApplicationPolicy: isApplicationExternalStorageWhitelisted: DO is not enabled on user 0. Allowed.
08-29 18:05:23.141 27399 28151 D ActivityManager: package  com.android.vending, user - 0 is SDcard whitelisted
08-29 18:05:23.141 27399 28151 I ApplicationPolicy: isApplicationExternalStorageBlacklisted:com.android.vending user:0
08-29 18:05:23.141 27399 28151 D ApplicationPolicy: isApplicationExternalStorageBlacklisted: DO is not enabled on user 0. Allowed.
08-29 18:05:23.144 28121 28121 D GLAnimatorManager: doFrame
08-29 18:05:23.145 27399 28151 I ApplicationPolicy: isApplicationExternalStorageBlacklisted:com.android.vending user:0
08-29 18:05:23.145 27399 28151 D ApplicationPolicy: isApplicationExternalStorageBlacklisted: DO is not enabled on user 0. Allowed.
08-29 18:05:23.156 27399 27430 I ActivityManager: Start proc 19883:com.topjohnwu.magisk/u0a194 for broadcast com.topjohnwu.magisk/.core.Receiver
08-29 18:05:23.160 28121 28121 D GLAnimatorManager: doFrame
08-29 18:05:23.177 28121 28121 I chatty  : uid=10008(com.samsung.android.app.aodservice) com.android.systemui:InfinityWallpaper identical 1 line
08-29 18:05:23.194 28121 28121 D GLAnimatorManager: doFrame
08-29 18:05:23.198 19883 19883 E Zygote  : isWhitelistProcess - Process is Whitelisted
08-29 18:05:23.209 19883 19883 E Zygote  : accessInfo : 1
08-29 18:05:23.210 28121 28121 D GLAnimatorManager: doFrame
08-29 18:05:23.227 28121 28121 I chatty  : uid=10008(com.samsung.android.app.aodservice) com.android.systemui:InfinityWallpaper identical 1 line
08-29 18:05:23.244 28121 28121 D GLAnimatorManager: doFrame
08-29 18:05:23.244 29731 29731 I SKBD    : and isTosAccept false
08-29 18:05:23.250 19888 19888 E Zygote  : isWhitelistProcess - Process is Whitelisted
08-29 18:05:23.254 19888 19888 E Zygote  : accessInfo : 1
08-29 18:05:23.260 28121 28121 D GLAnimatorManager: doFrame
08-29 18:05:23.262 27399 27430 I ActivityManager: Start proc 19888:com.android.vending:background/u0a62 for service com.android.vending/com.google.android.finsky.ipcservers.background.BackgroundGrpcServerAndroidService
08-29 18:05:23.295 28121 28121 I chatty  : uid=10008(com.samsung.android.app.aodservice) com.android.systemui:InfinityWallpaper identical 2 lines
08-29 18:05:23.310 28121 28121 D GLAnimatorManager: doFrame
08-29 18:05:23.324 19883 19883 E opjohnwu.magis: Not starting debugger since process cannot load the jdwp agent.
08-29 18:05:23.332 28121 28121 D GLAnimatorManager: doFrame
08-29 18:05:23.343 19888 19888 E ding:backgroun: Not starting debugger since process cannot load the jdwp agent.
08-29 18:05:23.344 28121 28121 D GLAnimatorManager: doFrame
08-29 18:05:23.427 28121 28121 I chatty  : uid=10008(com.samsung.android.app.aodservice) com.android.systemui:InfinityWallpaper identical 5 lines
08-29 18:05:23.444 28121 28121 D GLAnimatorManager: doFrame
08-29 18:05:23.445 29731 29731 I SKBD    : and isTosAccept false
08-29 18:05:23.451 27399 28151 I ActivityManager: DSS on for com.topjohnwu.magisk and scale is 1.0
08-29 18:05:23.460 28121 28121 D GLAnimatorManager: doFrame
08-29 18:05:23.485 27399 29135 I ActivityManager: DSS on for com.android.vending and scale is 1.0
08-29 18:05:23.577 28121 28121 I chatty  : uid=10008(com.samsung.android.app.aodservice) com.android.systemui:InfinityWallpaper identical 7 lines
08-29 18:05:23.593 28121 28121 D GLAnimatorManager: doFrame
08-29 18:05:23.600 19763 19785 I oid.bixby.agen: Waiting for a blocking GC ProfileSaver
08-29 18:05:23.611 28121 28121 D GLAnimatorManager: doFrame
08-29 18:05:23.627 28121 28121 I chatty  : uid=10008(com.samsung.android.app.aodservice) com.android.systemui:InfinityWallpaper identical 1 line
08-29 18:05:23.643 28121 28121 D GLAnimatorManager: doFrame
08-29 18:05:23.646 29731 29731 I SKBD    : and isTosAccept false
08-29 18:05:23.657 19888 19888 I ding:backgroun: The ClassLoaderContext is a special shared library.
08-29 18:05:23.659 19763 19785 I oid.bixby.agen: WaitForGcToComplete blocked ProfileSaver on HeapTrim for 59.147ms
08-29 18:05:23.662 28121 28121 D GLAnimatorManager: doFrame
08-29 18:05:23.747 28121 28121 I chatty  : uid=10008(com.samsung.android.app.aodservice) com.android.systemui:InfinityWallpaper identical 5 lines
08-29 18:05:23.760 28121 28121 D GLAnimatorManager: doFrame
08-29 18:05:23.772 19888 19888 W ding:backgroun: JIT profile information will not be recorded: profile file does not exits.
08-29 18:05:23.773 19888 19888 W ding:backgroun: JIT profile information will not be recorded: profile file does not exits.
08-29 18:05:23.777 28121 28121 D GLAnimatorManager: doFrame
08-29 18:05:23.810 28121 28121 I chatty  : uid=10008(com.samsung.android.app.aodservice) com.android.systemui:InfinityWallpaper identical 2 lines
08-29 18:05:23.827 28121 28121 D GLAnimatorManager: doFrame
08-29 18:05:23.831 19598 19712 I Finsky  : [2450] fqm.run(14): Initializing the instant apps module.
08-29 18:05:23.842 28121 28121 D GLAnimatorManager: doFrame
08-29 18:05:23.847 29731 29731 I SKBD    : and isTosAccept false
08-29 18:05:23.859 28121 28121 D GLAnimatorManager: doFrame
08-29 18:05:23.892 28121 28121 I chatty  : uid=10008(com.samsung.android.app.aodservice) com.android.systemui:InfinityWallpaper identical 2 lines
08-29 18:05:23.909 28121 28121 D GLAnimatorManager: doFrame
08-29 18:05:23.915 19888 19888 I Finsky:background: [2] fsy.j(6): Process created at version: 32.0.20-21 [0] [PR] 469353169
08-29 18:05:23.926 28121 28121 D GLAnimatorManager: doFrame
08-29 18:05:23.930 27399 29135 D PackageManager: setEnabledSetting : userId = 0 packageName = com.topjohnwu.magisk cmp = androidx.work.impl.background.systemjob.SystemJobService newState = 1 callingPackage = 10194/com.topjohnwu.magisk
08-29 18:05:23.942 28121 28121 D GLAnimatorManager: doFrame
08-29 18:05:24.025 28121 28121 I chatty  : uid=10008(com.samsung.android.app.aodservice) com.android.systemui:InfinityWallpaper identical 5 lines
08-29 18:05:24.042 28121 28121 D GLAnimatorManager: doFrame
08-29 18:05:24.047 29731 29731 I SKBD    : and isTosAccept false
08-29 18:05:24.050 19888 19888 I ding:backgroun: Rejecting re-init on previously-failed class java.lang.Class<com.google.android.finsky.cloudsearch.PlayCloudSearchService>: java.lang.NoClassDefFoundError: Failed resolution of: Landroid/service/cloudsearch/CloudSearchService;
08-29 18:05:24.050 19888 19888 I ding:backgroun:   at void gej.h(android.content.Context, ggd) (PG:3)
08-29 18:05:24.050 19888 19888 I ding:backgroun:   at void fsy.j() (PG:12)
08-29 18:05:24.050 19888 19888 I ding:backgroun:   at void fsy.onCreate() (PG:3)
08-29 18:05:24.051 19888 19888 I ding:backgroun:   at void android.app.Instrumentation.callApplicationOnCreate(android.app.Application) (Instrumentation.java:1154)
08-29 18:05:24.051 19888 19888 I ding:backgroun:   at void android.app.ActivityThread.handleBindApplication(android.app.ActivityThread$AppBindData) (ActivityThread.java:6222)
08-29 18:05:24.051 19888 19888 I ding:backgroun:   at void android.app.ActivityThread.access$1200(android.app.ActivityThread, android.app.ActivityThread$AppBindData) (ActivityThread.java:237)
08-29 18:05:24.051 19888 19888 I ding:backgroun:   at void android.app.ActivityThread$H.handleMessage(android.os.Message) (ActivityThread.java:1785)
08-29 18:05:24.051 19888 19888 I ding:backgroun:   at void android.os.Handler.dispatchMessage(android.os.Message) (Handler.java:106)
08-29 18:05:24.051 19888 19888 I ding:backgroun:   at void android.os.Looper.loop() (Looper.java:214)
08-29 18:05:24.051 19888 19888 I ding:backgroun:   at void android.app.ActivityThread.main(java.lang.String[]) (ActivityThread.java:7050)
08-29 18:05:24.051 19888 19888 I ding:backgroun:   at java.lang.Object java.lang.reflect.Method.invoke(java.lang.Object, java.lang.Object[]) (Method.java:-2)
08-29 18:05:24.051 19888 19888 I ding:backgroun:   at void com.android.internal.os.RuntimeInit$MethodAndArgsCaller.run() (RuntimeInit.java:494)
08-29 18:05:24.051 19888 19888 I ding:backgroun:   at void com.android.internal.os.ZygoteInit.main(java.lang.String[]) (ZygoteInit.java:965)
08-29 18:05:24.051 19888 19888 I ding:backgroun: Caused by: java.lang.ClassNotFoundException: Didn't find class "android.service.cloudsearch.CloudSearchService" on path: DexPathList[[zip file "/system/framework/org.apache.http.legacy.boot.jar", zip file "/data/app/com.android.vending-H1DoIARbjxbwU5fOqSFbrQ==/base.apk", zip file "/data/app/com.android.vending-H1DoIARbjxbwU5fOqSFbrQ==/split_config.arm64_v8a.apk", zip file "/data/app/com.android.vending-H1DoIARbjxbwU5fOqSFbrQ==/split_config.en.apk"],nativeLibraryDirectories=[/data/app/com.android.vending-H1DoIARbjxbwU5fOqSFbrQ==/lib/arm64, /data/app/com.android.vending-H1DoIARbjxbwU5fOqSFbrQ==/base.apk!/lib/arm64-v8a, /data/app/com.android.vending-H1DoIARbjxbwU5fOqSFbrQ==/split_config.arm64_v8a.apk!/lib/arm64-v8a, /data/app/com.android.vending-H1DoIARbjxbwU5fOqSFbrQ==/split_config.en.apk!/lib/arm64-v8a, /system/lib64, /system/vendor/lib64]]
08-29 18:05:24.051 19888 19888 I ding:backgroun:   at java.lang.Class dalvik.system.BaseDexClassLoader.findClass(java.lang.String) (BaseDexClassLoader.java:134)
08-29 18:05:24.051 19888 19888 I ding:backgroun:   at java.lang.Class java.lang.ClassLoader.loadClass(java.lang.String, boolean) (ClassLoader.java:379)
08-29 18:05:24.051 19888 19888 I ding:backgroun:   at java.lang.Class java.lang.ClassLoader.loadClass(java.lang.String) (ClassLoader.java:312)
08-29 18:05:24.051 19888 19888 I ding:backgroun:   at void gej.h(android.content.Context, ggd) (PG:3)
08-29 18:05:24.051 19888 19888 I ding:backgroun:   at void fsy.j() (PG:12)
08-29 18:05:24.051 19888 19888 I ding:backgroun:   at void fsy.onCreate() (PG:3)
08-29 18:05:24.052 19888 19888 I ding:backgroun:   at void android.app.Instrumentation.callApplicationOnCreate(android.app.Application) (Instrumentation.java:1154)
08-29 18:05:24.052 19888 19888 I ding:backgroun:   at void android.app.ActivityThread.handleBindApplication(android.app.ActivityThread$AppBindData) (ActivityThread.java:6222)
08-29 18:05:24.052 19888 19888 I ding:backgroun:   at void android.app.ActivityThread.access$1200(android.app.ActivityThread, android.app.ActivityThread$AppBindData) (ActivityThread.java:237)
08-29 18:05:24.052 19888 19888 I ding:backgroun:   at void android.app.ActivityThread$H.handleMessage(android.os.Message) (ActivityThread.java:1785)
08-29 18:05:24.052 19888 19888 I ding:backgroun:   at void android.os.Handler.dispatchMessage(android.os.Message) (Handler.java:106)
08-29 18:05:24.052 19888 19888 I ding:backgroun:   at void android.os.Looper.loop() (Looper.java:214)
08-29 18:05:24.052 19888 19888 I ding:backgroun:   at void android.app.ActivityThread.main(java.lang.String[]) (ActivityThread.java:7050)
08-29 18:05:24.052 19888 19888 I ding:backgroun:   at java.lang.Object java.lang.reflect.Method.invoke(java.lang.Object, java.lang.Object[]) (Method.java:-2)
08-29 18:05:24.052 19888 19888 I ding:backgroun:   at void com.android.internal.os.RuntimeInit$MethodAndArgsCaller.run() (RuntimeInit.java:494)
08-29 18:05:24.052 19888 19888 I ding:backgroun:   at void com.android.internal.os.ZygoteInit.main(java.lang.String[]) (ZygoteInit.java:965)
08-29 18:05:24.052 19888 19888 I ding:backgroun: 
08-29 18:05:24.059 28121 28121 D GLAnimatorManager: doFrame
08-29 18:05:24.069 19888 19888 I ding:backgroun: Rejecting re-init on previously-failed class java.lang.Class<com.google.android.finsky.cloudsearch.PlayCloudSearchService>: java.lang.NoClassDefFoundError: Failed resolution of: Landroid/service/cloudsearch/CloudSearchService;
08-29 18:05:24.069 19888 19888 I ding:backgroun:   at void gej.h(android.content.Context, ggd) (PG:3)
08-29 18:05:24.069 19888 19888 I ding:backgroun:   at void fsy.j() (PG:12)
08-29 18:05:24.069 19888 19888 I ding:backgroun:   at void fsy.onCreate() (PG:3)
08-29 18:05:24.069 19888 19888 I ding:backgroun:   at void android.app.Instrumentation.callApplicationOnCreate(android.app.Application) (Instrumentation.java:1154)
08-29 18:05:24.069 19888 19888 I ding:backgroun:   at void android.app.ActivityThread.handleBindApplication(android.app.ActivityThread$AppBindData) (ActivityThread.java:6222)
08-29 18:05:24.069 19888 19888 I ding:backgroun:   at void android.app.ActivityThread.access$1200(android.app.ActivityThread, android.app.ActivityThread$AppBindData) (ActivityThread.java:237)
08-29 18:05:24.069 19888 19888 I ding:backgroun:   at void android.app.ActivityThread$H.handleMessage(android.os.Message) (ActivityThread.java:1785)
08-29 18:05:24.069 19888 19888 I ding:backgroun:   at void android.os.Handler.dispatchMessage(android.os.Message) (Handler.java:106)
08-29 18:05:24.070 19888 19888 I ding:backgroun:   at void android.os.Looper.loop() (Looper.java:214)
08-29 18:05:24.070 19888 19888 I ding:backgroun:   at void android.app.ActivityThread.main(java.lang.String[]) (ActivityThread.java:7050)
08-29 18:05:24.070 19888 19888 I ding:backgroun:   at java.lang.Object java.lang.reflect.Method.invoke(java.lang.Object, java.lang.Object[]) (Method.java:-2)
08-29 18:05:24.070 19888 19888 I ding:backgroun:   at void com.android.internal.os.RuntimeInit$MethodAndArgsCaller.run() (RuntimeInit.java:494)
08-29 18:05:24.070 19888 19888 I ding:backgroun:   at void com.android.internal.os.ZygoteInit.main(java.lang.String[]) (ZygoteInit.java:965)
08-29 18:05:24.070 19888 19888 I ding:backgroun: Caused by: java.lang.ClassNotFoundException: Didn't find class "android.service.cloudsearch.CloudSearchService" on path: DexPathList[[zip file "/system/framework/org.apache.http.legacy.boot.jar", zip file "/data/app/com.android.vending-H1DoIARbjxbwU5fOqSFbrQ==/base.apk", zip file "/data/app/com.android.vending-H1DoIARbjxbwU5fOqSFbrQ==/split_config.arm64_v8a.apk", zip file "/data/app/com.android.vending-H1DoIARbjxbwU5fOqSFbrQ==/split_config.en.apk"],nativeLibraryDirectories=[/data/app/com.android.vending-H1DoIARbjxbwU5fOqSFbrQ==/lib/arm64, /data/app/com.android.vending-H1DoIARbjxbwU5fOqSFbrQ==/base.apk!/lib/arm64-v8a, /data/app/com.android.vending-H1DoIARbjxbwU5fOqSFbrQ==/split_config.arm64_v8a.apk!/lib/arm64-v8a, /data/app/com.android.vending-H1DoIARbjxbwU5fOqSFbrQ==/split_config.en.apk!/lib/arm64-v8a, /system/lib64, /system/vendor/lib64]]
08-29 18:05:24.070 19888 19888 I ding:backgroun:   at java.lang.Class dalvik.system.BaseDexClassLoader.findClass(java.lang.String) (BaseDexClassLoader.java:134)
08-29 18:05:24.070 19888 19888 I ding:backgroun:   at java.lang.Class java.lang.ClassLoader.loadClass(java.lang.String, boolean) (ClassLoader.java:379)
08-29 18:05:24.070 19888 19888 I ding:backgroun:   at java.lang.Class java.lang.ClassLoader.loadClass(java.lang.String) (ClassLoader.java:312)
08-29 18:05:24.070 19888 19888 I ding:backgroun:   at void gej.h(android.content.Context, ggd) (PG:3)
08-29 18:05:24.070 19888 19888 I ding:backgroun:   at void fsy.j() (PG:12)
08-29 18:05:24.070 19888 19888 I ding:backgroun:   at void fsy.onCreate() (PG:3)
08-29 18:05:24.070 19888 19888 I ding:backgroun:   at void android.app.Instrumentation.callApplicationOnCreate(android.app.Application) (Instrumentation.java:1154)
08-29 18:05:24.070 19888 19888 I ding:backgroun:   at void android.app.ActivityThread.handleBindApplication(android.app.ActivityThread$AppBindData) (ActivityThread.java:6222)
08-29 18:05:24.070 19888 19888 I ding:backgroun:   at void android.app.ActivityThread.access$1200(android.app.ActivityThread, android.app.ActivityThread$AppBindData) (ActivityThread.java:237)
08-29 18:05:24.071 19888 19888 I ding:backgroun:   at void android.app.ActivityThread$H.handleMessage(android.os.Message) (ActivityThread.java:1785)
08-29 18:05:24.071 19888 19888 I ding:backgroun:   at void android.os.Handler.dispatchMessage(android.os.Message) (Handler.java:106)
08-29 18:05:24.071 19888 19888 I ding:backgroun:   at void android.os.Looper.loop() (Looper.java:214)
08-29 18:05:24.071 19888 19888 I ding:backgroun:   at void android.app.ActivityThread.main(java.lang.String[]) (ActivityThread.java:7050)
08-29 18:05:24.071 19888 19888 I ding:backgroun:   at java.lang.Object java.lang.reflect.Method.invoke(java.lang.Object, java.lang.Object[]) (Method.java:-2)
08-29 18:05:24.071 19888 19888 I ding:backgroun:   at void com.android.internal.os.RuntimeInit$MethodAndArgsCaller.run() (RuntimeInit.java:494)
08-29 18:05:24.071 19888 19888 I ding:backgroun:   at void com.android.internal.os.ZygoteInit.main(java.lang.String[]) (ZygoteInit.java:965)
08-29 18:05:24.071 19888 19888 I ding:backgroun: 
08-29 18:05:24.075 28121 28121 D GLAnimatorManager: doFrame
08-29 18:05:24.092 19888 19888 I ding:backgroun: Rejecting re-init on previously-failed class java.lang.Class<com.google.android.finsky.cloudsearch.PlayCloudSearchService>: java.lang.NoClassDefFoundError: Failed resolution of: Landroid/service/cloudsearch/CloudSearchService;
08-29 18:05:24.092 28121 28121 D GLAnimatorManager: doFrame
08-29 18:05:24.092 19888 19888 I ding:backgroun:   at void gej.h(android.content.Context, ggd) (PG:3)
08-29 18:05:24.092 19888 19888 I ding:backgroun:   at void fsy.j() (PG:12)
08-29 18:05:24.092 19888 19888 I ding:backgroun:   at void fsy.onCreate() (PG:3)
08-29 18:05:24.092 19888 19888 I ding:backgroun:   at void android.app.Instrumentation.callApplicationOnCreate(android.app.Application) (Instrumentation.java:1154)
