08-29 18:06:34.882 27399 27428 W BroadcastQueue: Background execution not allowed: receiving Intent { act=android.intent.action.PACKAGE_ADDED dat=package:com.opportunistask.scheduling.benchmarking_app_to_test_big_cores flg=0x4000010 (has extras) } to com.google.android.gms/.games.chimera.GamesSystemBroadcastReceiverProxy
08-29 18:06:34.884 27399 27428 W BroadcastQueue: Background execution not allowed: receiving Intent { act=android.intent.action.PACKAGE_ADDED dat=package:com.opportunistask.scheduling.benchmarking_app_to_test_big_cores flg=0x4000010 (has extras) } to com.google.android.gms/.gass.chimera.PackageChangeBroadcastReceiver
08-29 18:06:34.885 28121 28121 D GLAnimatorManager: doFrame
08-29 18:06:34.885 20067 20067 D AndroidRuntime: Calling main entry com.android.commands.content.Content
08-29 18:06:34.888 27399 27428 W BroadcastQueue: Background execution not allowed: receiving Intent { act=android.intent.action.PACKAGE_ADDED dat=package:com.opportunistask.scheduling.benchmarking_app_to_test_big_cores flg=0x4000010 (has extras) } to com.google.android.gms/.chimera.GmsIntentOperationService$PersistentTrustedReceiver
08-29 18:06:34.890 27399 27428 W BroadcastQueue: Background execution not allowed: receiving Intent { act=android.intent.action.PACKAGE_ADDED dat=package:com.opportunistask.scheduling.benchmarking_app_to_test_big_cores flg=0x4000010 (has extras) } to com.google.android.googlequicksearchbox/com.google.android.apps.gsa.googlequicksearchbox.GelStubAppWatcher
08-29 18:06:34.892 27399 27428 W BroadcastQueue: Background execution not allowed: receiving Intent { act=android.intent.action.PACKAGE_ADDED dat=package:com.opportunistask.scheduling.benchmarking_app_to_test_big_cores flg=0x4000010 (has extras) } to com.microsoft.skydrive/com.microsoft.aad.adal.ApplicationReceiver
08-29 18:06:34.893 27399 27428 W BroadcastQueue: Background execution not allowed: receiving Intent { act=android.intent.action.PACKAGE_ADDED dat=package:com.opportunistask.scheduling.benchmarking_app_to_test_big_cores flg=0x4000010 (has extras) } to com.samsung.accessibility/.assistantmenu.AssistantMenuReceiver
08-29 18:06:34.902 28121 28121 D GLAnimatorManager: doFrame
08-29 18:06:34.907 27399 27433 W libprocessgroup: kill(-19466, 9) failed: No such process
08-29 18:06:34.914 27399 27428 D StorageManagerService: getExternalStorageMountMode : 1
08-29 18:06:34.916 27399 27428 D StorageManagerService: getExternalStorageMountMode : 3
08-29 18:06:34.917 27399 27428 D StorageManagerService: getExternalStorageMountMode : final mountMode=1, uid : 10018, packageName : com.samsung.android.app.cocktailbarservice
08-29 18:06:34.918 27399 27428 I ApplicationPolicy: isApplicationExternalStorageWhitelisted:com.samsung.android.app.cocktailbarservice user:0
08-29 18:06:34.918 27399 27428 D ApplicationPolicy: isApplicationExternalStorageWhitelisted: DO is not enabled on user 0. Allowed.
08-29 18:06:34.919 28121 28121 D GLAnimatorManager: doFrame
08-29 18:06:34.919 27399 27428 D ActivityManager: package  com.samsung.android.app.cocktailbarservice, user - 0 is SDcard whitelisted
08-29 18:06:34.919 27399 27428 I ApplicationPolicy: isApplicationExternalStorageBlacklisted:com.samsung.android.app.cocktailbarservice user:0
08-29 18:06:34.919 27399 27428 D ApplicationPolicy: isApplicationExternalStorageBlacklisted: DO is not enabled on user 0. Allowed.
08-29 18:06:34.919 27399 27428 I ApplicationPolicy: isApplicationExternalStorageBlacklisted:com.samsung.android.app.cocktailbarservice user:0
08-29 18:06:34.919 27399 27428 D ApplicationPolicy: isApplicationExternalStorageBlacklisted: DO is not enabled on user 0. Allowed.
08-29 18:06:34.920 20067 20067 D AndroidRuntime: Shutting down VM
08-29 18:06:34.935 28121 28121 D GLAnimatorManager: doFrame
08-29 18:06:34.952 28121 28121 I chatty  : uid=10008(com.samsung.android.app.aodservice) com.android.systemui:InfinityWallpaper identical 1 line
08-29 18:06:34.969 28121 28121 D GLAnimatorManager: doFrame
08-29 18:06:34.958 27399 27433 W libprocessgroup: kill(-19466, 9) failed: No such process
08-29 18:06:34.985 28121 28121 D GLAnimatorManager: doFrame
08-29 18:06:35.002 28121 28121 D GLAnimatorManager: doFrame
08-29 18:06:35.007 27399 27433 W libprocessgroup: kill(-19466, 9) failed: No such process
08-29 18:06:35.013 29731 29731 I SKBD    : and isTosAccept false
08-29 18:06:35.020 28121 28121 D GLAnimatorManager: doFrame
08-29 18:06:35.026 27196 27381 V APM_AudioPolicyManager: getAudioPolicyConfig: audioParam;outDevice
08-29 18:06:35.027 27196 27381 V APM_AudioPolicyManager: getNewOutputDevice() selected device 0
08-29 18:06:35.027 27196 27381 V APM_AudioPolicyManager: ### curdevice : 2
08-29 18:06:35.035 28121 28121 D GLAnimatorManager: doFrame
08-29 18:06:35.043 27399 27433 W libprocessgroup: kill(-19466, 9) failed: No such process
08-29 18:06:35.052 28121 28121 D GLAnimatorManager: doFrame
08-29 18:06:35.069 28121 28121 D GLAnimatorManager: doFrame
08-29 18:06:35.075 27399 27433 W libprocessgroup: kill(-19466, 9) failed: No such process
08-29 18:06:35.085 28121 28121 D GLAnimatorManager: doFrame
08-29 18:06:35.102 28121 28121 D GLAnimatorManager: doFrame
08-29 18:06:35.111 20137 20137 E Zygote  : isWhitelistProcess - Process is Whitelisted
08-29 18:06:35.111 29040 20108 W Icing   : Failed to get Lockbox signed-in status: java.util.concurrent.TimeoutException: Timed out waiting for Task
08-29 18:06:35.111 29040 20108 W Icing   : getSignedInAccountName: Falling back to default value
08-29 18:06:35.116 27399 27433 W libprocessgroup: kill(-19466, 9) failed: No such process
08-29 18:06:35.119 28121 28121 D GLAnimatorManager: doFrame
08-29 18:06:35.127 20137 20137 E Zygote  : accessInfo : 1
08-29 18:06:35.135 28121 28121 D GLAnimatorManager: doFrame
08-29 18:06:35.142 27399 27430 I ActivityManager: Start proc 20137:com.samsung.android.app.cocktailbarservice:edgelighting/u0a18 for broadcast com.samsung.android.app.cocktailbarservice/com.samsung.android.app.edgelighting.EdgeLightingReceiver
08-29 18:06:35.144 27399 27433 W libprocessgroup: kill(-19466, 9) failed: No such process
08-29 18:06:35.152 28121 28121 D GLAnimatorManager: doFrame
08-29 18:06:35.167 27399 27433 W libprocessgroup: kill(-19466, 9) failed: No such process
08-29 18:06:35.169 28121 28121 D GLAnimatorManager: doFrame
08-29 18:06:35.186 28121 28121 I chatty  : uid=10008(com.samsung.android.app.aodservice) com.android.systemui:InfinityWallpaper identical 1 line
08-29 18:06:35.203 28121 28121 D GLAnimatorManager: doFrame
08-29 18:06:35.211 27399 27433 W libprocessgroup: kill(-19466, 9) failed: No such process
08-29 18:06:35.214 29731 29731 I SKBD    : and isTosAccept false
08-29 18:06:35.219 28121 28121 D GLAnimatorManager: doFrame
08-29 18:06:35.235 28121 28121 I chatty  : uid=10008(com.samsung.android.app.aodservice) com.android.systemui:InfinityWallpaper identical 1 line
08-29 18:06:35.254 28121 28121 D GLAnimatorManager: doFrame
08-29 18:06:35.265 27154 27154 I Zygote  : Process 18388 exited due to signal (9)
08-29 18:06:35.269 28121 28121 D GLAnimatorManager: doFrame
08-29 18:06:35.273 28284 28300 D ForegroundUtils: could not check pending caller
08-29 18:06:35.285 28121 28121 D GLAnimatorManager: doFrame
08-29 18:06:35.302 28121 28121 D GLAnimatorManager: doFrame
08-29 18:06:35.310 27399 27433 W libprocessgroup: kill(-19466, 9) failed: No such process
08-29 18:06:35.321 28121 28121 D GLAnimatorManager: doFrame
08-29 18:06:35.327 27399 27433 W libprocessgroup: kill(-19466, 9) failed: No such process
08-29 18:06:35.334 28121 28121 D GLAnimatorManager: doFrame
08-29 18:06:35.341 20137 20137 E ce:edgelightin: Not starting debugger since process cannot load the jdwp agent.
08-29 18:06:35.347 27399 27433 W libprocessgroup: kill(-19466, 9) failed: No such process
08-29 18:06:35.351 28121 28121 D GLAnimatorManager: doFrame
08-29 18:06:35.363 27399 27433 W libprocessgroup: kill(-19466, 9) failed: No such process
08-29 18:06:35.369 28121 28121 D GLAnimatorManager: doFrame
08-29 18:06:35.384 27399 27433 W libprocessgroup: kill(-19466, 9) failed: No such process
08-29 18:06:35.385 28121 28121 D GLAnimatorManager: doFrame
08-29 18:06:35.402 28121 28121 D GLAnimatorManager: doFrame
08-29 18:06:35.415 29731 29731 I SKBD    : and isTosAccept false
08-29 18:06:35.419 28121 28121 D GLAnimatorManager: doFrame
08-29 18:06:35.434 27399 27433 W libprocessgroup: kill(-19466, 9) failed: No such process
08-29 18:06:35.435 28121 28121 D GLAnimatorManager: doFrame
08-29 18:06:35.448 27399 27433 W libprocessgroup: kill(-19466, 9) failed: No such process
08-29 18:06:35.452 28121 28121 D GLAnimatorManager: doFrame
08-29 18:06:35.495 27399 29356 I ActivityManager: DSS on for com.samsung.android.app.cocktailbarservice and scale is 1.0
08-29 18:06:35.486 28121 28121 I chatty  : uid=10008(com.samsung.android.app.aodservice) com.android.systemui:InfinityWallpaper identical 2 lines
08-29 18:06:35.502 28121 28121 D GLAnimatorManager: doFrame
08-29 18:06:35.518 27399 27433 W libprocessgroup: kill(-19466, 9) failed: No such process
08-29 18:06:35.519 28121 28121 D GLAnimatorManager: doFrame
08-29 18:06:35.535 28121 28121 D GLAnimatorManager: doFrame
08-29 18:06:35.547 27399 27433 W libprocessgroup: kill(-19466, 9) failed: No such process
08-29 18:06:35.552 28121 28121 D GLAnimatorManager: doFrame
08-29 18:06:35.554 27399 29356 W ActivityManager: Slow operation: 58ms so far, now at attachApplicationLocked: after sendPendingBroadcastsLocked
08-29 18:06:35.569 28121 28121 D GLAnimatorManager: doFrame
08-29 18:06:35.575 27399 27433 W libprocessgroup: kill(-19466, 9) failed: No such process
08-29 18:06:35.586 28121 28121 D GLAnimatorManager: doFrame
08-29 18:06:35.591 27399 27433 W libprocessgroup: kill(-19466, 9) failed: No such process
08-29 18:06:35.602 28121 28121 D GLAnimatorManager: doFrame
08-29 18:06:35.607 27399 27433 W libprocessgroup: kill(-19466, 9) failed: No such process
08-29 18:06:35.616 29731 29731 I SKBD    : and isTosAccept false
08-29 18:06:35.619 28121 28121 D GLAnimatorManager: doFrame
08-29 18:06:35.623 27399 27433 W libprocessgroup: kill(-19466, 9) failed: No such process
08-29 18:06:35.623 29040 20108 W Icing   : Failed to get Lockbox signed-in status: java.util.concurrent.TimeoutException: Timed out waiting for Task
08-29 18:06:35.624 29040 20108 W Icing   : getSignedInTimestampMs: Falling back to default value
08-29 18:06:35.624 29040 20108 W Icing   : No valid account for uploading user actions
08-29 18:06:35.636 28121 28121 D GLAnimatorManager: doFrame
08-29 18:06:35.639 27399 27433 W libprocessgroup: kill(-19466, 9) failed: No such process
08-29 18:06:35.652 28121 28121 D GLAnimatorManager: doFrame
08-29 18:06:35.659 27399 27433 W libprocessgroup: kill(-19466, 9) failed: No such process
08-29 18:06:35.669 28121 28121 D GLAnimatorManager: doFrame
08-29 18:06:35.672 27399 27433 W libprocessgroup: kill(-19466, 9) failed: No such process
08-29 18:06:35.686 28121 28121 D GLAnimatorManager: doFrame
08-29 18:06:35.694 27399 27433 W libprocessgroup: kill(-19466, 9) failed: No such process
08-29 18:06:35.702 28121 28121 D GLAnimatorManager: doFrame
08-29 18:06:35.708 27399 27433 W libprocessgroup: kill(-19466, 9) failed: No such process
08-29 18:06:35.719 28121 28121 D GLAnimatorManager: doFrame
08-29 18:06:35.727 27399 27433 W libprocessgroup: kill(-19466, 9) failed: No such process
08-29 18:06:35.736 28121 28121 D GLAnimatorManager: doFrame
08-29 18:06:35.740 27399 27433 W libprocessgroup: kill(-19466, 9) failed: No such process
08-29 18:06:35.752 28121 28121 D GLAnimatorManager: doFrame
08-29 18:06:35.769 28121 28121 D GLAnimatorManager: doFrame
08-29 18:06:35.771 27399 27433 W libprocessgroup: kill(-19466, 9) failed: No such process
08-29 18:06:35.786 28121 28121 D GLAnimatorManager: doFrame
08-29 18:06:35.787 27399 27433 W libprocessgroup: kill(-19466, 9) failed: No such process
08-29 18:06:35.787 20052 20052 D AndroidRuntime: >>>>>> START com.android.internal.os.RuntimeInit uid 0 <<<<<<
08-29 18:06:35.799 27399 27433 W libprocessgroup: kill(-19466, 9) failed: No such process
08-29 18:06:35.802 28121 28121 D GLAnimatorManager: doFrame
08-29 18:06:35.808 27399 27433 W libprocessgroup: kill(-19466, 9) failed: No such process
08-29 18:06:35.817 29731 29731 I SKBD    : and isTosAccept false
08-29 18:06:35.819 28121 28121 D GLAnimatorManager: doFrame
08-29 18:06:35.825 27399 27433 W libprocessgroup: kill(-19466, 9) failed: No such process
08-29 18:06:35.836 28121 28121 D GLAnimatorManager: doFrame
08-29 18:06:35.843 20137 20137 I ce:edgelightin: The ClassLoaderContext is a special shared library.
08-29 18:06:35.848 27399 27433 W libprocessgroup: kill(-19466, 9) failed: No such process
08-29 18:06:35.852 28121 28121 D GLAnimatorManager: doFrame
08-29 18:06:35.869 28121 28121 D GLAnimatorManager: doFrame
08-29 18:06:35.879 27399 27433 W libprocessgroup: kill(-19466, 9) failed: No such process
08-29 18:06:35.886 28121 28121 D GLAnimatorManager: doFrame
08-29 18:06:35.903 28121 28121 D GLAnimatorManager: doFrame
08-29 18:06:35.907 27399 27433 W libprocessgroup: kill(-19466, 9) failed: No such process
08-29 18:06:35.918 28121 28121 D GLAnimatorManager: doFrame
08-29 18:06:35.936 28121 28121 D GLAnimatorManager: doFrame
08-29 18:06:35.938 27399 27433 W libprocessgroup: kill(-19466, 9) failed: No such process
08-29 18:06:35.952 28121 28121 D GLAnimatorManager: doFrame
08-29 18:06:35.965 27399 27433 W libprocessgroup: kill(-19466, 9) failed: No such process
08-29 18:06:35.969 28121 28121 D GLAnimatorManager: doFrame
08-29 18:06:35.986 28121 28121 D GLAnimatorManager: doFrame
08-29 18:06:36.002 27399 27433 E libprocessgroup: Failed to kill process cgroup uid 1000 pid 19466 in 1116ms, 1 processes remain
08-29 18:06:36.003 28121 28121 D GLAnimatorManager: doFrame
08-29 18:06:36.003 27399 27433 W libprocessgroup: kill(-18388, 9) failed: No such process
08-29 18:06:36.003 27399 27433 I libprocessgroup: Successfully killed process cgroup uid 10097 pid 18388 in 0ms
08-29 18:06:36.017 29731 29731 I SKBD    : and isTosAccept false
08-29 18:06:36.019 28121 28121 D GLAnimatorManager: doFrame
08-29 18:06:36.086 28121 28121 I chatty  : uid=10008(com.samsung.android.app.aodservice) com.android.systemui:InfinityWallpaper identical 4 lines
08-29 18:06:36.103 28121 28121 D GLAnimatorManager: doFrame
08-29 18:06:36.108 20137 20137 D CocktailBarApplication: initManager
08-29 18:06:36.119 28121 28121 D GLAnimatorManager: doFrame
08-29 18:06:36.128 20137 20137 D CocktailBarApplication: initManager: need not initialize manager com.samsung.android.app.cocktailbarservice:edgelighting
08-29 18:06:36.136 28121 28121 D GLAnimatorManager: doFrame
08-29 18:06:36.152 28121 28121 I chatty  : uid=10008(com.samsung.android.app.aodservice) com.android.systemui:InfinityWallpaper identical 1 line
08-29 18:06:36.169 28121 28121 D GLAnimatorManager: doFrame
08-29 18:06:36.182 20137 20137 D SamsungAnalytics201007: [Validation] dma pkg:531401000
08-29 18:06:36.186 28121 28121 D GLAnimatorManager: doFrame
08-29 18:06:36.191 20137 20137 D SamsungAnalytics201007: cf feature is supported
08-29 18:06:36.203 28121 28121 D GLAnimatorManager: doFrame
08-29 18:06:36.219 28121 28121 D GLAnimatorManager: doFrame
08-29 18:06:36.220 29731 29731 I SKBD    : and isTosAccept false
08-29 18:06:36.236 28121 28121 D GLAnimatorManager: doFrame
08-29 18:06:36.243 20137 20137 D SamsungAnalytics201007: do not send setting < 7days
08-29 18:06:36.253 28121 28121 D GLAnimatorManager: doFrame
08-29 18:06:36.255 20137 20137 D SamsungAnalytics201007: [Tracker] Tracker start:2.01.007DLC
08-29 18:06:36.261 20137 20137 D EdgeLightingReceiver: android.intent.action.PACKAGE_ADDED com.opportunistask.scheduling.benchmarking_app_to_test_big_cores
08-29 18:06:36.269 28121 28121 D GLAnimatorManager: doFrame
08-29 18:06:36.275 20137 20137 I Utils   : isOwnerUser current = 0
08-29 18:06:36.286 28121 28121 D GLAnimatorManager: doFrame
08-29 18:06:36.303 28121 28121 D GLAnimatorManager: doFrame
08-29 18:06:36.307 29040 29040 D BoundBrokerSvc: onBind: Intent { act=com.google.android.gms.feedback.internal.IFeedbackService dat=chimera-action:com.google.android.gms.feedback.internal.IFeedbackService cmp=com.google.android.gms/.chimera.GmsBoundBrokerService }
08-29 18:06:36.307 29040 29040 D BoundBrokerSvc: Loading bound service for intent: Intent { act=com.google.android.gms.feedback.internal.IFeedbackService dat=chimera-action:com.google.android.gms.feedback.internal.IFeedbackService cmp=com.google.android.gms/.chimera.GmsBoundBrokerService }
08-29 18:06:36.319 28121 28121 D GLAnimatorManager: doFrame
08-29 18:06:36.336 28121 28121 I chatty  : uid=10008(com.samsung.android.app.aodservice) com.android.systemui:InfinityWallpaper identical 1 line
08-29 18:06:36.353 28121 28121 D GLAnimatorManager: doFrame
08-29 18:06:36.357 20137 20137 D ELPolicyUpdateService: startActionUpdate
08-29 18:06:36.369 28121 28121 D GLAnimatorManager: doFrame
08-29 18:06:36.400 27399 29356 W BroadcastQueue: Background execution not allowed: receiving Intent { act=android.intent.action.PACKAGE_ADDED dat=package:com.opportunistask.scheduling.benchmarking_app_to_test_big_cores flg=0x4000010 (has extras) } to com.samsung.android.app.soundpicker/.HunReceiver
08-29 18:06:36.412 27399 27428 D StorageManagerService: getExternalStorageMountMode : 1
08-29 18:06:36.403 28121 28121 I chatty  : uid=10008(com.samsung.android.app.aodservice) com.android.systemui:InfinityWallpaper identical 2 lines
08-29 18:06:36.419 28121 28121 D GLAnimatorManager: doFrame
08-29 18:06:36.422 29731 29731 I SKBD    : and isTosAccept false
08-29 18:06:36.413 27399 27428 D StorageManagerService: getExternalStorageMountMode : 3
08-29 18:06:36.427 27399 27428 D StorageManagerService: getExternalStorageMountMode : final mountMode=1, uid : 10097, packageName : com.samsung.android.app.taskedge
08-29 18:06:36.428 27399 27428 I ApplicationPolicy: isApplicationExternalStorageWhitelisted:com.samsung.android.app.taskedge user:0
08-29 18:06:36.428 27399 27428 D ApplicationPolicy: isApplicationExternalStorageWhitelisted: DO is not enabled on user 0. Allowed.
08-29 18:06:36.428 27399 27428 D ActivityManager: package  com.samsung.android.app.taskedge, user - 0 is SDcard whitelisted
08-29 18:06:36.429 27399 27428 I ApplicationPolicy: isApplicationExternalStorageBlacklisted:com.samsung.android.app.taskedge user:0
08-29 18:06:36.429 27399 27428 D ApplicationPolicy: isApplicationExternalStorageBlacklisted: DO is not enabled on user 0. Allowed.
08-29 18:06:36.429 27399 27428 I ApplicationPolicy: isApplicationExternalStorageBlacklisted:com.samsung.android.app.taskedge user:0
08-29 18:06:36.429 27399 27428 D ApplicationPolicy: isApplicationExternalStorageBlacklisted: DO is not enabled on user 0. Allowed.
08-29 18:06:36.436 28121 28121 D GLAnimatorManager: doFrame
08-29 18:06:36.444 20137 20158 D ELPolicyManager: updateEdgeLightingServerPolicy : isSCPMClientExist = true
08-29 18:06:36.453 28121 28121 D GLAnimatorManager: doFrame
08-29 18:06:36.464 27399 28222 D StorageManagerService: getExternalStorageMountMode : 1
08-29 18:06:36.493 27399 28222 D StorageManagerService: getExternalStorageMountMode : 3
08-29 18:06:36.495 27399 28222 D StorageManagerService: getExternalStorageMountMode : final mountMode=1, uid : 10118, packageName : com.samsung.android.sm.policy
08-29 18:06:36.469 28121 28121 I chatty  : uid=10008(com.samsung.android.app.aodservice) com.android.systemui:InfinityWallpaper identical 1 line
08-29 18:06:36.486 28121 28121 D GLAnimatorManager: doFrame
08-29 18:06:36.496 27399 28222 I ApplicationPolicy: isApplicationExternalStorageWhitelisted:com.samsung.android.sm.policy user:0
08-29 18:06:36.496 27399 28222 D ApplicationPolicy: isApplicationExternalStorageWhitelisted: DO is not enabled on user 0. Allowed.
08-29 18:06:36.496 27399 28222 D ActivityManager: package  com.samsung.android.sm.policy, user - 0 is SDcard whitelisted
08-29 18:06:36.496 27399 28222 I ApplicationPolicy: isApplicationExternalStorageBlacklisted:com.samsung.android.sm.policy user:0
08-29 18:06:36.497 27399 28222 D ApplicationPolicy: isApplicationExternalStorageBlacklisted: DO is not enabled on user 0. Allowed.
08-29 18:06:36.497 27399 28222 I ApplicationPolicy: isApplicationExternalStorageBlacklisted:com.samsung.android.sm.policy user:0
08-29 18:06:36.497 27399 28222 D ApplicationPolicy: isApplicationExternalStorageBlacklisted: DO is not enabled on user 0. Allowed.
08-29 18:06:36.503 28121 28121 D GLAnimatorManager: doFrame
08-29 18:06:36.510 27399 28222 W ActivityManager: Slow operation: 57ms so far, now at getContentProviderImpl: after start process
08-29 18:06:36.511 27399 28222 W ActivityManager: Slow operation: 58ms so far, now at getContentProviderImpl: updating data structures
08-29 18:06:36.511 27399 28222 W ActivityManager: Slow operation: 58ms so far, now at getContentProviderImpl: done!
08-29 18:06:36.519 27399 28222 W ActivityManager: wait for provider publish: waiters=1 callerApp=ProcessRecord{4d433d1d0 20137:com.samsung.android.app.cocktailbarservice:edgelighting/u0a18} cpr=ContentProviderRecord{ac9ee36 u0 com.samsung.android.sm.policy/com.samsung.android.scpm.db.ScpmProvider}
08-29 18:06:36.520 28284 28300 D ForegroundUtils: could not check pending caller
08-29 18:06:36.522 28121 28121 D GLAnimatorManager: doFrame
08-29 18:06:36.602 28121 28121 I chatty  : uid=10008(com.samsung.android.app.aodservice) com.android.systemui:InfinityWallpaper identical 5 lines
08-29 18:06:36.619 28121 28121 D GLAnimatorManager: doFrame
08-29 18:06:36.623 29731 29731 I SKBD    : and isTosAccept false
08-29 18:06:36.636 28121 28121 D GLAnimatorManager: doFrame
08-29 18:06:36.669 28121 28121 I chatty  : uid=10008(com.samsung.android.app.aodservice) com.android.systemui:InfinityWallpaper identical 2 lines
08-29 18:06:36.686 28121 28121 D GLAnimatorManager: doFrame
08-29 18:06:36.691 27154 27154 I Zygote  : Process 19466 exited due to signal (9)
08-29 18:06:36.703 28121 28121 D GLAnimatorManager: doFrame
08-29 18:06:36.720 28121 28121 D GLAnimatorManager: doFrame
08-29 18:06:36.723 20160 20160 E Zygote  : isWhitelistProcess - Process is Whitelisted
08-29 18:06:36.736 28121 28121 D GLAnimatorManager: doFrame
08-29 18:06:36.747 27399 27430 I ActivityManager: Start proc 20160:com.samsung.android.app.taskedge/u0a97 for broadcast com.samsung.android.app.taskedge/.edgepanel.TaskEdgePanelProvider
08-29 18:06:36.753 28121 28121 D GLAnimatorManager: doFrame
08-29 18:06:36.754 20052 20052 I /system/bin/app_process: The ClassLoaderContext is a special shared library.
08-29 18:06:36.758 20160 20160 E Zygote  : accessInfo : 1
08-29 18:06:36.771 28121 28121 D GLAnimatorManager: doFrame
08-29 18:06:36.803 28121 28121 I chatty  : uid=10008(com.samsung.android.app.aodservice) com.android.systemui:InfinityWallpaper identical 2 lines
08-29 18:06:36.820 28121 28121 D GLAnimatorManager: doFrame
08-29 18:06:36.825 29731 29731 I SKBD    : and isTosAccept false
08-29 18:06:36.836 28121 28121 D GLAnimatorManager: doFrame
08-29 18:06:36.920 28121 28121 I chatty  : uid=10008(com.samsung.android.app.aodservice) com.android.systemui:InfinityWallpaper identical 5 lines
08-29 18:06:36.936 28121 28121 D GLAnimatorManager: doFrame
08-29 18:06:36.938 20160 20160 E id.app.taskedg: Not starting debugger since process cannot load the jdwp agent.
08-29 18:06:36.951  4940  4940 D io_stats: !@   8,0 r 156845 8255676 w 235463 12656376 d 11699 11629052 f 25479 102581 iot 336360 214179 th 307200 0 0 pt 0 inp 0 0 17523.440
08-29 18:06:36.953 28121 28121 D GLAnimatorManager: doFrame
08-29 18:06:36.960 29040 20108 I Icing   : Usage reports ok 0, Failed Usage reports 0, indexed 0, rejected 0
08-29 18:06:36.969 20052 20052 E SemAffinityControl: SemAffinityControl: registerfunction enter
08-29 18:06:36.970 28121 28121 D GLAnimatorManager: doFrame
08-29 18:06:36.992 27399 27430 I ActivityManager: Start proc 20176:com.samsung.android.sm.policy/u0a118 for content provider com.samsung.android.sm.policy/com.samsung.android.scpm.db.ScpmProvider
08-29 18:06:37.003 28121 28121 I chatty  : uid=10008(com.samsung.android.app.aodservice) com.android.systemui:InfinityWallpaper identical 2 lines
08-29 18:06:37.020 28121 28121 D GLAnimatorManager: doFrame
08-29 18:06:37.026 29731 29731 I SKBD    : and isTosAccept false
08-29 18:06:37.032 20176 20176 E Zygote  : isWhitelistProcess - Process is Whitelisted
08-29 18:06:37.034 20052 20052 D AndroidRuntime: Calling main entry com.android.commands.content.Content
08-29 18:06:37.037 28121 28121 D GLAnimatorManager: doFrame
08-29 18:06:37.037 20176 20176 E Zygote  : accessInfo : 1
08-29 18:06:37.048 20052 20052 D AndroidRuntime: Shutting down VM
08-29 18:06:37.053 28121 28121 D GLAnimatorManager: doFrame
08-29 18:06:37.097 27399 28099 E Watchdog: !@Sync 193 [2022-08-29 18:06:37.096] FD count : 564
08-29 18:06:37.149 27399 29356 I ActivityManager: DSS on for com.samsung.android.app.taskedge and scale is 1.0
08-29 18:06:37.207 27399 29356 W ActivityManager: Slow operation: 58ms so far, now at attachApplicationLocked: after sendPendingBroadcastsLocked
08-29 18:06:37.203 28121 28121 I chatty  : uid=10008(com.samsung.android.app.aodservice) com.android.systemui:InfinityWallpaper identical 9 lines
08-29 18:06:37.220 28121 28121 D GLAnimatorManager: doFrame
08-29 18:06:37.227 29731 29731 I SKBD    : and isTosAccept false
08-29 18:06:37.237 28121 28121 D GLAnimatorManager: doFrame
08-29 18:06:37.253 28121 28121 D GLAnimatorManager: doFrame
08-29 18:06:37.264 20176 20176 E droid.sm.polic: Not starting debugger since process cannot load the jdwp agent.
08-29 18:06:37.270 28121 28121 D GLAnimatorManager: doFrame
08-29 18:06:37.387 28121 28121 I chatty  : uid=10008(com.samsung.android.app.aodservice) com.android.systemui:InfinityWallpaper identical 7 lines
08-29 18:06:37.403 28121 28121 D GLAnimatorManager: doFrame
08-29 18:06:37.416 20160 20160 I id.app.taskedg: The ClassLoaderContext is a special shared library.
08-29 18:06:37.420 28121 28121 D GLAnimatorManager: doFrame
08-29 18:06:37.428 29731 29731 I SKBD    : and isTosAccept false
08-29 18:06:37.435 27399 29356 I ActivityManager: DSS on for com.samsung.android.sm.policy and scale is 1.0
08-29 18:06:37.437 28121 28121 D GLAnimatorManager: doFrame
08-29 18:06:37.496 27399 29356 W ActivityManager: Slow operation: 62ms so far, now at attachApplicationLocked: after updateOomAdjLocked
08-29 18:06:37.603 28121 28121 I chatty  : uid=10008(com.samsung.android.app.aodservice) com.android.systemui:InfinityWallpaper identical 10 lines
08-29 18:06:37.620 28121 28121 D GLAnimatorManager: doFrame
08-29 18:06:37.629 29731 29731 I SKBD    : and isTosAccept false
08-29 18:06:37.637 28121 28121 D GLAnimatorManager: doFrame
08-29 18:06:37.737 28121 28121 I chatty  : uid=10008(com.samsung.android.app.aodservice) com.android.systemui:InfinityWallpaper identical 6 lines
08-29 18:06:37.754 28121 28121 D GLAnimatorManager: doFrame
08-29 18:06:37.760 29040 29306 I Icing   : IndexChimeraService.getServiceInterface callingPackage=com.google.android.gms componentName=null serviceId=30
08-29 18:06:37.770 28121 28121 D GLAnimatorManager: doFrame
08-29 18:06:37.804 28121 28121 I chatty  : uid=10008(com.samsung.android.app.aodservice) com.android.systemui:InfinityWallpaper identical 2 lines
08-29 18:06:37.820 28121 28121 D GLAnimatorManager: doFrame
08-29 18:06:37.830 29731 29731 I SKBD    : and isTosAccept false
08-29 18:06:37.837 28121 28121 D GLAnimatorManager: doFrame
08-29 18:06:37.853 20160 20160 D SamsungAnalytics111040: cf feature is supported
08-29 18:06:37.854 28121 28121 D GLAnimatorManager: doFrame
08-29 18:06:37.887 28121 28121 I chatty  : uid=10008(com.samsung.android.app.aodservice) com.android.systemui:InfinityWallpaper identical 2 lines
08-29 18:06:37.904 28121 28121 D GLAnimatorManager: doFrame
08-29 18:06:37.906 20160 20160 D SamsungAnalytics111040: newThread on Executor
08-29 18:06:37.909 20160 20160 D SamsungAnalytics111040: [Tracker] Tracker start:1.11.040
08-29 18:06:37.920 28121 28121 D GLAnimatorManager: doFrame
08-29 18:06:37.937 28121 28121 D GLAnimatorManager: doFrame
08-29 18:06:37.944 20160 20160 D TaskEdge.Provider: onReceive android.intent.action.PACKAGE_ADDED
08-29 18:06:37.954 28121 28121 D GLAnimatorManager: doFrame
08-29 18:06:37.952 19763 19763 I BCL@CoreSvc: (PackageUpdateReceiver) onReceive:Intent { act=android.intent.action.PACKAGE_ADDED dat=package:com.opportunistask.scheduling.benchmarking_app_to_test_big_cores flg=0x4000010 cmp=com.samsung.android.bixby.agent/com.samsung.android.bixby.core.companion.PackageUpdateReceiver (has extras) }
08-29 18:06:37.970 28121 28121 D GLAnimatorManager: doFrame
08-29 18:06:37.972 19763 19763 I BCL@CoreSvc: (PackageUpdateReceiver) onReceive end
08-29 18:06:37.974 19763 20199 I BCL@CoreSvc: (PackageUpdateReceiver) process start: Intent { act=android.intent.action.PACKAGE_ADDED dat=package:com.opportunistask.scheduling.benchmarking_app_to_test_big_cores flg=0x4000010 cmp=com.samsung.android.bixby.agent/com.samsung.android.bixby.core.companion.PackageUpdateReceiver (has extras) }
08-29 18:06:37.975 19763 20199 I BCL@CoreSvc: (PackageUpdateReceiver) PackageBR data: package:com.opportunistask.scheduling.benchmarking_app_to_test_big_cores
08-29 18:06:37.976 19763 20199 I BCL@CoreSvc: (PackageUpdateReceiver) handlePackage: android.intent.action.PACKAGE_ADDED, com.opportunistask.scheduling.benchmarking_app_to_test_big_cores
08-29 18:06:37.987 28121 28121 D GLAnimatorManager: doFrame
08-29 18:06:38.004 28121 28121 I chatty  : uid=10008(com.samsung.android.app.aodservice) com.android.systemui:InfinityWallpaper identical 1 line
08-29 18:06:38.020 28121 28121 D GLAnimatorManager: doFrame
08-29 18:06:38.031 29731 29731 I SKBD    : and isTosAccept false
08-29 18:06:38.032 27399 29356 W BroadcastQueue: Background execution not allowed: receiving Intent { act=android.intent.action.PACKAGE_ADDED dat=package:com.opportunistask.scheduling.benchmarking_app_to_test_big_cores flg=0x4000010 (has extras) } to com.samsung.android.knox.containeragent/.KnoxPackageStateReceiver
08-29 18:06:38.037 28121 28121 D GLAnimatorManager: doFrame
08-29 18:06:38.054 28121 28121 D GLAnimatorManager: doFrame
08-29 18:06:38.055 19763 20199 I BCL@CoreSvc: (PackageUpdateReceiver) process end: android.intent.action.PACKAGE_ADDED
08-29 18:06:38.071 28121 28121 D GLAnimatorManager: doFrame
08-29 18:06:38.103 27399 29356 I ActivityManager: Killing 19521:com.samsung.android.app.watchmanagerstub/u0a128 (adj 906): empty #25
08-29 18:06:38.087 28121 28121 I chatty  : uid=10008(com.samsung.android.app.aodservice) com.android.systemui:InfinityWallpaper identical 1 line
08-29 18:06:38.104 28121 28121 D GLAnimatorManager: doFrame
08-29 18:06:38.107 27399 27433 W libprocessgroup: kill(-19521, 9) failed: No such process
08-29 18:06:38.120 28121 28121 D GLAnimatorManager: doFrame
08-29 18:06:38.142 27399 29405 D SamsungAlarmManager: Cancel Alarm calling from uid:10038 pid :1725 / op:PendingIntent{b4cf02f: PendingIntentRecord{a193b20 com.google.android.gms startService}}
08-29 18:06:38.149 27399 29405 I SamsungAlarmManager: setLocked to kernel - T:2 / 20220829T180712, SetElapsed=260195695, nowELAPSED=260160960
08-29 18:06:38.137 28121 28121 D GLAnimatorManager: doFrame
08-29 18:06:38.152 20176 20176 I DIAGMON_SDK[605019]: SetConfiguration
08-29 18:06:38.155 28121 28121 D GLAnimatorManager: doFrame
08-29 18:06:38.170 27399 29405 I SamsungAlarmManager: setLocked to kernel - T:3 / 20220829T180700, SetElapsed=260182811, nowELAPSED=260160981
08-29 18:06:38.171 28121 28121 D GLAnimatorManager: doFrame
08-29 18:06:38.183 27399 27433 W libprocessgroup: kill(-19521, 9) failed: No such process
08-29 18:06:38.184 20176 20176 I DIAGMON_SDK[605019]: generated SR object
08-29 18:06:38.187 28121 28121 D GLAnimatorManager: doFrame
08-29 18:06:38.205 28121 28121 I chatty  : uid=10008(com.samsung.android.app.aodservice) com.android.systemui:InfinityWallpaper identical 1 line
08-29 18:06:38.221 28121 28121 D GLAnimatorManager: doFrame
08-29 18:06:38.231 27399 27433 W libprocessgroup: kill(-19521, 9) failed: No such process
08-29 18:06:38.230 27399 29405 D StorageManagerService: getExternalStorageMountMode : 3
08-29 18:06:38.232 29731 29731 I SKBD    : and isTosAccept false
08-29 18:06:38.233 27399 29405 D StorageManagerService: getExternalStorageMountMode : 3
08-29 18:06:38.234 27399 29405 D StorageManagerService: getExternalStorageMountMode : final mountMode=3, uid : 1000, packageName : com.samsung.android.ststub
08-29 18:06:38.235 27399 29405 I ApplicationPolicy: isApplicationExternalStorageWhitelisted:com.samsung.android.ststub user:0
08-29 18:06:38.235 27399 29405 D ApplicationPolicy: isApplicationExternalStorageWhitelisted: DO is not enabled on user 0. Allowed.
08-29 18:06:38.236 27399 29405 D ActivityManager: package  com.samsung.android.ststub, user - 0 is SDcard whitelisted
08-29 18:06:38.236 27399 29405 I ApplicationPolicy: isApplicationExternalStorageBlacklisted:com.samsung.android.ststub user:0
08-29 18:06:38.236 27399 29405 D ApplicationPolicy: isApplicationExternalStorageBlacklisted: DO is not enabled on user 0. Allowed.
08-29 18:06:38.236 27399 29405 I ApplicationPolicy: isApplicationExternalStorageBlacklisted:com.samsung.android.ststub user:0
08-29 18:06:38.236 27399 29405 D ApplicationPolicy: isApplicationExternalStorageBlacklisted: DO is not enabled on user 0. Allowed.
08-29 18:06:38.237 28121 28121 D GLAnimatorManager: doFrame
08-29 18:06:38.253 20176 20176 D DIAGMON_SDK[605019]: it is not time to request for SR
08-29 18:06:38.253 20176 20176 I DIAGMON_SDK[605019]: value for uncaughtException will be default
08-29 18:06:38.261 28121 28121 D GLAnimatorManager: doFrame
08-29 18:06:38.298 28121 28121 I chatty  : uid=10008(com.samsung.android.app.aodservice) com.android.systemui:InfinityWallpaper identical 2 lines
08-29 18:06:38.304 28121 28121 D GLAnimatorManager: doFrame
08-29 18:06:38.315 27399 27433 W libprocessgroup: kill(-19521, 9) failed: No such process
08-29 18:06:38.319 20137 20158 D PolicyVersion: Server version : 0
08-29 18:06:38.320 28121 28121 D GLAnimatorManager: doFrame
08-29 18:06:38.362 27399 28151 I ActivityManager: Killing 19539:com.sec.android.app.billing/u0a67 (adj 906): empty #25
08-29 18:06:38.337 28121 28121 I chatty  : uid=10008(com.samsung.android.app.aodservice) com.android.systemui:InfinityWallpaper identical 1 line
08-29 18:06:38.354 28121 28121 D GLAnimatorManager: doFrame
08-29 18:06:38.369 27399 27433 W libprocessgroup: kill(-19521, 9) failed: No such process
08-29 18:06:38.371 28121 28121 D GLAnimatorManager: doFrame
08-29 18:06:38.387 28121 28121 I chatty  : uid=10008(com.samsung.android.app.aodservice) com.android.systemui:InfinityWallpaper identical 1 line
08-29 18:06:38.404 28121 28121 D GLAnimatorManager: doFrame
08-29 18:06:38.405 29040 29040 D BoundBrokerSvc: onUnbind: Intent { act=com.google.android.gms.safetynet.service.START pkg=com.google.android.gms }
08-29 18:06:38.421 28121 28121 D GLAnimatorManager: doFrame
08-29 18:06:38.422 28284 28300 D ForegroundUtils: could not check pending caller
08-29 18:06:38.433 29731 29731 I SKBD    : and isTosAccept false
08-29 18:06:38.434 27399 27433 W libprocessgroup: kill(-19521, 9) failed: No such process
08-29 18:06:38.437 28121 28121 D GLAnimatorManager: doFrame
08-29 18:06:38.445 27154 27154 I Zygote  : Process 19521 exited due to signal (9)
08-29 18:06:38.454 28121 28121 D GLAnimatorManager: doFrame
08-29 18:06:38.458 27399 27433 W libprocessgroup: kill(-19521, 9) failed: No such process
08-29 18:06:38.458 27399 27433 I libprocessgroup: Successfully killed process cgroup uid 10128 pid 19521 in 352ms
08-29 18:06:38.459 27399 27433 W libprocessgroup: kill(-19539, 9) failed: No such process
08-29 18:06:38.470 28121 28121 D GLAnimatorManager: doFrame
08-29 18:06:38.481 27399 27430 I ActivityManager: Start proc 20201:com.samsung.android.ststub/1000 for broadcast com.samsung.android.ststub/.PackageAddedReceiver
08-29 18:06:38.502 27399 27426 D UsbProfileGroupSettingsManager: handlePackageAdded()
08-29 18:06:38.487 28121 28121 I chatty  : uid=10008(com.samsung.android.app.aodservice) com.android.systemui:InfinityWallpaper identical 1 line
08-29 18:06:38.503 28121 28121 D GLAnimatorManager: doFrame
08-29 18:06:38.505 20201 20201 E Zygote  : isWhitelistProcess - Process is Whitelisted
08-29 18:06:38.505 27399 27426 D UsbProfileGroupSettingsManager: handlePackageAddedLocked()
08-29 18:06:38.521 28121 28121 D GLAnimatorManager: doFrame
08-29 18:06:38.525 20201 20201 E Zygote  : accessInfo : 1
08-29 18:06:38.535 27399 27433 W libprocessgroup: kill(-19539, 9) failed: No such process
08-29 18:06:38.537 28121 28121 D GLAnimatorManager: doFrame
08-29 18:06:38.543 27399 27426 D MediaSessionService: Received change in packages, intent=Intent { act=android.intent.action.PACKAGE_ADDED dat=package:com.opportunistask.scheduling.benchmarking_app_to_test_big_cores flg=0x4000010 (has extras) }
08-29 18:06:38.554 28121 28121 D GLAnimatorManager: doFrame
08-29 18:06:38.571 28121 28121 D GLAnimatorManager: doFrame
08-29 18:06:38.571 27399 27433 W libprocessgroup: kill(-19539, 9) failed: No such process
08-29 18:06:38.586 27399 27433 W libprocessgroup: kill(-19539, 9) failed: No such process
08-29 18:06:38.587 28121 28121 D GLAnimatorManager: doFrame
08-29 18:06:38.604 28121 28121 D GLAnimatorManager: doFrame
08-29 18:06:38.607 27399 27433 W libprocessgroup: kill(-19539, 9) failed: No such process
08-29 18:06:38.506 27399 27426 D UsbProfileGroupSettingsManager: handlePackageAddedLocked()
08-29 18:06:38.617 27399 27426 I GameManagerService: PkgInstallationReceiver, onPackageAdded : com.opportunistask.scheduling.benchmarking_app_to_test_big_cores uid : 10403 userHandle : UserHandle{0} userID : 0
08-29 18:06:38.621 28121 28121 D GLAnimatorManager: doFrame
08-29 18:06:38.627 27399 27433 W libprocessgroup: kill(-19539, 9) failed: No such process
08-29 18:06:38.634 29731 29731 I SKBD    : and isTosAccept false
08-29 18:06:38.636 27399 27433 W libprocessgroup: kill(-19539, 9) failed: No such process
08-29 18:06:38.637 28121 28121 D GLAnimatorManager: doFrame
08-29 18:06:38.643 27399 27433 W libprocessgroup: kill(-19539, 9) failed: No such process
08-29 18:06:38.654 28121 28121 D GLAnimatorManager: doFrame
08-29 18:06:38.656 20201 20201 E .android.ststu: Not starting debugger since process cannot load the jdwp agent.
08-29 18:06:38.671 28121 28121 D GLAnimatorManager: doFrame
08-29 18:06:38.673 27154 27154 I Zygote  : Process 19539 exited due to signal (9)
08-29 18:06:38.680 28284 28300 D ForegroundUtils: could not check pending caller
08-29 18:06:38.686 27399 27987 D GameManagerService:GosNotifyThread: notifyPackageChangedToGos(), before send intent to GOS. type:2, changeType: 0, packageName:com.opportunistask.scheduling.benchmarking_app_to_test_big_cores
08-29 18:06:38.687 28121 28121 D GLAnimatorManager: doFrame
08-29 18:06:38.689 27399 27426 D MetaDataCollector: onReceive: begin action=android.intent.action.PACKAGE_ADDED
08-29 18:06:38.689 27399 27426 D MetaDataCollector: onReceive: done pkgName=com.opportunistask.scheduling.benchmarking_app_to_test_big_cores
08-29 18:06:38.698 27399 27433 W libprocessgroup: kill(-19539, 9) failed: No such process
08-29 18:06:38.699 27399 27433 I libprocessgroup: Successfully killed process cgroup uid 10067 pid 19539 in 239ms
08-29 18:06:38.704 28121 28121 D GLAnimatorManager: doFrame
08-29 18:06:38.788 28121 28121 I chatty  : uid=10008(com.samsung.android.app.aodservice) com.android.systemui:InfinityWallpaper identical 5 lines
08-29 18:06:38.804 28121 28121 D GLAnimatorManager: doFrame
08-29 18:06:38.812  3333  3333 I SurfaceFlinger: SFWD update time=17525302214156
08-29 18:06:38.821 28121 28121 D GLAnimatorManager: doFrame
08-29 18:06:38.835 29731 29731 I SKBD    : and isTosAccept false
08-29 18:06:38.838 28121 28121 D GLAnimatorManager: doFrame
08-29 18:06:38.855 28121 28121 D GLAnimatorManager: doFrame
08-29 18:06:38.859 20095 20095 D AndroidRuntime: >>>>>> START com.android.internal.os.RuntimeInit uid 0 <<<<<<
08-29 18:06:38.871 28121 28121 D GLAnimatorManager: doFrame
08-29 18:06:39.023 29007 29534 D SDHMS:s : SIOP:: AP:301(408,110) BAT:383(383,0) CHG:399(399,0) USB:383(383,0) PA:343(394,50) LRP:0(0,-999) ATC:0(0,-999) 
08-29 18:06:39.004 28121 28121 I chatty  : uid=10008(com.samsung.android.app.aodservice) com.android.systemui:InfinityWallpaper identical 8 lines
08-29 18:06:39.021 28121 28121 D GLAnimatorManager: doFrame
08-29 18:06:39.036 29731 29731 I SKBD    : and isTosAccept false
08-29 18:06:39.038 28121 28121 D GLAnimatorManager: doFrame
08-29 18:06:39.204 28121 28121 I chatty  : uid=10008(com.samsung.android.app.aodservice) com.android.systemui:InfinityWallpaper identical 10 lines
08-29 18:06:39.221 28121 28121 D GLAnimatorManager: doFrame
08-29 18:06:39.237 29731 29731 I SKBD    : and isTosAccept false
08-29 18:06:39.238 28121 28121 D GLAnimatorManager: doFrame
08-29 18:06:39.321 28121 28121 I chatty  : uid=10008(com.samsung.android.app.aodservice) com.android.systemui:InfinityWallpaper identical 5 lines
08-29 18:06:39.338 28121 28121 D GLAnimatorManager: doFrame
08-29 18:06:39.337 29040 20108 W Icing   : No valid account for uploading user actions
08-29 18:06:39.355 28121 28121 D GLAnimatorManager: doFrame
08-29 18:06:39.405 28121 28121 I chatty  : uid=10008(com.samsung.android.app.aodservice) com.android.systemui:InfinityWallpaper identical 3 lines
08-29 18:06:39.421 28121 28121 D GLAnimatorManager: doFrame
08-29 18:06:39.438 29731 29731 I SKBD    : and isTosAccept false
08-29 18:06:39.438 28121 28121 D GLAnimatorManager: doFrame
08-29 18:06:39.621 28121 28121 I chatty  : uid=10008(com.samsung.android.app.aodservice) com.android.systemui:InfinityWallpaper identical 11 lines
08-29 18:06:39.638 28121 28121 D GLAnimatorManager: doFrame
08-29 18:06:39.639 29731 29731 I SKBD    : and isTosAccept false
08-29 18:06:39.655 28121 28121 D GLAnimatorManager: doFrame
08-29 18:06:39.705 28121 28121 I chatty  : uid=10008(com.samsung.android.app.aodservice) com.android.systemui:InfinityWallpaper identical 3 lines
08-29 18:06:39.722 28121 28121 D GLAnimatorManager: doFrame
08-29 18:06:39.728 20095 20095 I /system/bin/app_process: The ClassLoaderContext is a special shared library.
08-29 18:06:39.738 28121 28121 D GLAnimatorManager: doFrame
08-29 18:06:39.822 28121 28121 I chatty  : uid=10008(com.samsung.android.app.aodservice) com.android.systemui:InfinityWallpaper identical 5 lines
08-29 18:06:39.838 28121 28121 D GLAnimatorManager: doFrame
08-29 18:06:39.840 29731 29731 I SKBD    : and isTosAccept false
08-29 18:06:39.847 27399 27399 W Looper  : Slow dispatch took 1119ms main h=com.android.server.job.JobSchedulerService$JobHandler c=null m=5
08-29 18:06:39.849 27399 27399 W Looper  : Slow system_server main looper dispatch took 1119ms  h=com.android.server.job.JobSchedulerService$JobHandler c=null m=5
08-29 18:06:39.850 27399 27429 W Looper  : Slow dispatch took 1167ms android.ui h=com.android.server.am.ActivityManagerService$UiHandler c=null m=53
08-29 18:06:39.850 27399 28151 I ActivityManager: DSS on for com.samsung.android.ststub and scale is 1.0
08-29 18:06:39.855 28121 28121 D GLAnimatorManager: doFrame
08-29 18:06:39.858 27399 27987 D GameManagerService:GosNotifyThread: notifyPackageChangedToGos(), after send intent to GOS. ComponentInfo{com.samsung.android.game.gos/com.samsung.android.game.gos.service.MainIntentService}
08-29 18:06:39.862 19682 19682 D GOS:MainIntentService: onCreate
08-29 18:06:39.865 19682 20222 D GOS:MainIntentService: onHandleIntent. begin
08-29 18:06:39.865 19682 20222 D GOS:MainIntentService: onHandleIntent(). type(PACKAGE_CHANGED) from 2
08-29 18:06:39.869 19682 20222 D GOS:MainIntentService: onHandleIntent(). type(PACKAGE_CHANGED), changeType(INSTALLED), packageName(com.opportunistask.scheduling.benchmarking_app_to_test_big_cores), UserHandle(0), Installed(true)
08-29 18:06:39.869 19682 20222 D GOS:SystemEventReactor: onPackageInstalled(). packageName: com.opportunistask.scheduling.benchmarking_app_to_test_big_cores
08-29 18:06:39.872 28121 28121 D GLAnimatorManager: doFrame
08-29 18:06:39.880 19682 20222 D GOS:PackageDAO: getPkgData(), begin
08-29 18:06:39.888 28121 28121 D GLAnimatorManager: doFrame
08-29 18:06:39.895 29040 20108 I Icing   : Usage reports ok 0, Failed Usage reports 0, indexed 0, rejected 0
08-29 18:06:39.905 28121 28121 D GLAnimatorManager: doFrame
08-29 18:06:39.908 19682 20222 D GOS:PkgData: PkgData(), pkgName: com.opportunistask.scheduling.benchmarking_app_to_test_big_cores
08-29 18:06:39.909 19682 20222 D GOS:PkgData: setCustomFeatureFlag, pkgName: com.opportunistask.scheduling.benchmarking_app_to_test_big_cores, old featureFlag: 342277969730895875, new featureFlag: 342277969730895875
08-29 18:06:39.911 19682 20222 D GOS:PackageDAO: getPkgData(), begin
08-29 18:06:39.921 28121 28121 D GLAnimatorManager: doFrame
08-29 18:06:39.936 27399 28151 W ActivityManager: Slow operation: 87ms so far, now at attachApplicationLocked: after sendPendingBroadcastsLocked
08-29 18:06:39.942 28121 28121 I chatty  : uid=10008(com.samsung.android.app.aodservice) com.android.systemui:InfinityWallpaper identical 1 line
08-29 18:06:39.955 28121 28121 D GLAnimatorManager: doFrame
08-29 18:06:39.956 19682 20222 D GOS:PkgData: PkgData(), pkgName: com.opportunistask.scheduling.benchmarking_app_to_test_big_cores
08-29 18:06:39.956 19682 20222 D GOS:PkgData: setCustomFeatureFlag, pkgName: com.opportunistask.scheduling.benchmarking_app_to_test_big_cores, old featureFlag: 342277969730895875, new featureFlag: 342277969730895875
08-29 18:06:39.959 19682 20222 D GOS:MonitoredAppsDAO: getSubscriberApps(com.opportunistask.scheduling.benchmarking_app_to_test_big_cores)
08-29 18:06:39.972 28121 28121 D GLAnimatorManager: doFrame
08-29 18:06:39.974 29040 20108 I Icing   : Indexing com.google.android.gms-apps from com.google.android.gms
08-29 18:06:39.988 28121 28121 D GLAnimatorManager: doFrame
08-29 18:06:39.996 19682 19682 D GOS:MainIntentService: onDestroy
08-29 18:06:40.005 28121 28121 D GLAnimatorManager: doFrame
08-29 18:06:40.008 20160 20198 D SamsungAnalytics111040: [Setting Sender] No status log
08-29 18:06:40.022 28121 28121 D GLAnimatorManager: doFrame
08-29 18:06:40.031 20095 20095 E SemAffinityControl: SemAffinityControl: registerfunction enter
08-29 18:06:40.039 28121 28121 D GLAnimatorManager: doFrame
08-29 18:06:40.041 29731 29731 I SKBD    : and isTosAccept false
08-29 18:06:40.055 28121 28121 D GLAnimatorManager: doFrame
08-29 18:06:40.088 28121 28121 I chatty  : uid=10008(com.samsung.android.app.aodservice) com.android.systemui:InfinityWallpaper identical 2 lines
08-29 18:06:40.105 28121 28121 D GLAnimatorManager: doFrame
08-29 18:06:40.111 20095 20095 D AndroidRuntime: Calling main entry com.android.commands.content.Content
08-29 18:06:40.122 28121 28121 D GLAnimatorManager: doFrame
08-29 18:06:40.126 20095 20095 D AndroidRuntime: Shutting down VM
08-29 18:06:40.138 28121 28121 D GLAnimatorManager: doFrame
08-29 18:06:40.140 20201 20201 I .android.ststu: The ClassLoaderContext is a special shared library.
08-29 18:06:40.155 28121 28121 D GLAnimatorManager: doFrame
08-29 18:06:40.205 28121 28121 I chatty  : uid=10008(com.samsung.android.app.aodservice) com.android.systemui:InfinityWallpaper identical 3 lines
08-29 18:06:40.222 28121 28121 D GLAnimatorManager: doFrame
08-29 18:06:40.225 29175 29175 D Launcher.Model: onPackageAdded:com.opportunistask.scheduling.benchmarking_app_to_test_big_cores, user:UserHandle{0}
08-29 18:06:40.226 29175 29175 D Launcher.Model: isValidStateInKnoxMode:false user:UserHandle{0}
08-29 18:06:40.227 29175 29278 D Launcher.Model: Loader.addPackage com.opportunistask.scheduling.benchmarking_app_to_test_big_cores
08-29 18:06:40.231 29175 29175 D SuggestedItemsProvider: onPackageAdded: com.opportunistask.scheduling.benchmarking_app_to_test_big_cores / UserHandle{0}
08-29 18:06:40.233 29175 29278 D KnoxHelper: getActivityList callingUserId: 0, target user: 0
08-29 18:06:40.238 28121 28121 D GLAnimatorManager: doFrame
08-29 18:06:40.242 29731 29731 I SKBD    : and isTosAccept false
08-29 18:06:40.255 28121 28121 D GLAnimatorManager: doFrame
08-29 18:06:40.378 27399 27426 D PowerManagerService: [api] setDeviceIdleTempWhitelist: appids:  (uid: 1000 pid: 27399)
08-29 18:06:40.389 28121 28121 I chatty  : uid=10008(com.samsung.android.app.aodservice) com.android.systemui:InfinityWallpaper identical 8 lines
08-29 18:06:40.405 28121 28121 D GLAnimatorManager: doFrame
08-29 18:06:40.413 27399 29135 D PackageManager: getComponentMetadataForIconTray : com.opportunistask.scheduling.benchmarking_app_to_test_big_cores.MainActivity does not exist in mServices
08-29 18:06:40.413 27399 29135 D PackageManager: getComponentMetadataForIconTray : com.opportunistask.scheduling.benchmarking_app_to_test_big_cores.MainActivity does not exist in mProviders
08-29 18:06:40.413 27399 29135 D PackageManager: getComponentMetadataForIconTray : com.opportunistask.scheduling.benchmarking_app_to_test_big_cores.MainActivity does not exist in mReceivers
08-29 18:06:40.416 29175 29278 I AppIconSolution: return adaptive icon for NULL
08-29 18:06:40.416 29175 29278 D LauncherActivityInfo: packageName: com.opportunistask.scheduling.benchmarking_app_to_test_big_cores, supportTheme: false, height: 216, width: 216, density: 640
08-29 18:06:40.422 28121 28121 D GLAnimatorManager: doFrame
08-29 18:06:40.439 28121 28121 D GLAnimatorManager: doFrame
08-29 18:06:40.443 29731 29731 I SKBD    : and isTosAccept false
08-29 18:06:40.455 28121 28121 D GLAnimatorManager: doFrame
08-29 18:06:40.506 28121 28121 I chatty  : uid=10008(com.samsung.android.app.aodservice) com.android.systemui:InfinityWallpaper identical 3 lines
08-29 18:06:40.522 28121 28121 D GLAnimatorManager: doFrame
08-29 18:06:40.528 20201 20201 D PackageAddedReceiver: onReceive packageName - com.opportunistask.scheduling.benchmarking_app_to_test_big_cores
