08-29 18:05:15.059 19598 19712 W android.vendin: Verification of boolean snk.j(java.lang.String, android.safetycenter.SafetySourceData, android.safetycenter.SafetyEvent) took 325.903ms
08-29 18:05:15.065 19598 19726 I Finsky  : [2458] gaq.run(39): SysUA: Set SystemUpdateActivity enabled state to 2
08-29 18:05:15.066 28121 28121 D GLAnimatorManager: doFrame
08-29 18:05:15.069 27399 29462 D PackageManager: setEnabledSetting : userId = 0 packageName = com.android.vending cmp = com.google.android.finsky.hibernation.impl.UnhibernateActivity newState = 0 callingPackage = 10062/com.android.vending
08-29 18:05:15.083 28121 28121 D GLAnimatorManager: doFrame
08-29 18:05:15.089 19598 19648 I Finsky  : [2438] zgb.<init>(3): VerifyApps: Setup app restrictions monitor
08-29 18:05:15.099 28121 28121 D GLAnimatorManager: doFrame
08-29 18:05:15.111 19598 19726 I Finsky  : [2458] pa.run(7): Set UnhibernateActivity enabled state to 0
08-29 18:05:15.116 28121 28121 D GLAnimatorManager: doFrame
08-29 18:05:15.119 19598 19648 I Finsky  : [2438] zlu.a(3): VerifyApps: Device wide unknown source restriction updated
08-29 18:05:15.127 19598 19726 I Finsky  : [2458] nuf.o(1): Starting libraries load for 0
08-29 18:05:15.132 28121 28121 D GLAnimatorManager: doFrame
08-29 18:05:15.149 28121 28121 I chatty  : uid=10008(com.samsung.android.app.aodservice) com.android.systemui:InfinityWallpaper identical 1 line
08-29 18:05:15.165 28121 28121 D GLAnimatorManager: doFrame
08-29 18:05:15.168 19598 19612 I android.vendin: Waiting for a blocking GC ProfileSaver
08-29 18:05:15.182 28121 28121 D GLAnimatorManager: doFrame
08-29 18:05:15.188 29731 29731 I SKBD    : and isTosAccept false
08-29 18:05:15.199 28121 28121 D GLAnimatorManager: doFrame
08-29 18:05:15.282 28121 28121 I chatty  : uid=10008(com.samsung.android.app.aodservice) com.android.systemui:InfinityWallpaper identical 5 lines
08-29 18:05:15.299 28121 28121 D GLAnimatorManager: doFrame
08-29 18:05:15.309 19598 19732 W android.vendin: Accessing hidden field Ljava/util/Collections$SynchronizedCollection;->mutex:Ljava/lang/Object; (dark greylist, reflection)
08-29 18:05:15.315 28121 28121 D GLAnimatorManager: doFrame
08-29 18:05:15.317 19598 19732 W android.vendin: Accessing hidden method Ljava/util/Collections$SynchronizedSet;-><init>(Ljava/util/Set;Ljava/lang/Object;)V (dark greylist, reflection)
08-29 18:05:15.318 19598 19732 W android.vendin: Accessing hidden method Ljava/util/Collections$SynchronizedCollection;-><init>(Ljava/util/Collection;Ljava/lang/Object;)V (dark greylist, reflection)
08-29 18:05:15.332 28121 28121 D GLAnimatorManager: doFrame
08-29 18:05:15.365 28121 28121 I chatty  : uid=10008(com.samsung.android.app.aodservice) com.android.systemui:InfinityWallpaper identical 2 lines
08-29 18:05:15.382 28121 28121 D GLAnimatorManager: doFrame
08-29 18:05:15.389 29731 29731 I SKBD    : and isTosAccept false
08-29 18:05:15.400 28121 28121 D GLAnimatorManager: doFrame
08-29 18:05:15.416 28121 28121 I chatty  : uid=10008(com.samsung.android.app.aodservice) com.android.systemui:InfinityWallpaper identical 1 line
08-29 18:05:15.433 28121 28121 D GLAnimatorManager: doFrame
08-29 18:05:15.435 27399 29462 D PackageManager: setEnabledSetting : userId = 0 packageName = com.android.vending cmp = com.google.android.finsky.systemcomponentupdateui.common.SystemComponentUpdateActivity newState = 1 callingPackage = 10062/com.android.vending
08-29 18:05:15.449 28121 28121 D GLAnimatorManager: doFrame
08-29 18:05:15.464 19598 19725 I Finsky  : [2459] pts.run(30): SysCUA: Set {com.android.vending/com.google.android.finsky.systemcomponentupdateui.common.SystemComponentUpdateActivity} enabled state to 1
08-29 18:05:15.465 28121 28121 D GLAnimatorManager: doFrame
08-29 18:05:15.482 28121 28121 D GLAnimatorManager: doFrame
08-29 18:05:15.492 19598 19632 W android.vendin: Verification of android.os.Bundle nmh.W(tlx, tqo, android.content.Context, fez) took 208.889ms
08-29 18:05:15.499 28121 28121 D GLAnimatorManager: doFrame
08-29 18:05:15.533 28121 28121 I chatty  : uid=10008(com.samsung.android.app.aodservice) com.android.systemui:InfinityWallpaper identical 2 lines
08-29 18:05:15.549 28121 28121 D GLAnimatorManager: doFrame
08-29 18:05:15.564 29040 18362 W AdaptiveDiscoveryWorker: Exiting Adaptive Discovery. Current Network ID is NULL.
08-29 18:05:15.565 28121 28121 D GLAnimatorManager: doFrame
08-29 18:05:15.582 28121 28121 D GLAnimatorManager: doFrame
08-29 18:05:15.590 29731 29731 I SKBD    : and isTosAccept false
08-29 18:05:15.599 28121 28121 D GLAnimatorManager: doFrame
08-29 18:05:15.649 28121 28121 I chatty  : uid=10008(com.samsung.android.app.aodservice) com.android.systemui:InfinityWallpaper identical 3 lines
08-29 18:05:15.665 28121 28121 D GLAnimatorManager: doFrame
08-29 18:05:15.671 19598 19648 W android.vendin: Verification of void haq.run() took 135.260ms
08-29 18:05:15.682 28121 28121 D GLAnimatorManager: doFrame
08-29 18:05:15.766 28121 28121 I chatty  : uid=10008(com.samsung.android.app.aodservice) com.android.systemui:InfinityWallpaper identical 5 lines
08-29 18:05:15.782 28121 28121 D GLAnimatorManager: doFrame
08-29 18:05:15.791 29731 29731 I SKBD    : and isTosAccept false
08-29 18:05:15.799 28121 28121 D GLAnimatorManager: doFrame
08-29 18:05:15.915 28121 28121 I chatty  : uid=10008(com.samsung.android.app.aodservice) com.android.systemui:InfinityWallpaper identical 7 lines
08-29 18:05:15.932 28121 28121 D GLAnimatorManager: doFrame
08-29 18:05:15.936 19598 19726 I Finsky  : [2458] nuf.o(24): Finished loading 0 libraries.
08-29 18:05:15.948 28121 28121 D GLAnimatorManager: doFrame
08-29 18:05:15.965 28121 28121 I chatty  : uid=10008(com.samsung.android.app.aodservice) com.android.systemui:InfinityWallpaper identical 1 line
08-29 18:05:15.982 28121 28121 D GLAnimatorManager: doFrame
08-29 18:05:15.992 29731 29731 I SKBD    : and isTosAccept false
08-29 18:05:15.999 28121 28121 D GLAnimatorManager: doFrame
08-29 18:05:16.165 28121 28121 I chatty  : uid=10008(com.samsung.android.app.aodservice) com.android.systemui:InfinityWallpaper identical 10 lines
08-29 18:05:16.181 28121 28121 D GLAnimatorManager: doFrame
08-29 18:05:16.193 29731 29731 I SKBD    : and isTosAccept false
08-29 18:05:16.198 28121 28121 D GLAnimatorManager: doFrame
08-29 18:05:16.298 28121 28121 I chatty  : uid=10008(com.samsung.android.app.aodservice) com.android.systemui:InfinityWallpaper identical 6 lines
08-29 18:05:16.315 28121 28121 D GLAnimatorManager: doFrame
08-29 18:05:16.329 19598 19650 I Finsky  : [2440] wbf.<init>(5): Item store provider started.
08-29 18:05:16.331 28121 28121 D GLAnimatorManager: doFrame
08-29 18:05:16.365 28121 28121 I chatty  : uid=10008(com.samsung.android.app.aodservice) com.android.systemui:InfinityWallpaper identical 2 lines
08-29 18:05:16.386 28121 28121 D GLAnimatorManager: doFrame
08-29 18:05:16.394 29731 29731 I SKBD    : and isTosAccept false
08-29 18:05:16.398 28121 28121 D GLAnimatorManager: doFrame
08-29 18:05:16.554 28121 28121 I chatty  : uid=10008(com.samsung.android.app.aodservice) com.android.systemui:InfinityWallpaper identical 9 lines
08-29 18:05:16.564 28121 28121 D GLAnimatorManager: doFrame
08-29 18:05:16.567 29040 29040 D BoundBrokerSvc: onBind: Intent { act=com.google.android.gms.safetynet.service.START pkg=com.google.android.gms }
08-29 18:05:16.568 29040 29040 D BoundBrokerSvc: Loading bound service for intent: Intent { act=com.google.android.gms.safetynet.service.START pkg=com.google.android.gms }
08-29 18:05:16.591 28121 28121 D GLAnimatorManager: doFrame
08-29 18:05:16.595 29731 29731 I SKBD    : and isTosAccept false
08-29 18:05:16.598 28121 28121 D GLAnimatorManager: doFrame
08-29 18:05:16.765 28121 28121 I chatty  : uid=10008(com.samsung.android.app.aodservice) com.android.systemui:InfinityWallpaper identical 10 lines
08-29 18:05:16.781 28121 28121 D GLAnimatorManager: doFrame
08-29 18:05:16.796 29731 29731 I SKBD    : and isTosAccept false
08-29 18:05:16.798 28121 28121 D GLAnimatorManager: doFrame
08-29 18:05:16.815 28121 28121 I chatty  : uid=10008(com.samsung.android.app.aodservice) com.android.systemui:InfinityWallpaper identical 1 line
08-29 18:05:16.831 28121 28121 D GLAnimatorManager: doFrame
08-29 18:05:16.839 19598 19612 I android.vendin: WaitForGcToComplete blocked ProfileSaver on AddRemoveAppImageSpace for 2.664s
08-29 18:05:16.848 28121 28121 D GLAnimatorManager: doFrame
08-29 18:05:16.861  4940  4940 D io_stats: !@   8,0 r 156580 8250348 w 233924 12344684 d 11637 11627352 f 25339 102247 iot 333480 212329 th 307200 0 0 pt 0 inp 0 0 17443.349
08-29 18:05:16.864 28121 28121 D GLAnimatorManager: doFrame
08-29 18:05:16.867 19598 19608 I android.vendin: WaitForGcToComplete blocked HeapTrim on ProfileSaver for 18.567ms
08-29 18:05:16.882 28121 28121 D GLAnimatorManager: doFrame
08-29 18:05:16.914 28121 28121 I chatty  : uid=10008(com.samsung.android.app.aodservice) com.android.systemui:InfinityWallpaper identical 2 lines
08-29 18:05:16.931 28121 28121 D GLAnimatorManager: doFrame
08-29 18:05:16.943 19598 19712 I Finsky  : [2450] sjb.<init>(3): Resetting scheduler db
08-29 18:05:16.948 28121 28121 D GLAnimatorManager: doFrame
08-29 18:05:16.981 28121 28121 I chatty  : uid=10008(com.samsung.android.app.aodservice) com.android.systemui:InfinityWallpaper identical 2 lines
08-29 18:05:16.998 28121 28121 D GLAnimatorManager: doFrame
08-29 18:05:17.001 29731 29731 I SKBD    : and isTosAccept false
08-29 18:05:17.015 28121 28121 D GLAnimatorManager: doFrame
08-29 18:05:17.031 28121 28121 I chatty  : uid=10008(com.samsung.android.app.aodservice) com.android.systemui:InfinityWallpaper identical 1 line
08-29 18:05:17.048 28121 28121 D GLAnimatorManager: doFrame
08-29 18:05:17.059 19598 19598 I Finsky  : [2] pva.i(0): PackageMonitorReceiverImpl - Received: android.intent.action.PACKAGE_FULLY_REMOVED, [lFe-ScSYXhZvXvyLImamP8B8BNnaa_zUjYPgGaq92g0]
08-29 18:05:17.065 28121 28121 D GLAnimatorManager: doFrame
08-29 18:05:17.098 28121 28121 I chatty  : uid=10008(com.samsung.android.app.aodservice) com.android.systemui:InfinityWallpaper identical 2 lines
08-29 18:05:17.114 28121 28121 D GLAnimatorManager: doFrame
08-29 18:05:17.123 19598 19598 I Finsky  : [2] pvp.n(8): Invalidating cached PackageState for com.opportunistask.scheduling.benchmarking_app_to_test_big_cores
08-29 18:05:17.131 28121 28121 D GLAnimatorManager: doFrame
08-29 18:05:17.138 19598 19598 I Finsky  : [2] pvp.s(3): Package no longer installed: com.opportunistask.scheduling.benchmarking_app_to_test_big_cores
08-29 18:05:17.148 28121 28121 D GLAnimatorManager: doFrame
08-29 18:05:17.181 28121 28121 I chatty  : uid=10008(com.samsung.android.app.aodservice) com.android.systemui:InfinityWallpaper identical 2 lines
08-29 18:05:17.197 28121 28121 D GLAnimatorManager: doFrame
08-29 18:05:17.202 29731 29731 I SKBD    : and isTosAccept false
08-29 18:05:17.214 28121 28121 D GLAnimatorManager: doFrame
08-29 18:05:17.347 28121 28121 I chatty  : uid=10008(com.samsung.android.app.aodservice) com.android.systemui:InfinityWallpaper identical 8 lines
08-29 18:05:17.364 28121 28121 D GLAnimatorManager: doFrame
08-29 18:05:17.377 19598 19598 I Finsky  : [2] tmx.a(8): Clearing split related stale data.
08-29 18:05:17.381 28121 28121 D GLAnimatorManager: doFrame
08-29 18:05:17.397 28121 28121 D GLAnimatorManager: doFrame
08-29 18:05:17.397 19598 19598 I Finsky  : [2] pvp.s(3): Package no longer installed: com.opportunistask.scheduling.benchmarking_app_to_test_big_cores
08-29 18:05:17.403 29731 29731 I SKBD    : and isTosAccept false
08-29 18:05:17.414 28121 28121 D GLAnimatorManager: doFrame
08-29 18:05:17.420 19598 19598 I Finsky  : [2] zvw.c(3): Do not start WearSupportService due to Wear service optimization
08-29 18:05:17.431 28121 28121 D GLAnimatorManager: doFrame
08-29 18:05:17.447 28121 28121 D GLAnimatorManager: doFrame
08-29 18:05:17.461 19598 19750 I Finsky  : [2482] jub.run(31): Frosting DB delete succeeded: false
08-29 18:05:17.464 28121 28121 D GLAnimatorManager: doFrame
08-29 18:05:17.502 27399 29462 I ActivityManager: Killing 19178:com.samsung.android.ststub/1000 (adj 906): empty #25
08-29 18:05:17.481 28121 28121 I chatty  : uid=10008(com.samsung.android.app.aodservice) com.android.systemui:InfinityWallpaper identical 1 line
08-29 18:05:17.497 28121 28121 D GLAnimatorManager: doFrame
08-29 18:05:17.507 27399 27433 W libprocessgroup: kill(-19178, 9) failed: No such process
08-29 18:05:17.515 28121 28121 D GLAnimatorManager: doFrame
08-29 18:05:17.531 28121 28121 D GLAnimatorManager: doFrame
08-29 18:05:17.540 27399 27433 W libprocessgroup: kill(-19178, 9) failed: No such process
08-29 18:05:17.548 28121 28121 D GLAnimatorManager: doFrame
08-29 18:05:17.559 27399 27433 W libprocessgroup: kill(-19178, 9) failed: No such process
08-29 18:05:17.564 28121 28121 D GLAnimatorManager: doFrame
08-29 18:05:17.575 27399 27433 W libprocessgroup: kill(-19178, 9) failed: No such process
08-29 18:05:17.581 28121 28121 D GLAnimatorManager: doFrame
08-29 18:05:17.587 27399 27433 W libprocessgroup: kill(-19178, 9) failed: No such process
08-29 18:05:17.598 28121 28121 D GLAnimatorManager: doFrame
08-29 18:05:17.598 19598 19744 W android.vendin: Verification of java.lang.Object ppb.apply(java.lang.Object) took 177.985ms
08-29 18:05:17.601 19598 19750 I Finsky  : [2482] jub.run(31): Frosting DB delete succeeded: false
08-29 18:05:17.604 29731 29731 I SKBD    : and isTosAccept false
08-29 18:05:17.608 27399 27433 W libprocessgroup: kill(-19178, 9) failed: No such process
08-29 18:05:17.614 28121 28121 D GLAnimatorManager: doFrame
08-29 18:05:17.623 27399 27433 W libprocessgroup: kill(-19178, 9) failed: No such process
08-29 18:05:17.625 27154 27154 I Zygote  : Process 19178 exited due to signal (9)
08-29 18:05:17.631 28121 28121 D GLAnimatorManager: doFrame
08-29 18:05:17.632 27399 27433 W libprocessgroup: kill(-19178, 9) failed: No such process
08-29 18:05:17.647 28121 28121 D GLAnimatorManager: doFrame
08-29 18:05:17.648 27399 27433 I libprocessgroup: Successfully killed process cgroup uid 1000 pid 19178 in 140ms
08-29 18:05:17.659 28284 28300 D ForegroundUtils: could not check pending caller
08-29 18:05:17.664 28121 28121 D GLAnimatorManager: doFrame
08-29 18:05:17.680 28121 28121 I chatty  : uid=10008(com.samsung.android.app.aodservice) com.android.systemui:InfinityWallpaper identical 1 line
08-29 18:05:17.696 28121 28121 D GLAnimatorManager: doFrame
08-29 18:05:17.703 19487 19487 D BookmarkEdgeDataReceiver: package removed com.opportunistask.scheduling.benchmarking_app_to_test_big_cores
08-29 18:05:17.713 28121 28121 D GLAnimatorManager: doFrame
08-29 18:05:17.725 27399 29135 D StorageManagerService: getExternalStorageMountMode : 3
08-29 18:05:17.726 27399 29135 D StorageManagerService: getExternalStorageMountMode : 3
08-29 18:05:17.727 27399 29135 D StorageManagerService: getExternalStorageMountMode : final mountMode=3, uid : 5018, packageName : com.samsung.android.bixby.agent
08-29 18:05:17.728 27399 29135 I ApplicationPolicy: isApplicationExternalStorageWhitelisted:com.samsung.android.bixby.agent user:0
08-29 18:05:17.730 27399 29135 D ApplicationPolicy: isApplicationExternalStorageWhitelisted: DO is not enabled on user 0. Allowed.
08-29 18:05:17.730 27399 29135 D ActivityManager: package  com.samsung.android.bixby.agent, user - 0 is SDcard whitelisted
08-29 18:05:17.730 27399 29135 I ApplicationPolicy: isApplicationExternalStorageBlacklisted:com.samsung.android.bixby.agent user:0
08-29 18:05:17.731 27399 29135 D ApplicationPolicy: isApplicationExternalStorageBlacklisted: DO is not enabled on user 0. Allowed.
08-29 18:05:17.731 28121 28121 D GLAnimatorManager: doFrame
08-29 18:05:17.731 27399 29135 I ApplicationPolicy: isApplicationExternalStorageBlacklisted:com.samsung.android.bixby.agent user:0
08-29 18:05:17.731 27399 29135 D ApplicationPolicy: isApplicationExternalStorageBlacklisted: DO is not enabled on user 0. Allowed.
08-29 18:05:17.753 28121 28121 D GLAnimatorManager: doFrame
08-29 18:05:17.799 27399 28154 D SamsungAlarmManager: setInexact Intent (T:3/F:0/AC:false) 20320826T180517 - CU:10038/CP:29040
08-29 18:05:17.800 27399 28154 I SamsungAlarmManager: setLocked to kernel - T:2 / 20220829T181002, SetElapsed=260365803, nowELAPSED=260080611
08-29 18:05:17.801 27399 28154 I SamsungAlarmManager: setLocked to kernel - T:3 / 20220829T180600, SetElapsed=260122811, nowELAPSED=260080612
08-29 18:05:17.780 28121 28121 I chatty  : uid=10008(com.samsung.android.app.aodservice) com.android.systemui:InfinityWallpaper identical 2 lines
08-29 18:05:17.798 28121 28121 D GLAnimatorManager: doFrame
08-29 18:05:17.805 29731 29731 I SKBD    : and isTosAccept false
08-29 18:05:17.814 28121 28121 D GLAnimatorManager: doFrame
08-29 18:05:17.844 27399 28053 D SamsungAlarmManager: setInexact Intent (T:3/F:0/AC:false) 20320826T180517 - CU:10038/CP:1725
08-29 18:05:17.844 27399 28053 I SamsungAlarmManager: setLocked to kernel - T:2 / 20220829T181002, SetElapsed=260365803, nowELAPSED=260080655
08-29 18:05:17.845 27399 28053 I SamsungAlarmManager: setLocked to kernel - T:3 / 20220829T180600, SetElapsed=260122811, nowELAPSED=260080656
08-29 18:05:17.847 28121 28121 I chatty  : uid=10008(com.samsung.android.app.aodservice) com.android.systemui:InfinityWallpaper identical 2 lines
08-29 18:05:17.864 28121 28121 D GLAnimatorManager: doFrame
08-29 18:05:17.867 19682 19702 I ndroid.game.go: Waiting for a blocking GC ProfileSaver
08-29 18:05:17.880 28121 28121 D GLAnimatorManager: doFrame
08-29 18:05:17.895 27399 27430 I ActivityManager: Start proc 19763:com.samsung.android.bixby.agent/5018 for broadcast com.samsung.android.bixby.agent/com.samsung.android.bixby.core.companion.PackageUpdateReceiver
08-29 18:05:17.897 28121 28121 I chatty  : uid=10008(com.samsung.android.app.aodservice) com.android.systemui:InfinityWallpaper identical 1 line
08-29 18:05:17.914 28121 28121 D GLAnimatorManager: doFrame
08-29 18:05:17.922 19763 19763 E Zygote  : isWhitelistProcess - Process is Whitelisted
08-29 18:05:17.927 19763 19763 E Zygote  : accessInfo : 1
08-29 18:05:17.931 28121 28121 D GLAnimatorManager: doFrame
08-29 18:05:17.947 28121 28121 I chatty  : uid=10008(com.samsung.android.app.aodservice) com.android.systemui:InfinityWallpaper identical 1 line
08-29 18:05:17.964 28121 28121 D GLAnimatorManager: doFrame
08-29 18:05:17.969 19598 19598 W android.vendin: Verification of void zwq.b(java.lang.String, long, boolean, boolean, boolean, int, long[], int, boolean) took 118.927ms
08-29 18:05:17.980 28121 28121 D GLAnimatorManager: doFrame
08-29 18:05:17.996 29040 29040 D BoundBrokerSvc: onBind: Intent { act=com.google.android.gms.common.BIND_SHARED_PREFS pkg=com.google.android.gms }
08-29 18:05:17.996 29040 29040 D BoundBrokerSvc: Loading bound service for intent: Intent { act=com.google.android.gms.common.BIND_SHARED_PREFS pkg=com.google.android.gms }
08-29 18:05:17.997 28121 28121 D GLAnimatorManager: doFrame
08-29 18:05:18.000 29007 29534 D SDHMS:s : SIOP:: AP:300(413,110) BAT:383(383,0) CHG:403(403,0) USB:383(383,0) PA:344(397,50) LRP:0(0,-999) ATC:0(0,-999) 
08-29 18:05:18.007 29731 29731 I SKBD    : and isTosAccept false
08-29 18:05:18.014 28121 28121 D GLAnimatorManager: doFrame
08-29 18:05:18.047 28121 28121 I chatty  : uid=10008(com.samsung.android.app.aodservice) com.android.systemui:InfinityWallpaper identical 2 lines
08-29 18:05:18.064 28121 28121 D GLAnimatorManager: doFrame
08-29 18:05:18.066 29040 29040 D BoundBrokerSvc: onUnbind: Intent { act=com.google.android.gms.common.BIND_SHARED_PREFS pkg=com.google.android.gms }
08-29 18:05:18.080 28121 28121 D GLAnimatorManager: doFrame
08-29 18:05:18.130 28121 28121 I chatty  : uid=10008(com.samsung.android.app.aodservice) com.android.systemui:InfinityWallpaper identical 3 lines
08-29 18:05:18.147 28121 28121 D GLAnimatorManager: doFrame
08-29 18:05:18.156 19763 19763 E oid.bixby.agen: Not starting debugger since process cannot load the jdwp agent.
08-29 18:05:18.164 28121 28121 D GLAnimatorManager: doFrame
08-29 18:05:18.171 19598 19598 I Finsky  : [2] lhd.C(3): Installer: Attempting to start installer
08-29 18:05:18.180 28121 28121 D GLAnimatorManager: doFrame
08-29 18:05:18.197 28121 28121 D GLAnimatorManager: doFrame
08-29 18:05:18.208 29731 29731 I SKBD    : and isTosAccept false
08-29 18:05:18.214 28121 28121 D GLAnimatorManager: doFrame
08-29 18:05:18.224 27154 19770 I zygote64: Background concurrent copying GC freed 15375(5MB) AllocSpace objects, 0(0B) LOS objects, 86% free, 961KB/6MB, paused 901us total 250.629ms
08-29 18:05:18.230 28121 28121 D GLAnimatorManager: doFrame
08-29 18:05:18.242 19682 19702 I ndroid.game.go: WaitForGcToComplete blocked ProfileSaver on AddRemoveAppImageSpace for 375.278ms
08-29 18:05:18.247 28121 28121 D GLAnimatorManager: doFrame
08-29 18:05:18.264 28121 28121 D GLAnimatorManager: doFrame
08-29 18:05:18.268 19682 19692 I ndroid.game.go: WaitForGcToComplete blocked HeapTrim on ProfileSaver for 23.103ms
08-29 18:05:18.280 28121 28121 D GLAnimatorManager: doFrame
08-29 18:05:18.289 27399 28053 I ActivityManager: DSS on for com.samsung.android.bixby.agent and scale is 1.0
08-29 18:05:18.297 28121 28121 I chatty  : uid=10008(com.samsung.android.app.aodservice) com.android.systemui:InfinityWallpaper identical 1 line
08-29 18:05:18.313 28121 28121 D GLAnimatorManager: doFrame
08-29 18:05:18.318 19763 19781 I oid.bixby.agen: Background concurrent copying GC freed 15395(5MB) AllocSpace objects, 0(0B) LOS objects, 86% free, 989KB/6MB, paused 572us total 118.586ms
08-29 18:05:18.330 28121 28121 D GLAnimatorManager: doFrame
08-29 18:05:18.347 28121 28121 D GLAnimatorManager: doFrame
08-29 18:05:18.357 19598 19598 I Finsky  : [2] aelw.c(2): registerListener
08-29 18:05:18.363 28121 28121 D GLAnimatorManager: doFrame
08-29 18:05:18.381 28121 28121 I chatty  : uid=10008(com.samsung.android.app.aodservice) com.android.systemui:InfinityWallpaper identical 1 line
08-29 18:05:18.397 28121 28121 D GLAnimatorManager: doFrame
08-29 18:05:18.409 29731 29731 I SKBD    : and isTosAccept false
08-29 18:05:18.413 28121 28121 D GLAnimatorManager: doFrame
08-29 18:05:18.430 28121 28121 I chatty  : uid=10008(com.samsung.android.app.aodservice) com.android.systemui:InfinityWallpaper identical 1 line
08-29 18:05:18.447 28121 28121 D GLAnimatorManager: doFrame
08-29 18:05:18.454 19763 19763 I oid.bixby.agen: The ClassLoaderContext is a special shared library.
08-29 18:05:18.464 28121 28121 D GLAnimatorManager: doFrame
08-29 18:05:18.580 28121 28121 I chatty  : uid=10008(com.samsung.android.app.aodservice) com.android.systemui:InfinityWallpaper identical 7 lines
08-29 18:05:18.597 28121 28121 D GLAnimatorManager: doFrame
08-29 18:05:18.599 19763 19763 I MultiDex: VM with version 2.1.0 has multidex support
08-29 18:05:18.599 19763 19763 I MultiDex: Installing application
08-29 18:05:18.600 19763 19763 I MultiDex: VM has multidex support, MultiDex support library is disabled.
08-29 18:05:18.609 29731 29731 I SKBD    : and isTosAccept false
08-29 18:05:18.614 28121 28121 D GLAnimatorManager: doFrame
08-29 18:05:18.630 28121 28121 D GLAnimatorManager: doFrame
08-29 18:05:18.637 19598 19598 I Finsky  : [2] lps.<init>(20): Initializing pausers from value store.
08-29 18:05:18.647 28121 28121 D GLAnimatorManager: doFrame
08-29 18:05:18.655 19598 19598 I Finsky  : [2] lps.<init>(23): Get the following callers from value store [].
08-29 18:05:18.663 28121 28121 D GLAnimatorManager: doFrame
08-29 18:05:18.680 28121 28121 I chatty  : uid=10008(com.samsung.android.app.aodservice) com.android.systemui:InfinityWallpaper identical 1 line
08-29 18:05:18.696 28121 28121 D GLAnimatorManager: doFrame
08-29 18:05:18.697 19598 19598 I Finsky  : [2] hib.onSubscriptionsChanged(1): onSubscriptionsChanged
08-29 18:05:18.713 28121 28121 D GLAnimatorManager: doFrame
08-29 18:05:18.731 19763 19763 D FirebaseApp: com.google.firebase.auth.FirebaseAuth is not linked. Skipping initialization.
08-29 18:05:18.734 28121 28121 D GLAnimatorManager: doFrame
08-29 18:05:18.743 19763 19763 D FirebaseApp: com.google.firebase.crash.FirebaseCrash is not linked. Skipping initialization.
08-29 18:05:18.747 19763 19763 I FirebaseInitProvider: FirebaseApp initialization successful
08-29 18:05:18.747 28121 28121 D GLAnimatorManager: doFrame
08-29 18:05:18.750 19763 19763 I CapsuleProvider_1.0.9: onCreate
08-29 18:05:18.752 19598 19598 I Finsky  : [2] olt.apply(86): NCR: notification count changed for account [null]: old=[0], new=[1], notifications=[[-0P5ForNh3RoXvj-Kk3xdv2BoOd3tuhnt47K5MkMn7Y]]
08-29 18:05:18.763 28121 28121 D GLAnimatorManager: doFrame
08-29 18:05:18.771 19763 19763 I BCL@CoreSvc: (DiagMonProvider) File path: /data/data/com.samsung.android.bixby.agent/diagmon/diagmon.log
08-29 18:05:18.775 19598 19784 I Finsky  : [2492] feh.a(17): Asset module storage cleared for package com.opportunistask.scheduling.benchmarking_app_to_test_big_cores.
08-29 18:05:18.780 28121 28121 D GLAnimatorManager: doFrame
08-29 18:05:18.780 19763 19763 E libc    : Access denied finding property "ro.serialno"
08-29 18:05:18.781 19763 19763 I BCL@CoreSvc: (DiagMonProvider) setDefaultMO()
08-29 18:05:18.796 28121 28121 D GLAnimatorManager: doFrame
08-29 18:05:18.801 27399 28053 I ActivityManager: Killing 19201:com.samsung.android.game.gamehome/u0a36 (adj 906): empty #25
08-29 18:05:18.803 19763 19763 I BCL@Settings: (BixbyDynamicMenuProvider) onCreateData
08-29 18:05:18.804 19763 19763 I BCL@Settings: (BixbyDynamicMenuProvider) Application context is null
08-29 18:05:18.804 19763 19763 I BCL@Common: (CommonContextHolder) setContext() : com.samsung.android.bixby.agent.app.BixbyApplication@decc8b0
08-29 18:05:18.812 27399 27433 W libprocessgroup: kill(-19201, 9) failed: No such process
08-29 18:05:18.813 28121 28121 D GLAnimatorManager: doFrame
08-29 18:05:18.815 29731 29731 I SKBD    : and isTosAccept false
08-29 18:05:18.825 27399 27433 W libprocessgroup: kill(-19201, 9) failed: No such process
08-29 18:05:18.830 28121 28121 D GLAnimatorManager: doFrame
08-29 18:05:18.830 19763 19763 I BCL@Settings: (BixbyDynamicMenuProvider) LocalReceiver registered
08-29 18:05:18.835 27399 27433 W libprocessgroup: kill(-19201, 9) failed: No such process
08-29 18:05:18.839 19763 19763 I BCL@Settings: (BixbyDynamicMenuProvider) LocalPackageReceiver registered
08-29 18:05:18.839 19763 19763 I BCL@Settings: (BixbyDynamicMenuProvider) System locale : en-GB
08-29 18:05:18.840 19763 19763 I BCL@Settings: (BixbyDynamicMenuProvider) Context locale : en-GB
08-29 18:05:18.840 19763 19763 I BCL@Settings: (BixbyDynamicMenuProvider) loadDescription
08-29 18:05:18.846 28121 28121 D GLAnimatorManager: doFrame
08-29 18:05:18.850 27399 27433 W libprocessgroup: kill(-19201, 9) failed: No such process
08-29 18:05:18.857 27399 27433 W libprocessgroup: kill(-19201, 9) failed: No such process
08-29 18:05:18.862 28121 28121 D GLAnimatorManager: doFrame
08-29 18:05:18.865 19763 19763 I BCL@Settings: (BixbyDynamicMenuProvider) attachInfo
08-29 18:05:18.869 27399 27433 W libprocessgroup: kill(-19201, 9) failed: No such process
08-29 18:05:18.879 28121 28121 D GLAnimatorManager: doFrame
08-29 18:05:18.886 27399 27433 W libprocessgroup: kill(-19201, 9) failed: No such process
08-29 18:05:18.892 27399 27433 W libprocessgroup: kill(-19201, 9) failed: No such process
08-29 18:05:18.895 28121 28121 D GLAnimatorManager: doFrame
08-29 18:05:18.900 27399 27433 W libprocessgroup: kill(-19201, 9) failed: No such process
08-29 18:05:18.911 27399 27433 W libprocessgroup: kill(-19201, 9) failed: No such process
08-29 18:05:18.912 28121 28121 D GLAnimatorManager: doFrame
08-29 18:05:18.922 27399 27433 W libprocessgroup: kill(-19201, 9) failed: No such process
08-29 18:05:18.929 27399 27433 W libprocessgroup: kill(-19201, 9) failed: No such process
08-29 18:05:18.930 28121 28121 D GLAnimatorManager: doFrame
08-29 18:05:18.942 27399 27433 W libprocessgroup: kill(-19201, 9) failed: No such process
08-29 18:05:18.945 28121 28121 D GLAnimatorManager: doFrame
08-29 18:05:18.951 27399 27433 W libprocessgroup: kill(-19201, 9) failed: No such process
08-29 18:05:18.954 19763 19763 I BCL@Common: (CommonContextHolder) setContext() : com.samsung.android.bixby.agent.app.BixbyApplication@decc8b0
08-29 18:05:18.957 27399 27433 W libprocessgroup: kill(-19201, 9) failed: No such process
08-29 18:05:18.964 28121 28121 D GLAnimatorManager: doFrame
08-29 18:05:18.965 27399 27433 W libprocessgroup: kill(-19201, 9) failed: No such process
08-29 18:05:18.969 19763 19801 I EngineeringModeManager: com.samsung.android.bixby.agent connects to EngineeringModeService.
08-29 18:05:18.969 19763 19801 I EngineeringModeManager: getStatus() is called.
08-29 18:05:18.971 27399 28053 I EngineeringModeService: getStatus() is called. EM15
08-29 18:05:18.971 27399 28053 I EngineeringModeService: TokenState isn't updated
08-29 18:05:18.971 27399 28053 I EngineeringModeService: mTokenState is EM, pass
08-29 18:05:18.976 27154 27154 I Zygote  : Process 19201 exited due to signal (9)
08-29 18:05:18.979 28121 28121 D GLAnimatorManager: doFrame
08-29 18:05:18.979 19763 19763 I BCL@Common: (SettingsDataManager) bixby_locale : 
08-29 18:05:18.979 19763 19763 E BCL@Common: (CommonUtils) Bixby locale is empty
08-29 18:05:18.980 19763 19763 I CapsuleProvider_1.0.9: releasing initialize wait lock.
08-29 18:05:18.983 28284 28300 D ForegroundUtils: could not check pending caller
08-29 18:05:18.984 19598 19712 I Finsky  : [2450] rtc.accept(26): SCH: Scheduling phonesky job Id: 1-1337, CT: 1661781762538, Constraints: [{ L: 14399966, D: 48631563, C: 1, I: 1, N: 1 }]
08-29 18:05:18.989 19598 19712 I Finsky  : [2450] rtc.accept(26): SCH: Scheduling phonesky job Id: 3-789, CT: 1661788736394, Constraints: [{ L: 0, D: 86400000, C: 1, I: 2, N: 2 }]
08-29 18:05:18.995 28121 28121 D GLAnimatorManager: doFrame
08-29 18:05:18.999 19763 19763 I SemDesktopModeManager: registerListener: com.samsung.android.bixby.agent.app.BixbyApplication$$Lambda$1@84dd555
08-29 18:05:19.001 19763 19763 I BCL@CoreSvc: (CoreSvc) [main] enter():  enter from startDiagMon; BixbyApplications
08-29 18:05:19.002 19763 19763 I BCL@CoreSvc: (DiagMonLog) Init DiagMonLog: 
08-29 18:05:19.003 19763 19763 I BCL@CoreSvc: (CoreSvc) [main] enter():  enter from initializeDelayed; BixbyApplications
08-29 18:05:19.002 27399 27433 W libprocessgroup: kill(-19201, 9) failed: No such process
08-29 18:05:19.004 27399 27433 I libprocessgroup: Successfully killed process cgroup uid 10036 pid 19201 in 192ms
08-29 18:05:19.012 28121 28121 D GLAnimatorManager: doFrame
08-29 18:05:19.016 29731 29731 I SKBD    : and isTosAccept false
08-29 18:05:19.023 19763 19807 I BCL@RepositoryM: (ConfigurationChangeReceiver) registerReceiver
08-29 18:05:19.026 27399 29462 D PackageManager: setEnabledSetting : userId = 0 packageName = com.samsung.android.bixby.agent cmp = com.samsung.android.bixby.core.bluetooth.HeadSetReceiver newState = 1 callingPackage = 5018/com.samsung.android.bixby.agent
08-29 18:05:19.028 28121 28121 D GLAnimatorManager: doFrame
08-29 18:05:19.038 19763 19807 I BCL@RepositoryM: (NetUtils) isProcessName, processName: com.samsung.android.bixby.agent
08-29 18:05:19.039 19763 19807 I BCL@Common: (DeviceInfoUtils) isRetailMode
08-29 18:05:19.045 28121 28121 D GLAnimatorManager: doFrame
08-29 18:05:19.045 19763 19763 I BCL@CoreSvc: (PackageUpdateReceiver) onReceive:Intent { act=android.intent.action.PACKAGE_FULLY_REMOVED dat=package:com.opportunistask.scheduling.benchmarking_app_to_test_big_cores flg=0x5000010 cmp=com.samsung.android.bixby.agent/com.samsung.android.bixby.core.companion.PackageUpdateReceiver (has extras) }
08-29 18:05:19.047 19763 19763 I BCL@CoreSvc: (PackageUpdateReceiver) onReceive end
08-29 18:05:19.055 27399 29462 D StorageManagerService: getExternalStorageMountMode : 3
08-29 18:05:19.056 27399 29462 D StorageManagerService: getExternalStorageMountMode : 3
08-29 18:05:19.057 27399 29462 D StorageManagerService: getExternalStorageMountMode : final mountMode=3, uid : 5017, packageName : com.samsung.android.ipsgeofence
08-29 18:05:19.057 27399 29462 I ApplicationPolicy: isApplicationExternalStorageWhitelisted:com.samsung.android.ipsgeofence user:0
08-29 18:05:19.058 27399 29462 D ApplicationPolicy: isApplicationExternalStorageWhitelisted: DO is not enabled on user 0. Allowed.
08-29 18:05:19.058 27399 29462 D ActivityManager: package  com.samsung.android.ipsgeofence, user - 0 is SDcard whitelisted
08-29 18:05:19.058 27399 29462 I ApplicationPolicy: isApplicationExternalStorageBlacklisted:com.samsung.android.ipsgeofence user:0
08-29 18:05:19.058 27399 29462 D ApplicationPolicy: isApplicationExternalStorageBlacklisted: DO is not enabled on user 0. Allowed.
08-29 18:05:19.058 27399 29462 I ApplicationPolicy: isApplicationExternalStorageBlacklisted:com.samsung.android.ipsgeofence user:0
08-29 18:05:19.058 27399 29462 D ApplicationPolicy: isApplicationExternalStorageBlacklisted: DO is not enabled on user 0. Allowed.
08-29 18:05:19.062 28121 28121 D GLAnimatorManager: doFrame
08-29 18:05:19.065 27399 29462 I ActivityManager: Killing 19289:com.google.android.packageinstaller/u0a44 (adj 906): empty #25
08-29 18:05:19.066 19763 19810 I BCL@CoreSvc: (PackageUpdateReceiver) process start: Intent { act=android.intent.action.PACKAGE_FULLY_REMOVED dat=package:com.opportunistask.scheduling.benchmarking_app_to_test_big_cores flg=0x5000010 cmp=com.samsung.android.bixby.agent/com.samsung.android.bixby.core.companion.PackageUpdateReceiver (has extras) }
08-29 18:05:19.066 19763 19810 I BCL@CoreSvc: (PackageUpdateReceiver) PackageBR data: package:com.opportunistask.scheduling.benchmarking_app_to_test_big_cores
08-29 18:05:19.067 19763 19810 I BCL@CoreSvc: (PackageUpdateReceiver) handlePackage: android.intent.action.PACKAGE_FULLY_REMOVED, com.opportunistask.scheduling.benchmarking_app_to_test_big_cores
08-29 18:05:19.068 27399 27433 W libprocessgroup: kill(-19289, 9) failed: No such process
08-29 18:05:19.072 19598 19712 I Finsky  : [2450] rtc.accept(26): SCH: Scheduling phonesky job Id: 3-790, CT: 1661788736397, Constraints: [{ L: 0, D: 86400000, C: 2, I: 1, N: 2 }]
08-29 18:05:19.079 28121 28121 D GLAnimatorManager: doFrame
08-29 18:05:19.081 27399 27433 W libprocessgroup: kill(-19289, 9) failed: No such process
08-29 18:05:19.087 19763 19807 I BCL@Common: (FeatureClassSet) isShopDemo : false
08-29 18:05:19.089 19763 19807 I BCL@Common: (SettingsDataManager) bixby_locale : 
08-29 18:05:19.091 27399 27433 W libprocessgroup: kill(-19289, 9) failed: No such process
08-29 18:05:19.095 28121 28121 D GLAnimatorManager: doFrame
08-29 18:05:19.099 19763 19807 I BCL@Common: (ProvisionDataManager) isProvisionCompleted, hasServiceId : false, isWakeUpCompleted : false
08-29 18:05:19.100 19763 19807 I BCL@RepositoryM: (ConfigurationChangeReceiver) Provision is needed for createDevice.
08-29 18:05:19.110 27399 27433 W libprocessgroup: kill(-19289, 9) failed: No such process
08-29 18:05:19.112 28121 28121 D GLAnimatorManager: doFrame
08-29 18:05:19.114 19763 19810 I BCL@CoreSvc: (PackageUpdateReceiver) process end: android.intent.action.PACKAGE_FULLY_REMOVED
08-29 18:05:19.115 19598 19712 I Finsky  : [2450] rtc.accept(26): SCH: Scheduling phonesky job Id: 10-78, CT: 1661781761013, Constraints: [{ L: 0, D: 86400000, C: 1, I: 2, N: 1 }]
08-29 18:05:19.120 19598 19712 I Finsky  : [2450] rtc.accept(26): SCH: Scheduling phonesky job Id: 12-1, CT: 1661785014897, Constraints: [{ L: 15000, D: 86400000, C: 1, I: 1, N: 1 }]
08-29 18:05:19.122 27399 27433 W libprocessgroup: kill(-19289, 9) failed: No such process
08-29 18:05:19.129 27399 27433 W libprocessgroup: kill(-19289, 9) failed: No such process
08-29 18:05:19.129 19812 19812 E Zygote  : isWhitelistProcess - Process is Whitelisted
08-29 18:05:19.129 28121 28121 D GLAnimatorManager: doFrame
08-29 18:05:19.131 27399 27430 I ActivityManager: Start proc 19812:com.samsung.android.ipsgeofence/5017 for broadcast com.samsung.android.ipsgeofence/.task.receivers.ClientRemovedEventReceiver
08-29 18:05:19.136 19812 19812 E Zygote  : accessInfo : 1
08-29 18:05:19.139 27399 27433 W libprocessgroup: kill(-19289, 9) failed: No such process
08-29 18:05:19.145 28121 28121 D GLAnimatorManager: doFrame
08-29 18:05:19.152 27399 27433 W libprocessgroup: kill(-19289, 9) failed: No such process
08-29 18:05:19.158 27399 27433 W libprocessgroup: kill(-19289, 9) failed: No such process
08-29 18:05:19.160 19598 19712 I Finsky  : [2450] rtc.accept(26): SCH: Scheduling phonesky job Id: 24-77777777, CT: 1661781830485, Constraints: [{ L: 1, D: 82800000, C: 1, I: 2, N: 0 }]
08-29 18:05:19.165 28121 28121 D GLAnimatorManager: doFrame
08-29 18:05:19.172 27399 27433 W libprocessgroup: kill(-19289, 9) failed: No such process
08-29 18:05:19.179 28121 28121 D GLAnimatorManager: doFrame
08-29 18:05:19.185 27399 27433 W libprocessgroup: kill(-19289, 9) failed: No such process
08-29 18:05:19.192 27399 27433 W libprocessgroup: kill(-19289, 9) failed: No such process
08-29 18:05:19.195 19598 19712 I Finsky  : [2450] rtc.accept(26): SCH: Scheduling phonesky job Id: 26-1414141414, CT: 1661781830902, Constraints: [{ L: 8691980, D: 9591980, C: 1, I: 1, N: 0 }]
08-29 18:05:19.195 28121 28121 D GLAnimatorManager: doFrame
08-29 18:05:19.198 27399 27433 W libprocessgroup: kill(-19289, 9) failed: No such process
08-29 18:05:19.204 27399 27433 W libprocessgroup: kill(-19289, 9) failed: No such process
08-29 18:05:19.207 19812 19812 E oid.ipsgeofenc: Not starting debugger since process cannot load the jdwp agent.
08-29 18:05:19.212 28121 28121 D GLAnimatorManager: doFrame
08-29 18:05:19.215 27399 27433 W libprocessgroup: kill(-19289, 9) failed: No such process
08-29 18:05:19.217 29731 29731 I SKBD    : and isTosAccept false
08-29 18:05:19.221 28284 28300 D ForegroundUtils: could not check pending caller
08-29 18:05:19.222 27154 27154 I Zygote  : Process 19289 exited due to signal (9)
08-29 18:05:19.225 27399 27433 W libprocessgroup: kill(-19289, 9) failed: No such process
08-29 18:05:19.226 27399 27433 I libprocessgroup: Successfully killed process cgroup uid 10044 pid 19289 in 157ms
08-29 18:05:19.229 28121 28121 D GLAnimatorManager: doFrame
08-29 18:05:19.233 19598 19712 I Finsky  : [2450] rtc.accept(26): SCH: Scheduling phonesky job Id: 44-1027, CT: 1661781914036, Constraints: [{ L: 0, D: 86400000, C: 1, I: 2, N: 0 }]
08-29 18:05:19.245 28121 28121 D GLAnimatorManager: doFrame
08-29 18:05:19.292 27399 29135 I ActivityManager: DSS on for com.samsung.android.ipsgeofence and scale is 1.0
08-29 18:05:19.278 28121 28121 I chatty  : uid=10008(com.samsung.android.app.aodservice) com.android.systemui:InfinityWallpaper identical 2 lines
08-29 18:05:19.295 28121 28121 D GLAnimatorManager: doFrame
08-29 18:05:19.311 19763 19790 I FA      : App measurement is starting up, version: 15300
08-29 18:05:19.311 19763 19790 I FA      : To enable debug logging run: adb shell setprop log.tag.FA VERBOSE
08-29 18:05:19.312 28121 28121 D GLAnimatorManager: doFrame
08-29 18:05:19.312 19763 19790 I FA      : To enable faster debug mode event logging run:
08-29 18:05:19.312 19763 19790 I FA      :   adb shell setprop debug.firebase.analytics.app com.samsung.android.bixby.agent
08-29 18:05:19.332 28121 28121 D GLAnimatorManager: doFrame
08-29 18:05:19.395 28121 28121 I chatty  : uid=10008(com.samsung.android.app.aodservice) com.android.systemui:InfinityWallpaper identical 4 lines
08-29 18:05:19.412 28121 28121 D GLAnimatorManager: doFrame
08-29 18:05:19.417 29731 29731 I SKBD    : and isTosAccept false
08-29 18:05:19.429 28121 28121 D GLAnimatorManager: doFrame
08-29 18:05:19.570  3203  3203 I keymaster_tee: [INFO]:  (nwd_keymaster_mdfpp.cpp:791) entered get_key_characteristics function.
08-29 18:05:19.573  3203  3203 D keymaster_tee: [DEBUG]: (nwd_keymaster_mobicore.c:353) TLC_COMMAND(e): cmd = 0x00000009, ret = 0x00000000
08-29 18:05:19.573  3203  3203 D keymaster_tee: [DEBUG]: (keymaster_params_log.c:282) ret OK PARAMS: SIZE:128 AES ENC DEC CBC PKCS7 AUTH 20220118131734 
08-29 18:05:19.573  3203  3203 I keymaster_tee: [INFO]:  (nwd_keymaster_mdfpp.cpp:805) exit get_key_characteristics function, returns 0
08-29 18:05:19.545 28121 28121 I chatty  : uid=10008(com.samsung.android.app.aodservice) com.android.systemui:InfinityWallpaper identical 7 lines
08-29 18:05:19.562 28121 28121 D GLAnimatorManager: doFrame
08-29 18:05:19.574  3203  3203 W /vendor/bin/hw/android.hardware.keymaster@3.0-service: Not performing software digesting for symmetric cipher keys
08-29 18:05:19.574  3203  3203 W /vendor/bin/hw/android.hardware.keymaster@3.0-service: Not performing software digesting for symmetric cipher keys
08-29 18:05:19.578 28121 28121 D GLAnimatorManager: doFrame
08-29 18:05:19.579  3203  3203 I keymaster_tee: [INFO]:  (nwd_keymaster_mdfpp.cpp:791) entered get_key_characteristics function.
08-29 18:05:19.585  3203  3203 D keymaster_tee: [DEBUG]: (nwd_keymaster_mobicore.c:353) TLC_COMMAND(e): cmd = 0x00000009, ret = 0x00000000
08-29 18:05:19.585  3203  3203 D keymaster_tee: [DEBUG]: (keymaster_params_log.c:282) ret OK PARAMS: SIZE:128 AES ENC DEC CBC PKCS7 AUTH 20220118131734 
08-29 18:05:19.585  3203  3203 I keymaster_tee: [INFO]:  (nwd_keymaster_mdfpp.cpp:805) exit get_key_characteristics function, returns 0
08-29 18:05:19.585  3203  3203 W /vendor/bin/hw/android.hardware.keymaster@3.0-service: Not performing software digesting for symmetric cipher keys
08-29 18:05:19.587  3203  3203 I keymaster_tee: [INFO]:  (nwd_keymaster_mdfpp.cpp:791) entered get_key_characteristics function.
08-29 18:05:19.591  3203  3203 D keymaster_tee: [DEBUG]: (nwd_keymaster_mobicore.c:353) TLC_COMMAND(e): cmd = 0x00000009, ret = 0x00000000
08-29 18:05:19.591  3203  3203 D keymaster_tee: [DEBUG]: (keymaster_params_log.c:282) ret OK PARAMS: SIZE:128 AES ENC DEC CBC PKCS7 AUTH 20220118131734 
08-29 18:05:19.592  3203  3203 I keymaster_tee: [INFO]:  (nwd_keymaster_mdfpp.cpp:805) exit get_key_characteristics function, returns 0
08-29 18:05:19.592  3203  3203 I keymaster_tee: [INFO]:  (nwd_keymaster_mdfpp.cpp:880) entered begin function.
08-29 18:05:19.592  3203  3203 I chatty  : uid=1000(system) keymaster@3.0-s identical 2 lines
08-29 18:05:19.592  3203  3203 W /vendor/bin/hw/android.hardware.keymaster@3.0-service: Not performing software digesting for symmetric cipher keys
08-29 18:05:19.595 28121 28121 D GLAnimatorManager: doFrame
08-29 18:05:19.597  3203  3203 D keymaster_tee: [DEBUG]: (nwd_keymaster_mobicore.c:353) TLC_COMMAND(e): cmd = 0x0000000E, ret = 0x00000000
08-29 18:05:19.597  3203  3203 I keymaster_tee: [INFO]:  (nwd_keymaster_mdfpp.cpp:889) exit begin function, returns 0
08-29 18:05:19.599  3203  3203 I keymaster_tee: [INFO]:  (nwd_keymaster_mdfpp.cpp:900) entered update function.
08-29 18:05:19.601  3203  3203 D keymaster_tee: [DEBUG]: (nwd_keymaster_mobicore.c:353) TLC_COMMAND(e): cmd = 0x0000000F, ret = 0x00000000
08-29 18:05:19.601  3203  3203 I keymaster_tee: [INFO]:  (nwd_keymaster_mdfpp.cpp:910) exit update function, returns 0
08-29 18:05:19.604  3203  3203 I keymaster_tee: [INFO]:  (nwd_keymaster_mdfpp.cpp:920) entered finish function.
08-29 18:05:19.609  3203  3203 D keymaster_tee: [DEBUG]: (nwd_keymaster_mobicore.c:353) TLC_COMMAND(e): cmd = 0x00000010, ret = 0x00000000
08-29 18:05:19.609  3203  3203 I keymaster_tee: [INFO]:  (nwd_keymaster_mdfpp.cpp:930) exit finish function, returns 0
08-29 18:05:19.610  3389  3389 I KeystoreOperation: Block api uploadOpAsProto, wasSuccessful : 1
08-29 18:05:19.611  3389  3389 W keystore: ENTER remove operation from uid 5017
08-29 18:05:19.612 28121 28121 D GLAnimatorManager: doFrame
08-29 18:05:19.618 29731 29731 I SKBD    : and isTosAccept false
08-29 18:05:19.629 28121 28121 D GLAnimatorManager: doFrame
08-29 18:05:19.795 28121 28121 I chatty  : uid=10008(com.samsung.android.app.aodservice) com.android.systemui:InfinityWallpaper identical 10 lines
08-29 18:05:19.814 28121 28121 D GLAnimatorManager: doFrame
08-29 18:05:19.818 29731 29731 I SKBD    : and isTosAccept false
08-29 18:05:19.831 28121 28121 D GLAnimatorManager: doFrame
08-29 18:05:19.929 28121 28121 I chatty  : uid=10008(com.samsung.android.app.aodservice) com.android.systemui:InfinityWallpaper identical 6 lines
08-29 18:05:19.946 28121 28121 D GLAnimatorManager: doFrame
08-29 18:05:19.952 19812 19812 I [IPSA] ClientRemovedEventReceiver: Info - Get a ClientRemovedEventReceiver intent, is client removed? false
08-29 18:05:19.963 27399 28149 D StorageManagerService: getExternalStorageMountMode : 3
08-29 18:05:19.965 27399 28149 D StorageManagerService: getExternalStorageMountMode : 3
08-29 18:05:19.966 27399 28149 D StorageManagerService: getExternalStorageMountMode : final mountMode=3, uid : 1000, packageName : com.samsung.android.mdecservice
08-29 18:05:19.966 27399 28149 I ApplicationPolicy: isApplicationExternalStorageWhitelisted:com.samsung.android.mdecservice user:0
08-29 18:05:19.967 28121 28121 D GLAnimatorManager: doFrame
08-29 18:05:19.967 27399 28149 D ApplicationPolicy: isApplicationExternalStorageWhitelisted: DO is not enabled on user 0. Allowed.
08-29 18:05:19.967 27399 28149 D ActivityManager: package  com.samsung.android.mdecservice, user - 0 is SDcard whitelisted
08-29 18:05:19.967 27399 28149 I ApplicationPolicy: isApplicationExternalStorageBlacklisted:com.samsung.android.mdecservice user:0
08-29 18:05:19.967 27399 28149 D ApplicationPolicy: isApplicationExternalStorageBlacklisted: DO is not enabled on user 0. Allowed.
08-29 18:05:19.967 27399 28149 I ApplicationPolicy: isApplicationExternalStorageBlacklisted:com.samsung.android.mdecservice user:0
08-29 18:05:19.968 27399 28149 D ApplicationPolicy: isApplicationExternalStorageBlacklisted: DO is not enabled on user 0. Allowed.
08-29 18:05:19.975 27399 28149 I ActivityManager: Killing 19328:com.samsung.android.lool/1000 (adj 906): empty #25
08-29 18:05:19.979 27399 27433 W libprocessgroup: kill(-19328, 9) failed: No such process
08-29 18:05:19.981 28121 28121 D GLAnimatorManager: doFrame
08-29 18:05:19.987 27399 27433 W libprocessgroup: kill(-19328, 9) failed: No such process
08-29 18:05:19.997 28121 28121 D GLAnimatorManager: doFrame
08-29 18:05:20.013 28121 28121 D GLAnimatorManager: doFrame
08-29 18:05:20.017 27399 27433 W libprocessgroup: kill(-19328, 9) failed: No such process
08-29 18:05:20.022 29731 29731 I SKBD    : and isTosAccept false
08-29 18:05:20.028 19763 19808 I BCL@Common: (ProvisionDataManager) isProvisionCompleted, hasServiceId : false, isWakeUpCompleted : false
08-29 18:05:20.028 19763 19808 I BCL@Common: (SettingSyncManager) SettingSyncManager
08-29 18:05:20.029 28121 28121 D GLAnimatorManager: doFrame
08-29 18:05:20.032 19763 19808 I BCL@Common: (SettingSyncManager) Setting Sync initialization
08-29 18:05:20.046 28121 28121 D GLAnimatorManager: doFrame
08-29 18:05:20.054 27399 27433 W libprocessgroup: kill(-19328, 9) failed: No such process
08-29 18:05:20.064 28121 28121 D GLAnimatorManager: doFrame
08-29 18:05:20.072 19763 19808 I BCL@RepositoryM: (NetUtils) isProcessName, processName: com.samsung.android.bixby.agent
08-29 18:05:20.073 27399 27433 W libprocessgroup: kill(-19328, 9) failed: No such process
08-29 18:05:20.079 28121 28121 D GLAnimatorManager: doFrame
08-29 18:05:20.096 28121 28121 D GLAnimatorManager: doFrame
08-29 18:05:20.103 19763 19808 I BCL@RepositoryM: (NetUtils) isProcessName, processName: com.samsung.android.bixby.agent
08-29 18:05:20.110 27399 27433 W libprocessgroup: kill(-19328, 9) failed: No such process
08-29 18:05:20.112 28121 28121 D GLAnimatorManager: doFrame
08-29 18:05:20.129 28121 28121 D GLAnimatorManager: doFrame
08-29 18:05:20.140 27399 27433 W libprocessgroup: kill(-19328, 9) failed: No such process
08-29 18:05:20.146 28121 28121 D GLAnimatorManager: doFrame
08-29 18:05:20.148 27399 27430 I ActivityManager: Start proc 19833:com.samsung.android.mdecservice/1000 for broadcast com.samsung.android.mdecservice/.mdec.MdecPackageReceiver
08-29 18:05:20.152 27399 27433 W libprocessgroup: kill(-19328, 9) failed: No such process
08-29 18:05:20.159 27399 27433 W libprocessgroup: kill(-19328, 9) failed: No such process
08-29 18:05:20.162 19833 19833 E Zygote  : isWhitelistProcess - Process is Whitelisted
08-29 18:05:20.164 28121 28121 D GLAnimatorManager: doFrame
08-29 18:05:20.167 27399 27433 W libprocessgroup: kill(-19328, 9) failed: No such process
08-29 18:05:20.168 19833 19833 E Zygote  : accessInfo : 1
08-29 18:05:20.171 27154 27154 I Zygote  : Process 19328 exited due to signal (9)
08-29 18:05:20.176 28284 28300 D ForegroundUtils: could not check pending caller
08-29 18:05:20.178 27399 27433 W libprocessgroup: kill(-19328, 9) failed: No such process
08-29 18:05:20.179 28121 28121 D GLAnimatorManager: doFrame
08-29 18:05:20.181 27399 27433 I libprocessgroup: Successfully killed process cgroup uid 1000 pid 19328 in 202ms
08-29 18:05:20.195 28121 28121 D GLAnimatorManager: doFrame
08-29 18:05:20.211 28121 28121 D GLAnimatorManager: doFrame
08-29 18:05:20.223 29731 29731 I SKBD    : and isTosAccept false
08-29 18:05:20.228 28121 28121 D GLAnimatorManager: doFrame
08-29 18:05:20.245 28121 28121 D GLAnimatorManager: doFrame
08-29 18:05:20.261 19833 19833 E oid.mdecservic: Not starting debugger since process cannot load the jdwp agent.
08-29 18:05:20.262 28121 28121 D GLAnimatorManager: doFrame
08-29 18:05:20.329 28121 28121 I chatty  : uid=10008(com.samsung.android.app.aodservice) com.android.systemui:InfinityWallpaper identical 4 lines
08-29 18:05:20.346 28121 28121 D GLAnimatorManager: doFrame
08-29 18:05:20.350 19598 19727 I Finsky  : [2460] scl.apply(62): SCH: Scheduling 0 system job(s)
08-29 18:05:20.362 28121 28121 D GLAnimatorManager: doFrame
08-29 18:05:20.380 27399 29135 I ActivityManager: DSS on for com.samsung.android.mdecservice and scale is 1.0
08-29 18:05:20.396 28121 28121 I chatty  : uid=10008(com.samsung.android.app.aodservice) com.android.systemui:InfinityWallpaper identical 2 lines
08-29 18:05:20.412 28121 28121 D GLAnimatorManager: doFrame
