01-31 13:47:17.780 14662 14662 I Finsky  : [2] rch.a(1): Connecting InstallListener to SplitInstallService broadcaster...
01-31 13:47:17.793 14662 14693 I aedg    : Provider GmsCore_OpenSSL not available
01-31 13:47:17.804  3203  3203 I keymaster_tee: [INFO]:  (nwd_keymaster_mdfpp.cpp:791) entered get_key_characteristics function.
01-31 13:47:17.806  3203  3203 D keymaster_tee: [DEBUG]: (nwd_keymaster_mobicore.c:353) TLC_COMMAND(e): cmd = 0x00000009, ret = 0x00000000
01-31 13:47:17.806  3203  3203 D keymaster_tee: [DEBUG]: (keymaster_params_log.c:282) ret OK PARAMS: SIZE:256 AES ENC DEC GCM PADNO AUTH 20220118132303 
01-31 13:47:17.806  3203  3203 I keymaster_tee: [INFO]:  (nwd_keymaster_mdfpp.cpp:805) exit get_key_characteristics function, returns 0
01-31 13:47:17.806  3203  3203 W /vendor/bin/hw/android.hardware.keymaster@3.0-service: Not performing software digesting for symmetric cipher keys
01-31 13:47:17.809  3203  3203 I keymaster_tee: [INFO]:  (nwd_keymaster_mdfpp.cpp:791) entered get_key_characteristics function.
01-31 13:47:17.810  3203  3203 D keymaster_tee: [DEBUG]: (nwd_keymaster_mobicore.c:353) TLC_COMMAND(e): cmd = 0x00000009, ret = 0x00000000
01-31 13:47:17.810  3203  3203 D keymaster_tee: [DEBUG]: (keymaster_params_log.c:282) ret OK PARAMS: SIZE:256 AES ENC DEC GCM PADNO AUTH 20220118132303 
01-31 13:47:17.810  3203  3203 I keymaster_tee: [INFO]:  (nwd_keymaster_mdfpp.cpp:805) exit get_key_characteristics function, returns 0
01-31 13:47:17.811  3203  3203 I keymaster_tee: [INFO]:  (nwd_keymaster_mdfpp.cpp:744) entered add_rng_entropy function.
01-31 13:47:17.811  3203  3203 D keymaster_tee: [DEBUG]: (nwd_keymaster_tc_api.c:988) ******PRNG ENTROPY***NWD****
01-31 13:47:17.812  3203  3203 D keymaster_tee: [DEBUG]: (nwd_keymaster_mobicore.c:353) TLC_COMMAND(e): cmd = 0x00000007, ret = 0x00000000
01-31 13:47:17.812  3203  3203 I keymaster_tee: [INFO]:  (nwd_keymaster_mdfpp.cpp:755) exit add_rng_entropy function, returns 0
01-31 13:47:17.813  3203  3203 I keymaster_tee: [INFO]:  (nwd_keymaster_mdfpp.cpp:791) entered get_key_characteristics function.
01-31 13:47:17.815  3203  3203 D keymaster_tee: [DEBUG]: (nwd_keymaster_mobicore.c:353) TLC_COMMAND(e): cmd = 0x00000009, ret = 0x00000000
01-31 13:47:17.815  3203  3203 D keymaster_tee: [DEBUG]: (keymaster_params_log.c:282) ret OK PARAMS: SIZE:256 AES ENC DEC GCM PADNO AUTH 20220118132303 
01-31 13:47:17.815  3203  3203 I keymaster_tee: [INFO]:  (nwd_keymaster_mdfpp.cpp:805) exit get_key_characteristics function, returns 0
01-31 13:47:17.815  3203  3203 I keymaster_tee: [INFO]:  (nwd_keymaster_mdfpp.cpp:880) entered begin function.
01-31 13:47:17.817  3203  3203 D keymaster_tee: [DEBUG]: (nwd_keymaster_mobicore.c:353) TLC_COMMAND(e): cmd = 0x0000000E, ret = 0x00000000
01-31 13:47:17.817  3203  3203 I keymaster_tee: [INFO]:  (nwd_keymaster_mdfpp.cpp:889) exit begin function, returns 0
01-31 13:47:17.818  3203  3203 I keymaster_tee: [INFO]:  (nwd_keymaster_mdfpp.cpp:900) entered update function.
01-31 13:47:17.819  3203  3203 D keymaster_tee: [DEBUG]: (nwd_keymaster_mobicore.c:353) TLC_COMMAND(e): cmd = 0x0000000F, ret = 0x00000000
01-31 13:47:17.819  3203  3203 I keymaster_tee: [INFO]:  (nwd_keymaster_mdfpp.cpp:910) exit update function, returns 0
01-31 13:47:17.820  3203  3203 I keymaster_tee: [INFO]:  (nwd_keymaster_mdfpp.cpp:920) entered finish function.
01-31 13:47:17.820  3203  3203 D keymaster_tee: [DEBUG]: (nwd_keymaster_mobicore.c:353) TLC_COMMAND(e): cmd = 0x00000010, ret = 0x00000000
01-31 13:47:17.820  3203  3203 I keymaster_tee: [INFO]:  (nwd_keymaster_mdfpp.cpp:930) exit finish function, returns 0
01-31 13:47:17.815  3203  3203 I chatty  : uid=1000(system) keymaster@3.0-s identical 4 lines
01-31 13:47:17.815  3203  3203 W /vendor/bin/hw/android.hardware.keymaster@3.0-service: Not performing software digesting for symmetric cipher keys
01-31 13:47:17.821  3362  3362 I KeystoreOperation: Block api uploadOpAsProto, wasSuccessful : 1
01-31 13:47:17.822  3362  3362 W keystore: ENTER remove operation from uid 10062
01-31 13:47:17.825  3203  3203 I keymaster_tee: [INFO]:  (nwd_keymaster_mdfpp.cpp:791) entered get_key_characteristics function.
01-31 13:47:17.826  3203  3203 D keymaster_tee: [DEBUG]: (nwd_keymaster_mobicore.c:353) TLC_COMMAND(e): cmd = 0x00000009, ret = 0x00000000
01-31 13:47:17.827  3203  3203 D keymaster_tee: [DEBUG]: (keymaster_params_log.c:282) ret OK PARAMS: SIZE:256 AES ENC DEC GCM PADNO AUTH 20220118132303 
01-31 13:47:17.827  3203  3203 I keymaster_tee: [INFO]:  (nwd_keymaster_mdfpp.cpp:805) exit get_key_characteristics function, returns 0
01-31 13:47:17.827  3203  3203 W /vendor/bin/hw/android.hardware.keymaster@3.0-service: Not performing software digesting for symmetric cipher keys
01-31 13:47:17.828  3203  3203 I keymaster_tee: [INFO]:  (nwd_keymaster_mdfpp.cpp:791) entered get_key_characteristics function.
01-31 13:47:17.829  3203  3203 D keymaster_tee: [DEBUG]: (nwd_keymaster_mobicore.c:353) TLC_COMMAND(e): cmd = 0x00000009, ret = 0x00000000
01-31 13:47:17.830  3203  3203 D keymaster_tee: [DEBUG]: (keymaster_params_log.c:282) ret OK PARAMS: SIZE:256 AES ENC DEC GCM PADNO AUTH 20220118132303 
01-31 13:47:17.830  3203  3203 I keymaster_tee: [INFO]:  (nwd_keymaster_mdfpp.cpp:805) exit get_key_characteristics function, returns 0
01-31 13:47:17.830  3203  3203 I keymaster_tee: [INFO]:  (nwd_keymaster_mdfpp.cpp:880) entered begin function.
01-31 13:47:17.831  3203  3203 D keymaster_tee: [DEBUG]: (nwd_keymaster_mobicore.c:353) TLC_COMMAND(e): cmd = 0x0000000E, ret = 0x00000000
01-31 13:47:17.831  3203  3203 I keymaster_tee: [INFO]:  (nwd_keymaster_mdfpp.cpp:889) exit begin function, returns 0
01-31 13:47:17.833  3203  3203 I keymaster_tee: [INFO]:  (nwd_keymaster_mdfpp.cpp:900) entered update function.
01-31 13:47:17.833  3203  3203 D keymaster_tee: [DEBUG]: (nwd_keymaster_mobicore.c:353) TLC_COMMAND(e): cmd = 0x0000000F, ret = 0x00000000
01-31 13:47:17.834  3203  3203 I keymaster_tee: [INFO]:  (nwd_keymaster_mdfpp.cpp:910) exit update function, returns 0
01-31 13:47:17.835  3203  3203 I keymaster_tee: [INFO]:  (nwd_keymaster_mdfpp.cpp:920) entered finish function.
01-31 13:47:17.835  3203  3203 D keymaster_tee: [DEBUG]: (nwd_keymaster_mobicore.c:353) TLC_COMMAND(e): cmd = 0x00000010, ret = 0x00000000
01-31 13:47:17.835  3203  3203 I keymaster_tee: [INFO]:  (nwd_keymaster_mdfpp.cpp:930) exit finish function, returns 0
01-31 13:47:17.830  3203  3203 I chatty  : uid=1000(system) keymaster@3.0-s identical 2 lines
01-31 13:47:17.830  3203  3203 W /vendor/bin/hw/android.hardware.keymaster@3.0-service: Not performing software digesting for symmetric cipher keys
01-31 13:47:17.836  3362  3362 I KeystoreOperation: Block api uploadOpAsProto, wasSuccessful : 1
01-31 13:47:17.837  3362  3362 W keystore: ENTER remove operation from uid 10062
01-31 13:47:17.840  3203  3203 I keymaster_tee: [INFO]:  (nwd_keymaster_mdfpp.cpp:791) entered get_key_characteristics function.
01-31 13:47:17.841  3203  3203 D keymaster_tee: [DEBUG]: (nwd_keymaster_mobicore.c:353) TLC_COMMAND(e): cmd = 0x00000009, ret = 0x00000000
01-31 13:47:17.841  3203  3203 D keymaster_tee: [DEBUG]: (keymaster_params_log.c:282) ret OK PARAMS: SIZE:256 AES ENC DEC GCM PADNO AUTH 20220118132303 
01-31 13:47:17.841  3203  3203 I keymaster_tee: [INFO]:  (nwd_keymaster_mdfpp.cpp:805) exit get_key_characteristics function, returns 0
01-31 13:47:17.841  3203  3203 W /vendor/bin/hw/android.hardware.keymaster@3.0-service: Not performing software digesting for symmetric cipher keys
01-31 13:47:17.842  3203  3203 I keymaster_tee: [INFO]:  (nwd_keymaster_mdfpp.cpp:791) entered get_key_characteristics function.
01-31 13:47:17.844  3203  3203 D keymaster_tee: [DEBUG]: (nwd_keymaster_mobicore.c:353) TLC_COMMAND(e): cmd = 0x00000009, ret = 0x00000000
01-31 13:47:17.844  3203  3203 D keymaster_tee: [DEBUG]: (keymaster_params_log.c:282) ret OK PARAMS: SIZE:256 AES ENC DEC GCM PADNO AUTH 20220118132303 
01-31 13:47:17.844  3203  3203 I keymaster_tee: [INFO]:  (nwd_keymaster_mdfpp.cpp:805) exit get_key_characteristics function, returns 0
01-31 13:47:17.844  3203  3203 I keymaster_tee: [INFO]:  (nwd_keymaster_mdfpp.cpp:880) entered begin function.
01-31 13:47:17.846  3203  3203 D keymaster_tee: [DEBUG]: (nwd_keymaster_mobicore.c:353) TLC_COMMAND(e): cmd = 0x0000000E, ret = 0x00000000
01-31 13:47:17.846  3203  3203 I keymaster_tee: [INFO]:  (nwd_keymaster_mdfpp.cpp:889) exit begin function, returns 0
01-31 13:47:17.848  3203  3203 I keymaster_tee: [INFO]:  (nwd_keymaster_mdfpp.cpp:900) entered update function.
01-31 13:47:17.848  3203  3203 D keymaster_tee: [DEBUG]: (nwd_keymaster_mobicore.c:353) TLC_COMMAND(e): cmd = 0x0000000F, ret = 0x00000000
01-31 13:47:17.848  3203  3203 I keymaster_tee: [INFO]:  (nwd_keymaster_mdfpp.cpp:910) exit update function, returns 0
01-31 13:47:17.850  3203  3203 I keymaster_tee: [INFO]:  (nwd_keymaster_mdfpp.cpp:920) entered finish function.
01-31 13:47:17.850  3203  3203 D keymaster_tee: [DEBUG]: (nwd_keymaster_mobicore.c:353) TLC_COMMAND(e): cmd = 0x00000010, ret = 0x00000000
01-31 13:47:17.850  3203  3203 I keymaster_tee: [INFO]:  (nwd_keymaster_mdfpp.cpp:930) exit finish function, returns 0
01-31 13:47:17.844  3203  3203 I chatty  : uid=1000(system) keymaster@3.0-s identical 2 lines
01-31 13:47:17.844  3203  3203 W /vendor/bin/hw/android.hardware.keymaster@3.0-service: Not performing software digesting for symmetric cipher keys
01-31 13:47:17.851  3362  3362 I KeystoreOperation: Block api uploadOpAsProto, wasSuccessful : 1
01-31 13:47:17.852  3362  3362 W keystore: ENTER remove operation from uid 10062
01-31 13:47:17.862  3203  3203 I keymaster_tee: [INFO]:  (nwd_keymaster_mdfpp.cpp:791) entered get_key_characteristics function.
01-31 13:47:17.864  3203  3203 D keymaster_tee: [DEBUG]: (nwd_keymaster_mobicore.c:353) TLC_COMMAND(e): cmd = 0x00000009, ret = 0x00000000
01-31 13:47:17.864  3203  3203 D keymaster_tee: [DEBUG]: (keymaster_params_log.c:282) ret OK PARAMS: SIZE:256 AES ENC DEC GCM PADNO AUTH 20220118132302 
01-31 13:47:17.864  3203  3203 I keymaster_tee: [INFO]:  (nwd_keymaster_mdfpp.cpp:805) exit get_key_characteristics function, returns 0
01-31 13:47:17.864  3203  3203 W /vendor/bin/hw/android.hardware.keymaster@3.0-service: Not performing software digesting for symmetric cipher keys
01-31 13:47:17.867  3203  3203 I keymaster_tee: [INFO]:  (nwd_keymaster_mdfpp.cpp:791) entered get_key_characteristics function.
01-31 13:47:17.868  3203  3203 D keymaster_tee: [DEBUG]: (nwd_keymaster_mobicore.c:353) TLC_COMMAND(e): cmd = 0x00000009, ret = 0x00000000
01-31 13:47:17.868  3203  3203 D keymaster_tee: [DEBUG]: (keymaster_params_log.c:282) ret OK PARAMS: SIZE:256 AES ENC DEC GCM PADNO AUTH 20220118132302 
01-31 13:47:17.868  3203  3203 I keymaster_tee: [INFO]:  (nwd_keymaster_mdfpp.cpp:805) exit get_key_characteristics function, returns 0
01-31 13:47:17.869  3203  3203 I keymaster_tee: [INFO]:  (nwd_keymaster_mdfpp.cpp:744) entered add_rng_entropy function.
01-31 13:47:17.869  3203  3203 D keymaster_tee: [DEBUG]: (nwd_keymaster_tc_api.c:988) ******PRNG ENTROPY***NWD****
01-31 13:47:17.870  3203  3203 D keymaster_tee: [DEBUG]: (nwd_keymaster_mobicore.c:353) TLC_COMMAND(e): cmd = 0x00000007, ret = 0x00000000
01-31 13:47:17.870  3203  3203 I keymaster_tee: [INFO]:  (nwd_keymaster_mdfpp.cpp:755) exit add_rng_entropy function, returns 0
01-31 13:47:17.870  3203  3203 I keymaster_tee: [INFO]:  (nwd_keymaster_mdfpp.cpp:791) entered get_key_characteristics function.
01-31 13:47:17.872  3203  3203 D keymaster_tee: [DEBUG]: (nwd_keymaster_mobicore.c:353) TLC_COMMAND(e): cmd = 0x00000009, ret = 0x00000000
01-31 13:47:17.872  3203  3203 D keymaster_tee: [DEBUG]: (keymaster_params_log.c:282) ret OK PARAMS: SIZE:256 AES ENC DEC GCM PADNO AUTH 20220118132302 
01-31 13:47:17.872  3203  3203 I keymaster_tee: [INFO]:  (nwd_keymaster_mdfpp.cpp:805) exit get_key_characteristics function, returns 0
01-31 13:47:17.872  3203  3203 I keymaster_tee: [INFO]:  (nwd_keymaster_mdfpp.cpp:880) entered begin function.
01-31 13:47:17.874  3203  3203 D keymaster_tee: [DEBUG]: (nwd_keymaster_mobicore.c:353) TLC_COMMAND(e): cmd = 0x0000000E, ret = 0x00000000
01-31 13:47:17.874  3203  3203 I keymaster_tee: [INFO]:  (nwd_keymaster_mdfpp.cpp:889) exit begin function, returns 0
01-31 13:47:17.876  3203  3203 I keymaster_tee: [INFO]:  (nwd_keymaster_mdfpp.cpp:900) entered update function.
01-31 13:47:17.876  3203  3203 D keymaster_tee: [DEBUG]: (nwd_keymaster_mobicore.c:353) TLC_COMMAND(e): cmd = 0x0000000F, ret = 0x00000000
01-31 13:47:17.876  3203  3203 I keymaster_tee: [INFO]:  (nwd_keymaster_mdfpp.cpp:910) exit update function, returns 0
01-31 13:47:17.877  3203  3203 I keymaster_tee: [INFO]:  (nwd_keymaster_mdfpp.cpp:920) entered finish function.
01-31 13:47:17.878  3203  3203 D keymaster_tee: [DEBUG]: (nwd_keymaster_mobicore.c:353) TLC_COMMAND(e): cmd = 0x00000010, ret = 0x00000000
01-31 13:47:17.878  3203  3203 I keymaster_tee: [INFO]:  (nwd_keymaster_mdfpp.cpp:930) exit finish function, returns 0
01-31 13:47:17.872  3203  3203 I chatty  : uid=1000(system) keymaster@3.0-s identical 4 lines
01-31 13:47:17.872  3203  3203 W /vendor/bin/hw/android.hardware.keymaster@3.0-service: Not performing software digesting for symmetric cipher keys
01-31 13:47:17.878  3362  3362 I KeystoreOperation: Block api uploadOpAsProto, wasSuccessful : 1
01-31 13:47:17.879  3362  3362 W keystore: ENTER remove operation from uid 10062
01-31 13:47:17.882  3203  3203 I keymaster_tee: [INFO]:  (nwd_keymaster_mdfpp.cpp:791) entered get_key_characteristics function.
01-31 13:47:17.883  3203  3203 D keymaster_tee: [DEBUG]: (nwd_keymaster_mobicore.c:353) TLC_COMMAND(e): cmd = 0x00000009, ret = 0x00000000
01-31 13:47:17.884  3203  3203 D keymaster_tee: [DEBUG]: (keymaster_params_log.c:282) ret OK PARAMS: SIZE:256 AES ENC DEC GCM PADNO AUTH 20220118132302 
01-31 13:47:17.884  3203  3203 I keymaster_tee: [INFO]:  (nwd_keymaster_mdfpp.cpp:805) exit get_key_characteristics function, returns 0
01-31 13:47:17.884  3203  3203 W /vendor/bin/hw/android.hardware.keymaster@3.0-service: Not performing software digesting for symmetric cipher keys
01-31 13:47:17.884  3203  3203 I keymaster_tee: [INFO]:  (nwd_keymaster_mdfpp.cpp:791) entered get_key_characteristics function.
01-31 13:47:17.886  3203  3203 D keymaster_tee: [DEBUG]: (nwd_keymaster_mobicore.c:353) TLC_COMMAND(e): cmd = 0x00000009, ret = 0x00000000
01-31 13:47:17.886  3203  3203 D keymaster_tee: [DEBUG]: (keymaster_params_log.c:282) ret OK PARAMS: SIZE:256 AES ENC DEC GCM PADNO AUTH 20220118132302 
01-31 13:47:17.886  3203  3203 I keymaster_tee: [INFO]:  (nwd_keymaster_mdfpp.cpp:805) exit get_key_characteristics function, returns 0
01-31 13:47:17.887  3203  3203 I keymaster_tee: [INFO]:  (nwd_keymaster_mdfpp.cpp:880) entered begin function.
01-31 13:47:17.888  3203  3203 D keymaster_tee: [DEBUG]: (nwd_keymaster_mobicore.c:353) TLC_COMMAND(e): cmd = 0x0000000E, ret = 0x00000000
01-31 13:47:17.888  3203  3203 I keymaster_tee: [INFO]:  (nwd_keymaster_mdfpp.cpp:889) exit begin function, returns 0
01-31 13:47:17.890  3203  3203 I keymaster_tee: [INFO]:  (nwd_keymaster_mdfpp.cpp:900) entered update function.
01-31 13:47:17.891  3203  3203 D keymaster_tee: [DEBUG]: (nwd_keymaster_mobicore.c:353) TLC_COMMAND(e): cmd = 0x0000000F, ret = 0x00000000
01-31 13:47:17.891  3203  3203 I keymaster_tee: [INFO]:  (nwd_keymaster_mdfpp.cpp:910) exit update function, returns 0
01-31 13:47:17.893  3203  3203 I keymaster_tee: [INFO]:  (nwd_keymaster_mdfpp.cpp:920) entered finish function.
01-31 13:47:17.893  3203  3203 D keymaster_tee: [DEBUG]: (nwd_keymaster_mobicore.c:353) TLC_COMMAND(e): cmd = 0x00000010, ret = 0x00000000
01-31 13:47:17.893  3203  3203 I keymaster_tee: [INFO]:  (nwd_keymaster_mdfpp.cpp:930) exit finish function, returns 0
01-31 13:47:17.887  3203  3203 I chatty  : uid=1000(system) keymaster@3.0-s identical 2 lines
01-31 13:47:17.887  3203  3203 W /vendor/bin/hw/android.hardware.keymaster@3.0-service: Not performing software digesting for symmetric cipher keys
01-31 13:47:17.894  3362  3362 I KeystoreOperation: Block api uploadOpAsProto, wasSuccessful : 1
01-31 13:47:17.895  3362  3362 W keystore: ENTER remove operation from uid 10062
01-31 13:47:17.902  3203  3203 I keymaster_tee: [INFO]:  (nwd_keymaster_mdfpp.cpp:791) entered get_key_characteristics function.
01-31 13:47:17.904  3203  3203 D keymaster_tee: [DEBUG]: (nwd_keymaster_mobicore.c:353) TLC_COMMAND(e): cmd = 0x00000009, ret = 0x00000000
01-31 13:47:17.904  3203  3203 D keymaster_tee: [DEBUG]: (keymaster_params_log.c:282) ret OK PARAMS: SIZE:256 AES ENC DEC GCM PADNO AUTH 20220118132302 
01-31 13:47:17.904  3203  3203 I keymaster_tee: [INFO]:  (nwd_keymaster_mdfpp.cpp:805) exit get_key_characteristics function, returns 0
01-31 13:47:17.904  3203  3203 W /vendor/bin/hw/android.hardware.keymaster@3.0-service: Not performing software digesting for symmetric cipher keys
01-31 13:47:17.906  3203  3203 I keymaster_tee: [INFO]:  (nwd_keymaster_mdfpp.cpp:791) entered get_key_characteristics function.
01-31 13:47:17.907  3203  3203 D keymaster_tee: [DEBUG]: (nwd_keymaster_mobicore.c:353) TLC_COMMAND(e): cmd = 0x00000009, ret = 0x00000000
01-31 13:47:17.907  3203  3203 D keymaster_tee: [DEBUG]: (keymaster_params_log.c:282) ret OK PARAMS: SIZE:256 AES ENC DEC GCM PADNO AUTH 20220118132302 
01-31 13:47:17.907  3203  3203 I keymaster_tee: [INFO]:  (nwd_keymaster_mdfpp.cpp:805) exit get_key_characteristics function, returns 0
01-31 13:47:17.908  3203  3203 I keymaster_tee: [INFO]:  (nwd_keymaster_mdfpp.cpp:880) entered begin function.
01-31 13:47:17.909  3203  3203 D keymaster_tee: [DEBUG]: (nwd_keymaster_mobicore.c:353) TLC_COMMAND(e): cmd = 0x0000000E, ret = 0x00000000
01-31 13:47:17.909  3203  3203 I keymaster_tee: [INFO]:  (nwd_keymaster_mdfpp.cpp:889) exit begin function, returns 0
01-31 13:47:17.911  3203  3203 I keymaster_tee: [INFO]:  (nwd_keymaster_mdfpp.cpp:900) entered update function.
01-31 13:47:17.912  3203  3203 D keymaster_tee: [DEBUG]: (nwd_keymaster_mobicore.c:353) TLC_COMMAND(e): cmd = 0x0000000F, ret = 0x00000000
01-31 13:47:17.912  3203  3203 I keymaster_tee: [INFO]:  (nwd_keymaster_mdfpp.cpp:910) exit update function, returns 0
01-31 13:47:17.913  3203  3203 I keymaster_tee: [INFO]:  (nwd_keymaster_mdfpp.cpp:920) entered finish function.
01-31 13:47:17.914  3203  3203 D keymaster_tee: [DEBUG]: (nwd_keymaster_mobicore.c:353) TLC_COMMAND(e): cmd = 0x00000010, ret = 0x00000000
01-31 13:47:17.914  3203  3203 I keymaster_tee: [INFO]:  (nwd_keymaster_mdfpp.cpp:930) exit finish function, returns 0
01-31 13:47:17.908  3203  3203 I chatty  : uid=1000(system) keymaster@3.0-s identical 2 lines
01-31 13:47:17.908  3203  3203 W /vendor/bin/hw/android.hardware.keymaster@3.0-service: Not performing software digesting for symmetric cipher keys
01-31 13:47:17.914  3362  3362 I KeystoreOperation: Block api uploadOpAsProto, wasSuccessful : 1
01-31 13:47:17.915  3362  3362 W keystore: ENTER remove operation from uid 10062
01-31 13:47:17.941  3203  3203 I keymaster_tee: [INFO]:  (nwd_keymaster_mdfpp.cpp:791) entered get_key_characteristics function.
01-31 13:47:17.943  3203  3203 D keymaster_tee: [DEBUG]: (nwd_keymaster_mobicore.c:353) TLC_COMMAND(e): cmd = 0x00000009, ret = 0x00000000
01-31 13:47:17.943  3203  3203 D keymaster_tee: [DEBUG]: (keymaster_params_log.c:282) ret OK PARAMS: SIZE:256 AES ENC DEC GCM PADNO AUTH 20220118132302 
01-31 13:47:17.943  3203  3203 I keymaster_tee: [INFO]:  (nwd_keymaster_mdfpp.cpp:805) exit get_key_characteristics function, returns 0
01-31 13:47:17.943  3203  3203 W /vendor/bin/hw/android.hardware.keymaster@3.0-service: Not performing software digesting for symmetric cipher keys
01-31 13:47:17.946  3203  3203 I keymaster_tee: [INFO]:  (nwd_keymaster_mdfpp.cpp:791) entered get_key_characteristics function.
01-31 13:47:17.947  3203  3203 D keymaster_tee: [DEBUG]: (nwd_keymaster_mobicore.c:353) TLC_COMMAND(e): cmd = 0x00000009, ret = 0x00000000
01-31 13:47:17.948  3203  3203 D keymaster_tee: [DEBUG]: (keymaster_params_log.c:282) ret OK PARAMS: SIZE:256 AES ENC DEC GCM PADNO AUTH 20220118132302 
01-31 13:47:17.948  3203  3203 I keymaster_tee: [INFO]:  (nwd_keymaster_mdfpp.cpp:805) exit get_key_characteristics function, returns 0
01-31 13:47:17.948  3203  3203 I keymaster_tee: [INFO]:  (nwd_keymaster_mdfpp.cpp:744) entered add_rng_entropy function.
01-31 13:47:17.948  3203  3203 D keymaster_tee: [DEBUG]: (nwd_keymaster_tc_api.c:988) ******PRNG ENTROPY***NWD****
01-31 13:47:17.949  3203  3203 D keymaster_tee: [DEBUG]: (nwd_keymaster_mobicore.c:353) TLC_COMMAND(e): cmd = 0x00000007, ret = 0x00000000
01-31 13:47:17.949  3203  3203 I keymaster_tee: [INFO]:  (nwd_keymaster_mdfpp.cpp:755) exit add_rng_entropy function, returns 0
01-31 13:47:17.950  3203  3203 I keymaster_tee: [INFO]:  (nwd_keymaster_mdfpp.cpp:791) entered get_key_characteristics function.
01-31 13:47:17.951  3203  3203 D keymaster_tee: [DEBUG]: (nwd_keymaster_mobicore.c:353) TLC_COMMAND(e): cmd = 0x00000009, ret = 0x00000000
01-31 13:47:17.951  3203  3203 D keymaster_tee: [DEBUG]: (keymaster_params_log.c:282) ret OK PARAMS: SIZE:256 AES ENC DEC GCM PADNO AUTH 20220118132302 
01-31 13:47:17.951  3203  3203 I keymaster_tee: [INFO]:  (nwd_keymaster_mdfpp.cpp:805) exit get_key_characteristics function, returns 0
01-31 13:47:17.952  3203  3203 I keymaster_tee: [INFO]:  (nwd_keymaster_mdfpp.cpp:880) entered begin function.
01-31 13:47:17.953  3203  3203 D keymaster_tee: [DEBUG]: (nwd_keymaster_mobicore.c:353) TLC_COMMAND(e): cmd = 0x0000000E, ret = 0x00000000
01-31 13:47:17.953  3203  3203 I keymaster_tee: [INFO]:  (nwd_keymaster_mdfpp.cpp:889) exit begin function, returns 0
01-31 13:47:17.955  3203  3203 I keymaster_tee: [INFO]:  (nwd_keymaster_mdfpp.cpp:900) entered update function.
01-31 13:47:17.955  3203  3203 D keymaster_tee: [DEBUG]: (nwd_keymaster_mobicore.c:353) TLC_COMMAND(e): cmd = 0x0000000F, ret = 0x00000000
01-31 13:47:17.955  3203  3203 I keymaster_tee: [INFO]:  (nwd_keymaster_mdfpp.cpp:910) exit update function, returns 0
01-31 13:47:17.956  3203  3203 I keymaster_tee: [INFO]:  (nwd_keymaster_mdfpp.cpp:920) entered finish function.
01-31 13:47:17.957  3203  3203 D keymaster_tee: [DEBUG]: (nwd_keymaster_mobicore.c:353) TLC_COMMAND(e): cmd = 0x00000010, ret = 0x00000000
01-31 13:47:17.957  3203  3203 I keymaster_tee: [INFO]:  (nwd_keymaster_mdfpp.cpp:930) exit finish function, returns 0
01-31 13:47:17.952  3203  3203 I chatty  : uid=1000(system) keymaster@3.0-s identical 4 lines
01-31 13:47:17.952  3203  3203 W /vendor/bin/hw/android.hardware.keymaster@3.0-service: Not performing software digesting for symmetric cipher keys
01-31 13:47:17.957  3362  3362 I KeystoreOperation: Block api uploadOpAsProto, wasSuccessful : 1
01-31 13:47:17.958  3362  3362 W keystore: ENTER remove operation from uid 10062
01-31 13:47:17.960  3203  3203 I keymaster_tee: [INFO]:  (nwd_keymaster_mdfpp.cpp:791) entered get_key_characteristics function.
01-31 13:47:17.962  3203  3203 D keymaster_tee: [DEBUG]: (nwd_keymaster_mobicore.c:353) TLC_COMMAND(e): cmd = 0x00000009, ret = 0x00000000
01-31 13:47:17.962  3203  3203 D keymaster_tee: [DEBUG]: (keymaster_params_log.c:282) ret OK PARAMS: SIZE:256 AES ENC DEC GCM PADNO AUTH 20220118132302 
01-31 13:47:17.962  3203  3203 I keymaster_tee: [INFO]:  (nwd_keymaster_mdfpp.cpp:805) exit get_key_characteristics function, returns 0
01-31 13:47:17.962  3203  3203 W /vendor/bin/hw/android.hardware.keymaster@3.0-service: Not performing software digesting for symmetric cipher keys
01-31 13:47:17.963  3203  3203 I keymaster_tee: [INFO]:  (nwd_keymaster_mdfpp.cpp:791) entered get_key_characteristics function.
01-31 13:47:17.964  3203  3203 D keymaster_tee: [DEBUG]: (nwd_keymaster_mobicore.c:353) TLC_COMMAND(e): cmd = 0x00000009, ret = 0x00000000
01-31 13:47:17.965  3203  3203 D keymaster_tee: [DEBUG]: (keymaster_params_log.c:282) ret OK PARAMS: SIZE:256 AES ENC DEC GCM PADNO AUTH 20220118132302 
01-31 13:47:17.965  3203  3203 I keymaster_tee: [INFO]:  (nwd_keymaster_mdfpp.cpp:805) exit get_key_characteristics function, returns 0
01-31 13:47:17.965  3203  3203 I keymaster_tee: [INFO]:  (nwd_keymaster_mdfpp.cpp:880) entered begin function.
01-31 13:47:17.967  3203  3203 D keymaster_tee: [DEBUG]: (nwd_keymaster_mobicore.c:353) TLC_COMMAND(e): cmd = 0x0000000E, ret = 0x00000000
01-31 13:47:17.967  3203  3203 I keymaster_tee: [INFO]:  (nwd_keymaster_mdfpp.cpp:889) exit begin function, returns 0
01-31 13:47:17.968  3203  3203 I keymaster_tee: [INFO]:  (nwd_keymaster_mdfpp.cpp:900) entered update function.
01-31 13:47:17.969  3203  3203 D keymaster_tee: [DEBUG]: (nwd_keymaster_mobicore.c:353) TLC_COMMAND(e): cmd = 0x0000000F, ret = 0x00000000
01-31 13:47:17.969  3203  3203 I keymaster_tee: [INFO]:  (nwd_keymaster_mdfpp.cpp:910) exit update function, returns 0
01-31 13:47:17.970  3203  3203 I keymaster_tee: [INFO]:  (nwd_keymaster_mdfpp.cpp:920) entered finish function.
01-31 13:47:17.971  3203  3203 D keymaster_tee: [DEBUG]: (nwd_keymaster_mobicore.c:353) TLC_COMMAND(e): cmd = 0x00000010, ret = 0x00000000
01-31 13:47:17.971  3203  3203 I keymaster_tee: [INFO]:  (nwd_keymaster_mdfpp.cpp:930) exit finish function, returns 0
01-31 13:47:17.965  3203  3203 I chatty  : uid=1000(system) keymaster@3.0-s identical 2 lines
01-31 13:47:17.965  3203  3203 W /vendor/bin/hw/android.hardware.keymaster@3.0-service: Not performing software digesting for symmetric cipher keys
01-31 13:47:17.971  3362  3362 I KeystoreOperation: Block api uploadOpAsProto, wasSuccessful : 1
01-31 13:47:17.972  3362  3362 W keystore: ENTER remove operation from uid 10062
01-31 13:47:17.975  3203  3203 I keymaster_tee: [INFO]:  (nwd_keymaster_mdfpp.cpp:791) entered get_key_characteristics function.
01-31 13:47:17.976  3203  3203 D keymaster_tee: [DEBUG]: (nwd_keymaster_mobicore.c:353) TLC_COMMAND(e): cmd = 0x00000009, ret = 0x00000000
01-31 13:47:17.976  3203  3203 D keymaster_tee: [DEBUG]: (keymaster_params_log.c:282) ret OK PARAMS: SIZE:256 AES ENC DEC GCM PADNO AUTH 20220118132302 
01-31 13:47:17.976  3203  3203 I keymaster_tee: [INFO]:  (nwd_keymaster_mdfpp.cpp:805) exit get_key_characteristics function, returns 0
01-31 13:47:17.977  3203  3203 W /vendor/bin/hw/android.hardware.keymaster@3.0-service: Not performing software digesting for symmetric cipher keys
01-31 13:47:17.978  3203  3203 I keymaster_tee: [INFO]:  (nwd_keymaster_mdfpp.cpp:791) entered get_key_characteristics function.
01-31 13:47:17.979  3203  3203 D keymaster_tee: [DEBUG]: (nwd_keymaster_mobicore.c:353) TLC_COMMAND(e): cmd = 0x00000009, ret = 0x00000000
01-31 13:47:17.979  3203  3203 D keymaster_tee: [DEBUG]: (keymaster_params_log.c:282) ret OK PARAMS: SIZE:256 AES ENC DEC GCM PADNO AUTH 20220118132302 
01-31 13:47:17.979  3203  3203 I keymaster_tee: [INFO]:  (nwd_keymaster_mdfpp.cpp:805) exit get_key_characteristics function, returns 0
01-31 13:47:17.979  3203  3203 I keymaster_tee: [INFO]:  (nwd_keymaster_mdfpp.cpp:880) entered begin function.
01-31 13:47:17.981  3203  3203 D keymaster_tee: [DEBUG]: (nwd_keymaster_mobicore.c:353) TLC_COMMAND(e): cmd = 0x0000000E, ret = 0x00000000
01-31 13:47:17.981  3203  3203 I keymaster_tee: [INFO]:  (nwd_keymaster_mdfpp.cpp:889) exit begin function, returns 0
01-31 13:47:17.982  3203  3203 I keymaster_tee: [INFO]:  (nwd_keymaster_mdfpp.cpp:900) entered update function.
01-31 13:47:17.983  3203  3203 D keymaster_tee: [DEBUG]: (nwd_keymaster_mobicore.c:353) TLC_COMMAND(e): cmd = 0x0000000F, ret = 0x00000000
01-31 13:47:17.983  3203  3203 I keymaster_tee: [INFO]:  (nwd_keymaster_mdfpp.cpp:910) exit update function, returns 0
01-31 13:47:17.984  3203  3203 I keymaster_tee: [INFO]:  (nwd_keymaster_mdfpp.cpp:920) entered finish function.
01-31 13:47:17.985  3203  3203 D keymaster_tee: [DEBUG]: (nwd_keymaster_mobicore.c:353) TLC_COMMAND(e): cmd = 0x00000010, ret = 0x00000000
01-31 13:47:17.985  3203  3203 I keymaster_tee: [INFO]:  (nwd_keymaster_mdfpp.cpp:930) exit finish function, returns 0
01-31 13:47:17.979  3203  3203 I chatty  : uid=1000(system) keymaster@3.0-s identical 2 lines
01-31 13:47:17.979  3203  3203 W /vendor/bin/hw/android.hardware.keymaster@3.0-service: Not performing software digesting for symmetric cipher keys
01-31 13:47:17.985  3362  3362 I KeystoreOperation: Block api uploadOpAsProto, wasSuccessful : 1
01-31 13:47:17.986  3362  3362 W keystore: ENTER remove operation from uid 10062
01-31 13:47:17.995  3203  3203 I keymaster_tee: [INFO]:  (nwd_keymaster_mdfpp.cpp:791) entered get_key_characteristics function.
01-31 13:47:17.996  3203  3203 D keymaster_tee: [DEBUG]: (nwd_keymaster_mobicore.c:353) TLC_COMMAND(e): cmd = 0x00000009, ret = 0x00000000
01-31 13:47:17.997  3203  3203 D keymaster_tee: [DEBUG]: (keymaster_params_log.c:282) ret OK PARAMS: SIZE:256 AES ENC DEC GCM PADNO AUTH 20220118132303 
01-31 13:47:17.997  3203  3203 I keymaster_tee: [INFO]:  (nwd_keymaster_mdfpp.cpp:805) exit get_key_characteristics function, returns 0
01-31 13:47:17.997  3203  3203 W /vendor/bin/hw/android.hardware.keymaster@3.0-service: Not performing software digesting for symmetric cipher keys
01-31 13:47:17.999  3203  3203 I keymaster_tee: [INFO]:  (nwd_keymaster_mdfpp.cpp:791) entered get_key_characteristics function.
01-31 13:47:18.001  3203  3203 D keymaster_tee: [DEBUG]: (nwd_keymaster_mobicore.c:353) TLC_COMMAND(e): cmd = 0x00000009, ret = 0x00000000
01-31 13:47:18.001  3203  3203 D keymaster_tee: [DEBUG]: (keymaster_params_log.c:282) ret OK PARAMS: SIZE:256 AES ENC DEC GCM PADNO AUTH 20220118132303 
01-31 13:47:18.001  3203  3203 I keymaster_tee: [INFO]:  (nwd_keymaster_mdfpp.cpp:805) exit get_key_characteristics function, returns 0
01-31 13:47:18.003  3203  3203 I keymaster_tee: [INFO]:  (nwd_keymaster_mdfpp.cpp:744) entered add_rng_entropy function.
01-31 13:47:18.003  3203  3203 D keymaster_tee: [DEBUG]: (nwd_keymaster_tc_api.c:988) ******PRNG ENTROPY***NWD****
01-31 13:47:18.003  3203  3203 D keymaster_tee: [DEBUG]: (nwd_keymaster_mobicore.c:353) TLC_COMMAND(e): cmd = 0x00000007, ret = 0x00000000
01-31 13:47:18.003  3203  3203 I keymaster_tee: [INFO]:  (nwd_keymaster_mdfpp.cpp:755) exit add_rng_entropy function, returns 0
01-31 13:47:18.004  3203  3203 I keymaster_tee: [INFO]:  (nwd_keymaster_mdfpp.cpp:791) entered get_key_characteristics function.
01-31 13:47:18.005  3203  3203 D keymaster_tee: [DEBUG]: (nwd_keymaster_mobicore.c:353) TLC_COMMAND(e): cmd = 0x00000009, ret = 0x00000000
01-31 13:47:18.006  3203  3203 D keymaster_tee: [DEBUG]: (keymaster_params_log.c:282) ret OK PARAMS: SIZE:256 AES ENC DEC GCM PADNO AUTH 20220118132303 
01-31 13:47:18.006  3203  3203 I keymaster_tee: [INFO]:  (nwd_keymaster_mdfpp.cpp:805) exit get_key_characteristics function, returns 0
01-31 13:47:18.006  3203  3203 I keymaster_tee: [INFO]:  (nwd_keymaster_mdfpp.cpp:880) entered begin function.
01-31 13:47:18.007  3203  3203 D keymaster_tee: [DEBUG]: (nwd_keymaster_mobicore.c:353) TLC_COMMAND(e): cmd = 0x0000000E, ret = 0x00000000
01-31 13:47:18.008  3203  3203 I keymaster_tee: [INFO]:  (nwd_keymaster_mdfpp.cpp:889) exit begin function, returns 0
01-31 13:47:18.009  3203  3203 I keymaster_tee: [INFO]:  (nwd_keymaster_mdfpp.cpp:900) entered update function.
01-31 13:47:18.009  3203  3203 D keymaster_tee: [DEBUG]: (nwd_keymaster_mobicore.c:353) TLC_COMMAND(e): cmd = 0x0000000F, ret = 0x00000000
01-31 13:47:18.009  3203  3203 I keymaster_tee: [INFO]:  (nwd_keymaster_mdfpp.cpp:910) exit update function, returns 0
01-31 13:47:18.011  3203  3203 I keymaster_tee: [INFO]:  (nwd_keymaster_mdfpp.cpp:920) entered finish function.
01-31 13:47:18.011  3203  3203 D keymaster_tee: [DEBUG]: (nwd_keymaster_mobicore.c:353) TLC_COMMAND(e): cmd = 0x00000010, ret = 0x00000000
01-31 13:47:18.011  3203  3203 I keymaster_tee: [INFO]:  (nwd_keymaster_mdfpp.cpp:930) exit finish function, returns 0
01-31 13:47:18.006  3203  3203 I chatty  : uid=1000(system) keymaster@3.0-s identical 4 lines
01-31 13:47:18.006  3203  3203 W /vendor/bin/hw/android.hardware.keymaster@3.0-service: Not performing software digesting for symmetric cipher keys
01-31 13:47:18.012  3362  3362 I KeystoreOperation: Block api uploadOpAsProto, wasSuccessful : 1
01-31 13:47:18.013  3362  3362 W keystore: ENTER remove operation from uid 10062
01-31 13:47:18.015  3203  3203 I keymaster_tee: [INFO]:  (nwd_keymaster_mdfpp.cpp:791) entered get_key_characteristics function.
01-31 13:47:18.017  3203  3203 D keymaster_tee: [DEBUG]: (nwd_keymaster_mobicore.c:353) TLC_COMMAND(e): cmd = 0x00000009, ret = 0x00000000
01-31 13:47:18.017  3203  3203 D keymaster_tee: [DEBUG]: (keymaster_params_log.c:282) ret OK PARAMS: SIZE:256 AES ENC DEC GCM PADNO AUTH 20220118132303 
01-31 13:47:18.017  3203  3203 I keymaster_tee: [INFO]:  (nwd_keymaster_mdfpp.cpp:805) exit get_key_characteristics function, returns 0
01-31 13:47:18.017  3203  3203 W /vendor/bin/hw/android.hardware.keymaster@3.0-service: Not performing software digesting for symmetric cipher keys
01-31 13:47:18.018  3203  3203 I keymaster_tee: [INFO]:  (nwd_keymaster_mdfpp.cpp:791) entered get_key_characteristics function.
01-31 13:47:18.020  3203  3203 D keymaster_tee: [DEBUG]: (nwd_keymaster_mobicore.c:353) TLC_COMMAND(e): cmd = 0x00000009, ret = 0x00000000
01-31 13:47:18.020  3203  3203 D keymaster_tee: [DEBUG]: (keymaster_params_log.c:282) ret OK PARAMS: SIZE:256 AES ENC DEC GCM PADNO AUTH 20220118132303 
01-31 13:47:18.020  3203  3203 I keymaster_tee: [INFO]:  (nwd_keymaster_mdfpp.cpp:805) exit get_key_characteristics function, returns 0
01-31 13:47:18.020  3203  3203 I keymaster_tee: [INFO]:  (nwd_keymaster_mdfpp.cpp:880) entered begin function.
01-31 13:47:18.022  3203  3203 D keymaster_tee: [DEBUG]: (nwd_keymaster_mobicore.c:353) TLC_COMMAND(e): cmd = 0x0000000E, ret = 0x00000000
01-31 13:47:18.022  3203  3203 I keymaster_tee: [INFO]:  (nwd_keymaster_mdfpp.cpp:889) exit begin function, returns 0
01-31 13:47:18.023  3203  3203 I keymaster_tee: [INFO]:  (nwd_keymaster_mdfpp.cpp:900) entered update function.
01-31 13:47:18.023  3203  3203 D keymaster_tee: [DEBUG]: (nwd_keymaster_mobicore.c:353) TLC_COMMAND(e): cmd = 0x0000000F, ret = 0x00000000
01-31 13:47:18.023  3203  3203 I keymaster_tee: [INFO]:  (nwd_keymaster_mdfpp.cpp:910) exit update function, returns 0
01-31 13:47:18.024  3203  3203 I keymaster_tee: [INFO]:  (nwd_keymaster_mdfpp.cpp:920) entered finish function.
01-31 13:47:18.025  3203  3203 D keymaster_tee: [DEBUG]: (nwd_keymaster_mobicore.c:353) TLC_COMMAND(e): cmd = 0x00000010, ret = 0x00000000
01-31 13:47:18.025  3203  3203 I keymaster_tee: [INFO]:  (nwd_keymaster_mdfpp.cpp:930) exit finish function, returns 0
01-31 13:47:18.020  3203  3203 I chatty  : uid=1000(system) keymaster@3.0-s identical 2 lines
01-31 13:47:18.020  3203  3203 W /vendor/bin/hw/android.hardware.keymaster@3.0-service: Not performing software digesting for symmetric cipher keys
01-31 13:47:18.025  3362  3362 I KeystoreOperation: Block api uploadOpAsProto, wasSuccessful : 1
01-31 13:47:18.026  3362  3362 W keystore: ENTER remove operation from uid 10062
01-31 13:47:18.029  3203  3203 I keymaster_tee: [INFO]:  (nwd_keymaster_mdfpp.cpp:791) entered get_key_characteristics function.
01-31 13:47:18.030  3203  3203 D keymaster_tee: [DEBUG]: (nwd_keymaster_mobicore.c:353) TLC_COMMAND(e): cmd = 0x00000009, ret = 0x00000000
01-31 13:47:18.030  3203  3203 D keymaster_tee: [DEBUG]: (keymaster_params_log.c:282) ret OK PARAMS: SIZE:256 AES ENC DEC GCM PADNO AUTH 20220118132303 
01-31 13:47:18.030  3203  3203 I keymaster_tee: [INFO]:  (nwd_keymaster_mdfpp.cpp:805) exit get_key_characteristics function, returns 0
01-31 13:47:18.031  3203  3203 W /vendor/bin/hw/android.hardware.keymaster@3.0-service: Not performing software digesting for symmetric cipher keys
01-31 13:47:18.031  3203  3203 I keymaster_tee: [INFO]:  (nwd_keymaster_mdfpp.cpp:791) entered get_key_characteristics function.
01-31 13:47:18.033  3203  3203 D keymaster_tee: [DEBUG]: (nwd_keymaster_mobicore.c:353) TLC_COMMAND(e): cmd = 0x00000009, ret = 0x00000000
01-31 13:47:18.033  3203  3203 D keymaster_tee: [DEBUG]: (keymaster_params_log.c:282) ret OK PARAMS: SIZE:256 AES ENC DEC GCM PADNO AUTH 20220118132303 
01-31 13:47:18.033  3203  3203 I keymaster_tee: [INFO]:  (nwd_keymaster_mdfpp.cpp:805) exit get_key_characteristics function, returns 0
01-31 13:47:18.033  3203  3203 I keymaster_tee: [INFO]:  (nwd_keymaster_mdfpp.cpp:880) entered begin function.
01-31 13:47:18.035  3203  3203 D keymaster_tee: [DEBUG]: (nwd_keymaster_mobicore.c:353) TLC_COMMAND(e): cmd = 0x0000000E, ret = 0x00000000
01-31 13:47:18.035  3203  3203 I keymaster_tee: [INFO]:  (nwd_keymaster_mdfpp.cpp:889) exit begin function, returns 0
01-31 13:47:18.036  3203  3203 I keymaster_tee: [INFO]:  (nwd_keymaster_mdfpp.cpp:900) entered update function.
01-31 13:47:18.037  3203  3203 D keymaster_tee: [DEBUG]: (nwd_keymaster_mobicore.c:353) TLC_COMMAND(e): cmd = 0x0000000F, ret = 0x00000000
01-31 13:47:18.037  3203  3203 I keymaster_tee: [INFO]:  (nwd_keymaster_mdfpp.cpp:910) exit update function, returns 0
01-31 13:47:18.038  3203  3203 I keymaster_tee: [INFO]:  (nwd_keymaster_mdfpp.cpp:920) entered finish function.
01-31 13:47:18.039  3203  3203 D keymaster_tee: [DEBUG]: (nwd_keymaster_mobicore.c:353) TLC_COMMAND(e): cmd = 0x00000010, ret = 0x00000000
01-31 13:47:18.039  3203  3203 I keymaster_tee: [INFO]:  (nwd_keymaster_mdfpp.cpp:930) exit finish function, returns 0
01-31 13:47:18.033  3203  3203 I chatty  : uid=1000(system) keymaster@3.0-s identical 2 lines
01-31 13:47:18.033  3203  3203 W /vendor/bin/hw/android.hardware.keymaster@3.0-service: Not performing software digesting for symmetric cipher keys
01-31 13:47:18.040  3362  3362 I KeystoreOperation: Block api uploadOpAsProto, wasSuccessful : 1
01-31 13:47:18.041  3362  3362 W keystore: ENTER remove operation from uid 10062
01-31 13:47:18.049  3203  3203 I keymaster_tee: [INFO]:  (nwd_keymaster_mdfpp.cpp:791) entered get_key_characteristics function.
01-31 13:47:18.051  3203  3203 D keymaster_tee: [DEBUG]: (nwd_keymaster_mobicore.c:353) TLC_COMMAND(e): cmd = 0x00000009, ret = 0x00000000
01-31 13:47:18.051  3203  3203 D keymaster_tee: [DEBUG]: (keymaster_params_log.c:282) ret OK PARAMS: SIZE:256 AES ENC DEC GCM PADNO AUTH 20220118132304 
01-31 13:47:18.051  3203  3203 I keymaster_tee: [INFO]:  (nwd_keymaster_mdfpp.cpp:805) exit get_key_characteristics function, returns 0
01-31 13:47:18.051  3203  3203 W /vendor/bin/hw/android.hardware.keymaster@3.0-service: Not performing software digesting for symmetric cipher keys
01-31 13:47:18.054  3203  3203 I keymaster_tee: [INFO]:  (nwd_keymaster_mdfpp.cpp:791) entered get_key_characteristics function.
01-31 13:47:18.055  3203  3203 D keymaster_tee: [DEBUG]: (nwd_keymaster_mobicore.c:353) TLC_COMMAND(e): cmd = 0x00000009, ret = 0x00000000
01-31 13:47:18.056  3203  3203 D keymaster_tee: [DEBUG]: (keymaster_params_log.c:282) ret OK PARAMS: SIZE:256 AES ENC DEC GCM PADNO AUTH 20220118132304 
01-31 13:47:18.056  3203  3203 I keymaster_tee: [INFO]:  (nwd_keymaster_mdfpp.cpp:805) exit get_key_characteristics function, returns 0
01-31 13:47:18.057  3203  3203 I keymaster_tee: [INFO]:  (nwd_keymaster_mdfpp.cpp:744) entered add_rng_entropy function.
01-31 13:47:18.057  3203  3203 D keymaster_tee: [DEBUG]: (nwd_keymaster_tc_api.c:988) ******PRNG ENTROPY***NWD****
01-31 13:47:18.058  3203  3203 D keymaster_tee: [DEBUG]: (nwd_keymaster_mobicore.c:353) TLC_COMMAND(e): cmd = 0x00000007, ret = 0x00000000
01-31 13:47:18.058  3203  3203 I keymaster_tee: [INFO]:  (nwd_keymaster_mdfpp.cpp:755) exit add_rng_entropy function, returns 0
01-31 13:47:18.058  3203  3203 I keymaster_tee: [INFO]:  (nwd_keymaster_mdfpp.cpp:791) entered get_key_characteristics function.
01-31 13:47:18.060  3203  3203 D keymaster_tee: [DEBUG]: (nwd_keymaster_mobicore.c:353) TLC_COMMAND(e): cmd = 0x00000009, ret = 0x00000000
01-31 13:47:18.060  3203  3203 D keymaster_tee: [DEBUG]: (keymaster_params_log.c:282) ret OK PARAMS: SIZE:256 AES ENC DEC GCM PADNO AUTH 20220118132304 
01-31 13:47:18.060  3203  3203 I keymaster_tee: [INFO]:  (nwd_keymaster_mdfpp.cpp:805) exit get_key_characteristics function, returns 0
01-31 13:47:18.060  3203  3203 I keymaster_tee: [INFO]:  (nwd_keymaster_mdfpp.cpp:880) entered begin function.
01-31 13:47:18.062  3203  3203 D keymaster_tee: [DEBUG]: (nwd_keymaster_mobicore.c:353) TLC_COMMAND(e): cmd = 0x0000000E, ret = 0x00000000
01-31 13:47:18.062  3203  3203 I keymaster_tee: [INFO]:  (nwd_keymaster_mdfpp.cpp:889) exit begin function, returns 0
01-31 13:47:18.063  3203  3203 I keymaster_tee: [INFO]:  (nwd_keymaster_mdfpp.cpp:900) entered update function.
01-31 13:47:18.064  3203  3203 D keymaster_tee: [DEBUG]: (nwd_keymaster_mobicore.c:353) TLC_COMMAND(e): cmd = 0x0000000F, ret = 0x00000000
01-31 13:47:18.064  3203  3203 I keymaster_tee: [INFO]:  (nwd_keymaster_mdfpp.cpp:910) exit update function, returns 0
01-31 13:47:18.066  3203  3203 I keymaster_tee: [INFO]:  (nwd_keymaster_mdfpp.cpp:920) entered finish function.
01-31 13:47:18.066  3203  3203 D keymaster_tee: [DEBUG]: (nwd_keymaster_mobicore.c:353) TLC_COMMAND(e): cmd = 0x00000010, ret = 0x00000000
01-31 13:47:18.066  3203  3203 I keymaster_tee: [INFO]:  (nwd_keymaster_mdfpp.cpp:930) exit finish function, returns 0
01-31 13:47:18.060  3203  3203 I chatty  : uid=1000(system) keymaster@3.0-s identical 4 lines
01-31 13:47:18.060  3203  3203 W /vendor/bin/hw/android.hardware.keymaster@3.0-service: Not performing software digesting for symmetric cipher keys
01-31 13:47:18.067  3362  3362 I KeystoreOperation: Block api uploadOpAsProto, wasSuccessful : 1
01-31 13:47:18.068  3362  3362 W keystore: ENTER remove operation from uid 10062
01-31 13:47:18.070  3203  3203 I keymaster_tee: [INFO]:  (nwd_keymaster_mdfpp.cpp:791) entered get_key_characteristics function.
01-31 13:47:18.071  3203  3203 D keymaster_tee: [DEBUG]: (nwd_keymaster_mobicore.c:353) TLC_COMMAND(e): cmd = 0x00000009, ret = 0x00000000
01-31 13:47:18.072  3203  3203 D keymaster_tee: [DEBUG]: (keymaster_params_log.c:282) ret OK PARAMS: SIZE:256 AES ENC DEC GCM PADNO AUTH 20220118132304 
01-31 13:47:18.072  3203  3203 I keymaster_tee: [INFO]:  (nwd_keymaster_mdfpp.cpp:805) exit get_key_characteristics function, returns 0
01-31 13:47:18.072  3203  3203 W /vendor/bin/hw/android.hardware.keymaster@3.0-service: Not performing software digesting for symmetric cipher keys
01-31 13:47:18.072  3203  3203 I keymaster_tee: [INFO]:  (nwd_keymaster_mdfpp.cpp:791) entered get_key_characteristics function.
01-31 13:47:18.074  3203  3203 D keymaster_tee: [DEBUG]: (nwd_keymaster_mobicore.c:353) TLC_COMMAND(e): cmd = 0x00000009, ret = 0x00000000
01-31 13:47:18.075  3203  3203 D keymaster_tee: [DEBUG]: (keymaster_params_log.c:282) ret OK PARAMS: SIZE:256 AES ENC DEC GCM PADNO AUTH 20220118132304 
01-31 13:47:18.075  3203  3203 I keymaster_tee: [INFO]:  (nwd_keymaster_mdfpp.cpp:805) exit get_key_characteristics function, returns 0
01-31 13:47:18.075  3203  3203 I keymaster_tee: [INFO]:  (nwd_keymaster_mdfpp.cpp:880) entered begin function.
01-31 13:47:18.076  3203  3203 D keymaster_tee: [DEBUG]: (nwd_keymaster_mobicore.c:353) TLC_COMMAND(e): cmd = 0x0000000E, ret = 0x00000000
01-31 13:47:18.076  3203  3203 I keymaster_tee: [INFO]:  (nwd_keymaster_mdfpp.cpp:889) exit begin function, returns 0
01-31 13:47:18.078  3203  3203 I keymaster_tee: [INFO]:  (nwd_keymaster_mdfpp.cpp:900) entered update function.
01-31 13:47:18.079  3203  3203 D keymaster_tee: [DEBUG]: (nwd_keymaster_mobicore.c:353) TLC_COMMAND(e): cmd = 0x0000000F, ret = 0x00000000
01-31 13:47:18.079  3203  3203 I keymaster_tee: [INFO]:  (nwd_keymaster_mdfpp.cpp:910) exit update function, returns 0
01-31 13:47:18.080  3203  3203 I keymaster_tee: [INFO]:  (nwd_keymaster_mdfpp.cpp:920) entered finish function.
01-31 13:47:18.080  3203  3203 D keymaster_tee: [DEBUG]: (nwd_keymaster_mobicore.c:353) TLC_COMMAND(e): cmd = 0x00000010, ret = 0x00000000
01-31 13:47:18.080  3203  3203 I keymaster_tee: [INFO]:  (nwd_keymaster_mdfpp.cpp:930) exit finish function, returns 0
01-31 13:47:18.075  3203  3203 I chatty  : uid=1000(system) keymaster@3.0-s identical 2 lines
01-31 13:47:18.075  3203  3203 W /vendor/bin/hw/android.hardware.keymaster@3.0-service: Not performing software digesting for symmetric cipher keys
01-31 13:47:18.081  3362  3362 I KeystoreOperation: Block api uploadOpAsProto, wasSuccessful : 1
01-31 13:47:18.081  3362  3362 W keystore: ENTER remove operation from uid 10062
01-31 13:47:18.084  3203  3203 I keymaster_tee: [INFO]:  (nwd_keymaster_mdfpp.cpp:791) entered get_key_characteristics function.
01-31 13:47:18.086  3203  3203 D keymaster_tee: [DEBUG]: (nwd_keymaster_mobicore.c:353) TLC_COMMAND(e): cmd = 0x00000009, ret = 0x00000000
01-31 13:47:18.086  3203  3203 D keymaster_tee: [DEBUG]: (keymaster_params_log.c:282) ret OK PARAMS: SIZE:256 AES ENC DEC GCM PADNO AUTH 20220118132304 
01-31 13:47:18.086  3203  3203 I keymaster_tee: [INFO]:  (nwd_keymaster_mdfpp.cpp:805) exit get_key_characteristics function, returns 0
01-31 13:47:18.086  3203  3203 W /vendor/bin/hw/android.hardware.keymaster@3.0-service: Not performing software digesting for symmetric cipher keys
01-31 13:47:18.087  3203  3203 I keymaster_tee: [INFO]:  (nwd_keymaster_mdfpp.cpp:791) entered get_key_characteristics function.
01-31 13:47:18.088  3203  3203 D keymaster_tee: [DEBUG]: (nwd_keymaster_mobicore.c:353) TLC_COMMAND(e): cmd = 0x00000009, ret = 0x00000000
01-31 13:47:18.088  3203  3203 D keymaster_tee: [DEBUG]: (keymaster_params_log.c:282) ret OK PARAMS: SIZE:256 AES ENC DEC GCM PADNO AUTH 20220118132304 
01-31 13:47:18.088  3203  3203 I keymaster_tee: [INFO]:  (nwd_keymaster_mdfpp.cpp:805) exit get_key_characteristics function, returns 0
01-31 13:47:18.088  3203  3203 I keymaster_tee: [INFO]:  (nwd_keymaster_mdfpp.cpp:880) entered begin function.
01-31 13:47:18.090  3203  3203 D keymaster_tee: [DEBUG]: (nwd_keymaster_mobicore.c:353) TLC_COMMAND(e): cmd = 0x0000000E, ret = 0x00000000
01-31 13:47:18.090  3203  3203 I keymaster_tee: [INFO]:  (nwd_keymaster_mdfpp.cpp:889) exit begin function, returns 0
01-31 13:47:18.091  3203  3203 I keymaster_tee: [INFO]:  (nwd_keymaster_mdfpp.cpp:900) entered update function.
01-31 13:47:18.092  3203  3203 D keymaster_tee: [DEBUG]: (nwd_keymaster_mobicore.c:353) TLC_COMMAND(e): cmd = 0x0000000F, ret = 0x00000000
01-31 13:47:18.092  3203  3203 I keymaster_tee: [INFO]:  (nwd_keymaster_mdfpp.cpp:910) exit update function, returns 0
01-31 13:47:18.093  3203  3203 I keymaster_tee: [INFO]:  (nwd_keymaster_mdfpp.cpp:920) entered finish function.
01-31 13:47:18.094  3203  3203 D keymaster_tee: [DEBUG]: (nwd_keymaster_mobicore.c:353) TLC_COMMAND(e): cmd = 0x00000010, ret = 0x00000000
01-31 13:47:18.094  3203  3203 I keymaster_tee: [INFO]:  (nwd_keymaster_mdfpp.cpp:930) exit finish function, returns 0
01-31 13:47:18.088  3203  3203 I chatty  : uid=1000(system) keymaster@3.0-s identical 2 lines
01-31 13:47:18.088  3203  3203 W /vendor/bin/hw/android.hardware.keymaster@3.0-service: Not performing software digesting for symmetric cipher keys
01-31 13:47:18.094  3362  3362 I KeystoreOperation: Block api uploadOpAsProto, wasSuccessful : 1
01-31 13:47:18.095  3362  3362 W keystore: ENTER remove operation from uid 10062
01-31 13:47:18.101  4943  4943 D io_stats: !@   8,0 r 39461 2498000 w 16011 242780 d 1385 62640 f 2289 6693 iot 20284 17574 th 307200 0 0 pt 0 inp 0 0 466.551
01-31 13:47:18.104  3203  3203 I keymaster_tee: [INFO]:  (nwd_keymaster_mdfpp.cpp:791) entered get_key_characteristics function.
01-31 13:47:18.106  3203  3203 D keymaster_tee: [DEBUG]: (nwd_keymaster_mobicore.c:353) TLC_COMMAND(e): cmd = 0x00000009, ret = 0x00000000
01-31 13:47:18.106  3203  3203 D keymaster_tee: [DEBUG]: (keymaster_params_log.c:282) ret OK PARAMS: SIZE:256 AES ENC DEC GCM PADNO AUTH 20220118132303 
01-31 13:47:18.106  3203  3203 I keymaster_tee: [INFO]:  (nwd_keymaster_mdfpp.cpp:805) exit get_key_characteristics function, returns 0
01-31 13:47:18.106  3203  3203 W /vendor/bin/hw/android.hardware.keymaster@3.0-service: Not performing software digesting for symmetric cipher keys
01-31 13:47:18.109  3203  3203 I keymaster_tee: [INFO]:  (nwd_keymaster_mdfpp.cpp:791) entered get_key_characteristics function.
01-31 13:47:18.111  3203  3203 D keymaster_tee: [DEBUG]: (nwd_keymaster_mobicore.c:353) TLC_COMMAND(e): cmd = 0x00000009, ret = 0x00000000
01-31 13:47:18.111  3203  3203 D keymaster_tee: [DEBUG]: (keymaster_params_log.c:282) ret OK PARAMS: SIZE:256 AES ENC DEC GCM PADNO AUTH 20220118132303 
01-31 13:47:18.111  3203  3203 I keymaster_tee: [INFO]:  (nwd_keymaster_mdfpp.cpp:805) exit get_key_characteristics function, returns 0
01-31 13:47:18.112  3203  3203 I keymaster_tee: [INFO]:  (nwd_keymaster_mdfpp.cpp:744) entered add_rng_entropy function.
01-31 13:47:18.112  3203  3203 D keymaster_tee: [DEBUG]: (nwd_keymaster_tc_api.c:988) ******PRNG ENTROPY***NWD****
01-31 13:47:18.112  3203  3203 D keymaster_tee: [DEBUG]: (nwd_keymaster_mobicore.c:353) TLC_COMMAND(e): cmd = 0x00000007, ret = 0x00000000
01-31 13:47:18.112  3203  3203 I keymaster_tee: [INFO]:  (nwd_keymaster_mdfpp.cpp:755) exit add_rng_entropy function, returns 0
01-31 13:47:18.113  3203  3203 I keymaster_tee: [INFO]:  (nwd_keymaster_mdfpp.cpp:791) entered get_key_characteristics function.
01-31 13:47:18.114  3203  3203 D keymaster_tee: [DEBUG]: (nwd_keymaster_mobicore.c:353) TLC_COMMAND(e): cmd = 0x00000009, ret = 0x00000000
01-31 13:47:18.115  3203  3203 D keymaster_tee: [DEBUG]: (keymaster_params_log.c:282) ret OK PARAMS: SIZE:256 AES ENC DEC GCM PADNO AUTH 20220118132303 
01-31 13:47:18.115  3203  3203 I keymaster_tee: [INFO]:  (nwd_keymaster_mdfpp.cpp:805) exit get_key_characteristics function, returns 0
01-31 13:47:18.115  3203  3203 I keymaster_tee: [INFO]:  (nwd_keymaster_mdfpp.cpp:880) entered begin function.
