--------- beginning of main
01-31 13:47:15.601 14662 14662 W android.vendin: JIT profile information will not be recorded: profile file does not exits.
01-31 13:47:15.650 14662 14662 I Finsky  : [2] ewh.aA(6): Process created at version: 28.9.12-21 [0] [PR] 421882020
01-31 13:47:15.748 14662 14685 I Finsky  : [1300] pbv.l(18): Finished reading experiment flags from file [0tGUNCGIkbk4o6-fQ335kUYSKwVj4lusnHT-A5Dsy08].
01-31 13:47:15.781 14662 14685 I Finsky  : [1300] pbv.l(18): Finished reading experiment flags from file [Se-xCc4LzNyh3UrKMIU2sUf-PUKz4oQEbpKZDMuaFno].
01-31 13:47:15.824 14662 14662 I Finsky  : [2] vwo.a(1): Warm data store was already initialized.
01-31 13:47:15.827 14662 14662 I Finsky  : [2] qbg.<init>(3): Resetting scheduler db
01-31 13:47:15.840  3811  5184 D PackageManager: setEnabledSetting : userId = 0 packageName = com.android.vending cmp = com.android.vending.AssetBrowserActivity newState = 1 callingPackage = 10062/com.android.vending
01-31 13:47:15.848  3811  5185 D PackageManager: setEnabledSetting : userId = 0 packageName = com.android.vending cmp = com.google.android.finsky.prewarmservice.PrewarmService newState = 1 callingPackage = 10062/com.android.vending
01-31 13:47:15.857 14662 14680 I Finsky  : [1295] vdq.d(2): Not a unicorn account
01-31 13:47:15.858  3811  5184 D PackageManager: setEnabledSetting : userId = 0 packageName = com.android.vending cmp = com.google.android.finsky.activities.DebugActivity newState = 2 callingPackage = 10062/com.android.vending
01-31 13:47:15.873  3293  3434 D EnterpriseController: netId is 0
01-31 13:47:15.874  3293  3434 E Netd    : getNetworkForDns: getNetId from enterpriseCtrl is netid 0
01-31 13:47:15.874  3293  3434 D DnsProxyListener: DNSDBG::dns addrinfo af 2
01-31 13:47:15.876 14662 14681 I Finsky  : [1296] nsw.<init>(3): PackageMonitorReceiverImpl - Registering in memory receiver for android.intent.action.PACKAGE_ADDED and android.intent.action.PACKAGE_REMOVED
01-31 13:47:15.879  3293  3434 D EnterpriseController: netId is 0
01-31 13:47:15.879  3293  3434 E Netd    : getNetworkForDns: getNetId from enterpriseCtrl is netid 0
01-31 13:47:15.879  3293  3434 D DnsProxyListener: DNSDBG::dns addrinfo af 2
--------- beginning of system
01-31 13:47:15.881  3811  5184 D ConnectivityService: Vpn: getActiveNetworkForUidInternal: 10062, false, false, DISCONNECTED
01-31 13:47:15.881  3811  5184 D ConnectivityService: isNetworkWithLinkPropertiesBlocked: uid=10062, vpn=DISCONNECTED,false
01-31 13:47:15.883  3293  3434 D EnterpriseController: netId is 0
01-31 13:47:15.883  3293  3434 E Netd    : getNetworkForDns: getNetId from enterpriseCtrl is netid 0
01-31 13:47:15.883  3293  3434 D DnsProxyListener: DNSDBG::dns addrinfo af 2
01-31 13:47:15.883  3811  5184 D ConnectivityService: filterNetworkStateForUid() uid: 10062, pid: 14662
01-31 13:47:15.883  3811  5184 D ConnectivityService: isNetworkWithLinkPropertiesBlocked: uid=10062, vpn=DISCONNECTED,false
01-31 13:47:15.884  3811  5184 D ConnectivityService: filterNetworkStateForUid() uid: 10062, pid: 14662, networkInfo: [type: WIFI[], state: CONNECTED/CONNECTED, reason: (unspecified), extra: (none), failover: false, available: true, roaming: false]
01-31 13:47:15.886 14662 14680 I Finsky  : [1295] vwo.a(1): Warm data store was already initialized.
01-31 13:47:15.891 14662 14696 D ConnectivityManager: requestNetwork; CallingUid : 10062, CallingPid : 14662
01-31 13:47:15.897  3811  4362 D ConnectivityService: requestNetwork for uid/pid:10062/14662 NetworkRequest [ TRACK_DEFAULT id=51, [ Capabilities: INTERNET&NOT_RESTRICTED&TRUSTED Unwanted:  Uid: 10062] ]
01-31 13:47:15.898  3811  4060 D ConnectivityService: rematching NetworkAgentInfo [WIFI () - 602]
01-31 13:47:15.898  3811  4060 D ConnectivityService:  network has: [ Transports: WIFI Capabilities: INTERNET&NOT_RESTRICTED&TRUSTED&NOT_VPN&VALIDATED&NOT_ROAMING&FOREGROUND&NOT_CONGESTED&NOT_SUSPENDED Unwanted:  LinkUpBandwidth>=1048576Kbps LinkDnBandwidth>=1048576Kbps SignalStrength: -24 SSID: "HUAWEI P20 lite"]
01-31 13:47:15.898  3811  4060 D ConnectivityService: Network NetworkAgentInfo [WIFI () - 602] was already satisfying request 1. No change.
01-31 13:47:15.898  3811  4060 D ConnectivityService: Network NetworkAgentInfo [WIFI () - 602] was already satisfying request 50. No change.
01-31 13:47:15.898  3811  4060 D ConnectivityService: Network NetworkAgentInfo [WIFI () - 602] was already satisfying request 8. No change.
01-31 13:47:15.899  3811  4060 D ConnectivityService: Network NetworkAgentInfo [WIFI () - 602] was already satisfying request 20. No change.
01-31 13:47:15.899  3811  4060 D ConnectivityService: Network NetworkAgentInfo [WIFI () - 602] was already satisfying request 44. No change.
01-31 13:47:15.899  3811  4060 D ConnectivityService: Network NetworkAgentInfo [WIFI () - 602] was already satisfying request 15. No change.
01-31 13:47:15.899  3811  4060 D ConnectivityService: Network NetworkAgentInfo [WIFI () - 602] was already satisfying request 11. No change.
01-31 13:47:15.899  3811  4060 D ConnectivityService:   checking if request is : NetworkRequest [ TRACK_DEFAULT id=51, [ Capabilities: INTERNET&NOT_RESTRICTED&TRUSTED Unwanted:  Uid: 10062] ], satisfies : true
01-31 13:47:15.899  3811  4060 D ConnectivityService: currentScore = 0, newScore = 60
01-31 13:47:15.899  3811  4060 D ConnectivityService: rematch for NetworkAgentInfo [WIFI () - 602]
01-31 13:47:15.899  3811  4060 D ConnectivityService:    accepting network in place of null
01-31 13:47:15.899  3811  4060 D ConnectivityService: sending new Min Network Score(60): NetworkRequest [ TRACK_DEFAULT id=51, [ Capabilities: INTERNET&NOT_RESTRICTED&TRUSTED Unwanted:  Uid: 10062] ]
01-31 13:47:15.899  3811  4045 D WIFI    : got request NetworkRequest [ TRACK_DEFAULT id=51, [ Capabilities: INTERNET&NOT_RESTRICTED&TRUSTED Unwanted:  Uid: 10062] ] with score 60
01-31 13:47:15.899  3811  4045 D WIFI    :   my score=60, my filter=[ Transports: WIFI Capabilities: NOT_METERED&INTERNET&NOT_RESTRICTED&TRUSTED&NOT_VPN&NOT_ROAMING&NOT_CONGESTED Unwanted:  LinkUpBandwidth>=1048576Kbps LinkDnBandwidth>=1048576Kbps]
01-31 13:47:15.899  3811  4045 D WIFI    : evalRequest
01-31 13:47:15.899  3811  4045 D WIFI    :   needNetworkFor
01-31 13:47:15.899  3811  4117 D Ethernet: got request NetworkRequest [ TRACK_DEFAULT id=51, [ Capabilities: INTERNET&NOT_RESTRICTED&TRUSTED Unwanted:  Uid: 10062] ] with score 60
01-31 13:47:15.899  3811  4117 D Ethernet:   my score=110, my filter=[ Transports: ETHERNET LinkUpBandwidth>=100000Kbps LinkDnBandwidth>=100000Kbps]
01-31 13:47:15.899  3811  4117 D Ethernet: evalRequest
01-31 13:47:15.899  3811  4117 D Ethernet:   done
01-31 13:47:15.900  3811  4060 D ConnectivityService: Network NetworkAgentInfo [WIFI () - 602] was already satisfying request 19. No change.
01-31 13:47:15.900  4138  4138 D PhoneSwitcherNetworkRequstListener: got request NetworkRequest [ TRACK_DEFAULT id=51, [ Capabilities: INTERNET&NOT_RESTRICTED&TRUSTED Unwanted:  Uid: 10062] ] with score 60
01-31 13:47:15.900  4138  4138 D PhoneSwitcherNetworkRequstListener:   my score=101, my filter=[ Transports: CELLULAR Capabilities: MMS&SUPL&DUN&FOTA&IMS&CBS&IA&RCS&XCAP&EIMS&INTERNET&NOT_RESTRICTED&TRUSTED&NOT_VPN&ENT1&FOC&MCX Unwanted:  Specifier: <android.net.MatchAllNetworkSpecifier@0>]
01-31 13:47:15.900  4138  4138 D PhoneSwitcherNetworkRequstListener: evalRequest
01-31 13:47:15.900  4138  4138 D PhoneSwitcherNetworkRequstListener:   needNetworkFor
01-31 13:47:15.900  3811  4060 D ConnectivityService: sending notification CALLBACK_AVAILABLE for NetworkRequest [ TRACK_DEFAULT id=51, [ Capabilities: INTERNET&NOT_RESTRICTED&TRUSTED Unwanted:  Uid: 10062] ]
01-31 13:47:15.901  3811  4050 D WIFI_P2P: got request NetworkRequest [ TRACK_DEFAULT id=51, [ Capabilities: INTERNET&NOT_RESTRICTED&TRUSTED Unwanted:  Uid: 10062] ] with score 60
01-31 13:47:15.901  3811  4050 D WIFI_P2P:   my score=60, my filter=[ Transports: WIFI Capabilities: WIFI_P2P&NOT_RESTRICTED&TRUSTED&NOT_VPN Unwanted:  LinkUpBandwidth>=1048576Kbps LinkDnBandwidth>=1048576Kbps]
01-31 13:47:15.901  3811  4050 D WIFI_P2P: evalRequest
01-31 13:47:15.901  3811  4050 D WIFI_P2P:   done
01-31 13:47:15.901  3811  4045 D WIFI_UT : got request NetworkRequest [ TRACK_DEFAULT id=51, [ Capabilities: INTERNET&NOT_RESTRICTED&TRUSTED Unwanted:  Uid: 10062] ] with score 60
01-31 13:47:15.902  3811  4045 D WIFI_UT :   my score=2147483647, my filter=[ Transports: WIFI Capabilities: NOT_METERED&INTERNET&NOT_RESTRICTED&TRUSTED&NOT_VPN&NOT_ROAMING&NOT_CONGESTED Unwanted:  LinkUpBandwidth>=1048576Kbps LinkDnBandwidth>=1048576Kbps]
01-31 13:47:15.902  3811  4045 D WIFI_UT : evalRequest
01-31 13:47:15.902  3811  4045 D WIFI_UT :   needNetworkFor
01-31 13:47:15.904 14662 14696 D ConnectivityManager: requestNetwork; CallingUid : 10062, CallingPid : 14662
01-31 13:47:15.907  3811  4362 D ConnectivityService: listenForNetwork for uid/pid:10062/14662 NetworkRequest [ LISTEN id=52, [ Capabilities: INTERNET&NOT_RESTRICTED&TRUSTED Unwanted:  Uid: 10062] ]
01-31 13:47:15.908  3811  4060 D ConnectivityService: rematching NetworkAgentInfo [WIFI () - 602]
01-31 13:47:15.908  3811  4060 D ConnectivityService:  network has: [ Transports: WIFI Capabilities: INTERNET&NOT_RESTRICTED&TRUSTED&NOT_VPN&VALIDATED&NOT_ROAMING&FOREGROUND&NOT_CONGESTED&NOT_SUSPENDED Unwanted:  LinkUpBandwidth>=1048576Kbps LinkDnBandwidth>=1048576Kbps SignalStrength: -24 SSID: "HUAWEI P20 lite"]
01-31 13:47:15.908  3811  4060 D ConnectivityService: Network NetworkAgentInfo [WIFI () - 602] was already satisfying request 1. No change.
01-31 13:47:15.908  3811  4060 D ConnectivityService: Network NetworkAgentInfo [WIFI () - 602] was already satisfying request 50. No change.
01-31 13:47:15.908  3811  4060 D ConnectivityService: Network NetworkAgentInfo [WIFI () - 602] was already satisfying request 8. No change.
01-31 13:47:15.908  3811  4060 D ConnectivityService: Network NetworkAgentInfo [WIFI () - 602] was already satisfying request 20. No change.
01-31 13:47:15.908  3811  4060 D ConnectivityService: Network NetworkAgentInfo [WIFI () - 602] was already satisfying request 44. No change.
01-31 13:47:15.908  3811  4060 D ConnectivityService: Network NetworkAgentInfo [WIFI () - 602] was already satisfying request 15. No change.
01-31 13:47:15.908  3811  4060 D ConnectivityService: Network NetworkAgentInfo [WIFI () - 602] was already satisfying request 11. No change.
01-31 13:47:15.908  3811  4060 D ConnectivityService: Network NetworkAgentInfo [WIFI () - 602] was already satisfying request 51. No change.
01-31 13:47:15.908  3811  4060 D ConnectivityService: Network NetworkAgentInfo [WIFI () - 602] was already satisfying request 19. No change.
01-31 13:47:15.909  3811  4060 D ConnectivityService: sending notification CALLBACK_AVAILABLE for NetworkRequest [ LISTEN id=52, [ Capabilities: INTERNET&NOT_RESTRICTED&TRUSTED Unwanted:  Uid: 10062] ]
01-31 13:47:15.910  3811  4362 D ConnectivityService: Vpn: getActiveNetworkForUidInternal: 10062, false, false, DISCONNECTED
01-31 13:47:15.911  3811  4362 D ConnectivityService: isNetworkWithLinkPropertiesBlocked: uid=10062, vpn=DISCONNECTED,false
01-31 13:47:15.912  3811  4362 D ConnectivityService: filterNetworkStateForUid() uid: 10062, pid: 14662
01-31 13:47:15.913  3811  4362 D ConnectivityService: isNetworkWithLinkPropertiesBlocked: uid=10062, vpn=DISCONNECTED,false
01-31 13:47:15.913  3811  4362 D ConnectivityService: filterNetworkStateForUid() uid: 10062, pid: 14662, networkInfo: [type: WIFI[], state: CONNECTED/CONNECTED, reason: (unspecified), extra: (none), failover: false, available: true, roaming: false]
01-31 13:47:15.915  3811  4362 D ConnectivityService: Vpn: getActiveNetworkForUidInternal: 10062, false, false, DISCONNECTED
01-31 13:47:15.915  3811  4362 D ConnectivityService: isNetworkWithLinkPropertiesBlocked: uid=10062, vpn=DISCONNECTED,false
01-31 13:47:15.931 14662 14680 I Finsky  : [1295] wtf.d(2): SysUA: Disable SystemUpdateActivity, because Android is lower than Q
01-31 13:47:15.933  3811  4362 D PackageManager: setEnabledSetting : userId = 0 packageName = com.android.vending cmp = com.google.android.finsky.systemupdateactivity.SystemUpdateActivity newState = 2 callingPackage = 10062/com.android.vending
01-31 13:47:15.936  3811  4362 D PackageManager: setEnabledSetting : userId = 0 packageName = com.android.vending cmp = com.google.android.finsky.systemupdateactivity.SettingsSecurityEntryPoint newState = 2 callingPackage = 10062/com.android.vending
01-31 13:47:15.938 14662 14688 I Finsky  : [1303] ffd.run(61): SysUA: Set SystemUpdateActivity enabled state to 2
01-31 13:47:15.956  3811  4362 D PackageManager: setEnabledSetting : userId = 0 packageName = com.android.vending cmp = com.google.android.finsky.systemcomponentupdateui.common.SystemComponentUpdateActivity newState = 1 callingPackage = 10062/com.android.vending
01-31 13:47:15.976 14662 14701 I Finsky  : [1314] qys.run(10): SysCUA: Set {com.android.vending/com.google.android.finsky.systemcomponentupdateui.common.SystemComponentUpdateActivity} enabled state to 1
01-31 13:47:15.999 14662 14683 I cr_CronetLibraryLoader: Cronet version: 98.0.4758.34, arch: aarch64
01-31 13:47:16.000 14662 14702 W android.vendin: Accessing hidden field Ljava/util/Collections$SynchronizedCollection;->mutex:Ljava/lang/Object; (dark greylist, reflection)
01-31 13:47:16.002  3811  4362 D ConnectivityService: Vpn: getActiveNetworkForUidInternal: 10062, false, false, DISCONNECTED
01-31 13:47:16.002  3811  4362 D ConnectivityService: isNetworkWithLinkPropertiesBlocked: uid=10062, vpn=DISCONNECTED,false
01-31 13:47:16.005  3811  5185 D ConnectivityService: filterNetworkStateForUid() uid: 10062, pid: 14662
01-31 13:47:16.006  3811  5185 D ConnectivityService: isNetworkWithLinkPropertiesBlocked: uid=10062, vpn=DISCONNECTED,false
01-31 13:47:16.006  3811  5185 D ConnectivityService: filterNetworkStateForUid() uid: 10062, pid: 14662, networkInfo: [type: WIFI[], state: CONNECTED/CONNECTED, reason: (unspecified), extra: (none), failover: false, available: true, roaming: false]
01-31 13:47:16.011 14662 14680 W Settings: Setting download_manager_max_bytes_over_mobile has moved from android.provider.Settings.Secure to android.provider.Settings.Global.
01-31 13:47:16.015  3811  4362 D ConnectivityService: Vpn: getActiveNetworkForUidInternal: 10062, false, false, DISCONNECTED
01-31 13:47:16.015  3811  4362 D ConnectivityService: isNetworkWithLinkPropertiesBlocked: uid=10062, vpn=DISCONNECTED,false
01-31 13:47:16.021  3811  4362 D ConnectivityService: filterNetworkStateForUid() uid: 10062, pid: 14662
01-31 13:47:16.021  3811  4362 D ConnectivityService: isNetworkWithLinkPropertiesBlocked: uid=10062, vpn=DISCONNECTED,false
01-31 13:47:16.022  3811  4362 D ConnectivityService: filterNetworkStateForUid() uid: 10062, pid: 14662, networkInfo: [type: WIFI[], state: CONNECTED/CONNECTED, reason: (unspecified), extra: (none), failover: false, available: true, roaming: false]
01-31 13:47:16.027 14662 14680 I Finsky  : [1295] mwz.i(3): SettingNotFoundException, fall through to G.downloadBytesOverMobileMaximum
01-31 13:47:16.027 14662 14680 W Settings: Setting download_manager_recommended_max_bytes_over_mobile has moved from android.provider.Settings.Secure to android.provider.Settings.Global.
01-31 13:47:16.031 14662 14680 I Finsky  : [1295] mwz.h(3): SettingNotFoundException, fall through to G.downloadBytesOverMobileRecommended
01-31 13:47:16.039 14662 14680 I Finsky  : [1295] abgh.c(2): registerListener
01-31 13:47:16.047 14662 14680 I Finsky  : [1295] abgh.c(2): registerListener
01-31 13:47:16.049 14662 14702 W android.vendin: Accessing hidden method Ljava/util/Collections$SynchronizedSet;-><init>(Ljava/util/Set;Ljava/lang/Object;)V (dark greylist, reflection)
01-31 13:47:16.055  3811  4362 D ConnectivityService: Vpn: getActiveNetworkForUidInternal: 10062, false, false, DISCONNECTED
01-31 13:47:16.055  3811  4362 D ConnectivityService: isNetworkWithLinkPropertiesBlocked: uid=10062, vpn=DISCONNECTED,false
01-31 13:47:16.056  3811  4362 D ConnectivityService: filterNetworkStateForUid() uid: 10062, pid: 14662
01-31 13:47:16.056  3811  4362 D ConnectivityService: isNetworkWithLinkPropertiesBlocked: uid=10062, vpn=DISCONNECTED,false
01-31 13:47:16.057  3811  4362 D ConnectivityService: filterNetworkStateForUid() uid: 10062, pid: 14662, networkInfo: [type: WIFI[], state: CONNECTED/CONNECTED, reason: (unspecified), extra: (none), failover: false, available: true, roaming: false]
01-31 13:47:16.059 14662 14702 W android.vendin: Accessing hidden method Ljava/util/Collections$SynchronizedCollection;-><init>(Ljava/util/Collection;Ljava/lang/Object;)V (dark greylist, reflection)
01-31 13:47:16.063  3811  4362 D ConnectivityService: Vpn: getActiveNetworkForUidInternal: 10062, false, false, DISCONNECTED
01-31 13:47:16.063  3811  4362 D ConnectivityService: isNetworkWithLinkPropertiesBlocked: uid=10062, vpn=DISCONNECTED,false
01-31 13:47:16.064  3811  4362 D ConnectivityService: filterNetworkStateForUid() uid: 10062, pid: 14662
01-31 13:47:16.064  3811  4362 D ConnectivityService: isNetworkWithLinkPropertiesBlocked: uid=10062, vpn=DISCONNECTED,false
01-31 13:47:16.064  3811  4362 D ConnectivityService: filterNetworkStateForUid() uid: 10062, pid: 14662, networkInfo: [type: WIFI[], state: CONNECTED/CONNECTED, reason: (unspecified), extra: (none), failover: false, available: true, roaming: false]
01-31 13:47:16.070 14662 14683 W Finsky  : [1298] eon.d(24): For unauth, use getDfeApiNonAuthenticated() instead!
01-31 13:47:16.072  3811  5184 D ConnectivityService: filterNetworkStateForUid() uid: 10062, pid: 14662
01-31 13:47:16.072  3811  5184 D ConnectivityService: isNetworkWithLinkPropertiesBlocked: uid=10062, vpn=DISCONNECTED,false
01-31 13:47:16.072  3811  5184 D ConnectivityService: filterNetworkStateForUid() uid: 10062, pid: 14662, networkInfo: [type: WIFI[], state: CONNECTED/CONNECTED, reason: (unspecified), extra: (none), failover: false, available: true, roaming: false]
01-31 13:47:16.073  3811  5184 D ConnectivityService: filterNetworkStateForUid() uid: 10062, pid: 14662
01-31 13:47:16.073  3811  5184 D ConnectivityService: isNetworkWithLinkPropertiesBlocked: uid=10062, vpn=DISCONNECTED,false
01-31 13:47:16.074  3811  5184 D ConnectivityService: filterNetworkStateForUid() uid: 10062, pid: 14662, networkInfo: [type: WIFI[], state: CONNECTED/CONNECTED, reason: (unspecified), extra: (none), failover: false, available: true, roaming: false]
01-31 13:47:16.082 14662 14680 I Finsky  : [1295] ltv.m(5): Enqueuing libraries load for 0
01-31 13:47:16.085 14662 14683 I Finsky  : [1298] gmp.j(3): Subscription detail: N/A
01-31 13:47:16.091 14662 14693 I Finsky  : [1308] ltv.o(1): Starting libraries load for 0
01-31 13:47:16.096  3811  5184 D ActivityManager: The following uid has registered to recieve broadcast for proxy related updates 10062
01-31 13:47:16.097  3811  5184 W ContextImpl: Calling a method in the system process without a qualified user: android.app.ContextImpl.sendBroadcast:1082 com.android.server.am.ActivityManagerService.requestKnoxVpnToSendProxyBroadcast:32371 com.android.server.am.ActivityManagerService.registerReceiver:25418 android.app.IActivityManager$Stub.onTransact$registerReceiver$:10885 android.app.IActivityManager$Stub.onTransact:126 
01-31 13:47:16.100  3811  5184 D ConnectivityService: Vpn: getActiveNetworkForUidInternal: 10062, false, false, DISCONNECTED
01-31 13:47:16.100  3811  5184 D ConnectivityService: isNetworkWithLinkPropertiesBlocked: uid=10062, vpn=DISCONNECTED,false
01-31 13:47:16.136 14662 14683 I Finsky  : [1298] wdo.v(2): Setup app restrictions monitor
01-31 13:47:16.142 14662 14683 I Finsky  : [1298] wjd.a(3): Device wide unknown source restriction is changed.
01-31 13:47:16.149 14662 14681 I Finsky  : [1296] vwo.a(1): Warm data store was already initialized.
01-31 13:47:16.151 14662 14681 I Finsky  : [1296] vwp.a(1): Warm data store was already initialized.
01-31 13:47:16.179 14662 14701 I Finsky  : [1314] pkp.accept(5): SCH: Scheduling phonesky job Id: 1-1337, CT: 1643632708234, Constraints: [{ L: 14399991, D: 53685819, C: 1, I: 1, N: 1 }]
01-31 13:47:16.183 14662 14701 I Finsky  : [1314] pkp.accept(5): SCH: Scheduling phonesky job Id: 3-75, CT: 1643633207282, Constraints: [{ L: 0, D: 86400000, C: 1, I: 2, N: 2 }]
01-31 13:47:16.189 14662 14701 I Finsky  : [1314] pkp.accept(5): SCH: Scheduling phonesky job Id: 3-76, CT: 1643633207283, Constraints: [{ L: 0, D: 86400000, C: 2, I: 1, N: 2 }]
01-31 13:47:16.190 14662 14701 I Finsky  : [1314] pkp.accept(5): SCH: Scheduling phonesky job Id: 10-4, CT: 1643632707765, Constraints: [{ L: 1200000, D: 86400000, C: 1, I: 1, N: 0 }]
01-31 13:47:16.215 14662 14685 I Finsky  : [1300] tcn.<init>(2): Item store provider started.
01-31 13:47:16.256 14662 14701 I Finsky  : [1314] pkp.accept(5): SCH: Scheduling phonesky job Id: 10-26, CT: 1643632707765, Constraints: [{ L: 600000, D: 86400000, C: 1, I: 1, N: 1 }]
01-31 13:47:16.301 14662 14701 I Finsky  : [1314] pkp.accept(5): SCH: Scheduling phonesky job Id: 10-78, CT: 1643632707766, Constraints: [{ L: 0, D: 86400000, C: 1, I: 2, N: 0 }]
01-31 13:47:16.303 14662 14701 I Finsky  : [1314] pkp.accept(5): SCH: Scheduling phonesky job Id: 24-77777777, CT: 1643632698034, Constraints: [{ L: 1, D: 82800000, C: 1, I: 2, N: 0 }]
01-31 13:47:16.305 14662 14701 I Finsky  : [1314] pkp.accept(5): SCH: Scheduling phonesky job Id: 26-1414141414, CT: 1643618512668, Constraints: [{ L: 43199999, D: 44099999, C: 1, I: 1, N: 0 }]
01-31 13:47:16.312  3811  5185 D ConnectivityService: filterNetworkStateForUid() uid: 10062, pid: 14662
01-31 13:47:16.312  3811  5185 D ConnectivityService: isNetworkWithLinkPropertiesBlocked: uid=10062, vpn=DISCONNECTED,false
01-31 13:47:16.312  3811  5185 D ConnectivityService: filterNetworkStateForUid() uid: 10062, pid: 14662, networkInfo: [type: WIFI[], state: CONNECTED/CONNECTED, reason: (unspecified), extra: (none), failover: false, available: true, roaming: false]
01-31 13:47:16.323  3811  3820 I system_server: Background concurrent copying GC freed 353526(19MB) AllocSpace objects, 129(6MB) LOS objects, 42% free, 32MB/56MB, paused 1.444ms total 323.265ms
01-31 13:47:16.387 14662 14701 I Finsky  : [1314] pkp.accept(5): SCH: Scheduling phonesky job Id: 29-29, CT: 1643633205415, Constraints: [{ L: 30000, D: 60000, C: 1, I: 1, N: 0 }]
01-31 13:47:16.393  3811  3818 D SurfaceControl: finalize(protected), animation-leash is released by finalize, sc=Surface(name=Surface(name=AppWindowToken{df39e8a token=Token{dd7e0f5 ActivityRecord{5314e2c u0 com.sec.android.app.launcher/.activities.LauncherActivity t2}}})/@0xd5c0771 - animation-leash)/@0x839d195, nativeObject=543930057600, caller=java.lang.Daemons$FinalizerDaemon.doFinalize:250 java.lang.Daemons$FinalizerDaemon.runInternal:237 java.lang.Daemons$Daemon.run:103 java.lang.Thread.run:764 <bottom of call stack> <bottom of call stack> <bottom of call stack> 
01-31 13:47:16.395  3811  3818 D SurfaceControl: finalize(protected), animation-leash is released by finalize, sc=Surface(name=Surface(name=AppWindowToken{1956b69 token=Token{2e569f0 ActivityRecord{7a9c233 u0 com.opportunistask.scheduling.benchmarking_app_to_test_big_cores/.MainActivity t122}}})/@0x19ac9e4 - animation-leash)/@0xf2ca050, nativeObject=543928656288, caller=java.lang.Daemons$FinalizerDaemon.doFinalize:250 java.lang.Daemons$FinalizerDaemon.runInternal:237 java.lang.Daemons$Daemon.run:103 java.lang.Thread.run:764 <bottom of call stack> <bottom of call stack> <bottom of call stack> 
01-31 13:47:16.396  3811  3818 D SurfaceControl: finalize(protected), animation-leash is released by finalize, sc=Surface(name=Surface(name=dbd8087 Splash Screen com.opportunistask.scheduling.benchmarking_app_to_test_big_cores)/@0xab734ae - animation-leash)/@0xe322ee5, nativeObject=544365483616, caller=java.lang.Daemons$FinalizerDaemon.doFinalize:250 java.lang.Daemons$FinalizerDaemon.runInternal:237 java.lang.Daemons$Daemon.run:103 java.lang.Thread.run:764 <bottom of call stack> <bottom of call stack> <bottom of call stack> 
01-31 13:47:16.397  3811  3818 D SurfaceControl: finalize(protected), animation-leash is released by finalize, sc=Surface(name=Surface(name=e64e0d6 com.google.android.packageinstaller/com.android.packageinstaller.permission.ui.GrantPermissionsActivity)/@0xc5bd461 - animation-leash)/@0xf20559d, nativeObject=543615898560, caller=java.lang.Daemons$FinalizerDaemon.doFinalize:250 java.lang.Daemons$FinalizerDaemon.runInternal:237 java.lang.Daemons$Daemon.run:103 java.lang.Thread.run:764 <bottom of call stack> <bottom of call stack> <bottom of call stack> 
01-31 13:47:16.398 14662 14693 I Finsky  : [1308] ltv.o(23): Finished loading 0 libraries.
01-31 13:47:16.398  3811  3818 D SurfaceControl: finalize(protected), animation-leash is released by finalize, sc=Surface(name=Surface(name=Dim Layer for - Task=122)/@0xf487a12 - animation-leash)/@0x9b1ae99, nativeObject=543599550464, caller=java.lang.Daemons$FinalizerDaemon.doFinalize:250 java.lang.Daemons$FinalizerDaemon.runInternal:237 java.lang.Daemons$Daemon.run:103 java.lang.Thread.run:764 <bottom of call stack> <bottom of call stack> <bottom of call stack> 
01-31 13:47:16.400  3811  3818 D SurfaceControl: finalize(protected), animation-leash is released by finalize, sc=Surface(name=Surface(name=AppWindowToken{3f5ce67 token=Token{b59a226 ActivityRecord{238181 u0 com.google.android.packageinstaller/com.android.packageinstaller.permission.ui.GrantPermissionsActivity t122}}})/@0x1d52b86 - animation-leash)/@0x208f594, nativeObject=543919931136, caller=java.lang.Daemons$FinalizerDaemon.doFinalize:250 java.lang.Daemons$FinalizerDaemon.runInternal:237 java.lang.Daemons$Daemon.run:103 java.lang.Thread.run:764 <bottom of call stack> <bottom of call stack> <bottom of call stack> 
01-31 13:47:16.401  3811  3818 D SurfaceControl: finalize(protected), animation-leash is released by finalize, sc=Surface(name=Surface(name=Dim Layer for - Task=122)/@0xf487a12 - animation-leash)/@0xcebd832, nativeObject=543691251744, caller=java.lang.Daemons$FinalizerDaemon.doFinalize:250 java.lang.Daemons$FinalizerDaemon.runInternal:237 java.lang.Daemons$Daemon.run:103 java.lang.Thread.run:764 <bottom of call stack> <bottom of call stack> <bottom of call stack> 
01-31 13:47:16.402  3811  3818 D SurfaceControl: finalize(protected), animation-leash is released by finalize, sc=Surface(name=Surface(name=e64e0d6 com.google.android.packageinstaller/com.android.packageinstaller.permission.ui.GrantPermissionsActivity)/@0xc5bd461 - animation-leash)/@0xb39871, nativeObject=543615898944, caller=java.lang.Daemons$FinalizerDaemon.doFinalize:250 java.lang.Daemons$FinalizerDaemon.runInternal:237 java.lang.Daemons$Daemon.run:103 java.lang.Thread.run:764 <bottom of call stack> <bottom of call stack> <bottom of call stack> 
01-31 13:47:16.407  3811  3818 D SurfaceControl: finalize(protected), animation-leash is released by finalize, sc=Surface(name=Surface(name=907fc84 Application Error: com.android.vending)/@0x703e652 - animation-leash)/@0xed6159e, nativeObject=544365485440, caller=java.lang.Daemons$FinalizerDaemon.doFinalize:250 java.lang.Daemons$FinalizerDaemon.runInternal:237 java.lang.Daemons$Daemon.run:103 java.lang.Thread.run:764 <bottom of call stack> <bottom of call stack> <bottom of call stack> 
01-31 13:47:16.408  3811  3818 D SurfaceControl: finalize(protected), animation-leash is released by finalize, sc=Surface(name=Surface(name=Dim Layer for - mAboveAppWindowsContainers)/@0x1f1887f - animation-leash)/@0xf202d9b, nativeObject=543919932960, caller=java.lang.Daemons$FinalizerDaemon.doFinalize:250 java.lang.Daemons$FinalizerDaemon.runInternal:237 java.lang.Daemons$Daemon.run:103 java.lang.Thread.run:764 <bottom of call stack> <bottom of call stack> <bottom of call stack> 
01-31 13:47:16.409  3811  3818 D SurfaceControl: finalize(protected), animation-leash is released by finalize, sc=Surface(name=Surface(name=907fc84 Application Error: com.android.vending)/@0x703e652 - animation-leash)/@0x8e9fc68, nativeObject=543821512416, caller=java.lang.Daemons$FinalizerDaemon.doFinalize:250 java.lang.Daemons$FinalizerDaemon.runInternal:237 java.lang.Daemons$Daemon.run:103 java.lang.Thread.run:764 <bottom of call stack> <bottom of call stack> <bottom of call stack> 
01-31 13:47:16.410  3811  3818 D SurfaceControl: finalize(protected), animation-leash is released by finalize, sc=Surface(name=Surface(name=Dim Layer for - mAboveAppWindowsContainers)/@0x1f1887f - animation-leash)/@0x77b2d26, nativeObject=544365484480, caller=java.lang.Daemons$FinalizerDaemon.doFinalize:250 java.lang.Daemons$FinalizerDaemon.runInternal:237 java.lang.Daemons$Daemon.run:103 java.lang.Thread.run:764 <bottom of call stack> <bottom of call stack> <bottom of call stack> 
01-31 13:47:16.412  3811  3818 D SurfaceControl: finalize(protected), animation-leash is released by finalize, sc=Surface(name=Surface(name=1c94f98 Toast)/@0xcfcd44 - animation-leash)/@0x29e79b0, nativeObject=544365488704, caller=java.lang.Daemons$FinalizerDaemon.doFinalize:250 java.lang.Daemons$FinalizerDaemon.runInternal:237 java.lang.Daemons$Daemon.run:103 java.lang.Thread.run:764 <bottom of call stack> <bottom of call stack> <bottom of call stack> 
01-31 13:47:16.412  3811  3818 D SurfaceControl: finalize(protected), animation-leash is released by finalize, sc=Surface(name=Surface(name=1c94f98 Toast)/@0xcfcd44 - animation-leash)/@0xea9d36b, nativeObject=543930062784, caller=java.lang.Daemons$FinalizerDaemon.doFinalize:250 java.lang.Daemons$FinalizerDaemon.runInternal:237 java.lang.Daemons$Daemon.run:103 java.lang.Thread.run:764 <bottom of call stack> <bottom of call stack> <bottom of call stack> 
01-31 13:47:16.503 14662 14685 I Finsky  : [1300] tcn.r(6): Created new item store.
01-31 13:47:16.541 14662 14662 E Finsky  : [2] VerifyPerSourceInstallationConsentInstallTask.d(2): Package name null is not an installed package
01-31 13:47:16.579 14662 14685 I Finsky  : [1300] wjb.a(7): Single user settings service is not running, bind it now
01-31 13:47:16.626 14662 14662 I Finsky  : [2] jxn.C(3): Installer: Attempting to start installer
01-31 13:47:16.632 14662 14662 I Finsky  : [2] abgh.c(2): registerListener
01-31 13:47:16.643 14662 14662 I Finsky  : [2] vwo.a(1): Warm data store was already initialized.
01-31 13:47:16.659 14662 14662 I chatty  : uid=10062(com.android.vending) identical 2 lines
01-31 13:47:16.661 14662 14662 I Finsky  : [2] vwo.a(1): Warm data store was already initialized.
01-31 13:47:16.670 14662 14662 I Finsky  : [2] kdt.<init>(18): Initializing pausers from value store.
01-31 13:47:16.672 14662 14662 I Finsky  : [2] kdt.<init>(21): Get the following callers from value store [].
01-31 13:47:16.694 14662 14662 I Finsky  : [2] qcn.onStartJob(3): SCH: job service start with id 9642.
01-31 13:47:16.696 14662 14662 I Finsky  : [2] gmo.onSubscriptionsChanged(1): onSubscriptionsChanged
01-31 13:47:16.705  3811  5185 D ConnectivityService: filterNetworkStateForUid() uid: 10062, pid: 14662
01-31 13:47:16.705  3811  5185 D ConnectivityService: isNetworkWithLinkPropertiesBlocked: uid=10062, vpn=DISCONNECTED,false
01-31 13:47:16.706  3811  5185 D ConnectivityService: filterNetworkStateForUid() uid: 10062, pid: 14662, networkInfo: [type: WIFI[], state: CONNECTED/CONNECTED, reason: (unspecified), extra: (none), failover: false, available: true, roaming: false]
01-31 13:47:16.710 14662 14662 I Finsky  : [2] jwf.onServiceConnected(5): Single user settings service is connected
01-31 13:47:16.926 14662 14685 W Settings: Setting install_non_market_apps has moved from android.provider.Settings.Global to android.provider.Settings.Secure, returning read-only value.
01-31 13:47:16.930 14662 14685 I Finsky  : [1300] VerifyInstallTask.e(3): Cannot find file for file:///data/app/vmdl1005153130.tmp in request id=1
01-31 13:47:16.930 14662 14685 I Finsky  : [1300] VerifyAppsInstallTask.Z(5): Verify: Cannot read archive for file:///data/app/vmdl1005153130.tmp in request id=1, package=com.opportunistask.scheduling.benchmarking_app_to_test_big_cores. Malformed package?
01-31 13:47:16.933 14662 14685 I Finsky  : [1300] VerifyInstallTask.e(3): Cannot find file for file:///data/app/vmdl1005153130.tmp in request id=1
01-31 13:47:16.934 14662 14685 I Finsky  : [1300] VerifyMissingSplitsInstallTask.mC(7): Could not tell if Splits is installed due to null packageInfo for id=1. Assuming not.
01-31 13:47:16.934 14662 14685 I Finsky  : [1300] VerifyMissingSplitsInstallTask.d(1): Assuming split not required due to null packageInfo for id=1
01-31 13:47:16.936 14662 14685 I Finsky  : [1300] VerifyPerSourceInstallationConsentInstallTask.mC(2): PSIC verification started with installer uid: 2000 package name: null, originating uid: -1
01-31 13:47:16.945 14662 14662 I Finsky  : [2] VerifyInstallTask.j(2): Returning package verification result id=1, result=ALLOW
01-31 13:47:16.946  3811  5184 D PackageManager: [VERIFY] verifyPendingInstall(1, ALLOW), uid=10062
01-31 13:47:16.947  3811  3901 W PackageManager: [VERIFY] Invalid verification token 1 received
01-31 13:47:16.949 14662 14662 I Finsky  : [2] VerifyInstallTask.mB(6): Verification complete: id=1, package_name=com.opportunistask.scheduling.benchmarking_app_to_test_big_cores
01-31 13:47:17.033 14662 14701 I Finsky  : [1314] pun.apply(14): SCH: Scheduling 0 system job(s)
01-31 13:47:17.037 14662 14684 D NetworkSecurityConfig: No Network Security Config specified, using platform default
01-31 13:47:17.040 14662 14684 I System.out: (HTTPLog)-Static: isSBSettingEnabled false
01-31 13:47:17.040 14662 14684 I System.out: (HTTPLog)-Static: isSBSettingEnabled false
01-31 13:47:17.042 14662 14691 I Finsky  : [1306] qay.a(94): SCH: Satisfied jobs for 9642 are: 29-29
01-31 13:47:17.042  3293  3434 D EnterpriseController: netId is 0
01-31 13:47:17.042  3293  3434 E Netd    : getNetworkForDns: getNetId from enterpriseCtrl is netid 0
01-31 13:47:17.042  3293  3434 D DnsProxyListener: DNSDBG::dns addrinfo af 2
01-31 13:47:17.053 14662 14684 D TcpOptimizer: TcpOptimizer-ON
01-31 13:47:17.059 14662 14741 I Finsky  : [1343] prk.accept(16): SCH: Job 29-29 starting
01-31 13:47:17.064 14662 14732 I Finsky  : [1338] hyy.g(1): getDownloads()
01-31 13:47:17.097 14548 14548 I Finsky:background: [2] kwr.onCreate(2): IPC-SERVER: Starting gRPC host service...
01-31 13:47:17.132 14662 14747 I Finsky  : [1347] uau.e(0): ProcessRecoveryLogsUtil: No files in recovery directory
01-31 13:47:17.133 14662 14747 I Finsky  : [1347] qaw.r(4): SCH: jobFinished: 29-29. TimeElapsed: 40ms.
01-31 13:47:17.158  3811  5185 D ConnectivityService: filterNetworkStateForUid() uid: 10038, pid: 4611
01-31 13:47:17.159  3811  5185 D ConnectivityService: isNetworkWithLinkPropertiesBlocked: uid=10038, vpn=DISCONNECTED,false
01-31 13:47:17.159  3811  5185 D ConnectivityService: filterNetworkStateForUid() uid: 10038, pid: 4611, networkInfo: [type: WIFI[], state: CONNECTED/CONNECTED, reason: (unspecified), extra: (none), failover: false, available: true, roaming: false]
01-31 13:47:17.183 14548 14751 I Finsky:background: [1301] hws.f(1): getDownloads()
01-31 13:47:17.212 14662 14694 I Finsky  : [1309] hyy.g(1): getDownloads()
01-31 13:47:17.214 14548 14751 I Finsky:background: [1301] hws.f(1): getDownloads()
01-31 13:47:17.220 14662 14731 I Finsky  : [1337] jwz.run(23): Installer: Installer starting
01-31 13:47:17.221 14662 14731 I Finsky  : [1337] jwz.run(26): Installer: Installer started
01-31 13:47:17.229 14662 14662 I Finsky  : [2] gka.a(1): DL: Creating dataloader logger using a new logging context.
01-31 13:47:17.246 14662 14662 I Finsky  : [2] jxn.R(7): Installer: found apps to install. isMultiUserMode=false, apps=[]
01-31 13:47:17.247  3811  5185 D ConnectivityService: filterNetworkStateForUid() uid: 10062, pid: 14662
01-31 13:47:17.247  3811  5185 D ConnectivityService: isNetworkWithLinkPropertiesBlocked: uid=10062, vpn=DISCONNECTED,false
01-31 13:47:17.247  3811  5185 D ConnectivityService: filterNetworkStateForUid() uid: 10062, pid: 14662, networkInfo: [type: WIFI[], state: CONNECTED/CONNECTED, reason: (unspecified), extra: (none), failover: false, available: true, roaming: false]
01-31 13:47:17.248  3811  5185 D ConnectivityService: filterNetworkStateForUid() uid: 10062, pid: 14662
01-31 13:47:17.248  3811  5185 D ConnectivityService: isNetworkWithLinkPropertiesBlocked: uid=10062, vpn=DISCONNECTED,false
01-31 13:47:17.248  3811  5185 D ConnectivityService: filterNetworkStateForUid() uid: 10062, pid: 14662, networkInfo: [type: WIFI[], state: CONNECTED/CONNECTED, reason: (unspecified), extra: (none), failover: false, available: true, roaming: false]
01-31 13:47:17.263 14662 14701 I Finsky  : [1314] pkp.accept(5): SCH: Scheduling phonesky job Id: 10-4, CT: 1643632707765, Constraints: [{ L: 1200000, D: 86400000, C: 1, I: 1, N: 0 }]
01-31 13:47:17.264 14662 14701 I Finsky  : [1314] pkp.accept(5): SCH: Scheduling phonesky job Id: 26-1414141414, CT: 1643618512668, Constraints: [{ L: 43199999, D: 44099999, C: 1, I: 1, N: 0 }]
01-31 13:47:17.327 14662 14701 I Finsky  : [1314] pun.apply(14): SCH: Scheduling 1 system job(s)
01-31 13:47:17.328 14662 14701 I Finsky  : [1314] pun.apply(20): SCH: Scheduling system job Id: 9668, L: 670438, D: 29375340, C: false, I: false, N: 0
01-31 13:47:17.378 14662 14754 I Finsky  : [1350] kbc.a(121): IV2: found recoverable installs: []
01-31 13:47:17.382 14662 14741 I Finsky  : [1343] qcn.a(16): SCH: job service finished with id 9642.
01-31 13:47:17.430  3811  4044 D WifiTrafficPoller: TrafficStats TxPkts=873 RxPkts=800 TxBytes=202857 RxBytes=450454 , Foreground uid=10231 pkgName=com.opportunistask.scheduling.benchmarking_app_to_test_big_cores TxPackets=0 RxPackets=0 TxBytes=0 RxBytes=0
01-31 13:47:17.432  4171  4171 D SecStatusBarWifiView: updateState: WifiIconState(resId=2131232632, visible=true, activityId=2131232659)
01-31 13:47:17.465  3811  5185 I SamsungAlarmManager: setLocked to kernel - T:2 / 20220131T134800, SetElapsed=508451, nowELAPSED=465915
01-31 13:47:17.465  3811  5185 D SamsungAlarmManager: setInexact Listener (T:2/F:0/AC:false) 20220131T134800 - CU:1000/CP:3811
01-31 13:47:17.465  3811  5185 I SamsungAlarmManager: setLocked to kernel - T:2 / 20220131T134800, SetElapsed=508451, nowELAPSED=465916
01-31 13:47:17.471  3811  5185 I SamsungAlarmManager: setLocked to kernel - T:2 / 20220131T134800, SetElapsed=508507, nowELAPSED=465922
01-31 13:47:17.471  3811  5185 I SamsungAlarmManager: setLocked to kernel - T:3 / 20220131T134800, SetElapsed=508451, nowELAPSED=465922
01-31 13:47:17.472  3811  5185 D SamsungAlarmManager: setInexact Listener (T:2/F:0/AC:false) 20220131T134802 - CU:1000/CP:3811
01-31 13:47:17.473  3811  5185 I SamsungAlarmManager: setLocked to kernel - T:2 / 20220131T134802, SetElapsed=510534, nowELAPSED=465922
01-31 13:47:17.473  3811  5185 I SamsungAlarmManager: setLocked to kernel - T:3 / 20220131T134800, SetElapsed=508451, nowELAPSED=465924
01-31 13:47:17.574 14662 14691 I Finsky  : [1306] qbl.apply(16): SCH: Canceling job 3-75
01-31 13:47:17.591 14662 14688 I Finsky  : [1303] qap.a(2): SCH: no pending jobs to schedule.
01-31 13:47:17.619 14662 14691 I Finsky  : [1306] qbl.apply(16): SCH: Canceling job 3-76
01-31 13:47:17.633 14662 14701 I Finsky  : [1314] qap.a(2): SCH: no pending jobs to schedule.
01-31 13:47:17.659  3203  3203 I keymaster_tee: [INFO]:  (nwd_keymaster_mdfpp.cpp:791) entered get_key_characteristics function.
01-31 13:47:17.661  3203  3203 D keymaster_tee: [DEBUG]: (nwd_keymaster_mobicore.c:353) TLC_COMMAND(e): cmd = 0x00000009, ret = 0x00000000
01-31 13:47:17.661  3203  3203 D keymaster_tee: [DEBUG]: (keymaster_params_log.c:282) ret OK PARAMS: SIZE:256 AES ENC DEC GCM PADNO AUTH 20220118132303 
01-31 13:47:17.661  3203  3203 I keymaster_tee: [INFO]:  (nwd_keymaster_mdfpp.cpp:805) exit get_key_characteristics function, returns 0
01-31 13:47:17.661  3203  3203 W /vendor/bin/hw/android.hardware.keymaster@3.0-service: Not performing software digesting for symmetric cipher keys
01-31 13:47:17.679  3203  3203 I keymaster_tee: [INFO]:  (nwd_keymaster_mdfpp.cpp:791) entered get_key_characteristics function.
01-31 13:47:17.680  3203  3203 D keymaster_tee: [DEBUG]: (nwd_keymaster_mobicore.c:353) TLC_COMMAND(e): cmd = 0x00000009, ret = 0x00000000
01-31 13:47:17.680  3203  3203 D keymaster_tee: [DEBUG]: (keymaster_params_log.c:282) ret OK PARAMS: SIZE:256 AES ENC DEC GCM PADNO AUTH 20220118132303 
01-31 13:47:17.680  3203  3203 I keymaster_tee: [INFO]:  (nwd_keymaster_mdfpp.cpp:805) exit get_key_characteristics function, returns 0
01-31 13:47:17.682  3203  3203 I keymaster_tee: [INFO]:  (nwd_keymaster_mdfpp.cpp:744) entered add_rng_entropy function.
01-31 13:47:17.682  3203  3203 D keymaster_tee: [DEBUG]: (nwd_keymaster_tc_api.c:988) ******PRNG ENTROPY***NWD****
01-31 13:47:17.684  3203  3203 D keymaster_tee: [DEBUG]: (nwd_keymaster_mobicore.c:353) TLC_COMMAND(e): cmd = 0x00000007, ret = 0x00000000
01-31 13:47:17.684  3203  3203 I keymaster_tee: [INFO]:  (nwd_keymaster_mdfpp.cpp:755) exit add_rng_entropy function, returns 0
01-31 13:47:17.680  3203  3203 I chatty  : uid=1000(system) keymaster@3.0-s identical 2 lines
01-31 13:47:17.680  3203  3203 W /vendor/bin/hw/android.hardware.keymaster@3.0-service: Not performing software digesting for symmetric cipher keys
01-31 13:47:17.684 14662 14757 I Finsky  : [1353] kbn.apply(83): IQ: Creating job 77, for (REQ_DEVICE_IDLE, REQ_GEARHEAD_PROJECTION_OFF, MIN_BATTERY=50, SHOULD_APPLY_BUDGET=true, NETWORK=UNMETERED, PROVISIONING_STATE=PROVISIONED)
01-31 13:47:17.686  3203  3203 I keymaster_tee: [INFO]:  (nwd_keymaster_mdfpp.cpp:791) entered get_key_characteristics function.
01-31 13:47:17.687  3203  3203 D keymaster_tee: [DEBUG]: (nwd_keymaster_mobicore.c:353) TLC_COMMAND(e): cmd = 0x00000009, ret = 0x00000000
01-31 13:47:17.687  3203  3203 D keymaster_tee: [DEBUG]: (keymaster_params_log.c:282) ret OK PARAMS: SIZE:256 AES ENC DEC GCM PADNO AUTH 20220118132303 
01-31 13:47:17.687  3203  3203 I keymaster_tee: [INFO]:  (nwd_keymaster_mdfpp.cpp:805) exit get_key_characteristics function, returns 0
01-31 13:47:17.688  3203  3203 W /vendor/bin/hw/android.hardware.keymaster@3.0-service: Not performing software digesting for symmetric cipher keys
01-31 13:47:17.688  3203  3203 I keymaster_tee: [INFO]:  (nwd_keymaster_mdfpp.cpp:880) entered begin function.
01-31 13:47:17.689  3203  3203 D keymaster_tee: [DEBUG]: (nwd_keymaster_mobicore.c:353) TLC_COMMAND(e): cmd = 0x0000000E, ret = 0x00000000
01-31 13:47:17.689  3203  3203 I keymaster_tee: [INFO]:  (nwd_keymaster_mdfpp.cpp:889) exit begin function, returns 0
01-31 13:47:17.694  3203  3203 I keymaster_tee: [INFO]:  (nwd_keymaster_mdfpp.cpp:900) entered update function.
01-31 13:47:17.695  3203  3203 D keymaster_tee: [DEBUG]: (nwd_keymaster_mobicore.c:353) TLC_COMMAND(e): cmd = 0x0000000F, ret = 0x00000000
01-31 13:47:17.695  3203  3203 I keymaster_tee: [INFO]:  (nwd_keymaster_mdfpp.cpp:910) exit update function, returns 0
01-31 13:47:17.702  3203  3203 I keymaster_tee: [INFO]:  (nwd_keymaster_mdfpp.cpp:920) entered finish function.
01-31 13:47:17.703  3203  3203 D keymaster_tee: [DEBUG]: (nwd_keymaster_mobicore.c:353) TLC_COMMAND(e): cmd = 0x00000010, ret = 0x00000000
01-31 13:47:17.703  3203  3203 I keymaster_tee: [INFO]:  (nwd_keymaster_mdfpp.cpp:930) exit finish function, returns 0
01-31 13:47:17.688  3203  3203 W /vendor/bin/hw/android.hardware.keymaster@3.0-service: Not performing software digesting for symmetric cipher keys
01-31 13:47:17.704  3362  3362 I KeystoreOperation: Block api uploadOpAsProto, wasSuccessful : 1
01-31 13:47:17.706  3362  3362 W keystore: ENTER remove operation from uid 10062
01-31 13:47:17.710 14662 14757 I Finsky  : [1353] kbn.apply(83): IQ: Creating job 78, for (REQ_CHARGING, REQ_GEARHEAD_PROJECTION_OFF, NETWORK=UNMETERED, PROVISIONING_STATE=PROVISIONED)
01-31 13:47:17.711 14662 14757 I Finsky  : [1353] kek.x(9): IQ: Bulk scheduling created jobs
01-31 13:47:17.713  3203  3203 I keymaster_tee: [INFO]:  (nwd_keymaster_mdfpp.cpp:791) entered get_key_characteristics function.
01-31 13:47:17.715  3203  3203 D keymaster_tee: [DEBUG]: (nwd_keymaster_mobicore.c:353) TLC_COMMAND(e): cmd = 0x00000009, ret = 0x00000000
01-31 13:47:17.715  3203  3203 D keymaster_tee: [DEBUG]: (keymaster_params_log.c:282) ret OK PARAMS: SIZE:256 AES ENC DEC GCM PADNO AUTH 20220118132303 
01-31 13:47:17.715  3203  3203 I keymaster_tee: [INFO]:  (nwd_keymaster_mdfpp.cpp:805) exit get_key_characteristics function, returns 0
01-31 13:47:17.715  3203  3203 W /vendor/bin/hw/android.hardware.keymaster@3.0-service: Not performing software digesting for symmetric cipher keys
01-31 13:47:17.717  3203  3203 I keymaster_tee: [INFO]:  (nwd_keymaster_mdfpp.cpp:791) entered get_key_characteristics function.
01-31 13:47:17.719  3203  3203 D keymaster_tee: [DEBUG]: (nwd_keymaster_mobicore.c:353) TLC_COMMAND(e): cmd = 0x00000009, ret = 0x00000000
01-31 13:47:17.719  3203  3203 D keymaster_tee: [DEBUG]: (keymaster_params_log.c:282) ret OK PARAMS: SIZE:256 AES ENC DEC GCM PADNO AUTH 20220118132303 
01-31 13:47:17.719  3203  3203 I keymaster_tee: [INFO]:  (nwd_keymaster_mdfpp.cpp:805) exit get_key_characteristics function, returns 0
01-31 13:47:17.719  3203  3203 I keymaster_tee: [INFO]:  (nwd_keymaster_mdfpp.cpp:880) entered begin function.
01-31 13:47:17.720  3203  3203 D keymaster_tee: [DEBUG]: (nwd_keymaster_mobicore.c:353) TLC_COMMAND(e): cmd = 0x0000000E, ret = 0x00000000
01-31 13:47:17.721  3203  3203 I keymaster_tee: [INFO]:  (nwd_keymaster_mdfpp.cpp:889) exit begin function, returns 0
01-31 13:47:17.727  3203  3203 I keymaster_tee: [INFO]:  (nwd_keymaster_mdfpp.cpp:900) entered update function.
01-31 13:47:17.728  3203  3203 D keymaster_tee: [DEBUG]: (nwd_keymaster_mobicore.c:353) TLC_COMMAND(e): cmd = 0x0000000F, ret = 0x00000000
01-31 13:47:17.728  3203  3203 I keymaster_tee: [INFO]:  (nwd_keymaster_mdfpp.cpp:910) exit update function, returns 0
01-31 13:47:17.719  3203  3203 I chatty  : uid=1000(system) keymaster@3.0-s identical 2 lines
01-31 13:47:17.719  3203  3203 W /vendor/bin/hw/android.hardware.keymaster@3.0-service: Not performing software digesting for symmetric cipher keys
01-31 13:47:17.729 14662 14685 I System.out: (HTTPLog)-Static: isSBSettingEnabled false
01-31 13:47:17.735  3203  3203 I keymaster_tee: [INFO]:  (nwd_keymaster_mdfpp.cpp:920) entered finish function.
01-31 13:47:17.736  3203  3203 D keymaster_tee: [DEBUG]: (nwd_keymaster_mobicore.c:353) TLC_COMMAND(e): cmd = 0x00000010, ret = 0x00000000
01-31 13:47:17.736  3203  3203 I keymaster_tee: [INFO]:  (nwd_keymaster_mdfpp.cpp:930) exit finish function, returns 0
01-31 13:47:17.729 14662 14685 I System.out: (HTTPLog)-Static: isSBSettingEnabled false
01-31 13:47:17.736  3362  3362 I KeystoreOperation: Block api uploadOpAsProto, wasSuccessful : 1
01-31 13:47:17.739  3362  3362 W keystore: ENTER remove operation from uid 10062
01-31 13:47:17.746  3203  3203 I keymaster_tee: [INFO]:  (nwd_keymaster_mdfpp.cpp:791) entered get_key_characteristics function.
01-31 13:47:17.747  3203  3203 D keymaster_tee: [DEBUG]: (nwd_keymaster_mobicore.c:353) TLC_COMMAND(e): cmd = 0x00000009, ret = 0x00000000
01-31 13:47:17.747  3203  3203 D keymaster_tee: [DEBUG]: (keymaster_params_log.c:282) ret OK PARAMS: SIZE:256 AES ENC DEC GCM PADNO AUTH 20220118132303 
01-31 13:47:17.747  3203  3203 I keymaster_tee: [INFO]:  (nwd_keymaster_mdfpp.cpp:805) exit get_key_characteristics function, returns 0
01-31 13:47:17.747  3203  3203 W /vendor/bin/hw/android.hardware.keymaster@3.0-service: Not performing software digesting for symmetric cipher keys
01-31 13:47:17.749  3203  3203 I keymaster_tee: [INFO]:  (nwd_keymaster_mdfpp.cpp:791) entered get_key_characteristics function.
01-31 13:47:17.751  3203  3203 D keymaster_tee: [DEBUG]: (nwd_keymaster_mobicore.c:353) TLC_COMMAND(e): cmd = 0x00000009, ret = 0x00000000
01-31 13:47:17.751  3203  3203 D keymaster_tee: [DEBUG]: (keymaster_params_log.c:282) ret OK PARAMS: SIZE:256 AES ENC DEC GCM PADNO AUTH 20220118132303 
01-31 13:47:17.751  3203  3203 I keymaster_tee: [INFO]:  (nwd_keymaster_mdfpp.cpp:805) exit get_key_characteristics function, returns 0
01-31 13:47:17.751  3203  3203 I keymaster_tee: [INFO]:  (nwd_keymaster_mdfpp.cpp:880) entered begin function.
01-31 13:47:17.752  3203  3203 D keymaster_tee: [DEBUG]: (nwd_keymaster_mobicore.c:353) TLC_COMMAND(e): cmd = 0x0000000E, ret = 0x00000000
01-31 13:47:17.752  3203  3203 I keymaster_tee: [INFO]:  (nwd_keymaster_mdfpp.cpp:889) exit begin function, returns 0
01-31 13:47:17.758  3203  3203 I keymaster_tee: [INFO]:  (nwd_keymaster_mdfpp.cpp:900) entered update function.
01-31 13:47:17.759  3203  3203 D keymaster_tee: [DEBUG]: (nwd_keymaster_mobicore.c:353) TLC_COMMAND(e): cmd = 0x0000000F, ret = 0x00000000
01-31 13:47:17.759  3203  3203 I keymaster_tee: [INFO]:  (nwd_keymaster_mdfpp.cpp:910) exit update function, returns 0
01-31 13:47:17.774  3203  3203 I keymaster_tee: [INFO]:  (nwd_keymaster_mdfpp.cpp:920) entered finish function.
01-31 13:47:17.775  3203  3203 D keymaster_tee: [DEBUG]: (nwd_keymaster_mobicore.c:353) TLC_COMMAND(e): cmd = 0x00000010, ret = 0x00000000
01-31 13:47:17.775  3203  3203 I keymaster_tee: [INFO]:  (nwd_keymaster_mdfpp.cpp:930) exit finish function, returns 0
01-31 13:47:17.751  3203  3203 I chatty  : uid=1000(system) keymaster@3.0-s identical 2 lines
01-31 13:47:17.751  3203  3203 W /vendor/bin/hw/android.hardware.keymaster@3.0-service: Not performing software digesting for symmetric cipher keys
01-31 13:47:17.776  3362  3362 I KeystoreOperation: Block api uploadOpAsProto, wasSuccessful : 1
01-31 13:47:17.778 14662 14662 I Finsky  : [2] vwo.a(1): Warm data store was already initialized.
01-31 13:47:17.778  3362  3362 W keystore: ENTER remove operation from uid 10062
