01-31 13:47:46.478  3811  4060 D ConnectivityService: Network NetworkAgentInfo [WIFI () - 602] was already satisfying request 15. No change.
01-31 13:47:46.478  3811  4060 D ConnectivityService: Network NetworkAgentInfo [WIFI () - 602] was already satisfying request 11. No change.
01-31 13:47:46.478  3811  4060 D ConnectivityService: Network NetworkAgentInfo [WIFI () - 602] was already satisfying request 53. No change.
01-31 13:47:46.478  3811  4060 D ConnectivityService: Network NetworkAgentInfo [WIFI () - 602] was already satisfying request 19. No change.
01-31 13:47:46.479  3811  4060 D ConnectivityService: sending notification CALLBACK_AVAILABLE for NetworkRequest [ LISTEN id=54, [ Capabilities: INTERNET&NOT_RESTRICTED&TRUSTED Unwanted:  Uid: 10062] ]
01-31 13:47:46.481  3811  5539 D ConnectivityService: Vpn: getActiveNetworkForUidInternal: 10062, false, false, DISCONNECTED
01-31 13:47:46.481  3811  5539 D ConnectivityService: isNetworkWithLinkPropertiesBlocked: uid=10062, vpn=DISCONNECTED,false
01-31 13:47:46.485  3811  9534 D PackageManager: setEnabledSetting : userId = 0 packageName = com.android.vending cmp = com.google.android.finsky.systemcomponentupdateui.common.SystemComponentUpdateActivity newState = 1 callingPackage = 10062/com.android.vending
01-31 13:47:46.486  3811  5539 D ConnectivityService: filterNetworkStateForUid() uid: 10062, pid: 14876
01-31 13:47:46.486  3811  5539 D ConnectivityService: isNetworkWithLinkPropertiesBlocked: uid=10062, vpn=DISCONNECTED,false
01-31 13:47:46.487  3811  5539 D ConnectivityService: filterNetworkStateForUid() uid: 10062, pid: 14876, networkInfo: [type: WIFI[], state: CONNECTED/CONNECTED, reason: (unspecified), extra: (none), failover: false, available: true, roaming: false]
01-31 13:47:46.488 14876 14913 W android.vendin: Accessing hidden field Ljava/util/Collections$SynchronizedCollection;->mutex:Ljava/lang/Object; (dark greylist, reflection)
01-31 13:47:46.489 14876 14913 W android.vendin: Accessing hidden method Ljava/util/Collections$SynchronizedSet;-><init>(Ljava/util/Set;Ljava/lang/Object;)V (dark greylist, reflection)
01-31 13:47:46.491  3811  5184 D ConnectivityService: Vpn: getActiveNetworkForUidInternal: 10062, false, false, DISCONNECTED
01-31 13:47:46.491  3811  5184 D ConnectivityService: isNetworkWithLinkPropertiesBlocked: uid=10062, vpn=DISCONNECTED,false
01-31 13:47:46.508 14876 14913 W android.vendin: Accessing hidden method Ljava/util/Collections$SynchronizedCollection;-><init>(Ljava/util/Collection;Ljava/lang/Object;)V (dark greylist, reflection)
01-31 13:47:46.515 14876 14914 I Finsky  : [1334] qys.run(10): SysCUA: Set {com.android.vending/com.google.android.finsky.systemcomponentupdateui.common.SystemComponentUpdateActivity} enabled state to 1
01-31 13:47:46.521 14876 14894 W Settings: Setting download_manager_max_bytes_over_mobile has moved from android.provider.Settings.Secure to android.provider.Settings.Global.
01-31 13:47:46.524 14876 14895 I cr_CronetLibraryLoader: Cronet version: 98.0.4758.34, arch: aarch64
01-31 13:47:46.527  3811  4537 D ConnectivityService: Vpn: getActiveNetworkForUidInternal: 10062, false, false, DISCONNECTED
01-31 13:47:46.527  3811  4537 D ConnectivityService: isNetworkWithLinkPropertiesBlocked: uid=10062, vpn=DISCONNECTED,false
01-31 13:47:46.528 14876 14895 W Finsky  : [1318] eon.d(24): For unauth, use getDfeApiNonAuthenticated() instead!
01-31 13:47:46.532  3811  9534 D ConnectivityService: filterNetworkStateForUid() uid: 10062, pid: 14876
01-31 13:47:46.532  3811  9534 D ConnectivityService: isNetworkWithLinkPropertiesBlocked: uid=10062, vpn=DISCONNECTED,false
01-31 13:47:46.532  3811  9534 D ConnectivityService: filterNetworkStateForUid() uid: 10062, pid: 14876, networkInfo: [type: WIFI[], state: CONNECTED/CONNECTED, reason: (unspecified), extra: (none), failover: false, available: true, roaming: false]
01-31 13:47:46.533 14876 14894 I Finsky  : [1317] mwz.i(3): SettingNotFoundException, fall through to G.downloadBytesOverMobileMaximum
01-31 13:47:46.534 14876 14894 W Settings: Setting download_manager_recommended_max_bytes_over_mobile has moved from android.provider.Settings.Secure to android.provider.Settings.Global.
01-31 13:47:46.535 14876 14894 I Finsky  : [1317] mwz.h(3): SettingNotFoundException, fall through to G.downloadBytesOverMobileRecommended
01-31 13:47:46.544 14876 14894 I Finsky  : [1317] abgh.c(2): registerListener
01-31 13:47:46.544  3811  4537 D ConnectivityService: Vpn: getActiveNetworkForUidInternal: 10062, false, false, DISCONNECTED
01-31 13:47:46.544  3811  4537 D ConnectivityService: isNetworkWithLinkPropertiesBlocked: uid=10062, vpn=DISCONNECTED,false
01-31 13:47:46.547 14876 14895 I Finsky  : [1318] ltv.m(5): Enqueuing libraries load for 0
01-31 13:47:46.552  3811  4537 D ConnectivityService: filterNetworkStateForUid() uid: 10062, pid: 14876
01-31 13:47:46.552  3811  4537 D ConnectivityService: isNetworkWithLinkPropertiesBlocked: uid=10062, vpn=DISCONNECTED,false
01-31 13:47:46.552  3811  4537 D ConnectivityService: filterNetworkStateForUid() uid: 10062, pid: 14876, networkInfo: [type: WIFI[], state: CONNECTED/CONNECTED, reason: (unspecified), extra: (none), failover: false, available: true, roaming: false]
01-31 13:47:46.553 14876 14894 I Finsky  : [1317] abgh.c(2): registerListener
01-31 13:47:46.557 14876 14895 I Finsky  : [1318] gmp.j(3): Subscription detail: N/A
01-31 13:47:46.564 14876 14895 I Finsky  : [1318] wdo.v(2): Setup app restrictions monitor
01-31 13:47:46.568 14876 14895 I Finsky  : [1318] wjd.a(3): Device wide unknown source restriction is changed.
01-31 13:47:46.575 14876 14914 I Finsky  : [1334] pkp.accept(5): SCH: Scheduling phonesky job Id: 1-1337, CT: 1643632708234, Constraints: [{ L: 14399991, D: 53685819, C: 1, I: 1, N: 1 }]
01-31 13:47:46.582 14876 14894 I Finsky  : [1317] vwo.a(1): Warm data store was already initialized.
01-31 13:47:46.584  3811  5539 D ConnectivityService: Vpn: getActiveNetworkForUidInternal: 10062, false, false, DISCONNECTED
01-31 13:47:46.584  3811  5539 D ConnectivityService: isNetworkWithLinkPropertiesBlocked: uid=10062, vpn=DISCONNECTED,false
01-31 13:47:46.585 14876 14894 I Finsky  : [1317] vwp.a(1): Warm data store was already initialized.
01-31 13:47:46.585  3811  5539 D ConnectivityService: filterNetworkStateForUid() uid: 10062, pid: 14876
01-31 13:47:46.585  3811  5539 D ConnectivityService: isNetworkWithLinkPropertiesBlocked: uid=10062, vpn=DISCONNECTED,false
01-31 13:47:46.585  3811  5539 D ConnectivityService: filterNetworkStateForUid() uid: 10062, pid: 14876, networkInfo: [type: WIFI[], state: CONNECTED/CONNECTED, reason: (unspecified), extra: (none), failover: false, available: true, roaming: false]
01-31 13:47:46.588 14876 14914 I Finsky  : [1334] pkp.accept(5): SCH: Scheduling phonesky job Id: 3-77, CT: 1643633237712, Constraints: [{ L: 0, D: 86400000, C: 1, I: 2, N: 2 }]
01-31 13:47:46.593  3811  4537 D ConnectivityService: Vpn: getActiveNetworkForUidInternal: 10062, false, false, DISCONNECTED
01-31 13:47:46.593  3811  4537 D ConnectivityService: isNetworkWithLinkPropertiesBlocked: uid=10062, vpn=DISCONNECTED,false
01-31 13:47:46.594  3811  5539 D ConnectivityService: filterNetworkStateForUid() uid: 10062, pid: 14876
01-31 13:47:46.594  3811  5539 D ConnectivityService: isNetworkWithLinkPropertiesBlocked: uid=10062, vpn=DISCONNECTED,false
01-31 13:47:46.594  3811  5539 D ConnectivityService: filterNetworkStateForUid() uid: 10062, pid: 14876, networkInfo: [type: WIFI[], state: CONNECTED/CONNECTED, reason: (unspecified), extra: (none), failover: false, available: true, roaming: false]
01-31 13:47:46.599 14876 14914 I Finsky  : [1334] pkp.accept(5): SCH: Scheduling phonesky job Id: 3-78, CT: 1643633237712, Constraints: [{ L: 0, D: 86400000, C: 2, I: 1, N: 2 }]
01-31 13:47:46.603  3811  5539 D ConnectivityService: filterNetworkStateForUid() uid: 10062, pid: 14876
01-31 13:47:46.603  3811  5539 D ConnectivityService: isNetworkWithLinkPropertiesBlocked: uid=10062, vpn=DISCONNECTED,false
01-31 13:47:46.603  3811  5539 D ConnectivityService: filterNetworkStateForUid() uid: 10062, pid: 14876, networkInfo: [type: WIFI[], state: CONNECTED/CONNECTED, reason: (unspecified), extra: (none), failover: false, available: true, roaming: false]
01-31 13:47:46.606  3811  5539 D ConnectivityService: filterNetworkStateForUid() uid: 10062, pid: 14876
01-31 13:47:46.606  3811  5539 D ConnectivityService: isNetworkWithLinkPropertiesBlocked: uid=10062, vpn=DISCONNECTED,false
01-31 13:47:46.606  3811  5539 D ConnectivityService: filterNetworkStateForUid() uid: 10062, pid: 14876, networkInfo: [type: WIFI[], state: CONNECTED/CONNECTED, reason: (unspecified), extra: (none), failover: false, available: true, roaming: false]
01-31 13:47:46.620  3811  5539 D ConnectivityService: Vpn: getActiveNetworkForUidInternal: 10062, false, false, DISCONNECTED
01-31 13:47:46.620  3811  5539 D ConnectivityService: isNetworkWithLinkPropertiesBlocked: uid=10062, vpn=DISCONNECTED,false
01-31 13:47:46.626 14876 14909 I Finsky  : [1332] ltv.o(1): Starting libraries load for 0
01-31 13:47:46.630  3811  5539 D ActivityManager: The following uid has registered to recieve broadcast for proxy related updates 10062
01-31 13:47:46.630  3811  5539 W ContextImpl: Calling a method in the system process without a qualified user: android.app.ContextImpl.sendBroadcast:1082 com.android.server.am.ActivityManagerService.requestKnoxVpnToSendProxyBroadcast:32371 com.android.server.am.ActivityManagerService.registerReceiver:25418 android.app.IActivityManager$Stub.onTransact$registerReceiver$:10885 android.app.IActivityManager$Stub.onTransact:126 
01-31 13:47:46.639 14876 14914 I Finsky  : [1334] pkp.accept(5): SCH: Scheduling phonesky job Id: 10-4, CT: 1643632707765, Constraints: [{ L: 1200000, D: 86400000, C: 1, I: 1, N: 0 }]
01-31 13:47:46.670 14876 14914 I Finsky  : [1334] pkp.accept(5): SCH: Scheduling phonesky job Id: 10-26, CT: 1643632707765, Constraints: [{ L: 600000, D: 86400000, C: 1, I: 1, N: 1 }]
01-31 13:47:46.699 14876 14909 I Finsky  : [1332] ltv.o(23): Finished loading 0 libraries.
01-31 13:47:46.702 14876 14914 I Finsky  : [1334] pkp.accept(5): SCH: Scheduling phonesky job Id: 10-78, CT: 1643632707766, Constraints: [{ L: 0, D: 86400000, C: 1, I: 2, N: 0 }]
01-31 13:47:46.703 14876 14914 I Finsky  : [1334] pkp.accept(5): SCH: Scheduling phonesky job Id: 24-77777777, CT: 1643632698034, Constraints: [{ L: 1, D: 82800000, C: 1, I: 2, N: 0 }]
01-31 13:47:46.704 14876 14914 I Finsky  : [1334] pkp.accept(5): SCH: Scheduling phonesky job Id: 26-1414141414, CT: 1643618512668, Constraints: [{ L: 43199999, D: 44099999, C: 1, I: 1, N: 0 }]
01-31 13:47:46.705 14876 14914 I Finsky  : [1334] pkp.accept(5): SCH: Scheduling phonesky job Id: 29-29, CT: 1643633235816, Constraints: [{ L: 30000, D: 60000, C: 1, I: 1, N: 0 }]
01-31 13:47:46.717 14876 14896 I Finsky  : [1319] tcn.<init>(2): Item store provider started.
01-31 13:47:46.759  3811  5539 D ConnectivityService: filterNetworkStateForUid() uid: 10062, pid: 14876
01-31 13:47:46.760  3811  5539 D ConnectivityService: isNetworkWithLinkPropertiesBlocked: uid=10062, vpn=DISCONNECTED,false
01-31 13:47:46.760  3811  5539 D ConnectivityService: filterNetworkStateForUid() uid: 10062, pid: 14876, networkInfo: [type: WIFI[], state: CONNECTED/CONNECTED, reason: (unspecified), extra: (none), failover: false, available: true, roaming: false]
01-31 13:47:46.860 14876 14896 I Finsky  : [1319] tcn.r(6): Created new item store.
01-31 13:47:46.913  4611  4611 D BoundBrokerSvc: onUnbind: Intent { act=com.google.android.gms.clearcut.bootcount.service.START cmp=com.google.android.gms/.chimera.PersistentBoundBrokerService }
01-31 13:47:46.915 14876 14876 E Finsky  : [2] VerifyPerSourceInstallationConsentInstallTask.d(2): Package name null is not an installed package
01-31 13:47:46.930 14548 14575 I Finsky:background: [1294] gah.run(10): Stats for Executor: bgExecutor ifl@10002df[Running, pool size = 0, active threads = 0, queued tasks = 0, completed tasks = 0]
01-31 13:47:46.970 14876 14896 I Finsky  : [1319] wjb.a(7): Single user settings service is not running, bind it now
01-31 13:47:47.003 14876 14876 I Finsky  : [2] jxn.C(3): Installer: Attempting to start installer
01-31 13:47:47.009 14876 14876 I Finsky  : [2] abgh.c(2): registerListener
01-31 13:47:47.024 14876 14876 I Finsky  : [2] vwo.a(1): Warm data store was already initialized.
01-31 13:47:47.037 14876 14876 I chatty  : uid=10062(com.android.vending) identical 2 lines
01-31 13:47:47.038 14876 14876 I Finsky  : [2] vwo.a(1): Warm data store was already initialized.
01-31 13:47:47.048 14876 14876 I Finsky  : [2] kdt.<init>(18): Initializing pausers from value store.
01-31 13:47:47.049 14876 14876 I Finsky  : [2] kdt.<init>(21): Get the following callers from value store [].
01-31 13:47:47.070 14876 14876 I Finsky  : [2] qcn.onStartJob(3): SCH: job service start with id 9668.
01-31 13:47:47.072 14876 14876 I Finsky  : [2] gmo.onSubscriptionsChanged(1): onSubscriptionsChanged
01-31 13:47:47.079  3811  5539 D ConnectivityService: filterNetworkStateForUid() uid: 10062, pid: 14876
01-31 13:47:47.079  3811  5539 D ConnectivityService: isNetworkWithLinkPropertiesBlocked: uid=10062, vpn=DISCONNECTED,false
01-31 13:47:47.079  3811  5539 D ConnectivityService: filterNetworkStateForUid() uid: 10062, pid: 14876, networkInfo: [type: WIFI[], state: CONNECTED/CONNECTED, reason: (unspecified), extra: (none), failover: false, available: true, roaming: false]
01-31 13:47:47.082 14876 14876 I Finsky  : [2] jwf.onServiceConnected(5): Single user settings service is connected
01-31 13:47:47.158  4611  4611 D BoundBrokerSvc: onUnbind: Intent { act=com.google.android.gms.scheduler.ACTION_PROXY_SCHEDULE cmp=com.google.android.gms/.chimera.PersistentInternalBoundBrokerService }
01-31 13:47:47.277 14876 14896 W Settings: Setting install_non_market_apps has moved from android.provider.Settings.Global to android.provider.Settings.Secure, returning read-only value.
01-31 13:47:47.282 14876 14896 I Finsky  : [1319] VerifyInstallTask.e(3): Cannot find file for file:///data/app/vmdl1005153130.tmp in request id=1
01-31 13:47:47.282 14876 14896 I Finsky  : [1319] VerifyAppsInstallTask.Z(5): Verify: Cannot read archive for file:///data/app/vmdl1005153130.tmp in request id=1, package=com.opportunistask.scheduling.benchmarking_app_to_test_big_cores. Malformed package?
01-31 13:47:47.285 14876 14896 I Finsky  : [1319] VerifyInstallTask.e(3): Cannot find file for file:///data/app/vmdl1005153130.tmp in request id=1
01-31 13:47:47.286 14876 14896 I Finsky  : [1319] VerifyMissingSplitsInstallTask.mC(7): Could not tell if Splits is installed due to null packageInfo for id=1. Assuming not.
01-31 13:47:47.286 14876 14896 I Finsky  : [1319] VerifyMissingSplitsInstallTask.d(1): Assuming split not required due to null packageInfo for id=1
01-31 13:47:47.287 14876 14896 I Finsky  : [1319] VerifyPerSourceInstallationConsentInstallTask.mC(2): PSIC verification started with installer uid: 2000 package name: null, originating uid: -1
01-31 13:47:47.297 14876 14876 I Finsky  : [2] VerifyInstallTask.j(2): Returning package verification result id=1, result=ALLOW
01-31 13:47:47.299  3811  4537 D PackageManager: [VERIFY] verifyPendingInstall(1, ALLOW), uid=10062
01-31 13:47:47.300  3811  3901 W PackageManager: [VERIFY] Invalid verification token 1 received
01-31 13:47:47.302 14876 14876 I Finsky  : [2] VerifyInstallTask.mB(6): Verification complete: id=1, package_name=com.opportunistask.scheduling.benchmarking_app_to_test_big_cores
01-31 13:47:47.357  3811  3862 W ActivityManager: Stopping service due to app idle: u0a62 -1m17s9ms com.android.vending/com.google.android.finsky.verifier.impl.PackageVerificationService
01-31 13:47:47.360  3330  3560 V APM_AudioPolicyManager: AudioPolicyManager:setRecordSilenced(uid:10062, silenced:1)
01-31 13:47:47.381 14876 14903 I Finsky  : [1326] qay.a(94): SCH: Satisfied jobs for 9668 are: 29-29
01-31 13:47:47.397 14876 14947 I Finsky  : [1362] prk.accept(16): SCH: Job 29-29 starting
01-31 13:47:47.405 14876 14948 I Finsky  : [1363] uau.e(0): ProcessRecoveryLogsUtil: No files in recovery directory
01-31 13:47:47.406 14876 14948 I Finsky  : [1363] qaw.r(4): SCH: jobFinished: 29-29. TimeElapsed: 7ms.
01-31 13:47:47.458  3811  4537 D ConnectivityService: filterNetworkStateForUid() uid: 10038, pid: 4611
01-31 13:47:47.459  3811  4537 D ConnectivityService: isNetworkWithLinkPropertiesBlocked: uid=10038, vpn=DISCONNECTED,false
01-31 13:47:47.459  3811  4537 D ConnectivityService: filterNetworkStateForUid() uid: 10038, pid: 4611, networkInfo: [type: WIFI[], state: CONNECTED/CONNECTED, reason: (unspecified), extra: (none), failover: false, available: true, roaming: false]
01-31 13:47:47.556 14876 14914 I Finsky  : [1334] pun.apply(14): SCH: Scheduling 0 system job(s)
01-31 13:47:47.572 14876 14897 D NetworkSecurityConfig: No Network Security Config specified, using platform default
01-31 13:47:47.574 14876 14897 I System.out: (HTTPLog)-Static: isSBSettingEnabled false
01-31 13:47:47.575 14876 14897 I System.out: (HTTPLog)-Static: isSBSettingEnabled false
01-31 13:47:47.577  3293  3434 D EnterpriseController: netId is 0
01-31 13:47:47.577  3293  3434 E Netd    : getNetworkForDns: getNetId from enterpriseCtrl is netid 0
01-31 13:47:47.577  3293  3434 D DnsProxyListener: DNSDBG::dns addrinfo af 2
01-31 13:47:47.595 14876 14897 D TcpOptimizer: TcpOptimizer-ON
01-31 13:47:47.608 14876 14943 I Finsky  : [1358] hyy.g(1): getDownloads()
01-31 13:47:47.637 14548 14548 I Finsky:background: [2] kwr.onCreate(2): IPC-SERVER: Starting gRPC host service...
01-31 13:47:47.656 14876 14914 I Finsky  : [1334] pkp.accept(5): SCH: Scheduling phonesky job Id: 10-4, CT: 1643632707765, Constraints: [{ L: 1200000, D: 86400000, C: 1, I: 1, N: 0 }]
01-31 13:47:47.665 14876 14914 I Finsky  : [1334] pkp.accept(5): SCH: Scheduling phonesky job Id: 26-1414141414, CT: 1643618512668, Constraints: [{ L: 43199999, D: 44099999, C: 1, I: 1, N: 0 }]
01-31 13:47:47.666 14548 14959 I Finsky:background: [1307] hws.f(1): getDownloads()
01-31 13:47:47.829 14876 14958 W android.vendin: Verification of void pte.run() took 128.044ms
01-31 13:47:47.844 14876 14907 I Finsky  : [1330] hyy.g(1): getDownloads()
01-31 13:47:47.846 14548 14959 I Finsky:background: [1307] hws.f(1): getDownloads()
01-31 13:47:47.852 14876 14949 I Finsky  : [1364] jwz.run(23): Installer: Installer starting
01-31 13:47:47.854 14876 14949 I Finsky  : [1364] jwz.run(26): Installer: Installer started
01-31 13:47:47.866 14876 14876 I Finsky  : [2] gka.a(1): DL: Creating dataloader logger using a new logging context.
01-31 13:47:47.883 14876 14876 I Finsky  : [2] jxn.R(7): Installer: found apps to install. isMultiUserMode=false, apps=[]
01-31 13:47:47.884  3811  4537 D ConnectivityService: filterNetworkStateForUid() uid: 10062, pid: 14876
01-31 13:47:47.884  3811  4537 D ConnectivityService: isNetworkWithLinkPropertiesBlocked: uid=10062, vpn=DISCONNECTED,false
01-31 13:47:47.884  3811  4537 D ConnectivityService: filterNetworkStateForUid() uid: 10062, pid: 14876, networkInfo: [type: WIFI[], state: CONNECTED/CONNECTED, reason: (unspecified), extra: (none), failover: false, available: true, roaming: false]
01-31 13:47:47.890  3811  4537 D ConnectivityService: filterNetworkStateForUid() uid: 10062, pid: 14876
01-31 13:47:47.890  3811  4537 D ConnectivityService: isNetworkWithLinkPropertiesBlocked: uid=10062, vpn=DISCONNECTED,false
01-31 13:47:47.890  3811  4537 D ConnectivityService: filterNetworkStateForUid() uid: 10062, pid: 14876, networkInfo: [type: WIFI[], state: CONNECTED/CONNECTED, reason: (unspecified), extra: (none), failover: false, available: true, roaming: false]
01-31 13:47:47.891 14876 14914 I Finsky  : [1334] pun.apply(14): SCH: Scheduling 1 system job(s)
01-31 13:47:47.892 14876 14914 I Finsky  : [1334] pun.apply(20): SCH: Scheduling system job Id: 9682, L: 639874, D: 29344776, C: false, I: false, N: 0
01-31 13:47:47.982 14876 14962 I Finsky  : [1370] kbc.a(121): IV2: found recoverable installs: []
01-31 13:47:47.998  3203  3203 I keymaster_tee: [INFO]:  (nwd_keymaster_mdfpp.cpp:791) entered get_key_characteristics function.
01-31 13:47:48.000  3203  3203 D keymaster_tee: [DEBUG]: (nwd_keymaster_mobicore.c:353) TLC_COMMAND(e): cmd = 0x00000009, ret = 0x00000000
01-31 13:47:48.000  3203  3203 D keymaster_tee: [DEBUG]: (keymaster_params_log.c:282) ret OK PARAMS: SIZE:256 AES ENC DEC GCM PADNO AUTH 20220118132303 
01-31 13:47:48.000  3203  3203 I keymaster_tee: [INFO]:  (nwd_keymaster_mdfpp.cpp:805) exit get_key_characteristics function, returns 0
01-31 13:47:48.000  3203  3203 W /vendor/bin/hw/android.hardware.keymaster@3.0-service: Not performing software digesting for symmetric cipher keys
01-31 13:47:48.015  3203  3203 I keymaster_tee: [INFO]:  (nwd_keymaster_mdfpp.cpp:791) entered get_key_characteristics function.
01-31 13:47:48.016  3203  3203 D keymaster_tee: [DEBUG]: (nwd_keymaster_mobicore.c:353) TLC_COMMAND(e): cmd = 0x00000009, ret = 0x00000000
01-31 13:47:48.016  3203  3203 D keymaster_tee: [DEBUG]: (keymaster_params_log.c:282) ret OK PARAMS: SIZE:256 AES ENC DEC GCM PADNO AUTH 20220118132303 
01-31 13:47:48.016  3203  3203 I keymaster_tee: [INFO]:  (nwd_keymaster_mdfpp.cpp:805) exit get_key_characteristics function, returns 0
01-31 13:47:48.017  3203  3203 I keymaster_tee: [INFO]:  (nwd_keymaster_mdfpp.cpp:744) entered add_rng_entropy function.
01-31 13:47:48.017  3203  3203 D keymaster_tee: [DEBUG]: (nwd_keymaster_tc_api.c:988) ******PRNG ENTROPY***NWD****
01-31 13:47:48.018  3203  3203 D keymaster_tee: [DEBUG]: (nwd_keymaster_mobicore.c:353) TLC_COMMAND(e): cmd = 0x00000007, ret = 0x00000000
01-31 13:47:48.018  3203  3203 I keymaster_tee: [INFO]:  (nwd_keymaster_mdfpp.cpp:755) exit add_rng_entropy function, returns 0
01-31 13:47:48.019  3203  3203 I keymaster_tee: [INFO]:  (nwd_keymaster_mdfpp.cpp:791) entered get_key_characteristics function.
01-31 13:47:48.020  3203  3203 D keymaster_tee: [DEBUG]: (nwd_keymaster_mobicore.c:353) TLC_COMMAND(e): cmd = 0x00000009, ret = 0x00000000
01-31 13:47:48.020  3203  3203 D keymaster_tee: [DEBUG]: (keymaster_params_log.c:282) ret OK PARAMS: SIZE:256 AES ENC DEC GCM PADNO AUTH 20220118132303 
01-31 13:47:48.020  3203  3203 I keymaster_tee: [INFO]:  (nwd_keymaster_mdfpp.cpp:805) exit get_key_characteristics function, returns 0
01-31 13:47:48.021  3203  3203 I keymaster_tee: [INFO]:  (nwd_keymaster_mdfpp.cpp:880) entered begin function.
01-31 13:47:48.022  3203  3203 D keymaster_tee: [DEBUG]: (nwd_keymaster_mobicore.c:353) TLC_COMMAND(e): cmd = 0x0000000E, ret = 0x00000000
01-31 13:47:48.023  3203  3203 I keymaster_tee: [INFO]:  (nwd_keymaster_mdfpp.cpp:889) exit begin function, returns 0
01-31 13:47:48.026  3203  3203 I keymaster_tee: [INFO]:  (nwd_keymaster_mdfpp.cpp:900) entered update function.
01-31 13:47:48.027  3203  3203 D keymaster_tee: [DEBUG]: (nwd_keymaster_mobicore.c:353) TLC_COMMAND(e): cmd = 0x0000000F, ret = 0x00000000
01-31 13:47:48.027  3203  3203 I keymaster_tee: [INFO]:  (nwd_keymaster_mdfpp.cpp:910) exit update function, returns 0
01-31 13:47:48.030  3203  3203 I keymaster_tee: [INFO]:  (nwd_keymaster_mdfpp.cpp:920) entered finish function.
01-31 13:47:48.031  3203  3203 D keymaster_tee: [DEBUG]: (nwd_keymaster_mobicore.c:353) TLC_COMMAND(e): cmd = 0x00000010, ret = 0x00000000
01-31 13:47:48.031  3203  3203 I keymaster_tee: [INFO]:  (nwd_keymaster_mdfpp.cpp:930) exit finish function, returns 0
01-31 13:47:48.021  3203  3203 I chatty  : uid=1000(system) keymaster@3.0-s identical 4 lines
01-31 13:47:48.021  3203  3203 W /vendor/bin/hw/android.hardware.keymaster@3.0-service: Not performing software digesting for symmetric cipher keys
01-31 13:47:48.031  3362  3362 I KeystoreOperation: Block api uploadOpAsProto, wasSuccessful : 1
01-31 13:47:48.038  3362  3362 W keystore: ENTER remove operation from uid 10062
01-31 13:47:48.047  3203  3203 I keymaster_tee: [INFO]:  (nwd_keymaster_mdfpp.cpp:791) entered get_key_characteristics function.
01-31 13:47:48.048  3203  3203 D keymaster_tee: [DEBUG]: (nwd_keymaster_mobicore.c:353) TLC_COMMAND(e): cmd = 0x00000009, ret = 0x00000000
01-31 13:47:48.049  3203  3203 D keymaster_tee: [DEBUG]: (keymaster_params_log.c:282) ret OK PARAMS: SIZE:256 AES ENC DEC GCM PADNO AUTH 20220118132303 
01-31 13:47:48.049  3203  3203 I keymaster_tee: [INFO]:  (nwd_keymaster_mdfpp.cpp:805) exit get_key_characteristics function, returns 0
01-31 13:47:48.049  3203  3203 W /vendor/bin/hw/android.hardware.keymaster@3.0-service: Not performing software digesting for symmetric cipher keys
01-31 13:47:48.050  3203  3203 I keymaster_tee: [INFO]:  (nwd_keymaster_mdfpp.cpp:791) entered get_key_characteristics function.
01-31 13:47:48.051  3203  3203 D keymaster_tee: [DEBUG]: (nwd_keymaster_mobicore.c:353) TLC_COMMAND(e): cmd = 0x00000009, ret = 0x00000000
01-31 13:47:48.052  3203  3203 D keymaster_tee: [DEBUG]: (keymaster_params_log.c:282) ret OK PARAMS: SIZE:256 AES ENC DEC GCM PADNO AUTH 20220118132303 
01-31 13:47:48.052  3203  3203 I keymaster_tee: [INFO]:  (nwd_keymaster_mdfpp.cpp:805) exit get_key_characteristics function, returns 0
01-31 13:47:48.052  3203  3203 I keymaster_tee: [INFO]:  (nwd_keymaster_mdfpp.cpp:880) entered begin function.
01-31 13:47:48.054  3203  3203 D keymaster_tee: [DEBUG]: (nwd_keymaster_mobicore.c:353) TLC_COMMAND(e): cmd = 0x0000000E, ret = 0x00000000
01-31 13:47:48.054  3203  3203 I keymaster_tee: [INFO]:  (nwd_keymaster_mdfpp.cpp:889) exit begin function, returns 0
01-31 13:47:48.058  3203  3203 I keymaster_tee: [INFO]:  (nwd_keymaster_mdfpp.cpp:900) entered update function.
01-31 13:47:48.059  3203  3203 D keymaster_tee: [DEBUG]: (nwd_keymaster_mobicore.c:353) TLC_COMMAND(e): cmd = 0x0000000F, ret = 0x00000000
01-31 13:47:48.059  3203  3203 I keymaster_tee: [INFO]:  (nwd_keymaster_mdfpp.cpp:910) exit update function, returns 0
01-31 13:47:48.066  3203  3203 I keymaster_tee: [INFO]:  (nwd_keymaster_mdfpp.cpp:920) entered finish function.
01-31 13:47:48.067  3203  3203 D keymaster_tee: [DEBUG]: (nwd_keymaster_mobicore.c:353) TLC_COMMAND(e): cmd = 0x00000010, ret = 0x00000000
01-31 13:47:48.067  3203  3203 I keymaster_tee: [INFO]:  (nwd_keymaster_mdfpp.cpp:930) exit finish function, returns 0
01-31 13:47:48.052  3203  3203 I chatty  : uid=1000(system) keymaster@3.0-s identical 2 lines
01-31 13:47:48.052  3203  3203 W /vendor/bin/hw/android.hardware.keymaster@3.0-service: Not performing software digesting for symmetric cipher keys
01-31 13:47:48.067  3362  3362 I KeystoreOperation: Block api uploadOpAsProto, wasSuccessful : 1
01-31 13:47:48.070  3362  3362 W keystore: ENTER remove operation from uid 10062
01-31 13:47:48.108 14876 14947 I Finsky  : [1362] qcn.a(16): SCH: job service finished with id 9668.
01-31 13:47:48.112  4943  4943 D io_stats: !@   8,0 r 39482 2498204 w 16563 250400 d 1424 64052 f 2384 6926 iot 20640 17785 th 307200 0 0 pt 0 inp 0 0 496.562
01-31 13:47:48.135  3203  3203 I keymaster_tee: [INFO]:  (nwd_keymaster_mdfpp.cpp:791) entered get_key_characteristics function.
01-31 13:47:48.136  3811  4537 D ConnectivityService: filterNetworkStateForUid() uid: 10062, pid: 14876
01-31 13:47:48.136  3811  4537 D ConnectivityService: isNetworkWithLinkPropertiesBlocked: uid=10062, vpn=DISCONNECTED,false
01-31 13:47:48.137  3811  4537 D ConnectivityService: filterNetworkStateForUid() uid: 10062, pid: 14876, networkInfo: [type: WIFI[], state: CONNECTED/CONNECTED, reason: (unspecified), extra: (none), failover: false, available: true, roaming: false]
01-31 13:47:48.137  3203  3203 D keymaster_tee: [DEBUG]: (nwd_keymaster_mobicore.c:353) TLC_COMMAND(e): cmd = 0x00000009, ret = 0x00000000
01-31 13:47:48.138  3203  3203 D keymaster_tee: [DEBUG]: (keymaster_params_log.c:282) ret OK PARAMS: SIZE:256 AES ENC DEC GCM PADNO AUTH 20220118132303 
01-31 13:47:48.138  3203  3203 I keymaster_tee: [INFO]:  (nwd_keymaster_mdfpp.cpp:805) exit get_key_characteristics function, returns 0
01-31 13:47:48.138  3203  3203 W /vendor/bin/hw/android.hardware.keymaster@3.0-service: Not performing software digesting for symmetric cipher keys
01-31 13:47:48.139  3203  3203 I keymaster_tee: [INFO]:  (nwd_keymaster_mdfpp.cpp:791) entered get_key_characteristics function.
01-31 13:47:48.141  3203  3203 D keymaster_tee: [DEBUG]: (nwd_keymaster_mobicore.c:353) TLC_COMMAND(e): cmd = 0x00000009, ret = 0x00000000
01-31 13:47:48.141  3203  3203 D keymaster_tee: [DEBUG]: (keymaster_params_log.c:282) ret OK PARAMS: SIZE:256 AES ENC DEC GCM PADNO AUTH 20220118132303 
01-31 13:47:48.141  3203  3203 I keymaster_tee: [INFO]:  (nwd_keymaster_mdfpp.cpp:805) exit get_key_characteristics function, returns 0
01-31 13:47:48.141  3203  3203 I keymaster_tee: [INFO]:  (nwd_keymaster_mdfpp.cpp:880) entered begin function.
01-31 13:47:48.143  3203  3203 D keymaster_tee: [DEBUG]: (nwd_keymaster_mobicore.c:353) TLC_COMMAND(e): cmd = 0x0000000E, ret = 0x00000000
01-31 13:47:48.143  3203  3203 I keymaster_tee: [INFO]:  (nwd_keymaster_mdfpp.cpp:889) exit begin function, returns 0
01-31 13:47:48.155  3203  3203 I keymaster_tee: [INFO]:  (nwd_keymaster_mdfpp.cpp:900) entered update function.
01-31 13:47:48.156  3203  3203 D keymaster_tee: [DEBUG]: (nwd_keymaster_mobicore.c:353) TLC_COMMAND(e): cmd = 0x0000000F, ret = 0x00000000
01-31 13:47:48.156  3203  3203 I keymaster_tee: [INFO]:  (nwd_keymaster_mdfpp.cpp:910) exit update function, returns 0
01-31 13:47:48.165  3811  4537 I SamsungAlarmManager: setLocked to kernel - T:2 / 20220131T134802, SetElapsed=510534, nowELAPSED=496616
01-31 13:47:48.165  3811  4537 I SamsungAlarmManager: setLocked to kernel - T:3 / 20220131T134800, SetElapsed=508451, nowELAPSED=496616
01-31 13:47:48.166  3811  4537 D SamsungAlarmManager: setInexact Listener (T:2/F:0/AC:false) 20220131T134800 - CU:1000/CP:3811
01-31 13:47:48.166  3811  4537 I SamsungAlarmManager: setLocked to kernel - T:2 / 20220131T134802, SetElapsed=510534, nowELAPSED=496616
01-31 13:47:48.166  3811  4537 I SamsungAlarmManager: setLocked to kernel - T:3 / 20220131T134800, SetElapsed=508451, nowELAPSED=496617
01-31 13:47:48.168  3811  4537 I SamsungAlarmManager: setLocked to kernel - T:2 / 20220131T134800, SetElapsed=508507, nowELAPSED=496619
01-31 13:47:48.169  3811  4537 I SamsungAlarmManager: setLocked to kernel - T:3 / 20220131T134800, SetElapsed=508451, nowELAPSED=496619
01-31 13:47:48.169  3811  4537 D SamsungAlarmManager: setInexact Listener (T:2/F:0/AC:false) 20220131T134802 - CU:1000/CP:3811
01-31 13:47:48.169  3811  4537 I SamsungAlarmManager: setLocked to kernel - T:2 / 20220131T134802, SetElapsed=510534, nowELAPSED=496620
01-31 13:47:48.170  3811  4537 I SamsungAlarmManager: setLocked to kernel - T:3 / 20220131T134800, SetElapsed=508451, nowELAPSED=496620
01-31 13:47:48.171  3203  3203 I keymaster_tee: [INFO]:  (nwd_keymaster_mdfpp.cpp:920) entered finish function.
01-31 13:47:48.172  3203  3203 D keymaster_tee: [DEBUG]: (nwd_keymaster_mobicore.c:353) TLC_COMMAND(e): cmd = 0x00000010, ret = 0x00000000
01-31 13:47:48.172  3203  3203 I keymaster_tee: [INFO]:  (nwd_keymaster_mdfpp.cpp:930) exit finish function, returns 0
01-31 13:47:48.141  3203  3203 I chatty  : uid=1000(system) keymaster@3.0-s identical 2 lines
01-31 13:47:48.141  3203  3203 W /vendor/bin/hw/android.hardware.keymaster@3.0-service: Not performing software digesting for symmetric cipher keys
01-31 13:47:48.177  3362  3362 I KeystoreOperation: Block api uploadOpAsProto, wasSuccessful : 1
01-31 13:47:48.173 14876 14914 I Finsky  : [1334] pkp.accept(5): SCH: Scheduling phonesky job Id: 29-29, CT: 1643633266293, Constraints: [{ L: 30000, D: 60000, C: 1, I: 1, N: 0 }]
01-31 13:47:48.179  3362  3362 W keystore: ENTER remove operation from uid 10062
01-31 13:47:48.190 14876 14903 I Finsky  : [1326] qbl.apply(16): SCH: Canceling job 3-77
01-31 13:47:48.199 14876 14900 I aedg    : Provider GmsCore_OpenSSL not available
01-31 13:47:48.229  3203  3203 I keymaster_tee: [INFO]:  (nwd_keymaster_mdfpp.cpp:791) entered get_key_characteristics function.
01-31 13:47:48.230  3203  3203 D keymaster_tee: [DEBUG]: (nwd_keymaster_mobicore.c:353) TLC_COMMAND(e): cmd = 0x00000009, ret = 0x00000000
01-31 13:47:48.230  3203  3203 D keymaster_tee: [DEBUG]: (keymaster_params_log.c:282) ret OK PARAMS: SIZE:256 AES ENC DEC GCM PADNO AUTH 20220118132303 
01-31 13:47:48.231  3203  3203 I keymaster_tee: [INFO]:  (nwd_keymaster_mdfpp.cpp:805) exit get_key_characteristics function, returns 0
01-31 13:47:48.231  3203  3203 W /vendor/bin/hw/android.hardware.keymaster@3.0-service: Not performing software digesting for symmetric cipher keys
01-31 13:47:48.231  3203  3203 W /vendor/bin/hw/android.hardware.keymaster@3.0-service: Not performing software digesting for symmetric cipher keys
01-31 13:47:48.232 14876 14914 I Finsky  : [1334] pun.apply(14): SCH: Scheduling 1 system job(s)
01-31 13:47:48.232 14876 14914 I Finsky  : [1334] pun.apply(20): SCH: Scheduling system job Id: 9682, L: 28061, D: 58061, C: false, I: false, N: 0
01-31 13:47:48.235  3203  3203 I keymaster_tee: [INFO]:  (nwd_keymaster_mdfpp.cpp:791) entered get_key_characteristics function.
01-31 13:47:48.235  3811  9534 I SamsungAlarmManager: setLocked to kernel - T:2 / 20220131T134802, SetElapsed=510534, nowELAPSED=496686
01-31 13:47:48.236  3811  9534 I SamsungAlarmManager: setLocked to kernel - T:3 / 20220131T134800, SetElapsed=508451, nowELAPSED=496686
01-31 13:47:48.236  3811  9534 D SamsungAlarmManager: setInexact Listener (T:2/F:0/AC:false) 20220131T134800 - CU:1000/CP:3811
01-31 13:47:48.236  3811  9534 I SamsungAlarmManager: setLocked to kernel - T:2 / 20220131T134802, SetElapsed=510534, nowELAPSED=496687
01-31 13:47:48.237  3811  9534 I SamsungAlarmManager: setLocked to kernel - T:3 / 20220131T134800, SetElapsed=508451, nowELAPSED=496687
01-31 13:47:48.237  3203  3203 D keymaster_tee: [DEBUG]: (nwd_keymaster_mobicore.c:353) TLC_COMMAND(e): cmd = 0x00000009, ret = 0x00000000
01-31 13:47:48.237  3203  3203 D keymaster_tee: [DEBUG]: (keymaster_params_log.c:282) ret OK PARAMS: SIZE:256 AES ENC DEC GCM PADNO AUTH 20220118132303 
01-31 13:47:48.237  3203  3203 I keymaster_tee: [INFO]:  (nwd_keymaster_mdfpp.cpp:805) exit get_key_characteristics function, returns 0
01-31 13:47:48.237  3203  3203 W /vendor/bin/hw/android.hardware.keymaster@3.0-service: Not performing software digesting for symmetric cipher keys
01-31 13:47:48.238  3203  3203 I keymaster_tee: [INFO]:  (nwd_keymaster_mdfpp.cpp:744) entered add_rng_entropy function.
01-31 13:47:48.238  3203  3203 D keymaster_tee: [DEBUG]: (nwd_keymaster_tc_api.c:988) ******PRNG ENTROPY***NWD****
01-31 13:47:48.238  3203  3203 D keymaster_tee: [DEBUG]: (nwd_keymaster_mobicore.c:353) TLC_COMMAND(e): cmd = 0x00000007, ret = 0x00000000
01-31 13:47:48.238  3203  3203 I keymaster_tee: [INFO]:  (nwd_keymaster_mdfpp.cpp:755) exit add_rng_entropy function, returns 0
01-31 13:47:48.239  3811  9534 I SamsungAlarmManager: setLocked to kernel - T:2 / 20220131T134800, SetElapsed=508507, nowELAPSED=496689
01-31 13:47:48.239  3811  9534 I SamsungAlarmManager: setLocked to kernel - T:3 / 20220131T134800, SetElapsed=508451, nowELAPSED=496689
01-31 13:47:48.239  3811  9534 D SamsungAlarmManager: setInexact Listener (T:2/F:0/AC:false) 20220131T134802 - CU:1000/CP:3811
01-31 13:47:48.239  3203  3203 I keymaster_tee: [INFO]:  (nwd_keymaster_mdfpp.cpp:791) entered get_key_characteristics function.
01-31 13:47:48.239  3811  9534 I SamsungAlarmManager: setLocked to kernel - T:2 / 20220131T134802, SetElapsed=510534, nowELAPSED=496690
01-31 13:47:48.240  3811  9534 I SamsungAlarmManager: setLocked to kernel - T:3 / 20220131T134800, SetElapsed=508451, nowELAPSED=496690
01-31 13:47:48.241  3203  3203 D keymaster_tee: [DEBUG]: (nwd_keymaster_mobicore.c:353) TLC_COMMAND(e): cmd = 0x00000009, ret = 0x00000000
01-31 13:47:48.241  3203  3203 D keymaster_tee: [DEBUG]: (keymaster_params_log.c:282) ret OK PARAMS: SIZE:256 AES ENC DEC GCM PADNO AUTH 20220118132303 
01-31 13:47:48.241  3203  3203 I keymaster_tee: [INFO]:  (nwd_keymaster_mdfpp.cpp:805) exit get_key_characteristics function, returns 0
01-31 13:47:48.241  3203  3203 I keymaster_tee: [INFO]:  (nwd_keymaster_mdfpp.cpp:880) entered begin function.
01-31 13:47:48.243  3203  3203 D keymaster_tee: [DEBUG]: (nwd_keymaster_mobicore.c:353) TLC_COMMAND(e): cmd = 0x0000000E, ret = 0x00000000
01-31 13:47:48.243  3203  3203 I keymaster_tee: [INFO]:  (nwd_keymaster_mdfpp.cpp:889) exit begin function, returns 0
01-31 13:47:48.250  3203  3203 I keymaster_tee: [INFO]:  (nwd_keymaster_mdfpp.cpp:900) entered update function.
01-31 13:47:48.250  3203  3203 D keymaster_tee: [DEBUG]: (nwd_keymaster_mobicore.c:353) TLC_COMMAND(e): cmd = 0x0000000F, ret = 0x00000000
01-31 13:47:48.251  3203  3203 I keymaster_tee: [INFO]:  (nwd_keymaster_mdfpp.cpp:910) exit update function, returns 0
01-31 13:47:48.252  3203  3203 I keymaster_tee: [INFO]:  (nwd_keymaster_mdfpp.cpp:920) entered finish function.
01-31 13:47:48.252  3203  3203 D keymaster_tee: [DEBUG]: (nwd_keymaster_mobicore.c:353) TLC_COMMAND(e): cmd = 0x00000010, ret = 0x00000000
01-31 13:47:48.252  3203  3203 I keymaster_tee: [INFO]:  (nwd_keymaster_mdfpp.cpp:930) exit finish function, returns 0
01-31 13:47:48.241  3203  3203 I chatty  : uid=1000(system) keymaster@3.0-s identical 2 lines
01-31 13:47:48.241  3203  3203 W /vendor/bin/hw/android.hardware.keymaster@3.0-service: Not performing software digesting for symmetric cipher keys
01-31 13:47:48.253  3362  3362 I KeystoreOperation: Block api uploadOpAsProto, wasSuccessful : 1
01-31 13:47:48.254  3362  3362 W keystore: ENTER remove operation from uid 10062
01-31 13:47:48.259  3203  3203 I keymaster_tee: [INFO]:  (nwd_keymaster_mdfpp.cpp:791) entered get_key_characteristics function.
01-31 13:47:48.260  3203  3203 D keymaster_tee: [DEBUG]: (nwd_keymaster_mobicore.c:353) TLC_COMMAND(e): cmd = 0x00000009, ret = 0x00000000
01-31 13:47:48.261  3203  3203 D keymaster_tee: [DEBUG]: (keymaster_params_log.c:282) ret OK PARAMS: SIZE:256 AES ENC DEC GCM PADNO AUTH 20220118132303 
01-31 13:47:48.261  3203  3203 I keymaster_tee: [INFO]:  (nwd_keymaster_mdfpp.cpp:805) exit get_key_characteristics function, returns 0
01-31 13:47:48.261  3203  3203 W /vendor/bin/hw/android.hardware.keymaster@3.0-service: Not performing software digesting for symmetric cipher keys
01-31 13:47:48.262  3203  3203 I keymaster_tee: [INFO]:  (nwd_keymaster_mdfpp.cpp:791) entered get_key_characteristics function.
01-31 13:47:48.263  3203  3203 D keymaster_tee: [DEBUG]: (nwd_keymaster_mobicore.c:353) TLC_COMMAND(e): cmd = 0x00000009, ret = 0x00000000
01-31 13:47:48.263  3203  3203 D keymaster_tee: [DEBUG]: (keymaster_params_log.c:282) ret OK PARAMS: SIZE:256 AES ENC DEC GCM PADNO AUTH 20220118132303 
01-31 13:47:48.263  3203  3203 I keymaster_tee: [INFO]:  (nwd_keymaster_mdfpp.cpp:805) exit get_key_characteristics function, returns 0
01-31 13:47:48.264  3203  3203 I keymaster_tee: [INFO]:  (nwd_keymaster_mdfpp.cpp:880) entered begin function.
01-31 13:47:48.265  3203  3203 D keymaster_tee: [DEBUG]: (nwd_keymaster_mobicore.c:353) TLC_COMMAND(e): cmd = 0x0000000E, ret = 0x00000000
01-31 13:47:48.265  3203  3203 I keymaster_tee: [INFO]:  (nwd_keymaster_mdfpp.cpp:889) exit begin function, returns 0
01-31 13:47:48.270  3203  3203 I keymaster_tee: [INFO]:  (nwd_keymaster_mdfpp.cpp:900) entered update function.
01-31 13:47:48.271  3203  3203 D keymaster_tee: [DEBUG]: (nwd_keymaster_mobicore.c:353) TLC_COMMAND(e): cmd = 0x0000000F, ret = 0x00000000
01-31 13:47:48.271  3203  3203 I keymaster_tee: [INFO]:  (nwd_keymaster_mdfpp.cpp:910) exit update function, returns 0
01-31 13:47:48.272  3203  3203 I keymaster_tee: [INFO]:  (nwd_keymaster_mdfpp.cpp:920) entered finish function.
01-31 13:47:48.272  3203  3203 D keymaster_tee: [DEBUG]: (nwd_keymaster_mobicore.c:353) TLC_COMMAND(e): cmd = 0x00000010, ret = 0x00000000
01-31 13:47:48.272  3203  3203 I keymaster_tee: [INFO]:  (nwd_keymaster_mdfpp.cpp:930) exit finish function, returns 0
01-31 13:47:48.264  3203  3203 I chatty  : uid=1000(system) keymaster@3.0-s identical 2 lines
01-31 13:47:48.264  3203  3203 W /vendor/bin/hw/android.hardware.keymaster@3.0-service: Not performing software digesting for symmetric cipher keys
01-31 13:47:48.272  3362  3362 I KeystoreOperation: Block api uploadOpAsProto, wasSuccessful : 1
01-31 13:47:48.275 14876 14907 I Finsky  : [1330] qap.a(2): SCH: no pending jobs to schedule.
01-31 13:47:48.276  3362  3362 W keystore: ENTER remove operation from uid 10062
01-31 13:47:48.279  3203  3203 I keymaster_tee: [INFO]:  (nwd_keymaster_mdfpp.cpp:791) entered get_key_characteristics function.
01-31 13:47:48.281  3203  3203 D keymaster_tee: [DEBUG]: (nwd_keymaster_mobicore.c:353) TLC_COMMAND(e): cmd = 0x00000009, ret = 0x00000000
01-31 13:47:48.281  3203  3203 D keymaster_tee: [DEBUG]: (keymaster_params_log.c:282) ret OK PARAMS: SIZE:256 AES ENC DEC GCM PADNO AUTH 20220118132303 
01-31 13:47:48.281  3203  3203 I keymaster_tee: [INFO]:  (nwd_keymaster_mdfpp.cpp:805) exit get_key_characteristics function, returns 0
01-31 13:47:48.281  3203  3203 W /vendor/bin/hw/android.hardware.keymaster@3.0-service: Not performing software digesting for symmetric cipher keys
01-31 13:47:48.282  3203  3203 I keymaster_tee: [INFO]:  (nwd_keymaster_mdfpp.cpp:791) entered get_key_characteristics function.
01-31 13:47:48.284  3203  3203 D keymaster_tee: [DEBUG]: (nwd_keymaster_mobicore.c:353) TLC_COMMAND(e): cmd = 0x00000009, ret = 0x00000000
01-31 13:47:48.284  3203  3203 D keymaster_tee: [DEBUG]: (keymaster_params_log.c:282) ret OK PARAMS: SIZE:256 AES ENC DEC GCM PADNO AUTH 20220118132303 
01-31 13:47:48.284  3203  3203 I keymaster_tee: [INFO]:  (nwd_keymaster_mdfpp.cpp:805) exit get_key_characteristics function, returns 0
01-31 13:47:48.284  3203  3203 I keymaster_tee: [INFO]:  (nwd_keymaster_mdfpp.cpp:880) entered begin function.
01-31 13:47:48.286  3203  3203 D keymaster_tee: [DEBUG]: (nwd_keymaster_mobicore.c:353) TLC_COMMAND(e): cmd = 0x0000000E, ret = 0x00000000
01-31 13:47:48.286  3203  3203 I keymaster_tee: [INFO]:  (nwd_keymaster_mdfpp.cpp:889) exit begin function, returns 0
01-31 13:47:48.284  3203  3203 I chatty  : uid=1000(system) keymaster@3.0-s identical 2 lines
01-31 13:47:48.284  3203  3203 W /vendor/bin/hw/android.hardware.keymaster@3.0-service: Not performing software digesting for symmetric cipher keys
01-31 13:47:48.287 14876 14903 I Finsky  : [1326] qbl.apply(16): SCH: Canceling job 3-78
01-31 13:47:48.290  3203  3203 I keymaster_tee: [INFO]:  (nwd_keymaster_mdfpp.cpp:900) entered update function.
01-31 13:47:48.290 14876 14909 I Finsky  : [1332] qap.a(2): SCH: no pending jobs to schedule.
01-31 13:47:48.291  3203  3203 D keymaster_tee: [DEBUG]: (nwd_keymaster_mobicore.c:353) TLC_COMMAND(e): cmd = 0x0000000F, ret = 0x00000000
01-31 13:47:48.291  3203  3203 I keymaster_tee: [INFO]:  (nwd_keymaster_mdfpp.cpp:910) exit update function, returns 0
01-31 13:47:48.296  3203  3203 I keymaster_tee: [INFO]:  (nwd_keymaster_mdfpp.cpp:920) entered finish function.
01-31 13:47:48.297  3203  3203 D keymaster_tee: [DEBUG]: (nwd_keymaster_mobicore.c:353) TLC_COMMAND(e): cmd = 0x00000010, ret = 0x00000000
01-31 13:47:48.297  3203  3203 I keymaster_tee: [INFO]:  (nwd_keymaster_mdfpp.cpp:930) exit finish function, returns 0
01-31 13:47:48.297  3362  3362 I KeystoreOperation: Block api uploadOpAsProto, wasSuccessful : 1
01-31 13:47:48.298  3362  3362 W keystore: ENTER remove operation from uid 10062
01-31 13:47:48.311 14876 14967 I Finsky  : [1375] kbn.apply(83): IQ: Creating job 79, for (REQ_DEVICE_IDLE, REQ_GEARHEAD_PROJECTION_OFF, MIN_BATTERY=50, SHOULD_APPLY_BUDGET=true, NETWORK=UNMETERED, PROVISIONING_STATE=PROVISIONED)
01-31 13:47:48.314 14876 14967 I Finsky  : [1375] kbn.apply(83): IQ: Creating job 80, for (REQ_CHARGING, REQ_GEARHEAD_PROJECTION_OFF, NETWORK=UNMETERED, PROVISIONING_STATE=PROVISIONED)
01-31 13:47:48.315 14876 14967 I Finsky  : [1375] kek.x(9): IQ: Bulk scheduling created jobs
01-31 13:47:48.316  3203  3203 I keymaster_tee: [INFO]:  (nwd_keymaster_mdfpp.cpp:791) entered get_key_characteristics function.
01-31 13:47:48.318  3203  3203 D keymaster_tee: [DEBUG]: (nwd_keymaster_mobicore.c:353) TLC_COMMAND(e): cmd = 0x00000009, ret = 0x00000000
01-31 13:47:48.319  3203  3203 D keymaster_tee: [DEBUG]: (keymaster_params_log.c:282) ret OK PARAMS: SIZE:256 AES ENC DEC GCM PADNO AUTH 20220118132302 
01-31 13:47:48.319  3203  3203 I keymaster_tee: [INFO]:  (nwd_keymaster_mdfpp.cpp:805) exit get_key_characteristics function, returns 0
01-31 13:47:48.319  3203  3203 W /vendor/bin/hw/android.hardware.keymaster@3.0-service: Not performing software digesting for symmetric cipher keys
01-31 13:47:48.319  3203  3203 W /vendor/bin/hw/android.hardware.keymaster@3.0-service: Not performing software digesting for symmetric cipher keys
01-31 13:47:48.319 14876 14897 I System.out: (HTTPLog)-Static: isSBSettingEnabled false
01-31 13:47:48.324  3203  3203 I keymaster_tee: [INFO]:  (nwd_keymaster_mdfpp.cpp:791) entered get_key_characteristics function.
01-31 13:47:48.326  3203  3203 D keymaster_tee: [DEBUG]: (nwd_keymaster_mobicore.c:353) TLC_COMMAND(e): cmd = 0x00000009, ret = 0x00000000
01-31 13:47:48.326  3203  3203 D keymaster_tee: [DEBUG]: (keymaster_params_log.c:282) ret OK PARAMS: SIZE:256 AES ENC DEC GCM PADNO AUTH 20220118132302 
01-31 13:47:48.326  3203  3203 I keymaster_tee: [INFO]:  (nwd_keymaster_mdfpp.cpp:805) exit get_key_characteristics function, returns 0
01-31 13:47:48.319 14876 14897 I System.out: (HTTPLog)-Static: isSBSettingEnabled false
01-31 13:47:48.326  3203  3203 W /vendor/bin/hw/android.hardware.keymaster@3.0-service: Not performing software digesting for symmetric cipher keys
01-31 13:47:48.327  3203  3203 I keymaster_tee: [INFO]:  (nwd_keymaster_mdfpp.cpp:744) entered add_rng_entropy function.
01-31 13:47:48.327  3203  3203 D keymaster_tee: [DEBUG]: (nwd_keymaster_tc_api.c:988) ******PRNG ENTROPY***NWD****
01-31 13:47:48.328  3203  3203 D keymaster_tee: [DEBUG]: (nwd_keymaster_mobicore.c:353) TLC_COMMAND(e): cmd = 0x00000007, ret = 0x00000000
01-31 13:47:48.328  3203  3203 I keymaster_tee: [INFO]:  (nwd_keymaster_mdfpp.cpp:755) exit add_rng_entropy function, returns 0
01-31 13:47:48.329  3203  3203 I keymaster_tee: [INFO]:  (nwd_keymaster_mdfpp.cpp:791) entered get_key_characteristics function.
01-31 13:47:48.331  3203  3203 D keymaster_tee: [DEBUG]: (nwd_keymaster_mobicore.c:353) TLC_COMMAND(e): cmd = 0x00000009, ret = 0x00000000
01-31 13:47:48.331  3203  3203 D keymaster_tee: [DEBUG]: (keymaster_params_log.c:282) ret OK PARAMS: SIZE:256 AES ENC DEC GCM PADNO AUTH 20220118132302 
01-31 13:47:48.331  3203  3203 I keymaster_tee: [INFO]:  (nwd_keymaster_mdfpp.cpp:805) exit get_key_characteristics function, returns 0
01-31 13:47:48.331  3203  3203 I keymaster_tee: [INFO]:  (nwd_keymaster_mdfpp.cpp:880) entered begin function.
01-31 13:47:48.333  3203  3203 D keymaster_tee: [DEBUG]: (nwd_keymaster_mobicore.c:353) TLC_COMMAND(e): cmd = 0x0000000E, ret = 0x00000000
01-31 13:47:48.333  3203  3203 I keymaster_tee: [INFO]:  (nwd_keymaster_mdfpp.cpp:889) exit begin function, returns 0
01-31 13:47:48.339  3203  3203 I keymaster_tee: [INFO]:  (nwd_keymaster_mdfpp.cpp:900) entered update function.
01-31 13:47:48.340  3203  3203 D keymaster_tee: [DEBUG]: (nwd_keymaster_mobicore.c:353) TLC_COMMAND(e): cmd = 0x0000000F, ret = 0x00000000
01-31 13:47:48.340  3203  3203 I keymaster_tee: [INFO]:  (nwd_keymaster_mdfpp.cpp:910) exit update function, returns 0
01-31 13:47:48.345  3203  3203 I keymaster_tee: [INFO]:  (nwd_keymaster_mdfpp.cpp:920) entered finish function.
01-31 13:47:48.346  3203  3203 D keymaster_tee: [DEBUG]: (nwd_keymaster_mobicore.c:353) TLC_COMMAND(e): cmd = 0x00000010, ret = 0x00000000
01-31 13:47:48.346  3203  3203 I keymaster_tee: [INFO]:  (nwd_keymaster_mdfpp.cpp:930) exit finish function, returns 0
01-31 13:47:48.331  3203  3203 I chatty  : uid=1000(system) keymaster@3.0-s identical 2 lines
01-31 13:47:48.331  3203  3203 W /vendor/bin/hw/android.hardware.keymaster@3.0-service: Not performing software digesting for symmetric cipher keys
01-31 13:47:48.347  3362  3362 I KeystoreOperation: Block api uploadOpAsProto, wasSuccessful : 1
01-31 13:47:48.354  3362  3362 W keystore: ENTER remove operation from uid 10062
01-31 13:47:48.360 14876 14876 I Finsky  : [2] vwo.a(1): Warm data store was already initialized.
01-31 13:47:48.363  3203  3203 I keymaster_tee: [INFO]:  (nwd_keymaster_mdfpp.cpp:791) entered get_key_characteristics function.
01-31 13:47:48.365  3203  3203 D keymaster_tee: [DEBUG]: (nwd_keymaster_mobicore.c:353) TLC_COMMAND(e): cmd = 0x00000009, ret = 0x00000000
01-31 13:47:48.365  3203  3203 D keymaster_tee: [DEBUG]: (keymaster_params_log.c:282) ret OK PARAMS: SIZE:256 AES ENC DEC GCM PADNO AUTH 20220118132302 
01-31 13:47:48.365  3203  3203 I keymaster_tee: [INFO]:  (nwd_keymaster_mdfpp.cpp:805) exit get_key_characteristics function, returns 0
01-31 13:47:48.365  3203  3203 W /vendor/bin/hw/android.hardware.keymaster@3.0-service: Not performing software digesting for symmetric cipher keys
01-31 13:47:48.365  3203  3203 W /vendor/bin/hw/android.hardware.keymaster@3.0-service: Not performing software digesting for symmetric cipher keys
01-31 13:47:48.366 14876 14876 I Finsky  : [2] rch.a(1): Connecting InstallListener to SplitInstallService broadcaster...
01-31 13:47:48.366  3811  9534 D ConnectivityService: filterNetworkStateForUid() uid: 10062, pid: 14876
01-31 13:47:48.366  3811  9534 D ConnectivityService: isNetworkWithLinkPropertiesBlocked: uid=10062, vpn=DISCONNECTED,false
01-31 13:47:48.366  3811  9534 D ConnectivityService: filterNetworkStateForUid() uid: 10062, pid: 14876, networkInfo: [type: WIFI[], state: CONNECTED/CONNECTED, reason: (unspecified), extra: (none), failover: false, available: true, roaming: false]
