01-31 14:02:57.515  3811  3879 D UsbDeviceManager: updateUsbNotification(false) : mConnected = false, mConfigured = false, mCurrentFunctions = 5, mHostConnected = false, mSourcePower = false, mSinkPower = false, mUsbCharging = false, mUseUsbNotification = true
01-31 14:02:57.516  3811  3879 D UsbDeviceManager: updateUsbNotification, set mCurrentFunctionsForNoti : mtp
01-31 14:02:57.516  4138  4138 D BigDataInfoController: Intent : android.intent.action.BATTERY_CHANGED
01-31 14:02:57.516  3811  3879 D DexObserverFW: isDexModeOn() : false
01-31 14:02:57.517  3811  3811 D GameManagerService: new battery level: 78
01-31 14:02:57.517  4171  4171 D KeyguardUpdateMonitor: received broadcast android.intent.action.BATTERY_CHANGED
01-31 14:02:57.517  3811  3879 D DexObserverFW: isSemiDexModeOn() : false
01-31 14:02:57.518  4171  4171 D KeyguardUpdateMonitor: handleBatteryUpdate
01-31 14:02:57.519  3811  3879 D UsbDeviceManager: id=0, mUsbNotificationId=0, titleRes=0
01-31 14:02:57.521  4138  4138 D BigDataInfoController: Intent : android.intent.action.BATTERY_CHANGED
01-31 14:02:57.544  4171  4171 D PowerUI : priorPlugType = 0 mPlugType = 0 priorBatteryStatus = 3 mBatteryStatus = 3
01-31 14:02:57.544  4171  4171 D PowerUI : Battery swelling mode - priorBatterySwellingMode = 0 mBatterySwellingMode = 0
01-31 14:02:57.553  4171  4171 I StackScroller: ADJUST STACK.TRANSLATION
01-31 14:02:57.556  4171  4171 I chatty  : uid=10008(com.samsung.android.app.aodservice) com.android.systemui identical 1 line
01-31 14:02:57.557  4171  4171 I StackScroller: ADJUST STACK.TRANSLATION
01-31 14:02:57.664  3330  9185 V APM_AudioPolicyManager: getAudioPolicyConfig: audioParam;outDevice
01-31 14:02:57.664  3330  9185 V APM_AudioPolicyManager: getNewOutputDevice() selected device 0
01-31 14:02:57.664  3330  9185 V APM_AudioPolicyManager: ### curdevice : 2
01-31 14:02:58.640  4943  4943 D io_stats: !@   8,0 r 39808 2504696 w 23475 336744 d 1870 86680 f 3263 9986 iot 24456 20596 th 307200 0 0 pt 0 inp 0 0 1407.089
01-31 14:02:58.762  5113  5484 D SDHMS:s : SIOP:: AP:445(564,110) BAT:356(356,0) CHG:487(487,0) USB:332(332,0) PA:373(428,50) LRP:0(0,-999) ATC:0(0,-999) 
01-31 14:02:58.826  3811  4045 I WifiVendorHal: getWifiLinkLayerStats(l.2973) before calling iface.getLinkLayerStats
01-31 14:02:58.826  3316  3316 I android.hardware.wifi@1.0-service: enter getLinkLayerStats
01-31 14:02:58.827  3316  3316 I android.hardware.wifi@1.0-service: enter getLinkLayerStatsInternal
01-31 14:02:58.876  3316  3316 I android.hardware.wifi@1.0-service: Successfully getLinkLayerStats.
01-31 14:02:58.877  3811  4045 I WifiVendorHal: getWifiLinkLayerStats(l.2973) after calling iface.getLinkLayerStats
01-31 14:02:58.890  3811  4045 I WifiStateMachine: checkScoreBasedQuality -  mPreviousScore[0]:100 mPreviousScore[1]:101 mPreviousScore[2]:101 s2Score:102mPrevoiusScoreAverage:100
01-31 14:03:00.000  3811  3991 D SamsungAlarmManager: Expired : 8
01-31 14:03:00.001  3811  3991 V SamsungAlarmManager: Sending to uid : 1000 action=android.intent.action.TIME_TICK alarm=Alarm{7f26bda type 3 when 1408451 android}
01-31 14:03:00.003  3811  3991 I SamsungAlarmManager: setLocked to kernel - T:2 / 20220131T140323, SetElapsed=1431930, nowELAPSED=1408454
01-31 14:03:00.005  3811  3811 D SamsungAlarmManager: setExact Intent (T:3/F:1/AC:false) 20220131T140359 - CU:1000/CP:3811
01-31 14:03:00.005  3811  3811 I SamsungAlarmManager: setLocked to kernel - T:2 / 20220131T140323, SetElapsed=1431930, nowELAPSED=1408456
01-31 14:03:00.008  4171  4171 D KeyguardUpdateMonitor: handleTimeUpdate
01-31 14:03:00.008  4171  4171 D KeyguardServiceBoxContainer: refreshTime() 1
01-31 14:03:00.015  4171  4171 D QSClockBellTower: He is ready to ring the bell. (((timeText:14:03, skipUpdateForDemo:false, dateText:Mon 31 January)))
01-31 14:03:00.016  4171  4171 D QSClock : status_bar_clock notifyTimeChanged(currentTime:14:03) mClockVisibleByPolicy:true, mClockVisibleByUser:true, visible?true, parent:android.widget.LinearLayout{4a4ed1d V.E...... ......ID 0,0-123,72 #7f0a02df app:id/left_clock_container}
01-31 14:03:00.016  4171  4171 D QSClockBellTower: Everyone heard the bell. run(currentTime:1643634180014,   getTime():Mon Jan 31 14:03:00 GMT+01:00 2022,   getTimeZone():libcore.util.ZoneInfo[id="Europe/Paris",mRawOffset=3600000,mEarliestRawOffset=0,mUseDst=true,mDstSavings=3600000,transitions=183])
01-31 14:03:00.042  4171  4171 I StackScroller: ADJUST STACK.TRANSLATION
01-31 14:03:00.076  4171  4171 I chatty  : uid=10008(com.samsung.android.app.aodservice) com.android.systemui identical 4 lines
01-31 14:03:00.077  4171  4171 I StackScroller: ADJUST STACK.TRANSLATION
01-31 14:03:01.894  3811  4045 I WifiVendorHal: getWifiLinkLayerStats(l.2973) before calling iface.getLinkLayerStats
01-31 14:03:01.894  3316  3316 I android.hardware.wifi@1.0-service: enter getLinkLayerStats
01-31 14:03:01.895  3316  3316 I android.hardware.wifi@1.0-service: enter getLinkLayerStatsInternal
01-31 14:03:01.942  3316  3316 I android.hardware.wifi@1.0-service: Successfully getLinkLayerStats.
01-31 14:03:01.943  3811  4045 I WifiVendorHal: getWifiLinkLayerStats(l.2973) after calling iface.getLinkLayerStats
01-31 14:03:01.961  3811  4045 I WifiStateMachine: checkScoreBasedQuality -  mPreviousScore[0]:101 mPreviousScore[1]:101 mPreviousScore[2]:102 s2Score:101mPrevoiusScoreAverage:101
01-31 14:03:03.644  4943  4943 D io_stats: !@   8,0 r 39808 2504696 w 23491 336832 d 1870 86680 f 3263 9988 iot 24456 20599 th 307200 0 0 pt 0 inp 0 0 1412.094
01-31 14:03:03.801 17354 17515 V Benchmark_thread: The benchmarking thread : Start executing -dumpsys batterystats- command 
01-31 14:03:03.803 17354 17515 V Benchmark_thread: The benchmarking thread : End executing -dumpsys batterystats- command 
01-31 14:03:03.805 17354 17515 V MainActivity:  Parsing battery output to look at line : Uid u0a233:
01-31 14:03:03.806 17354 17514 V Benchmark_thread: The benchmarking thread : Start executing -dumpsys batterystats- command 
01-31 14:03:03.808 17354 17514 V Benchmark_thread: The benchmarking thread : End executing -dumpsys batterystats- command 
01-31 14:03:03.810 17354 17514 V MainActivity:  Parsing battery output to look at line : Uid u0a233:
01-31 14:03:03.812 17354 17513 V Benchmark_thread: The benchmarking thread : Start executing -dumpsys batterystats- command 
01-31 14:03:03.814 17354 17513 V Benchmark_thread: The benchmarking thread : End executing -dumpsys batterystats- command 
01-31 14:03:03.816 17354 17513 V MainActivity:  Parsing battery output to look at line : Uid u0a233:
01-31 14:03:03.818 17354 17516 V Benchmark_thread: The benchmarking thread : Start executing -dumpsys batterystats- command 
01-31 14:03:03.819  3811  3866 I WifiService: getSupportedFeatures uid=1000
01-31 14:03:03.820 17354 17516 V Benchmark_thread: The benchmarking thread : End executing -dumpsys batterystats- command 
01-31 14:03:03.821  3811  4045 I WifiVendorHal: getWifiLinkLayerStats(l.2973) before calling iface.getLinkLayerStats
01-31 14:03:03.821  3316  3316 I android.hardware.wifi@1.0-service: enter getLinkLayerStats
01-31 14:03:03.822  3316  3316 I android.hardware.wifi@1.0-service: enter getLinkLayerStatsInternal
01-31 14:03:03.822 17354 17516 V MainActivity:  Parsing battery output to look at line : Uid u0a233:
01-31 14:03:03.826  3316  3316 I android.hardware.wifi@1.0-service: Successfully getLinkLayerStats.
01-31 14:03:03.827  3811  4045 I WifiVendorHal: getWifiLinkLayerStats(l.2973) after calling iface.getLinkLayerStats
01-31 14:03:03.831  3811  3866 E BatteryExternalStatsWorker: no controller energy info supplied for bluetooth
01-31 14:03:03.856  3811  3866 D BatteryStatsImpl: !@ currentWifiRunningTimeMs : 9544 totalTimeMs : 18547 totalWifiRunningTimeMs :28091 batteryRealtimeMs :120046
01-31 14:03:03.857  3811  3866 I WifiService: getSupportedFeatures uid=1000
01-31 14:03:03.858  3811  4045 I WifiVendorHal: getWifiLinkLayerStats(l.2973) before calling iface.getLinkLayerStats
01-31 14:03:03.859  3316  3316 I android.hardware.wifi@1.0-service: enter getLinkLayerStats
01-31 14:03:03.859  3316  3316 I android.hardware.wifi@1.0-service: enter getLinkLayerStatsInternal
01-31 14:03:03.869 17354 17515 V MainActivity:  Parsing line : Battery History (0% used, 516 used of 512KB, 4 strings using 224):
01-31 14:03:03.869 17354 17515 V MainActivity:  Parsing line :                     0 (14) RESET:TIME: 2022-01-31-14-01-03
01-31 14:03:03.869 17354 17515 V MainActivity:  Parsing line :                     0 (1) 080 status=discharging health=good plug=none temp=321 volt=3909 current=-1487 ap_temp=54 pst_temp=48 bat_temp=33 chg_temp=47 pa_temp=40 -tx_share misc_event=65536 online=1 current_event=0 charge=2406 +running +wake_lock +wifi_multicast +wifi_radio +screen phone_state=emergency phone_signal_strength=great brightness=medium +wifi_running +wifi wifi_signal_strength=4 wifi_suppl=completed +ble_scan
01-31 14:03:03.869 17354 17515 V MainActivity:  Parsing line :                     0 (2) 080 top=u0a233:"com.opportunistask.scheduling.benchmarking_app_to_test_big_cores"
01-31 14:03:03.869 17354 17515 V MainActivity:  Parsing line :                     0 (2) 080 user=0:"0"
01-31 14:03:03.869 17354 17515 V MainActivity:  Parsing line :                     0 (2) 080 userfg=0:"0"
01-31 14:03:03.869 17354 17515 V MainActivity:  Parsing line :                  +2ms (2) 080 stats=0:"wakelock-change"
01-31 14:03:03.869 17354 17515 V MainActivity:  Parsing line :                 +43ms (2) 080 stats=0:"dump"
01-31 14:03:03.869 17354 17515 V MainActivity:  Parsing line :              +4s197ms (3) 080 current=-1508 ap_temp=55 pst_temp=50 bat_temp=33 chg_temp=47 pa_temp=41
01-31 14:03:03.869 17354 17515 V MainActivity:  Parsing line :             +14s263ms (3) 080 current=-1487 ap_temp=55 pst_temp=51 bat_temp=33 chg_temp=47 pa_temp=41
01-31 14:03:03.869 17354 17515 V MainActivity:  Parsing line :             +23s358ms (2) 080 temp=338 charge=2394
01-31 14:03:03.869 17354 17515 V MainActivity:  Parsing line :             +24s328ms (3) 080 current=-1481 ap_temp=55 pst_temp=53 bat_temp=33 chg_temp=47 pa_temp=41
01-31 14:03:03.869 17354 17515 V MainActivity:  Parsing line :             +34s380ms (3) 080 current=-1470 ap_temp=55 pst_temp=54 bat_temp=33 chg_temp=47 pa_temp=41
01-31 14:03:03.870 17354 17515 V MainActivity:  Parsing line :             +44s446ms (3) 080 current=-1451 ap_temp=55 pst_temp=54 bat_temp=33 chg_temp=47 pa_temp=41
01-31 14:03:03.870 17354 17515 V MainActivity:  Parsing line :             +53s463ms (2) 079 charge=2379
01-31 14:03:03.870 17354 17515 V MainActivity:  Parsing line :                  Details: cpu=28410u+920s
01-31 14:03:03.870 17354 17515 V MainActivity:  Parsing line :                           /proc/stat=28500 usr, 720 sys, 0 io, 0 irq, 20 sirq, 24490 idle (54.4% of 8m 57s 300ms), PlatformIdleStat Empty
01-31 14:03:03.870 17354 17515 V MainActivity:  Parsing line : , SubsystemPowerState Empty
01-31 14:03:03.870 17354 17515 V MainActivity:  Parsing line :             +53s465ms (2) 079 stats=0:"wakelock-change"
01-31 14:03:03.870 17354 17515 V MainActivity:  Parsing line :             +54s516ms (3) 079 current=-1450 ap_temp=55 pst_temp=54 bat_temp=34 chg_temp=48 pa_temp=42
01-31 14:03:03.870 17354 17515 V MainActivity:  Parsing line :           +1m04s577ms (3) 079 current=-1444 ap_temp=55 pst_temp=54 bat_temp=34 chg_temp=48 pa_temp=42
01-31 14:03:03.870 17354 17515 V MainActivity:  Parsing line :           +1m14s660ms (3) 079 current=-1462 ap_temp=56 pst_temp=55 bat_temp=34 chg_temp=48 pa_temp=42
01-31 14:03:03.870 17354 17515 V MainActivity:  Parsing line :           +1m23s572ms (2) 079 temp=350 charge=2364
01-31 14:03:03.870 17354 17515 V MainActivity:  Parsing line :           +1m24s731ms (3) 079 current=-1448 ap_temp=56 pst_temp=55 bat_temp=35 chg_temp=48 pa_temp=42
01-31 14:03:03.870 17354 17515 V MainActivity:  Parsing line :           +1m34s805ms (3) 079 current=-1436 ap_temp=56 pst_temp=55 bat_temp=35 chg_temp=48 pa_temp=42
01-31 14:03:03.870 17354 17515 V MainActivity:  Parsing line :           +1m44s879ms (3) 079 current=-1419 ap_temp=56 pst_temp=55 bat_temp=35 chg_temp=48 pa_temp=42
01-31 14:03:03.870 17354 17515 V MainActivity:  Parsing line :           +1m53s696ms (2) 078 charge=2352
01-31 14:03:03.870 17354 17515 V MainActivity:  Parsing line :                  Details: cpu=224100u+6220s
01-31 14:03:03.870 17354 17515 V MainActivity:  Parsing line :                           /proc/stat=223470 usr, 3960 sys, 20 io, 0 irq, 90 sirq, 197160 idle (53.6% of 1h 10m 47s 0ms), PlatformIdleStat Empty
01-31 14:03:03.871 17354 17515 V MainActivity:  Parsing line : , SubsystemPowerState Empty
01-31 14:03:03.871 17354 17515 V MainActivity:  Parsing line :           +1m53s697ms (2) 078 stats=0:"wakelock-change"
01-31 14:03:03.871 17354 17515 V MainActivity:  Parsing line :           +1m54s953ms (3) 078 current=-1410 ap_temp=56 pst_temp=55 bat_temp=35 chg_temp=48 pa_temp=42
01-31 14:03:03.871 17354 17515 V MainActivity:  Parsing line :           +2m00s032ms (2) 078 stats=0:"dump"
01-31 14:03:03.871 17354 17515 V MainActivity:  Parsing line : 
01-31 14:03:03.871 17354 17515 V MainActivity:  Parsing line : Per-PID Stats:
01-31 14:03:03.871 17354 17515 V MainActivity:  Parsing line :   PID 3811 wake time: +50ms
01-31 14:03:03.871 17354 17515 V MainActivity:  Parsing line :   PID 4138 wake time: +323ms
01-31 14:03:03.871 17354 17515 V MainActivity:  Parsing line : 
01-31 14:03:03.871 17354 17515 V MainActivity:  Parsing line : Discharge step durations:
01-31 14:03:03.871 17354 17515 V MainActivity:  Parsing line :   #0: +1m0s233ms to 78 (screen-on, power-save-off, device-idle-off)
01-31 14:03:03.871 17354 17515 V MainActivity:  Parsing line :   Estimated discharge time remaining: +1h18m18s174ms
01-31 14:03:03.871 17354 17515 V MainActivity:  Parsing line :   Estimated screen on time: 1h 40m 23s 300ms 
01-31 14:03:03.871 17354 17515 V MainActivity:  Parsing line : 
01-31 14:03:03.871 17354 17515 V MainActivity:  Parsing line : Daily stats:
01-31 14:03:03.871 17354 17515 V MainActivity:  Parsing line :   Current start time: 2022-01-31-05-56-42
01-31 14:03:03.871 17354 17515 V MainActivity:  Parsing line :   Next min deadline: 2022-02-01-01-00-00
01-31 14:03:03.871 17354 17515 V MainActivity:  Parsing line :   Next max deadline: 2022-02-01-03-00-00
01-31 14:03:03.871 17354 17515 V MainActivity:  Parsing line :   Current daily discharge step durations:
01-31 14:03:03.871 17354 17515 V MainActivity:  Parsing line :     #0: +1m0s233ms to 78 (screen-on, power-save-off, device-idle-off)
01-31 14:03:03.871 17354 17515 V MainActivity:  Parsing line :     #1: +1m0s220ms to 79 (screen-on, power-save-off, device-idle-off)
01-31 14:03:03.871 17354 17515 V MainActivity:  Parsing line :     #2: +3h27m40s956ms to 63 (power-save-off)
01-31 14:03:03.872 17354 17515 V MainActivity:  Parsing line :     #3: +4h0m2s968ms to 64 (screen-off, power-save-off, device-idle-on)
01-31 14:03:03.872 17354 17515 V MainActivity:  Parsing line :       Discharge total time: 7d 19h 23m 29s 400ms  (from 4 steps)
01-31 14:03:03.872 17354 17515 V MainActivity:  Parsing line :       Discharge screen off time: 16d 16h 4m 56s 800ms  (from 1 steps)
01-31 14:03:03.872 17354 17515 V MainActivity:  Parsing line :       Discharge screen off device idle time: 16d 16h 4m 56s 800ms  (from 1 steps)
01-31 14:03:03.872 17354 17515 V MainActivity:  Parsing line :       Discharge screen on time: 1h 40m 22s 600ms  (from 2 steps)
01-31 14:03:03.872 17354 17515 V MainActivity:  Parsing line :   Current daily charge step durations:
01-31 14:03:03.872 17354 17515 V MainActivity:  Parsing line :     #0: +1m20s714ms to 81 (screen-on, power-save-off, device-idle-off)
01-31 14:03:03.872 17354 17515 V MainActivity:  Parsing line :     #1: +12m8s366ms to 80 (screen-on, power-save-off, device-idle-off)
01-31 14:03:03.872 17354 17515 V MainActivity:  Parsing line :     #2: +1m10s820ms to 75 (screen-on, power-save-off, device-idle-off)
01-31 14:03:03.872 17354 17515 V MainActivity:  Parsing line :     #3: +50s656ms to 74 (screen-on, power-save-off, device-idle-off)
01-31 14:03:03.872 17354 17515 V MainActivity:  Parsing line :     #4: +1m0s816ms to 73 (screen-on, power-save-off, device-idle-off)
01-31 14:03:03.872 17354 17515 V MainActivity:  Parsing line :     #5: +4m33s257ms to 72 (screen-on, power-save-off, device-idle-off)
01-31 14:03:03.872 17354 17515 V MainActivity:  Parsing line :     #6: +1m10s725ms to 71 (power-save-off, device-idle-off)
01-31 14:03:03.872 17354 17515 V MainActivity:  Parsing line :     #7: +1m0s794ms to 70 (screen-off, power-save-off, device-idle-off)
01-31 14:03:03.872 17354 17515 V MainActivity:  Parsing line :     #8: +50s664ms to 69 (screen-off, power-save-off, device-idle-off)
01-31 14:03:03.872 17354 17515 V MainActivity:  Parsing line :     #9: +50s666ms to 68 (screen-off, power-save-off, device-idle-off)
01-31 14:03:03.873 17354 17515 V MainActivity:  Parsing line :     #10: +50s666ms to 67 (screen-off, power-save-off, device-idle-off)
01-31 14:03:03.873 17354 17515 V MainActivity:  Parsing line :     #11: +50s669ms to 66 (screen-off, power-save-off, device-idle-off)
01-31 14:03:03.873 17354 17515 V MainActivity:  Parsing line :       Charge total time: 3h 42m 3s 400ms  (from 12 steps)
01-31 14:03:03.873 17354 17515 V MainActivity:  Parsing line :       Charge screen off time: 1h 27m 49s 100ms  (from 5 steps)
01-31 14:03:03.873 17354 17515 V MainActivity:  Parsing line :       Charge screen on time: 5h 51m 17s 100ms  (from 6 steps)
01-31 14:03:03.873 17354 17515 V MainActivity:  Parsing line :     Package changes:
01-31 14:03:03.873 17354 17515 V MainActivity:  Parsing line :       Update com.opportunistask.scheduling.benchmarking_app_to_test_big_cores vers=0
01-31 14:03:03.873 17354 17515 V MainActivity:  Parsing line :       Update com.opportunistask.scheduling.benchmarking_app_to_test_big_cores vers=1
01-31 14:03:03.873 17354 17515 V MainActivity:  Parsing line :       Update com.opportunistask.scheduling.benchmarking_app_to_test_big_cores vers=0
01-31 14:03:03.873 17354 17515 V MainActivity:  Parsing line :       Update com.opportunistask.scheduling.benchmarking_app_to_test_big_cores vers=1
01-31 14:03:03.873 17354 17515 V MainActivity:  Parsing line :       Update com.opportunistask.scheduling.benchmarking_app_to_test_big_cores vers=0
01-31 14:03:03.873 17354 17515 V MainActivity:  Parsing line :       Update com.opportunistask.scheduling.benchmarking_app_to_test_big_cores vers=1
01-31 14:03:03.873 17354 17515 V MainActivity:  Parsing line :       Update com.opportunistask.scheduling.benchmarking_app_to_test_big_cores vers=0
01-31 14:03:03.873 17354 17515 V MainActivity:  Parsing line :       Update com.opportunistask.scheduling.benchmarking_app_to_test_big_cores vers=1
01-31 14:03:03.873 17354 17515 V MainActivity:  Parsing line :       Update com.opportunistask.scheduling.benchmarking_app_to_test_big_cores vers=0
01-31 14:03:03.874 17354 17515 V MainActivity:  Parsing line :       Update com.opportunistask.scheduling.benchmarking_app_to_test_big_cores vers=1
01-31 14:03:03.874 17354 17515 V MainActivity:  Parsing line :   Daily from 2022-01-30-05-19-47 to 2022-01-31-05-56-42:
01-31 14:03:03.874 17354 17515 V MainActivity:  Parsing line :     Discharge step durations:
01-31 14:03:03.874 17354 17515 V MainActivity:  Parsing line :       #0: +4h0m3s934ms to 66 (screen-off, power-save-off, device-idle-on)
01-31 14:03:03.874 17354 17515 V MainActivity:  Parsing line :       #1: +4h0m2s89ms to 67 (screen-off, power-save-off, device-idle-on)
01-31 14:03:03.874 17354 17515 V MainActivity:  Parsing line :       #2: +4h1m57s72ms to 68 (screen-off, power-save-off, device-idle-on)
01-31 14:03:03.874 17354 17515 V MainActivity:  Parsing line :       #3: +3h34m44s901ms to 69 (screen-off, power-save-off, device-idle-on)
01-31 14:03:03.874 17354 17515 V MainActivity:  Parsing line :       #4: +3h0m2s1ms to 70 (screen-off, power-save-off, device-idle-on)
01-31 14:03:03.874 17354 17515 V MainActivity:  Parsing line :       #5: +3h0m2s991ms to 71 (screen-off, power-save-off, device-idle-on)
01-31 14:03:03.874 17354 17515 V MainActivity:  Parsing line :         Discharge total time: 15d 0h 14m 43s 100ms  (from 6 steps)
01-31 14:03:03.874 17354 17515 V MainActivity:  Parsing line :         Discharge screen off time: 15d 0h 14m 43s 100ms  (from 6 steps)
01-31 14:03:03.874 17354 17515 V MainActivity:  Parsing line :         Discharge screen off device idle time: 15d 0h 14m 43s 100ms  (from 6 steps)
01-31 14:03:03.874 17354 17515 V MainActivity:  Parsing line :   Daily from 2022-01-29-03-37-48 to 2022-01-30-05-19-47:
01-31 14:03:03.874 17354 17515 V MainActivity:  Parsing line :     Discharge step durations:
01-31 14:03:03.874 17354 17515 V MainActivity:  Parsing line :       #0: +3h0m2s26ms to 73 (screen-off, power-save-off, device-idle-on)
01-31 14:03:03.874 17354 17515 V MainActivity:  Parsing line :       #1: +3h0m0s995ms to 74 (screen-off, power-save-off, device-idle-on)
01-31 14:03:03.874 17354 17515 V MainActivity:  Parsing line :       #2: +5h0m4s13ms to 75 (screen-off, power-save-off, device-idle-on)
01-31 14:03:03.875 17354 17515 V MainActivity:  Parsing line :       #3: +3h0m2s4ms to 76 (screen-off, power-save-off, device-idle-on)
01-31 14:03:03.875 17354 17515 V MainActivity:  Parsing line :       #4: +5h0m3s944ms to 77 (screen-off, power-save-off, device-idle-on)
01-31 14:03:03.875 17354 17515 V MainActivity:  Parsing line :       #5: +3h41m44s92ms to 78 (screen-off, power-save-off, device-idle-on)
01-31 14:03:03.875 17354 17515 V MainActivity:  Parsing line :         Discharge total time: 15d 18h 19m 11s 200ms  (from 6 steps)
01-31 14:03:03.875 17354 17515 V MainActivity:  Parsing line :         Discharge screen off time: 15d 18h 19m 11s 200ms  (from 6 steps)
01-31 14:03:03.875 17354 17515 V MainActivity:  Parsing line :         Discharge screen off device idle time: 15d 18h 19m 11s 200ms  (from 6 steps)
01-31 14:03:03.875 17354 17515 V MainActivity:  Parsing line :   Daily from 2022-01-28-04-22-15 to 2022-01-29-03-37-48:
01-31 14:03:03.875 17354 17515 V MainActivity:  Parsing line :     Discharge step durations:
01-31 14:03:03.875 17354 17515 V MainActivity:  Parsing line :       #0: +2h9m0s21ms to 80 (power-save-off, device-idle-on)
01-31 14:03:03.875 17354 17515 V MainActivity:  Parsing line :       #1: +2h15m24s998ms to 81 (screen-off, power-save-off, device-idle-on)
01-31 14:03:03.875 17354 17515 V MainActivity:  Parsing line :       #2: +2h27m1s23ms to 82 (screen-off, power-save-off, device-idle-on)
01-31 14:03:03.875 17354 17515 V MainActivity:  Parsing line :       #3: +2h1m57s958ms to 83 (screen-off, power-save-off)
01-31 14:03:03.875 17354 17515 V MainActivity:  Parsing line :       #4: +1m30s326ms to 82 (screen-on, power-save-off, device-idle-off)
01-31 14:03:03.875 17354 17515 V MainActivity:  Parsing line :       #5: +1m0s203ms to 83 (screen-on, power-save-off, device-idle-off)
01-31 14:03:03.875 17354 17515 V MainActivity:  Parsing line :       #6: +1m0s183ms to 78 (screen-on, power-save-off, device-idle-off)
01-31 14:03:03.875 17354 17515 V MainActivity:  Parsing line :       #7: +1m0s188ms to 79 (screen-on, power-save-off, device-idle-off)
01-31 14:03:03.876 17354 17515 V MainActivity:  Parsing line :       #8: +1m30s332ms to 70 (screen-on, power-save-off, device-idle-off)
01-31 14:03:03.876 17354 17515 V MainActivity:  Parsing line :       #9: +1m0s180ms to 71 (screen-on, power-save-off, device-idle-off)
01-31 14:03:03.876 17354 17515 V MainActivity:  Parsing line :       #10: +2m0s461ms to 72 (screen-on, power-save-off, device-idle-off)
01-31 14:03:03.876 17354 17515 V MainActivity:  Parsing line :       #11: +1m0s224ms to 73 (screen-on, power-save-off, device-idle-off)
01-31 14:03:03.876 17354 17515 V MainActivity:  Parsing line :       #12: +1m30s314ms to 74 (screen-on, power-save-off, device-idle-off)
01-31 14:03:03.876 17354 17515 V MainActivity:  Parsing line :       #13: +1m0s188ms to 75 (screen-on, power-save-off, device-idle-off)
01-31 14:03:03.876 17354 17515 V MainActivity:  Parsing line :       #14: +1m0s193ms to 49 (screen-on, power-save-off, device-idle-off)
01-31 14:03:03.876 17354 17515 V MainActivity:  Parsing line :       #15: +4h0m3s25ms to 31 (screen-off, power-save-off, device-idle-on)
01-31 14:03:03.876 17354 17515 V MainActivity:  Parsing line :       #16: +4h0m2s936ms to 32 (screen-off, power-save-off, device-idle-on)
01-31 14:03:03.876 17354 17515 V MainActivity:  Parsing line :         Discharge total time: 4d 4h 41m 26s 700ms  (from 17 steps)
01-31 14:03:03.876 17354 17515 V MainActivity:  Parsing line :         Discharge screen off time: 12d 6h 49m 58s 800ms  (from 5 steps)
01-31 14:03:03.877 17354 17515 V MainActivity:  Parsing line :         Discharge screen off device idle time: 13d 5h 43m 19s 500ms  (from 4 steps)
01-31 14:03:03.877 17354 17515 V MainActivity:  Parsing line :         Discharge screen on time: 2h 3m 9s 0ms  (from 11 steps)
01-31 14:03:03.877 17354 17515 V MainActivity:  Parsing line :     Charge step durations:
01-31 14:03:03.877 17354 17515 V MainActivity:  Parsing line :       #0: +13m43s874ms to 85 (screen-on, power-save-off, device-idle-off)
01-31 14:03:03.877 17354 17515 V MainActivity:  Parsing line :       #1: +1m20s971ms to 85 (screen-on, power-save-off, device-idle-off)
01-31 14:03:03.877 17354 17515 V MainActivity:  Parsing line :       #2: +1m10s948ms to 84 (screen-on, power-save-off, device-idle-off)
01-31 14:03:03.877 17354 17515 V MainActivity:  Parsing line :       #3: +1m0s818ms to 83 (screen-on, power-save-off, device-idle-off)
01-31 14:03:03.877 17354 17515 V MainActivity:  Parsing line :       #4: +1m0s760ms to 82 (screen-on, power-save-off, device-idle-off)
01-31 14:03:03.877 17354 17515 V MainActivity:  Parsing line :       #5: +7m17s423ms to 81 (power-save-off, device-idle-off)
01-31 14:03:03.877 17354 17515 V MainActivity:  Parsing line :       #6: +7m34s692ms to 80 (screen-on, power-save-off, device-idle-off)
01-31 14:03:03.877 17354 17515 V MainActivity:  Parsing line :       #7: +1m20s878ms to 81 (power-save-off, device-idle-off)
01-31 14:03:03.877 17354 17515 V MainActivity:  Parsing line :       #8: +1m0s601ms to 80 (power-save-off, device-idle-off)
01-31 14:03:03.877 17354 17515 V MainActivity:  Parsing line :       #9: +1m0s778ms to 79 (screen-on, power-save-off, device-idle-off)
01-31 14:03:03.877 17354 17515 V MainActivity:  Parsing line :       #10: +1m41s315ms to 75 (screen-on, power-save-off, device-idle-off)
01-31 14:03:03.877 17354 17515 V MainActivity:  Parsing line :       #11: +1m21s14ms to 74 (screen-on, power-save-off, device-idle-off)
01-31 14:03:03.878 17354 17515 V MainActivity:  Parsing line :       #12: +1m31s153ms to 73 (screen-on, power-save-off, device-idle-off)
01-31 14:03:03.878 17354 17515 V MainActivity:  Parsing line :       #13: +19m58s882ms to 72 (screen-on, power-save-off, device-idle-off)
01-31 14:03:03.878 17354 17515 V MainActivity:  Parsing line :       #14: +1m41s246ms to 77 (screen-on, power-save-off, device-idle-off)
01-31 14:03:03.878 17354 17515 V MainActivity:  Parsing line :       #15: +1m10s894ms to 76 (screen-on, power-save-off, device-idle-off)
01-31 14:03:03.878 17354 17515 V MainActivity:  Parsing line :       #16: +1m0s798ms to 75 (screen-on, power-save-off, device-idle-off)
01-31 14:03:03.878 17354 17515 V MainActivity:  Parsing line :       #17: +50s691ms to 74 (screen-on, power-save-off, device-idle-off)
01-31 14:03:03.878 17354 17515 V MainActivity:  Parsing line :       #18: +50s636ms to 73 (screen-on, power-save-off, device-idle-off)
01-31 14:03:03.878 17354 17515 V MainActivity:  Parsing line :       #19: +1m0s801ms to 72 (screen-on, power-save-off, device-idle-off)
01-31 14:03:03.878 17354 17515 V MainActivity:  Parsing line :       #20: +50s622ms to 71 (screen-on, power-save-off, device-idle-off)
01-31 14:03:03.878 17354 17515 V MainActivity:  Parsing line :       #21: +1m0s786ms to 70 (screen-on, power-save-off, device-idle-off)
01-31 14:03:03.878 17354 17515 V MainActivity:  Parsing line :       #22: +50s656ms to 69 (screen-on, power-save-off, device-idle-off)
01-31 14:03:03.878 17354 17515 V MainActivity:  Parsing line :       #23: +50s674ms to 68 (screen-on, power-save-off, device-idle-off)
01-31 14:03:03.878 17354 17515 V MainActivity:  Parsing line :       #24: +50s656ms to 67 (screen-on, power-save-off, device-idle-off)
01-31 14:03:03.878 17354 17515 V MainActivity:  Parsing line :       #25: +50s690ms to 66 (screen-on, power-save-off, device-idle-off)
01-31 14:03:03.878 17354 17515 V MainActivity:  Parsing line :       #26: +50s618ms to 65 (screen-on, power-save-off, device-idle-off)
01-31 14:03:03.878 17354 17515 V MainActivity:  Parsing line :       #27: +1m0s802ms to 64 (screen-on, power-save-off, device-idle-off)
01-31 14:03:03.878 17354 17515 V MainActivity:  Parsing line :       #28: +50s680ms to 63 (screen-on, power-save-off, device-idle-off)
01-31 14:03:03.878 17354 17515 V MainActivity:  Parsing line :       #29: +1m31s141ms to 62 (screen-on, power-save-off, device-idle-off)
01-31 14:03:03.878 17354 17515 V MainActivity:  Parsing line :       #30: +1m31s240ms to 61 (screen-on, power-save-off, device-idle-off)
01-31 14:03:03.879 17354 17515 V MainActivity:  Parsing line :       #31: +1m21s23ms to 60 (screen-on, power-save-off, device-idle-off)
01-31 14:03:03.879 17354 17515 V MainActivity:  Parsing line :       #32: +1m31s187ms to 59 (screen-on, power-save-off, device-idle-off)
01-31 14:03:03.879 17354 17515 V MainActivity:  Parsing line :       #33: +1m21s49ms to 58 (screen-on, power-save-off, device-idle-off)
01-31 14:03:03.879 17354 17515 V MainActivity:  Parsing line :       #34: +1m31s165ms to 57 (screen-on, power-save-off, device-idle-off)
01-31 14:03:03.879 17354 17515 V MainActivity:  Parsing line :       #35: +1m21s36ms to 56 (screen-on, power-save-off, device-idle-off)
01-31 14:03:03.879 17354 17515 V MainActivity:  Parsing line :       #36: +1m31s196ms to 55 (screen-on, power-save-off, device-idle-off)
01-31 14:03:03.879 17354 17515 V MainActivity:  Parsing line :       #37: +1m21s63ms to 54 (screen-on, power-save-off, device-idle-off)
01-31 14:03:03.879 17354 17515 V MainActivity:  Parsing line :       #38: +1m31s181ms to 53 (screen-on, power-save-off, device-idle-off)
01-31 14:03:03.879 17354 17515 V MainActivity:  Parsing line :       #39: +1m21s29ms to 52 (screen-on, power-save-off, device-idle-off)
01-31 14:03:03.879 17354 17515 V MainActivity:  Parsing line :       #40: +17m3s986ms to 51 (screen-on, power-save-off, device-idle-off)
01-31 14:03:03.879 17354 17515 V MainActivity:  Parsing line :       #41: +1m31s148ms to 51 (screen-on, power-save-off, device-idle-off)
01-31 14:03:03.879 17354 17515 V MainActivity:  Parsing line :       #42: +8m39s386ms to 50 (screen-on, power-save-off, device-idle-off)
01-31 14:03:03.879 17354 17515 V MainActivity:  Parsing line :       #43: +50s567ms to 48 (power-save-off, device-idle-off)
01-31 14:03:03.879 17354 17515 V MainActivity:  Parsing line :       #44: +40s576ms to 47 (screen-off, power-save-off, device-idle-off)
01-31 14:03:03.879 17354 17515 V MainActivity:  Parsing line :       #45: +50s660ms to 46 (screen-off, power-save-off, device-idle-off)
01-31 14:03:03.879 17354 17515 V MainActivity:  Parsing line :       #46: +40s521ms to 45 (screen-off, power-save-off, device-idle-off)
01-31 14:03:03.879 17354 17515 V MainActivity:  Parsing line :       #47: +50s640ms to 44 (screen-off, power-save-off, device-idle-off)
01-31 14:03:03.879 17354 17515 V MainActivity:  Parsing line :       #48: +40s524ms to 43 (screen-off, power-save-off, device-idle-off)
01-31 14:03:03.879 17354 17515 V MainActivity:  Parsing line :       #49: +50s669ms to 42 (screen-off, power-save-off, device-idle-off)
01-31 14:03:03.879  3811  4044 D WifiTrafficPoller: TrafficStats TxPkts=1361 RxPkts=1258 TxBytes=295018 RxBytes=620341 , Foreground uid=10233 pkgName=com.opportunistask.scheduling.benchmarking_app_to_test_big_cores TxPackets=0 RxPackets=0 TxBytes=0 RxBytes=0
01-31 14:03:03.879 17354 17515 V MainActivity:  Parsing line :       #50: +50s651ms to 41 (screen-off, power-save-off, device-idle-off)
01-31 14:03:03.880 17354 17515 V MainActivity:  Parsing line :       #51: +40s523ms to 40 (screen-off, power-save-off, device-idle-off)
01-31 14:03:03.880 17354 17515 V MainActivity:  Parsing line :       #52: +50s653ms to 39 (screen-off, power-save-off, device-idle-off)
01-31 14:03:03.880  3316  3316 I android.hardware.wifi@1.0-service: Successfully getLinkLayerStats.
01-31 14:03:03.880 17354 17515 V MainActivity:  Parsing line :       #53: +40s495ms to 38 (screen-off, power-save-off, device-idle-off)
01-31 14:03:03.880 17354 17515 V MainActivity:  Parsing line :       #54: +50s667ms to 37 (screen-off, power-save-off, device-idle-off)
01-31 14:03:03.880 17354 17515 V MainActivity:  Parsing line :       #55: +40s545ms to 36 (screen-off, power-save-off, device-idle-off)
01-31 14:03:03.880 17354 17515 V MainActivity:  Parsing line :       #56: +50s612ms to 35 (power-save-off, device-idle-off)
01-31 14:03:03.880 17354 17515 V MainActivity:  Parsing line :       #57: +50s664ms to 34 (screen-on, power-save-off, device-idle-off)
01-31 14:03:03.880 17354 17515 V MainActivity:  Parsing line :         Charge total time: 3h 44m 44s 700ms  (from 58 steps)
01-31 14:03:03.880 17354 17515 V MainActivity:  Parsing line :         Charge screen off time: 1h 15m 59s 300ms  (from 12 steps)
01-31 14:03:03.880 17354 17515 V MainActivity:  Parsing line :         Charge screen on time: 4h 28m 2s 800ms  (from 41 steps)
01-31 14:03:03.880 17354 17515 V MainActivity:  Parsing line :     Package changes:
01-31 14:03:03.880 17354 17515 V MainActivity:  Parsing line :       Update com.opportunistask.scheduling.benchmarking_app_to_test_big_cores vers=0
01-31 14:03:03.880 17354 17515 V MainActivity:  Parsing line :       Update com.opportunistask.scheduling.benchmarking_app_to_test_big_cores vers=1
01-31 14:03:03.880 17354 17515 V MainActivity:  Parsing line :       Update com.opportunistask.scheduling.benchmarking_app_to_test_big_cores vers=0
01-31 14:03:03.880 17354 17515 V MainActivity:  Parsing line :       Update com.opportunistask.scheduling.benchmarking_app_to_test_big_cores vers=1
01-31 14:03:03.880 17354 17515 V MainActivity:  Parsing line :       Update com.opportunistask.scheduling.benchmarking_app_to_test_big_cores vers=0
01-31 14:03:03.880 17354 17515 V MainActivity:  Parsing line :       Update com.opportunistask.scheduling.benchmarking_app_to_test_big_cores vers=1
01-31 14:03:03.880 17354 17515 V MainActivity:  Parsing line :       Update com.opportunistask.scheduling.benchmarking_app_to_test_big_cores vers=0
01-31 14:03:03.880  3811  4045 I WifiVendorHal: getWifiLinkLayerStats(l.2973) after calling iface.getLinkLayerStats
01-31 14:03:03.880 17354 17515 V MainActivity:  Parsing line :       Update com.opportunistask.scheduling.benchmarking_app_to_test_big_cores vers=1
01-31 14:03:03.880 17354 17515 V MainActivity:  Parsing line :       Update com.opportunistask.scheduling.benchmarking_app_to_test_big_cores vers=0
01-31 14:03:03.880 17354 17515 V MainActivity:  Parsing line :       Update com.opportunistask.scheduling.benchmarking_app_to_test_big_cores vers=1
01-31 14:03:03.880 17354 17515 V MainActivity:  Parsing line :       Update com.opportunistask.scheduling.benchmarking_app_to_test_big_cores vers=0
01-31 14:03:03.880 17354 17515 V MainActivity:  Parsing line :       Update com.opportunistask.scheduling.benchmarking_app_to_test_big_cores vers=1
01-31 14:03:03.880 17354 17515 V MainActivity:  Parsing line :       Update com.android.vending vers=82891210
01-31 14:03:03.880 17354 17515 V MainActivity:  Parsing line :       Update com.android.vending vers=82891210
01-31 14:03:03.880 17354 17515 V MainActivity:  Parsing line :       Update com.opportunistask.scheduling.benchmarking_app_to_test_big_cores vers=0
01-31 14:03:03.880 17354 17515 V MainActivity:  Parsing line :       Update com.opportunistask.scheduling.benchmarking_app_to_test_big_cores vers=1
01-31 14:03:03.880 17354 17515 V MainActivity:  Parsing line :       Update com.google.android.googlequicksearchbox vers=301183160
01-31 14:03:03.880 17354 17515 V MainActivity:  Parsing line :       Update com.google.android.googlequicksearchbox vers=301183160
01-31 14:03:03.881 17354 17515 V MainActivity:  Parsing line :       Update com.opportunistask.scheduling.benchmarking_app_to_test_big_cores vers=0
01-31 14:03:03.881 17354 17515 V MainActivity:  Parsing line :       Update com.opportunistask.scheduling.benchmarking_app_to_test_big_cores vers=1
01-31 14:03:03.881 17354 17515 V MainActivity:  Parsing line :       Update com.opportunistask.scheduling.benchmarking_app_to_test_big_cores vers=0
01-31 14:03:03.881 17354 17515 V MainActivity:  Parsing line :       Update com.opportunistask.scheduling.benchmarking_app_to_test_big_cores vers=1
01-31 14:03:03.881 17354 17515 V MainActivity:  Parsing line :       Update com.opportunistask.scheduling.benchmarking_app_to_test_big_cores vers=0
01-31 14:03:03.881 17354 17515 V MainActivity:  Parsing line :       Update com.opportunistask.scheduling.benchmarking_app_to_test_big_cores vers=1
01-31 14:03:03.881 17354 17515 V MainActivity:  Parsing line :       Update com.opportunistask.scheduling.benchmarking_app_to_test_big_cores vers=0
01-31 14:03:03.881 17354 17515 V MainActivity:  Parsing line :       Update com.opportunistask.scheduling.benchmarking_app_to_test_big_cores vers=1
01-31 14:03:03.881 17354 17515 V MainActivity:  Parsing line :   Daily from 2022-01-27-03-55-19 to 2022-01-28-04-22-15:
01-31 14:03:03.881 17354 17515 V MainActivity:  Parsing line :     Discharge step durations:
01-31 14:03:03.881 17354 17515 V MainActivity:  Parsing line :       #0: +3h37m51s913ms to 34 (screen-off, power-save-off, device-idle-on)
01-31 14:03:03.881 17354 17515 V MainActivity:  Parsing line :       #1: +4h0m3s979ms to 35 (screen-off, power-save-off, device-idle-on)
01-31 14:03:03.881 17354 17515 V MainActivity:  Parsing line :       #2: +3h39m4s97ms to 36 (screen-off, power-save-off, device-idle-on)
01-31 14:03:03.881 17354 17515 V MainActivity:  Parsing line :       #3: +4h43m22s44ms to 37 (screen-off, power-save-off, device-idle-on)
01-31 14:03:03.881 17354 17515 V MainActivity:  Parsing line :       #4: +4h4m18s968ms to 38 (screen-off, power-save-off, device-idle-on)
01-31 14:03:03.881  4171  4171 D SecStatusBarWifiView: updateState: WifiIconState(resId=2131232632, visible=true, activityId=2131232638)
01-31 14:03:03.881 17354 17515 V MainActivity:  Parsing line :         Discharge total time: 16d 17h 33m 40s 0ms  (from 5 steps)
01-31 14:03:03.881 17354 17515 V MainActivity:  Parsing line :         Discharge screen off time: 16d 17h 33m 40s 0ms  (from 5 steps)
01-31 14:03:03.881 17354 17515 V MainActivity:  Parsing line :         Discharge screen off device idle time: 16d 17h 33m 40s 0ms  (from 5 steps)
01-31 14:03:03.881 17354 17515 V MainActivity:  Parsing line :   Daily from 2022-01-26-05-57-08 to 2022-01-27-03-55-19:
01-31 14:03:03.881 17354 17515 V MainActivity:  Parsing line :     Discharge step durations:
01-31 14:03:03.881 17354 17515 V MainActivity:  Parsing line :       #0: +1m0s164ms to 25 (screen-on, power-save-off, device-idle-off)
01-31 14:03:03.881 17354 17515 V MainActivity:  Parsing line :       #1: +1m0s158ms to 22 (screen-on, power-save-off, device-idle-off)
01-31 14:03:03.881 17354 17515 V MainActivity:  Parsing line :       #2: +30s82ms to 23 (screen-on, power-save-off, device-idle-off)
01-31 14:03:03.883  3811  3866 E BatteryExternalStatsWorker: no controller energy info supplied for bluetooth
01-31 14:03:03.887 17354 17515 V MainActivity:  Parsing line :       #3: +3h38m7s117ms to 19 (screen-off, power-save-off, device-idle-on)
01-31 14:03:03.887 17354 17515 V MainActivity:  Parsing line :       #4: +4h36m43s991ms to 20 (screen-off, power-save-off, device-idle-on)
01-31 14:03:03.887 17354 17515 V MainActivity:  Parsing line :         Discharge total time: 6d 21h 47m 10s 200ms  (from 5 steps)
01-31 14:03:03.887 17354 17515 V MainActivity:  Parsing line :         Discharge screen off time: 17d 4h 22m 35s 400ms  (from 2 steps)
01-31 14:03:03.887 17354 17515 V MainActivity:  Parsing line :         Discharge screen off device idle time: 17d 4h 22m 35s 400ms  (from 2 steps)
01-31 14:03:03.887 17354 17515 V MainActivity:  Parsing line :         Discharge screen on time: 1h 23m 33s 400ms  (from 3 steps)
01-31 14:03:03.887 17354 17515 V MainActivity:  Parsing line :     Charge step durations:
01-31 14:03:03.887 17354 17515 V MainActivity:  Parsing line :       #0: +1m51s15ms to 41 (screen-on, power-save-off, device-idle-off)
01-31 14:03:03.887 17354 17515 V MainActivity:  Parsing line :       #1: +50s666ms to 39 (screen-on, power-save-off, device-idle-off)
01-31 14:03:03.887 17354 17515 V MainActivity:  Parsing line :       #2: +40s550ms to 38 (screen-on, power-save-off, device-idle-off)
01-31 14:03:03.887 17354 17515 V MainActivity:  Parsing line :       #3: +50s679ms to 37 (screen-on, power-save-off, device-idle-off)
01-31 14:03:03.887 17354 17515 V MainActivity:  Parsing line :       #4: +7m25s210ms to 36 (screen-on, power-save-off, device-idle-off)
01-31 14:03:03.887 17354 17515 V MainActivity:  Parsing line :       #5: +1m30s997ms to 34 (screen-on, power-save-off, device-idle-off)
01-31 14:03:03.887 17354 17515 V MainActivity:  Parsing line :       #6: +1m31s87ms to 33 (screen-on, power-save-off, device-idle-off)
01-31 14:03:03.887 17354 17515 V MainActivity:  Parsing line :       #7: +1m20s696ms to 32 (screen-on, power-save-off, device-idle-off)
01-31 14:03:03.887 17354 17515 V MainActivity:  Parsing line :       #8: +1m30s772ms to 31 (screen-on, power-save-off, device-idle-off)
01-31 14:03:03.887 17354 17515 V MainActivity:  Parsing line :       #9: +1m41s122ms to 30 (screen-on, power-save-off, device-idle-off)
01-31 14:03:03.888 17354 17515 V MainActivity:  Parsing line :       #10: +1m20s979ms to 29 (screen-on, power-save-off, device-idle-off)
01-31 14:03:03.888 17354 17515 V MainActivity:  Parsing line :       #11: +1m21s69ms to 28 (screen-on, power-save-off, device-idle-off)
01-31 14:03:03.888 17354 17515 V MainActivity:  Parsing line :       #12: +9m3s388ms to 27 (screen-on, power-save-off, device-idle-off)
01-31 14:03:03.888 17354 17515 V MainActivity:  Parsing line :       #13: +1m21s63ms to 27 (screen-on, power-save-off, device-idle-off)
01-31 14:03:03.888 17354 17515 V MainActivity:  Parsing line :       #14: +1m31s169ms to 26 (screen-on, power-save-off, device-idle-off)
01-31 14:03:03.888 17354 17515 V MainActivity:  Parsing line :       #15: +1m10s907ms to 25 (screen-on, power-save-off, device-idle-off)
01-31 14:03:03.888 17354 17515 V MainActivity:  Parsing line :       #16: +11m20s630ms to 24 (screen-on, power-save-off, device-idle-off)
01-31 14:03:03.888 17354 17515 V MainActivity:  Parsing line :       #17: +2m11s97ms to 24 (screen-on, power-save-off, device-idle-off)
01-31 14:03:03.888 17354 17515 V MainActivity:  Parsing line :       #18: +1m30s832ms to 23 (screen-on, power-save-off, device-idle-off)
01-31 14:03:03.888 17354 17515 V MainActivity:  Parsing line :       #19: +50s629ms to 22 (power-save-off, device-idle-off)
01-31 14:03:03.888 17354 17515 V MainActivity:  Parsing line :         Charge total time: 4h 14m 32s 700ms  (from 20 steps)
01-31 14:03:03.888 17354 17515 V MainActivity:  Parsing line :         Charge screen on time: 4h 23m 30s 100ms  (from 19 steps)
01-31 14:03:03.888 17354 17515 V MainActivity:  Parsing line :     Package changes:
01-31 14:03:03.888 17354 17515 V MainActivity:  Parsing line :       Update com.opportunistask.scheduling.benchmarking_app_to_test_big_cores vers=0
01-31 14:03:03.888 17354 17515 V MainActivity:  Parsing line :       Update com.opportunistask.scheduling.benchmarking_app_to_test_big_cores vers=1
01-31 14:03:03.888 17354 17515 V MainActivity:  Parsing line :       Update com.opportunistask.scheduling.benchmarking_app_to_test_big_cores vers=0
01-31 14:03:03.888 17354 17515 V MainActivity:  Parsing line :       Update com.opportunistask.scheduling.benchmarking_app_to_test_big_cores vers=1
01-31 14:03:03.888 17354 17515 V MainActivity:  Parsing line :       Update com.opportunistask.scheduling.benchmarking_app_to_test_big_cores vers=0
01-31 14:03:03.888 17354 17515 V MainActivity:  Parsing line :       Update com.opportunistask.scheduling.benchmarking_app_to_test_big_cores vers=1
01-31 14:03:03.888 17354 17515 V MainActivity:  Parsing line :       Update com.opportunistask.scheduling.benchmarking_app_to_test_big_cores vers=0
01-31 14:03:03.888 17354 17515 V MainActivity:  Parsing line :       Update com.opportunistask.scheduling.benchmarking_app_to_test_big_cores vers=1
01-31 14:03:03.888 17354 17515 V MainActivity:  Parsing line :       Update com.opportunistask.scheduling.benchmarking_app_to_test_big_cores vers=0
01-31 14:03:03.888 17354 17515 V MainActivity:  Parsing line :       Update com.opportunistask.scheduling.benchmarking_app_to_test_big_cores vers=1
01-31 14:03:03.888 17354 17515 V MainActivity:  Parsing line :       Update com.opportunistask.scheduling.benchmarking_app_to_test_big_cores vers=0
01-31 14:03:03.888 17354 17515 V MainActivity:  Parsing line :       Update com.opportunistask.scheduling.benchmarking_app_to_test_big_cores vers=1
01-31 14:03:03.888 17354 17515 V MainActivity:  Parsing line :   Daily from 2022-01-25-03-17-10 to 2022-01-26-05-57-08:
01-31 14:03:03.888 17354 17515 V MainActivity:  Parsing line :     Discharge step durations:
01-31 14:03:03.888 17354 17515 V MainActivity:  Parsing line :       #0: +2h4m48s101ms to 22 (screen-off, power-save-off, device-idle-on)
01-31 14:03:03.889 17354 17515 V MainActivity:  Parsing line :       #1: +1h55m13s869ms to 23 (screen-off, power-save-off, device-idle-on)
01-31 14:03:03.889 17354 17515 V MainActivity:  Parsing line :       #2: +2h0m2s116ms to 24 (screen-off, power-save-off, device-idle-on)
01-31 14:03:03.889 17354 17515 V MainActivity:  Parsing line :       #3: +2h2m4s755ms to 25 (screen-off, power-save-off, device-idle-on)
01-31 14:03:03.889 17354 17515 V MainActivity:  Parsing line :       #4: +57m57s193ms to 26 (screen-off, power-save-off, device-idle-on)
01-31 14:03:03.889 17354 17515 V MainActivity:  Parsing line :       #5: +2h0m23s31ms to 27 (screen-off, power-save-off, device-idle-on)
01-31 14:03:03.889 17354 17515 V MainActivity:  Parsing line :       #6: +1h59m40s961ms to 28 (screen-off, power-save-off, device-idle-on)
01-31 14:03:03.889 17354 17515 V MainActivity:  Parsing line :       #7: +2h0m2s4ms to 29 (screen-off, power-save-off, device-idle-on)
01-31 14:03:03.889 17354 17515 V MainActivity:  Parsing line :       #8: +2h0m1s998ms to 30 (screen-off, power-save-off, device-idle-on)
01-31 14:03:03.889 17354 17515 V MainActivity:  Parsing line :       #9: +2h12m12s113ms to 31 (screen-off, power-save-off, device-idle-on)
01-31 14:03:03.889 17354 17515 V MainActivity:  Parsing line :       #10: +3h27m29s989ms to 32 (screen-off, power-save-off, device-idle-on)
01-31 14:03:03.889 17354 17515 V MainActivity:  Parsing line :         Discharge total time: 8d 14h 3m 3s 0ms  (from 11 steps)
01-31 14:03:03.889 17354 17515 V MainActivity:  Parsing line :         Discharge screen off time: 8d 14h 3m 3s 0ms  (from 11 steps)
01-31 14:03:03.889 17354 17515 V MainActivity:  Parsing line :         Discharge screen off device idle time: 8d 14h 3m 3s 0ms  (from 11 steps)
01-31 14:03:03.889 17354 17515 V MainActivity:  Parsing line :   Daily from 2022-01-24-04-43-12 to 2022-01-25-03-17-10:
01-31 14:03:03.889 17354 17515 V MainActivity:  Parsing line :     Discharge step durations:
01-31 14:03:03.889 17354 17515 V MainActivity:  Parsing line :       #0: +7h44m47s132ms to 34 (power-save-off)
01-31 14:03:03.889 17354 17515 V MainActivity:  Parsing line :       #1: +1h59m42s968ms to 30 (screen-off, power-save-off, device-idle-on)
01-31 14:03:03.889 17354 17515 V MainActivity:  Parsing line :       #2: +2h0m2s12ms to 31 (screen-off, power-save-off, device-idle-on)
01-31 14:03:03.889 17354 17515 V MainActivity:  Parsing line :       #3: +2h0m1s998ms to 32 (screen-off, power-save-off, device-idle-on)
01-31 14:03:03.889 17354 17515 V MainActivity:  Parsing line :       #4: +3h33m42s988ms to 33 (screen-off, power-save-off, device-idle-on)
01-31 14:03:03.889 17354 17515 V MainActivity:  Parsing line :         Discharge total time: 14d 10h 5m 41s 900ms  (from 5 steps)
01-31 14:03:03.889 17354 17515 V MainActivity:  Parsing line :         Discharge screen off time: 9d 22h 57m 29s 100ms  (from 4 steps)
01-31 14:03:03.889 17354 17515 V MainActivity:  Parsing line :         Discharge screen off device idle time: 9d 22h 57m 29s 100ms  (from 4 steps)
01-31 14:03:03.889 17354 17515 V MainActivity:  Parsing line :     Charge step durations:
01-31 14:03:03.889 17354 17515 V MainActivity:  Parsing line :       #0: +6m14s86ms to 36 (screen-on, power-save-off, device-idle-off)
01-31 14:03:03.889 17354 17515 V MainActivity:  Parsing line :       #1: +2m1s248ms to 35 (screen-on, power-save-off, device-idle-off)
01-31 14:03:03.889 17354 17515 V MainActivity:  Parsing line :       #2: +40s530ms to 34 (power-save-off, device-idle-off)
01-31 14:03:03.889 17354 17515 V MainActivity:  Parsing line :       #3: +50s661ms to 33 (screen-off, power-save-off, device-idle-off)
01-31 14:03:03.890 17354 17515 V MainActivity:  Parsing line :         Charge total time: 4h 4m 23s 100ms  (from 4 steps)
01-31 14:03:03.890 17354 17515 V MainActivity:  Parsing line :         Charge screen off time: 1h 24m 26s 100ms  (from 1 steps)
