01-31 13:47:32.060  4138  4138 I CscUtil : D/CscUpdateService: PREF_NOTIFICATION_SET return 3
01-31 13:47:32.060  4138  4138 I CscUtil : D/CscUpdateService: PREF_ALARMTONE_SET return 3
01-31 13:47:32.064  4138 14843 I CscParser: getCustomerPath : omc customer file can read
01-31 13:47:32.065  4138 14843 E CscParser: update(): /system/omc/ROM/customer.xml file exist
01-31 13:47:32.071  4138 14843 D CscParser: RingTone: null
01-31 13:47:32.071  4138 14843 W CSCSettings: Cannot fine carrier ringtone type : 1
01-31 13:47:32.071  4138 14843 D CSCSettings: Current carrier's ringtone is : 
01-31 13:47:32.079  4138 14843 D RingtoneManager: getActualDefaultRingtoneUri  type    :1
01-31 13:47:32.082  4138 14843 D RingtoneManager: Current soundfile is in internal storage
01-31 13:47:32.108  3811  4314 D SamsungAlarmManager: setInexact Intent (T:3/F:0/AC:false) 20220131T142427 - CU:10038/CP:4611
01-31 13:47:32.108  3811  4314 I SamsungAlarmManager: setLocked to kernel - T:2 / 20220131T134745, SetElapsed=494268, nowELAPSED=480559
01-31 13:47:32.114  4138 14843 I CscParser: getCustomerPath : omc customer file can read
01-31 13:47:32.114  4138 14843 E CscParser: update(): /system/omc/ROM/customer.xml file exist
01-31 13:47:32.120  4138 14843 D CscParser: MessageTone: null
01-31 13:47:32.120  4138 14843 W CSCSettings: Cannot fine carrier ringtone type : 2
01-31 13:47:32.121  4138 14843 D CSCSettings: Current carrier's ringtone is : 
01-31 13:47:32.124  4611  4611 D BoundBrokerSvc: onBind: Intent { act=com.google.android.gms.scheduler.ACTION_PROXY_SCHEDULE cmp=com.google.android.gms/.chimera.PersistentInternalBoundBrokerService }
01-31 13:47:32.124  4611  4611 D BoundBrokerSvc: Loading bound service for intent: Intent { act=com.google.android.gms.scheduler.ACTION_PROXY_SCHEDULE cmp=com.google.android.gms/.chimera.PersistentInternalBoundBrokerService }
01-31 13:47:32.128  4138 14843 D RingtoneManager: getActualDefaultRingtoneUri  type    :2
01-31 13:47:32.128  4611 14079 I NetworkScheduler.Stats: Task com.google.android.gms/com.google.android.gms.ipa.base.IpaGcmTaskService started execution. cause:9 exec_start_elapsed_seconds: 480 [CONTEXT service_id=218 ]
01-31 13:47:32.134  3811  9534 D ConnectivityService: filterNetworkStateForUid() uid: 10038, pid: 4611
01-31 13:47:32.134  3811  9534 D ConnectivityService: isNetworkWithLinkPropertiesBlocked: uid=10038, vpn=DISCONNECTED,false
01-31 13:47:32.134  4138 14843 D RingtoneManager: Current soundfile is in internal storage
01-31 13:47:32.134  3811  9534 D ConnectivityService: filterNetworkStateForUid() uid: 10038, pid: 4611, networkInfo: [type: WIFI[], state: CONNECTED/CONNECTED, reason: (unspecified), extra: (none), failover: false, available: true, roaming: false]
01-31 13:47:32.145  3811  9534 D SamsungAlarmManager: Cancel Alarm calling from uid:10038 pid :4611 / op:PendingIntent{a2bf05a: PendingIntentRecord{c278ed5 com.google.android.gms broadcastIntent}}
01-31 13:47:32.147  3811  9534 I SamsungAlarmManager: setLocked to kernel - T:2 / 20220131T134745, SetElapsed=494268, nowELAPSED=480598
01-31 13:47:32.150  4138 14843 I CscParser: getCustomerPath : omc customer file can read
01-31 13:47:32.150  4138 14843 E CscParser: update(): /system/omc/ROM/customer.xml file exist
01-31 13:47:32.156  4138 14843 D CscParser: AlarmTone: null
01-31 13:47:32.156  4138 14843 W CSCSettings: Cannot fine carrier ringtone type : 4
01-31 13:47:32.156  4138 14843 D CSCSettings: Current carrier's ringtone is : 
01-31 13:47:32.163  4138 14843 D RingtoneManager: getActualDefaultRingtoneUri  type    :4
01-31 13:47:32.165  4138 14843 D RingtoneManager: Current soundfile is in internal storage
01-31 13:47:32.182  3811  9534 D SamsungAlarmManager: setInexact Intent (T:3/F:0/AC:false) 20220131T142427 - CU:10038/CP:4611
01-31 13:47:32.182  3811  9534 I SamsungAlarmManager: setLocked to kernel - T:2 / 20220131T134745, SetElapsed=494268, nowELAPSED=480633
01-31 13:47:32.191  4611 13349 I NetworkScheduler.Stats: Task com.google.android.gms/com.google.android.gms.ipa.base.IpaGcmTaskService finished executing. cause:9 result: 1 elapsed_millis: 116 uptime_millis: 116 exec_start_elapsed_seconds: 480 [CONTEXT service_id=218 ]
01-31 13:47:32.218  3811  4289 D ConnectivityService: filterNetworkStateForUid() uid: 10038, pid: 4611
01-31 13:47:32.218  3811  4289 D ConnectivityService: isNetworkWithLinkPropertiesBlocked: uid=10038, vpn=DISCONNECTED,false
01-31 13:47:32.218  3811  4289 D ConnectivityService: filterNetworkStateForUid() uid: 10038, pid: 4611, networkInfo: [type: WIFI[], state: CONNECTED/CONNECTED, reason: (unspecified), extra: (none), failover: false, available: true, roaming: false]
01-31 13:47:32.221  3811  4289 D SamsungAlarmManager: Cancel Alarm calling from uid:10038 pid :4611 / op:PendingIntent{78cf28b: PendingIntentRecord{c278ed5 com.google.android.gms broadcastIntent}}
01-31 13:47:32.223  3811  4289 I SamsungAlarmManager: setLocked to kernel - T:2 / 20220131T134745, SetElapsed=494268, nowELAPSED=480674
01-31 13:47:32.237  3811  4289 D SamsungAlarmManager: setInexact Intent (T:3/F:0/AC:false) 20220131T142427 - CU:10038/CP:4611
01-31 13:47:32.237  3811  4289 I SamsungAlarmManager: setLocked to kernel - T:2 / 20220131T134745, SetElapsed=494268, nowELAPSED=480687
01-31 13:47:32.305  3330  3560 V APM_AudioPolicyManager: AudioPolicyManager:setRecordSilenced(uid:10036, silenced:1)
01-31 13:47:32.452  3811  4289 D WifiPermissionsUtil: canAccessScanResults: pkgName = com.sec.android.sdhms, uid = 1000
01-31 13:47:32.475  3811  4044 D WifiTrafficPoller: TrafficStats TxPkts=935 RxPkts=849 TxBytes=212794 RxBytes=479463 , Foreground uid=10231 pkgName=com.opportunistask.scheduling.benchmarking_app_to_test_big_cores TxPackets=0 RxPackets=0 TxBytes=0 RxBytes=0
01-31 13:47:32.477  4171  4171 D SecStatusBarWifiView: updateState: WifiIconState(resId=2131232632, visible=true, activityId=2131232638)
01-31 13:47:32.584  3811  3879 D UsbDeviceManager: handleMessage -> MSG_UPDATE_PORT_STATE
01-31 13:47:32.584  3811  3879 D UsbDeviceManager: mSupportsAllCombinations : false, mAudioAccessorySupported : false, mAudioAccessoryConnected : false
01-31 13:47:32.585  3811  3879 D UsbDeviceManager: updateUsbNotification(false) : mConnected = true, mConfigured = true, mCurrentFunctions = 5, mHostConnected = false, mSourcePower = false, mSinkPower = false, mUsbCharging = false, mUseUsbNotification = true
01-31 13:47:32.585  3811  3879 D UsbDeviceManager: updateUsbNotification, set mCurrentFunctionsForNoti : mtp
01-31 13:47:32.585  3811  3879 D DexObserverFW: isDexModeOn() : false
01-31 13:47:32.586  3811  3879 D DexObserverFW: isSemiDexModeOn() : false
01-31 13:47:32.586  3811  3879 D UsbDeviceManager: id=27, mUsbNotificationId=27, titleRes=17042102
01-31 13:47:32.587  3811  3879 D UsbDeviceManager: mEmergencyMode=false, mSourcePower=false
01-31 13:47:32.592  3811  3879 D UsbDeviceManager: handleMessage -> MSG_UPDATE_STATE connected = 0,configured = 0 mCurrentFunctions mtp,adb
01-31 13:47:32.593  3811  3879 D UsbDeviceManager: updateUsbNotification(false) : mConnected = false, mConfigured = false, mCurrentFunctions = 5, mHostConnected = false, mSourcePower = false, mSinkPower = false, mUsbCharging = false, mUseUsbNotification = true
01-31 13:47:32.593  3811  3879 D UsbDeviceManager: updateUsbNotification, set mCurrentFunctionsForNoti : mtp
01-31 13:47:32.594  3811  3879 D DexObserverFW: isDexModeOn() : false
01-31 13:47:32.594  3811  3879 D DexObserverFW: isSemiDexModeOn() : false
01-31 13:47:32.595  3811  3879 D UsbDeviceManager: id=0, mUsbNotificationId=27, titleRes=0
01-31 13:47:32.595  3811  3811 D EdgeLightingManager: isCallingUserSupported : callingUserId=-1, mUserId=0, isDualAppId=false
01-31 13:47:32.595  3811  3879 D UsbDeviceManager: updateUsbNotification : cancel id = 27
01-31 13:47:32.596  3811  3811 D LightsService: [api] [SvcLED] turnOff:: id = 4 (uid: 1000 pid: 3811) 
01-31 13:47:32.596  3811  3811 D PowerManagerUtil: fileWriteString to /sys/power/wake_lock, LightsService
01-31 13:47:32.596  3811  3811 D LightsService: [SvcLED] setSvcLedStateLocked:: SvcLEDState : 0x0 -> 0x0 | SvcLED(id=4:NOTIFICATIONS) set Off
01-31 13:47:32.597  3811  3895 D LightsService: [SvcLED] handleForcedSvcLEDTask()
01-31 13:47:32.597  3811  3895 D LightsService: [SvcLED]  setSvcLedLightLocked :: Current SvcLED(id=3:BATTERY) maintains its priority right
01-31 13:47:32.597  3811  3895 D PowerManagerUtil: fileWriteString to /sys/power/wake_unlock, LightsService
01-31 13:47:32.600  5230  5230 D Notification.Badge: [invalid] onNotificationRemoved : StatusBarNotification(pkg=android user=UserHandle{-1} id=27 tag=null key=-1|android|27|null|1000: Notification(channel=USB pri=0 contentView=null vibrate=null sound=null tick defaults=0x0 flags=0x2 color=0xff607d8b vis=PUBLIC semFlags=0x0 semPriority=0 semMissedCount=0))
01-31 13:47:32.601  3811  3879 D UsbDeviceManager: updateUsbStateBroadcastIfNeeded functions 5
01-31 13:47:32.602  3811  3879 D UsbDeviceManager: updateUsbStateBroadcastIfNeeded remainingFunctions 5
01-31 13:47:32.609  3811  3879 D UsbDeviceManager: broadcasting Intent { act=android.hardware.usb.action.USB_STATE flg=0x31000000 (has extras) } extras: Bundle[{host_connected=false, connected=false, unlocked=true, config_changed=false, adb=true, mtp=true, configured=false}]
01-31 13:47:32.614  3811  3862 D StorageManagerService: getExternalStorageMountMode : 3
01-31 13:47:32.615  3811  3862 D StorageManagerService: getExternalStorageMountMode : 3
01-31 13:47:32.615  3811  3862 D StorageManagerService: getExternalStorageMountMode : final mountMode=3, uid : 1000, packageName : com.samsung.android.MtpApplication
01-31 13:47:32.615  3811  3862 I ApplicationPolicy: isApplicationExternalStorageWhitelisted:com.samsung.android.MtpApplication user:0
01-31 13:47:32.615  3811  3862 D ApplicationPolicy: isApplicationExternalStorageWhitelisted: DO is not enabled on user 0. Allowed.
01-31 13:47:32.615  3811  3862 D ActivityManager: package  com.samsung.android.MtpApplication, user - 0 is SDcard whitelisted
01-31 13:47:32.615  3811  3862 I ApplicationPolicy: isApplicationExternalStorageBlacklisted:com.samsung.android.MtpApplication user:0
01-31 13:47:32.615  3811  3862 D ApplicationPolicy: isApplicationExternalStorageBlacklisted: DO is not enabled on user 0. Allowed.
01-31 13:47:32.616  3811  3862 I ApplicationPolicy: isApplicationExternalStorageBlacklisted:com.samsung.android.MtpApplication user:0
01-31 13:47:32.616  3811  3862 D ApplicationPolicy: isApplicationExternalStorageBlacklisted: DO is not enabled on user 0. Allowed.
01-31 13:47:32.618  4171  4171 I StackScroller: ADJUST STACK.TRANSLATION
01-31 13:47:32.620  3811  3879 D UsbDeviceManager: sending intent : ACTION_USB_STATE : connected = false, configured = false, mCurrentFunctions = 5, mHostConnected = false, configChanged = false
01-31 13:47:32.622  3811  3879 D KnoxCustomManagerService: getUsbConnectionTypeInternal(0)
01-31 13:47:32.622  3811  3879 E UsbDeviceManager: getPersistProp return value is : persist.sys.usb.config
01-31 13:47:32.623  3811  3879 D UsbDeviceManager: setEnabledFunctions functions=mtp,adb, forceRestart=false, usbDataUnlocked=true, mCurrentFunctions=mtp,adb
01-31 13:47:32.623  3811  3879 D UsbDeviceManager: setEnabledFunctions, before validation LONG[5]
01-31 13:47:32.623  3811  3879 D SecContentProvider: query(), uri = 17 selection = isUsbDebuggingEnabled
01-31 13:47:32.623  3811  3879 D SecContentProvider: called from android.uid.system:1000
01-31 13:47:32.624  3811  3879 D RestrictionPolicy: isUsbDebuggingEnabled : true
01-31 13:47:32.624  3811  3879 D UsbDeviceManager: policy : adb, restrict(allow) = true
01-31 13:47:32.625  3811  3879 D UsbDeviceManager: setEnabledFunctions, after validation STR[mtp,adb], LONG[5]
01-31 13:47:32.627  4171  4171 I StackScroller: ADJUST STACK.TRANSLATION
01-31 13:47:32.625  3811  3879 I UsbDeviceManager: trySetEnabledFunctions usbFunctions : mtp,adb, forceRestart : false mAdbEnabled : true
01-31 13:47:32.640  3811  3864 I ActivityManager: Start proc 14844:com.samsung.android.MtpApplication/1000 for broadcast com.samsung.android.MtpApplication/.MtpReceiver
01-31 13:47:32.628  4171  4171 I StackScroller: ADJUST STACK.TRANSLATION
01-31 13:47:32.641 14844 14844 E Zygote  : isWhitelistProcess - Process is Whitelisted
01-31 13:47:32.643 14844 14844 E Zygote  : accessInfo : 1
01-31 13:47:32.662 14844 14844 E .MtpApplicatio: Not starting debugger since process cannot load the jdwp agent.
01-31 13:47:32.683  3811  4289 I ActivityManager: DSS on for com.samsung.android.MtpApplication and scale is 1.0
01-31 13:47:32.715 14844 14844 I .MtpApplicatio: The ClassLoaderContext is a special shared library.
01-31 13:47:32.743 14844 14844 D MTPRx   : In MtpReceiverandroid.hardware.usb.action.USB_STATE
01-31 13:47:32.750  3811  4289 D SecContentProvider2: query(), uri = 14 selection = getSealedUsbMassStorageState
01-31 13:47:32.760 14844 14844 I MTPRx   : isCtsappInstalled is  false
01-31 13:47:32.760 14844 14844 I MTPRx   : check value of boot_completed is1
01-31 13:47:32.760 14844 14844 D MTPRx   : in initializeSettingsValues
01-31 13:47:32.778 14844 14844 D MTPRx   : check booting is completed_sys.boot_completed
01-31 13:47:32.778 14844 14844 D MTPRx   :  inside getExternalStorageStatus
01-31 13:47:32.779 14844 14844 D VolumeInfo: VolumeInfo from Parcel: id private ,type 1 ,disk null
01-31 13:47:32.780 14844 14844 D VolumeInfo: VolumeInfo from Parcel: id emulated ,type 2 ,disk null
01-31 13:47:32.780 14844 14844 I MTPRx   : Storage Volume id : private
01-31 13:47:32.780 14844 14844 I MTPRx   : Storage Volume id : emulated
01-31 13:47:32.782 14844 14844 I MTPRx   : value of connected isfalse
01-31 13:47:32.782 14844 14844 I MTPRx   : value of configured isfalse
01-31 13:47:32.782 14844 14844 I MTPRx   : value of mtpEnabled istrue
01-31 13:47:32.782 14844 14844 I MTPRx   : value of ptpEnabled isfalse
01-31 13:47:32.782 14844 14844 I MTPRx   : value of sec_charging isfalse
01-31 13:47:32.782 14844 14844 I MTPRx   : value of usb_data_unlock istrue
01-31 13:47:32.782 14844 14844 I MTPRx   : value of configChanged isfalse
01-31 13:47:32.783 14844 14844 I MTPRx   : value of hostConnected isfalse
01-31 13:47:32.783 14844 14844 I MTPRx   : value of categoryEnabled isfalse
01-31 13:47:32.784 14844 14844 I MTPRx   : Received USB_STATE with sdCardLaunch = 0
01-31 13:47:32.784 14844 14844 E MTPRx   : Unexpected Disconnection. call usbRemoved.
01-31 13:47:32.785 14844 14844 D MTPRx   : MTP_RUNNING_STATUS = 0
01-31 13:47:32.786 14844 14844 D MTPRx   : battery status : Discharging
01-31 13:47:32.787 14844 14844 D MTPRx   : usb data role status : host [device]
01-31 13:47:32.788 14844 14844 D MTPRx   :  sendbooster is false!
01-31 13:47:32.788 14844 14844 E MTPRx   : configured is false
01-31 13:47:32.798  5113  5484 D SDHMS:s : SIOP:: AP:241(354,110) BAT:305(305,0) CHG:347(347,0) USB:305(305,0) PA:276(326,50) LRP:0(0,-999) ATC:0(0,-999) 
01-31 13:47:32.802  3811  9534 D StorageManagerService: getExternalStorageMountMode : 3
01-31 13:47:32.802  3811  9534 D StorageManagerService: getExternalStorageMountMode : 3
01-31 13:47:32.803  3811  9534 D StorageManagerService: getExternalStorageMountMode : final mountMode=3, uid : 1000, packageName : com.samsung.android.SettingsReceiver
01-31 13:47:32.803  3811  9534 I ApplicationPolicy: isApplicationExternalStorageWhitelisted:com.samsung.android.SettingsReceiver user:0
01-31 13:47:32.803  3811  9534 D ApplicationPolicy: isApplicationExternalStorageWhitelisted: DO is not enabled on user 0. Allowed.
01-31 13:47:32.803  3811  9534 D ActivityManager: package  com.samsung.android.SettingsReceiver, user - 0 is SDcard whitelisted
01-31 13:47:32.803  3811  9534 I ApplicationPolicy: isApplicationExternalStorageBlacklisted:com.samsung.android.SettingsReceiver user:0
01-31 13:47:32.803  3811  9534 D ApplicationPolicy: isApplicationExternalStorageBlacklisted: DO is not enabled on user 0. Allowed.
01-31 13:47:32.803  3811  9534 I ApplicationPolicy: isApplicationExternalStorageBlacklisted:com.samsung.android.SettingsReceiver user:0
01-31 13:47:32.803  3811  9534 D ApplicationPolicy: isApplicationExternalStorageBlacklisted: DO is not enabled on user 0. Allowed.
01-31 13:47:32.828  3811  3864 I ActivityManager: Start proc 14859:com.samsung.android.SettingsReceiver/1000 for broadcast com.samsung.android.SettingsReceiver/.SettingsIntentReceiver
01-31 13:47:32.828 14859 14859 E Zygote  : isWhitelistProcess - Process is Whitelisted
01-31 13:47:32.830 14859 14859 E Zygote  : accessInfo : 1
01-31 13:47:32.844 14859 14859 E ettingsReceive: Not starting debugger since process cannot load the jdwp agent.
01-31 13:47:32.864  3811  9534 I ActivityManager: DSS on for com.samsung.android.SettingsReceiver and scale is 1.0
01-31 13:47:33.107  4943  4943 D io_stats: !@   8,0 r 39482 2498204 w 16371 247760 d 1409 63440 f 2351 6839 iot 20544 17708 th 307200 0 0 pt 0 inp 0 0 481.557
01-31 13:47:33.192  3811  9534 E BartenderActivityManager: BarTender: pid : 13600 cached=true abnormal=false kill=false stay=false release=false
01-31 13:47:33.198  3330  3560 V APM_AudioPolicyManager: getAudioPolicyConfig: audioParam;outDevice
01-31 13:47:33.198  3330  3560 V APM_AudioPolicyManager: getNewOutputDevice() selected device 0
01-31 13:47:33.198  3330  3560 V APM_AudioPolicyManager: ### curdevice : 2
01-31 13:47:33.480  4171  4171 D SecStatusBarWifiView: updateState: WifiIconState(resId=2131232632, visible=true, activityId=2131232657)
01-31 13:47:33.589  3359  3415 D DataRouter: dr_usb_deinit
01-31 13:47:33.589  3359  3415 D DataRouter: Initialise USB and start the thread
01-31 13:47:33.589  3359  3415 D DataRouter: dr_usb_init
01-31 13:47:33.590  3359  3415 E DataRouter: USB Interface is open with 0x7
01-31 13:47:33.590  3359  3415 D DataRouter: USB interface is now configured for usb_fd = 0x7
01-31 13:47:33.590  3359  3415 D DataRouter: monitor_data_of_usb
01-31 13:47:33.590  3359  3415 D DataRouter: USB monitor thread launched, usb_fd= 0x7
01-31 13:47:33.590  3359  3415 D DataRouter: Before the usb select
01-31 13:47:33.942  3811  4045 I WifiVendorHal: getWifiLinkLayerStats(l.2973) before calling iface.getLinkLayerStats
01-31 13:47:33.943  3316  3316 I android.hardware.wifi@1.0-service: enter getLinkLayerStats
01-31 13:47:33.943  3316  3316 I android.hardware.wifi@1.0-service: enter getLinkLayerStatsInternal
01-31 13:47:33.990  3316  3316 I android.hardware.wifi@1.0-service: Successfully getLinkLayerStats.
01-31 13:47:33.991  3811  4045 I WifiVendorHal: getWifiLinkLayerStats(l.2973) after calling iface.getLinkLayerStats
01-31 13:47:34.026  3811  4045 I WifiStateMachine: checkScoreBasedQuality -  mPreviousScore[0]:109 mPreviousScore[1]:110 mPreviousScore[2]:110 s2Score:111mPrevoiusScoreAverage:109
01-31 13:47:34.482  4171  4171 D SecStatusBarWifiView: updateState: WifiIconState(resId=2131232632, visible=true, activityId=2131232638)
01-31 13:47:34.683  9178  9282 D ScanRecord: Not a Multi Manu data
01-31 13:47:34.683  9178  9282 I chatty  : uid=1002(bluetooth) BT Service Call identical 3 lines
01-31 13:47:34.683  9178  9282 D ScanRecord: Not a Multi Manu data
01-31 13:47:34.684  9178  9282 D BtGatt.GattService: onScanResult to scannerId: 5- eventType=0x1b, addressType=1, address=AF:6, primaryPhy=1, secondaryPhy=0, advertisingSid=0xff, txPower=127, rssi=-93, periodicAdvInt=0x0
01-31 13:47:34.684  9178  9282 D ScanRecord: Not a Multi Manu data
01-31 13:47:34.684  9178  9282 D ScanRecord: Not a Multi Manu data
01-31 13:47:35.484  4171  4171 D SecStatusBarWifiView: updateState: WifiIconState(resId=2131232632, visible=true, activityId=2131232657)
01-31 13:47:36.868  3334  3334 I SurfaceFlinger: SFWD update time=485319391575
01-31 13:47:36.981 12945 12945 I BSL@BixbySearch: (ObserverJobService) [main] enter():  enter from onStartJob; jobId: 1007
01-31 13:47:36.981 12945 12945 I BSL@BixbySearch: (AppBasePlugin:: FILE) onChange(): sendEmptyMessage(STATE_FIND_CHANGES) is called.
01-31 13:47:36.981 12945 12945 I BSL@BixbySearch: (ObserverJobService) [main] leave():  leave
01-31 13:47:36.981 12945 12968 I BSL@BixbySearch: (AppBasePlugin:: FILE) [handler:FILE] enter():  enter from dispatchMessage; msg: 0
01-31 13:47:36.982 12945 12968 I BSL@BixbySearch: (AppBasePlugin:: FILE) [handler:FILE] enter():  enter from doHandleMessage
01-31 13:47:37.001 12945 12968 I BSL@BixbySearch: (AppBasePlugin:: FILE) performOnChange(): mLastSyncId :21, mSyncCount :21
01-31 13:47:37.010 12945 12968 I BSL@BixbySearch: (AppBasePlugin:: FILE) checkDeleteItems(): performOnChange: sqlSyncCount: 21
01-31 13:47:37.015 12945 12968 I BSL@BixbySearch: (AppBasePlugin:: FILE) checkUpdatedItems(): query with selection: _id <= 21 AND ( date_modified > 1643380362 OR (date_modified = 1643380362 AND _id > 21 ))
01-31 13:47:37.030  3811  4045 I WifiVendorHal: getWifiLinkLayerStats(l.2973) before calling iface.getLinkLayerStats
01-31 13:47:37.030  3316  3316 I android.hardware.wifi@1.0-service: enter getLinkLayerStats
01-31 13:47:37.030  3316  3316 I android.hardware.wifi@1.0-service: enter getLinkLayerStatsInternal
01-31 13:47:37.037 12945 12968 I BSL@BixbySearch: (AppBasePlugin:: FILE) performOnChange(): Any change ? false Duration: 38 ms.
01-31 13:47:37.038 12945 12968 I BSL@BixbySearch: (AppBasePlugin:: FILE) [handler:FILE] leave():  leave
01-31 13:47:37.038 12945 12968 I BSL@BixbySearch: (AppBasePlugin:: FILE) [handler:FILE] leave():  leave ; msg: 0
01-31 13:47:37.038 12945 12968 I BSL@BixbySearch: (AppBasePlugin:: FILE) [handler:FILE] enter():  enter from dispatchMessage; msg: 1
01-31 13:47:37.039 12945 12968 I BSL@BixbySearch: (AppBasePlugin:: FILE) added: 0, modified: 0, removed: 0
01-31 13:47:37.039 12945 12968 I BSL@BixbySearch: (AppBasePlugin:: FILE) [handler:FILE] leave():  leave ; msg: 1
01-31 13:47:37.039 12945 12968 I BSL@BixbySearch: (AppBasePlugin:: FILE) [handler:FILE] enter():  enter from dispatchMessage; msg: 3
01-31 13:47:37.039 12945 12968 I BSL@BixbySearch: (AppBasePlugin:: FILE) cleanupAndReschedule(): The job service(1007) has been finished. calling jobFinished()
01-31 13:47:37.042  3811  9534 D JobServiceContext: sendStopMessageLocked stop reason: job rescheduled by app
01-31 13:47:37.048 12945 12945 I BSL@BixbySearch: (ObserverJobService) onStopJob: 1,007
01-31 13:47:37.048 12945 12968 I BSL@BixbySearch: (AppBasePlugin:: FILE) scheduleObserver(): scheduleTriggerURI: Job ID: 1007 , Status: 1 pending jobs: 5
01-31 13:47:37.049 12945 12968 I BSL@BixbySearch: (AppBasePlugin:: FILE) [handler:FILE] leave():  leave ; msg: 3
01-31 13:47:37.059  3811  4125 I ActivityManager: Killing 14094:com.samsung.android.game.gamehome/u0a36 (adj 906): empty #25
01-31 13:47:37.061  3811  3865 W libprocessgroup: kill(-14094, 9) failed: No such process
01-31 13:47:37.075  3316  3316 I android.hardware.wifi@1.0-service: Successfully getLinkLayerStats.
01-31 13:47:37.066  3811  3865 I chatty  : uid=1000(system) ActivityManager identical 1 line
01-31 13:47:37.072  3811  3865 W libprocessgroup: kill(-14094, 9) failed: No such process
01-31 13:47:37.075  3811  4045 I WifiVendorHal: getWifiLinkLayerStats(l.2973) after calling iface.getLinkLayerStats
01-31 13:47:37.077  3811  3865 W libprocessgroup: kill(-14094, 9) failed: No such process
01-31 13:47:37.107  3811  3865 I chatty  : uid=1000(system) ActivityManager identical 5 lines
01-31 13:47:37.113  3811  3865 W libprocessgroup: kill(-14094, 9) failed: No such process
01-31 13:47:37.115  3811  4045 I WifiStateMachine: checkScoreBasedQuality -  mPreviousScore[0]:110 mPreviousScore[1]:110 mPreviousScore[2]:111 s2Score:111mPrevoiusScoreAverage:110
01-31 13:47:37.119  3811  3865 W libprocessgroup: kill(-14094, 9) failed: No such process
01-31 13:47:37.124  3811  3865 I chatty  : uid=1000(system) ActivityManager identical 1 line
01-31 13:47:37.131  3811  3865 W libprocessgroup: kill(-14094, 9) failed: No such process
01-31 13:47:37.131  3811  3865 I libprocessgroup: Successfully killed process cgroup uid 10036 pid 14094 in 70ms
01-31 13:47:37.132  3294  3294 I Zygote  : Process 14094 exited due to signal (9)
01-31 13:47:37.134  4418 14016 D ForegroundUtils: could not check pending caller
01-31 13:47:37.270  3390  3390 I bootchecker: bootchecker wake up!! low[1] ship[1]
01-31 13:47:38.108  4943  4943 D io_stats: !@   8,0 r 39482 2498204 w 16403 247928 d 1409 63440 f 2351 6841 iot 20544 17710 th 307200 0 0 pt 0 inp 0 0 486.558
01-31 13:47:38.884  3811  4125 D SamsungAlarmManager: Cancel Alarm calling from uid:10038 pid :4611 / op:PendingIntent{48f2803: PendingIntentRecord{eabac9b com.google.android.gms startService}}
01-31 13:47:38.885  3811  4125 I SamsungAlarmManager: setLocked to kernel - T:2 / 20220131T134745, SetElapsed=494268, nowELAPSED=487336
01-31 13:47:39.458 14340 14598 V Benchmark_thread: The benchmarking thread : usb cable counter waiting for 70000 seconds to remove cable
01-31 13:47:40.119  3811  4045 I WifiVendorHal: getWifiLinkLayerStats(l.2973) before calling iface.getLinkLayerStats
01-31 13:47:40.120  3316  3316 I android.hardware.wifi@1.0-service: enter getLinkLayerStats
01-31 13:47:40.120  3316  3316 I android.hardware.wifi@1.0-service: enter getLinkLayerStatsInternal
01-31 13:47:40.165  3316  3316 I android.hardware.wifi@1.0-service: Successfully getLinkLayerStats.
01-31 13:47:40.166  3811  4045 I WifiVendorHal: getWifiLinkLayerStats(l.2973) after calling iface.getLinkLayerStats
01-31 13:47:40.208  3811  4045 I WifiStateMachine: checkScoreBasedQuality -  mPreviousScore[0]:110 mPreviousScore[1]:111 mPreviousScore[2]:111 s2Score:102mPrevoiusScoreAverage:110
01-31 13:47:40.966  3372  3515 E storaged: getDiskStats failed with result NOT_SUPPORTED and size 0
01-31 13:47:41.728  3811  3991 D SamsungAlarmManager: Expired : 8
01-31 13:47:41.728  3811  3991 E AlarmManager: No more alarm at this time. nowELAPSED=490179 batch.start=494268 mNextWakeup=494268 mNextNonWakeup=490179 mAlarmBatches.size=41
01-31 13:47:41.729  3811  3991 E AlarmManager: Batch 1 size = 2 : 494268, Batch 2 size = 1 : 508451, Batch 3 size = 2 : 510534
01-31 13:47:41.729  3811  3991 E AlarmManager: No more alarm at this time. mNextWakeup will be set as zero : 494268
01-31 13:47:41.729  3811  3991 I SamsungAlarmManager: setLocked to kernel - T:2 / 20220131T134745, SetElapsed=494268, nowELAPSED=490179
01-31 13:47:41.817  9178  9282 D ScanRecord: Not a Multi Manu data
01-31 13:47:41.817  9178  9282 I chatty  : uid=1002(bluetooth) BT Service Call identical 3 lines
01-31 13:47:41.817  9178  9282 D ScanRecord: Not a Multi Manu data
01-31 13:47:41.817  9178  9282 D BtGatt.GattService: onScanResult to scannerId: 5- eventType=0x1b, addressType=1, address=AF:6, primaryPhy=1, secondaryPhy=0, advertisingSid=0xff, txPower=127, rssi=-92, periodicAdvInt=0x0
01-31 13:47:41.818  9178  9282 D ScanRecord: Not a Multi Manu data
01-31 13:47:41.818  9178  9282 D ScanRecord: Not a Multi Manu data
01-31 13:47:41.993  4171  4351 D NetworkController.MobileSignalController(0/-2): onSignalStrengthsChanged signalStrength=SignalStrength: 22 99 -22 -200 -22 -200 -1 99 2147483647 2147483647 2147483647 2147483647 0 2147483647 22 51 -69 0x4 P gsm|lte use_rsrp_and_rssnr_for_lte_level  [-128, -118, -108, -98] [-115, -105, -95, -85] level=4
01-31 13:47:41.994  4171  4351 D NetworkController.MobileSignalController(0/-2): getMobileIconGroup(): 0
01-31 13:47:42.335  9178  9282 D ScanRecord: Not a Multi Manu data
01-31 13:47:42.335  9178  9282 I chatty  : uid=1002(bluetooth) BT Service Call identical 3 lines
01-31 13:47:42.335  9178  9282 D ScanRecord: Not a Multi Manu data
01-31 13:47:42.335  9178  9282 D BtGatt.GattService: onScanResult to scannerId: 5- eventType=0x1b, addressType=1, address=AF:6, primaryPhy=1, secondaryPhy=0, advertisingSid=0xff, txPower=127, rssi=-91, periodicAdvInt=0x0
01-31 13:47:42.336  9178  9282 D ScanRecord: Not a Multi Manu data
01-31 13:47:42.336  9178  9282 D ScanRecord: Not a Multi Manu data
01-31 13:47:42.504  3811  4125 D WifiPermissionsUtil: canAccessScanResults: pkgName = com.sec.android.sdhms, uid = 1000
01-31 13:47:42.861  5113  5484 D SDHMS:s : SIOP:: AP:242(337,110) BAT:305(305,0) CHG:326(326,0) USB:303(303,0) PA:276(319,50) LRP:0(0,-999) ATC:0(0,-999) 
01-31 13:47:43.102  3811  4066 W DeviceStorageMonitorService: updateBroadcasts(/data) oldLevel:0, newLevel:0, seq:1
01-31 13:47:43.103  3811  4066 W DeviceStorageMonitorService: updateBroadcasts_filenode(/data) fn_oldLevel:0, fn_newLevel:0, seq:1
01-31 13:47:43.110  4943  4943 D io_stats: !@   8,0 r 39482 2498204 w 16426 248224 d 1410 63472 f 2351 6843 iot 20548 17713 th 307200 0 0 pt 0 inp 0 0 491.560
01-31 13:47:43.211  3811  4045 I WifiVendorHal: getWifiLinkLayerStats(l.2973) before calling iface.getLinkLayerStats
01-31 13:47:43.212  3316  3316 I android.hardware.wifi@1.0-service: enter getLinkLayerStats
01-31 13:47:43.212  3316  3316 I android.hardware.wifi@1.0-service: enter getLinkLayerStatsInternal
01-31 13:47:43.225  3316  3316 I android.hardware.wifi@1.0-service: Successfully getLinkLayerStats.
01-31 13:47:43.226  3811  4045 I WifiVendorHal: getWifiLinkLayerStats(l.2973) after calling iface.getLinkLayerStats
01-31 13:47:43.251  3330  3560 V APM_AudioPolicyManager: getAudioPolicyConfig: audioParam;outDevice
01-31 13:47:43.251  3330  3560 V APM_AudioPolicyManager: getNewOutputDevice() selected device 0
01-31 13:47:43.251  3330  3560 V APM_AudioPolicyManager: ### curdevice : 2
01-31 13:47:43.268  3811  4045 I WifiStateMachine: checkScoreBasedQuality -  mPreviousScore[0]:111 mPreviousScore[1]:111 mPreviousScore[2]:102 s2Score:96mPrevoiusScoreAverage:108
01-31 13:47:43.504  3811  4044 D WifiTrafficPoller: TrafficStats TxPkts=936 RxPkts=853 TxBytes=212846 RxBytes=479801 , Foreground uid=10231 pkgName=com.opportunistask.scheduling.benchmarking_app_to_test_big_cores TxPackets=0 RxPackets=0 TxBytes=0 RxBytes=0
01-31 13:47:43.505  4171  4171 D SecStatusBarWifiView: updateState: WifiIconState(resId=2131232632, visible=true, activityId=2131232637)
01-31 13:47:43.601  9178  9282 D ScanRecord: Not a Multi Manu data
01-31 13:47:43.601  9178  9282 I chatty  : uid=1002(bluetooth) BT Service Call identical 3 lines
01-31 13:47:43.602  9178  9282 D ScanRecord: Not a Multi Manu data
01-31 13:47:43.602  9178  9282 D BtGatt.GattService: onScanResult to scannerId: 5- eventType=0x1b, addressType=1, address=AF:6, primaryPhy=1, secondaryPhy=0, advertisingSid=0xff, txPower=127, rssi=-94, periodicAdvInt=0x0
01-31 13:47:43.603  9178  9282 D ScanRecord: Not a Multi Manu data
01-31 13:47:43.972  3811  4236 E Watchdog: !@Sync 16 [2022-01-31 13:47:43.972] FD count : 518
01-31 13:47:43.603  9178  9282 D ScanRecord: Not a Multi Manu data
01-31 13:47:44.508  4171  4171 D SecStatusBarWifiView: updateState: WifiIconState(resId=2131232632, visible=true, activityId=2131232657)
01-31 13:47:45.126  3811  4125 I ActivityManager: Killing 13600:com.topjohnwu.magisk/u0a194 (adj 906): empty #25
01-31 13:47:45.128  3811  4125 I ActivityManager: Killing 14155:com.sec.unifiedwfc/u0a119 (adj 906): empty #26
01-31 13:47:45.128  3811  3865 W libprocessgroup: kill(-13600, 9) failed: No such process
01-31 13:47:45.131  3811  4125 I ActivityManager: Killing 14128:com.samsung.android.mdecservice/1000 (adj 906): empty #27
01-31 13:47:45.179  3811  3865 I chatty  : uid=1000(system) ActivityManager identical 8 lines
01-31 13:47:45.184  3811  3865 W libprocessgroup: kill(-13600, 9) failed: No such process
01-31 13:47:45.187  3294  3294 I Zygote  : Process 14128 exited due to signal (9)
01-31 13:47:45.188  4418 14016 D ForegroundUtils: could not check pending caller
01-31 13:47:45.191  3811  3865 W libprocessgroup: kill(-13600, 9) failed: No such process
01-31 13:47:45.196  3811  3865 I chatty  : uid=1000(system) ActivityManager identical 1 line
01-31 13:47:45.202  3811  3865 W libprocessgroup: kill(-13600, 9) failed: No such process
01-31 13:47:45.207  3294  3294 I Zygote  : Process 14155 exited due to signal (9)
01-31 13:47:45.207  3811  3865 W libprocessgroup: kill(-13600, 9) failed: No such process
01-31 13:47:45.208  4418 14016 D ForegroundUtils: could not check pending caller
01-31 13:47:45.216  3811  3865 W libprocessgroup: kill(-13600, 9) failed: No such process
01-31 13:47:45.272  3811  3865 I chatty  : uid=1000(system) ActivityManager identical 10 lines
01-31 13:47:45.278  3811  3865 W libprocessgroup: kill(-13600, 9) failed: No such process
01-31 13:47:45.281  4418 14016 D ForegroundUtils: could not check pending caller
01-31 13:47:45.284  3811  3865 W libprocessgroup: kill(-13600, 9) failed: No such process
01-31 13:47:45.286  3811  3881 W ActivityManager: setHasOverlayUi called on unknown pid: 13600
01-31 13:47:45.288  3330  9185 V APM_AudioPolicyManager: AudioPolicyManager:setRecordSilenced(uid:10194, silenced:1)
01-31 13:47:45.292  3294  3294 I Zygote  : Process 13600 exited due to signal (9)
01-31 13:47:45.292  3811  3865 W libprocessgroup: kill(-13600, 9) failed: No such process
01-31 13:47:45.293  3811  3865 I libprocessgroup: Successfully killed process cgroup uid 10194 pid 13600 in 164ms
01-31 13:47:45.293  3811  3865 W libprocessgroup: kill(-14155, 9) failed: No such process
01-31 13:47:45.293  3811  3865 I libprocessgroup: Successfully killed process cgroup uid 10119 pid 14155 in 0ms
01-31 13:47:45.294  3811  3865 W libprocessgroup: kill(-14128, 9) failed: No such process
01-31 13:47:45.294  3811  3865 I libprocessgroup: Successfully killed process cgroup uid 1000 pid 14128 in 0ms
01-31 13:47:45.817  3811  3991 D SamsungAlarmManager: Expired : 4
01-31 13:47:45.817  3811  3991 V SamsungAlarmManager: Sending to uid : 1000 listener=android.app.AlarmManager$ListenerWrapper@6234c3f alarm=Alarm{4772380 type 2 when 494268 android}
01-31 13:47:45.818  3811  3991 V SamsungAlarmManager: Sending to uid : 1000 action=com.sec.android.alarm.refresh.battery_stats alarm=Alarm{88b4db9 type 1 when 1643633261728 com.sec.android.sdhms}
01-31 13:47:45.819  3811  3991 I SamsungAlarmManager: setLocked to kernel - T:2 / 20220131T134802, SetElapsed=510534, nowELAPSED=494270
01-31 13:47:45.819  3811  3991 I SamsungAlarmManager: setLocked to kernel - T:3 / 20220131T134800, SetElapsed=508451, nowELAPSED=494270
01-31 13:47:45.820  3811  3811 D SamsungAlarmManager: setInexact Listener (T:2/F:0/AC:false) 20220131T134800 - CU:1000/CP:3811
01-31 13:47:45.821  3811  3811 I SamsungAlarmManager: setLocked to kernel - T:2 / 20220131T134802, SetElapsed=510534, nowELAPSED=494271
01-31 13:47:45.821  3811  3811 I SamsungAlarmManager: setLocked to kernel - T:3 / 20220131T134800, SetElapsed=508451, nowELAPSED=494271
01-31 13:47:45.824  3811  3866 I WifiService: getSupportedFeatures uid=1000
01-31 13:47:45.824  3811  4045 I WifiVendorHal: getWifiLinkLayerStats(l.2973) before calling iface.getLinkLayerStats
01-31 13:47:45.825  3316  3316 I android.hardware.wifi@1.0-service: enter getLinkLayerStats
01-31 13:47:45.825  3316  3316 I android.hardware.wifi@1.0-service: enter getLinkLayerStatsInternal
01-31 13:47:45.826  3811  3811 D StorageManagerService: getExternalStorageMountMode : 3
01-31 13:47:45.826  3811  3811 D StorageManagerService: getExternalStorageMountMode : 3
01-31 13:47:45.827  3811  3811 D StorageManagerService: getExternalStorageMountMode : final mountMode=3, uid : 10062, packageName : com.android.vending
01-31 13:47:45.827  3811  3811 I ApplicationPolicy: isApplicationExternalStorageWhitelisted:com.android.vending user:0
01-31 13:47:45.827  3811  3811 D ApplicationPolicy: isApplicationExternalStorageWhitelisted: DO is not enabled on user 0. Allowed.
01-31 13:47:45.827  3811  3811 D ActivityManager: package  com.android.vending, user - 0 is SDcard whitelisted
01-31 13:47:45.827  3811  3811 I ApplicationPolicy: isApplicationExternalStorageBlacklisted:com.android.vending user:0
01-31 13:47:45.827  3811  3811 D ApplicationPolicy: isApplicationExternalStorageBlacklisted: DO is not enabled on user 0. Allowed.
01-31 13:47:45.827  3811  3811 I ApplicationPolicy: isApplicationExternalStorageBlacklisted:com.android.vending user:0
01-31 13:47:45.827  3811  3811 D ApplicationPolicy: isApplicationExternalStorageBlacklisted: DO is not enabled on user 0. Allowed.
01-31 13:47:45.849  3811  3864 I ActivityManager: Start proc 14876:com.android.vending/u0a62 for service com.android.vending/com.google.android.finsky.scheduler.process.mainimpl.PhoneskyJobServiceMain
01-31 13:47:45.850 14876 14876 E Zygote  : isWhitelistProcess - Process is Whitelisted
01-31 13:47:45.851 14876 14876 E Zygote  : accessInfo : 1
01-31 13:47:45.867 14876 14876 E android.vendin: Not starting debugger since process cannot load the jdwp agent.
01-31 13:47:45.872  3316  3316 I android.hardware.wifi@1.0-service: Successfully getLinkLayerStats.
01-31 13:47:45.872  3811  4045 I WifiVendorHal: getWifiLinkLayerStats(l.2973) after calling iface.getLinkLayerStats
01-31 13:47:45.877  3811  3866 E BatteryExternalStatsWorker: no controller energy info supplied for bluetooth
01-31 13:47:45.900  3811  4537 I ActivityManager: DSS on for com.android.vending and scale is 1.0
01-31 13:47:45.908  3811  3866 D BatteryStatsImpl: !@ currentWifiRunningTimeMs : 182537 totalTimeMs : 2203 totalWifiRunningTimeMs :184740 batteryRealtimeMs :389284
01-31 13:47:45.969 14876 14876 I android.vendin: The ClassLoaderContext is a special shared library.
01-31 13:47:46.055 14876 14876 W android.vendin: JIT profile information will not be recorded: profile file does not exits.
01-31 13:47:46.091  3811  4537 D SamsungAlarmManager: setInexact Intent (T:1/F:8/AC:false) 20220131T135746 - CU:1000/CP:5113
01-31 13:47:46.092  3811  4537 I SamsungAlarmManager: setLocked to kernel - T:2 / 20220131T134802, SetElapsed=510534, nowELAPSED=494542
01-31 13:47:46.092  3811  4537 I SamsungAlarmManager: setLocked to kernel - T:3 / 20220131T134800, SetElapsed=508451, nowELAPSED=494542
01-31 13:47:46.055 14876 14876 W android.vendin: JIT profile information will not be recorded: profile file does not exits.
01-31 13:47:46.118 14876 14876 I Finsky  : [2] ewh.aA(6): Process created at version: 28.9.12-21 [0] [PR] 421882020
01-31 13:47:46.141  9178  9282 D ScanRecord: Not a Multi Manu data
01-31 13:47:46.141  9178  9282 I chatty  : uid=1002(bluetooth) BT Service Call identical 3 lines
01-31 13:47:46.141  9178  9282 D ScanRecord: Not a Multi Manu data
01-31 13:47:46.142  9178  9282 D BtGatt.GattService: onScanResult to scannerId: 5- eventType=0x1b, addressType=1, address=AF:6, primaryPhy=1, secondaryPhy=0, advertisingSid=0xff, txPower=127, rssi=-90, periodicAdvInt=0x0
01-31 13:47:46.142  9178  9282 D ScanRecord: Not a Multi Manu data
01-31 13:47:46.142  9178  9282 D ScanRecord: Not a Multi Manu data
01-31 13:47:46.222 14876 14896 I Finsky  : [1319] pbv.l(18): Finished reading experiment flags from file [0tGUNCGIkbk4o6-fQ335kUYSKwVj4lusnHT-A5Dsy08].
01-31 13:47:46.253 14876 14896 I Finsky  : [1319] pbv.l(18): Finished reading experiment flags from file [Se-xCc4LzNyh3UrKMIU2sUf-PUKz4oQEbpKZDMuaFno].
01-31 13:47:46.270  3811  4045 I WifiVendorHal: getWifiLinkLayerStats(l.2973) before calling iface.getLinkLayerStats
01-31 13:47:46.270  3316  3316 I android.hardware.wifi@1.0-service: enter getLinkLayerStats
01-31 13:47:46.270  3316  3316 I android.hardware.wifi@1.0-service: enter getLinkLayerStatsInternal
01-31 13:47:46.289  3316  3316 I android.hardware.wifi@1.0-service: Successfully getLinkLayerStats.
01-31 13:47:46.289  3811  4045 I WifiVendorHal: getWifiLinkLayerStats(l.2973) after calling iface.getLinkLayerStats
01-31 13:47:46.301 14876 14876 I Finsky  : [2] vwo.a(1): Warm data store was already initialized.
01-31 13:47:46.303 14876 14876 I Finsky  : [2] qbg.<init>(3): Resetting scheduler db
01-31 13:47:46.316  3811  7532 D PackageManager: setEnabledSetting : userId = 0 packageName = com.android.vending cmp = com.android.vending.AssetBrowserActivity newState = 1 callingPackage = 10062/com.android.vending
01-31 13:47:46.320  3811  4045 I WifiStateMachine: checkScoreBasedQuality -  mPreviousScore[0]:111 mPreviousScore[1]:102 mPreviousScore[2]:96 s2Score:94mPrevoiusScoreAverage:103
01-31 13:47:46.328  3811  7532 D PackageManager: setEnabledSetting : userId = 0 packageName = com.android.vending cmp = com.google.android.finsky.prewarmservice.PrewarmService newState = 1 callingPackage = 10062/com.android.vending
01-31 13:47:46.333 14876 14893 I Finsky  : [1316] vdq.d(2): Not a unicorn account
01-31 13:47:46.338  3811  7532 D PackageManager: setEnabledSetting : userId = 0 packageName = com.android.vending cmp = com.google.android.finsky.activities.DebugActivity newState = 2 callingPackage = 10062/com.android.vending
01-31 13:47:46.343  3811  4537 D ConnectivityService: Vpn: getActiveNetworkForUidInternal: 10062, false, false, DISCONNECTED
01-31 13:47:46.343  3811  4537 D ConnectivityService: isNetworkWithLinkPropertiesBlocked: uid=10062, vpn=DISCONNECTED,false
01-31 13:47:46.347  3811  5539 D ConnectivityService: filterNetworkStateForUid() uid: 10062, pid: 14876
01-31 13:47:46.347  3811  5539 D ConnectivityService: isNetworkWithLinkPropertiesBlocked: uid=10062, vpn=DISCONNECTED,false
01-31 13:47:46.347  3811  5539 D ConnectivityService: filterNetworkStateForUid() uid: 10062, pid: 14876, networkInfo: [type: WIFI[], state: CONNECTED/CONNECTED, reason: (unspecified), extra: (none), failover: false, available: true, roaming: false]
01-31 13:47:46.368 14876 14892 I Finsky  : [1315] nsw.<init>(3): PackageMonitorReceiverImpl - Registering in memory receiver for android.intent.action.PACKAGE_ADDED and android.intent.action.PACKAGE_REMOVED
01-31 13:47:46.372 14876 14894 I Finsky  : [1317] vwo.a(1): Warm data store was already initialized.
01-31 13:47:46.384  3293  3434 D EnterpriseController: netId is 0
01-31 13:47:46.384  3293  3434 E Netd    : getNetworkForDns: getNetId from enterpriseCtrl is netid 0
01-31 13:47:46.385  3293  3434 D DnsProxyListener: DNSDBG::dns addrinfo af 2
01-31 13:47:46.400  3293  3434 D EnterpriseController: netId is 0
01-31 13:47:46.400  3293  3434 E Netd    : getNetworkForDns: getNetId from enterpriseCtrl is netid 0
01-31 13:47:46.400  3293  3434 D DnsProxyListener: DNSDBG::dns addrinfo af 2
01-31 13:47:46.403  3293  3434 D EnterpriseController: netId is 0
01-31 13:47:46.404  3293  3434 E Netd    : getNetworkForDns: getNetId from enterpriseCtrl is netid 0
01-31 13:47:46.404  3293  3434 D DnsProxyListener: DNSDBG::dns addrinfo af 2
01-31 13:47:46.414 14876 14905 D ConnectivityManager: requestNetwork; CallingUid : 10062, CallingPid : 14876
01-31 13:47:46.426 14876 14894 I Finsky  : [1317] wtf.d(2): SysUA: Disable SystemUpdateActivity, because Android is lower than Q
01-31 13:47:46.431  3811  4537 D PackageManager: setEnabledSetting : userId = 0 packageName = com.android.vending cmp = com.google.android.finsky.systemupdateactivity.SystemUpdateActivity newState = 2 callingPackage = 10062/com.android.vending
01-31 13:47:46.433  3811  4537 D PackageManager: setEnabledSetting : userId = 0 packageName = com.android.vending cmp = com.google.android.finsky.systemupdateactivity.SettingsSecurityEntryPoint newState = 2 callingPackage = 10062/com.android.vending
01-31 13:47:46.436 14876 14900 I Finsky  : [1323] ffd.run(61): SysUA: Set SystemUpdateActivity enabled state to 2
01-31 13:47:46.442  3811  4537 D ConnectivityService: requestNetwork for uid/pid:10062/14876 NetworkRequest [ TRACK_DEFAULT id=53, [ Capabilities: INTERNET&NOT_RESTRICTED&TRUSTED Unwanted:  Uid: 10062] ]
01-31 13:47:46.443  3811  4060 D ConnectivityService: rematching NetworkAgentInfo [WIFI () - 602]
01-31 13:47:46.443  3811  4060 D ConnectivityService:  network has: [ Transports: WIFI Capabilities: INTERNET&NOT_RESTRICTED&TRUSTED&NOT_VPN&VALIDATED&NOT_ROAMING&FOREGROUND&NOT_CONGESTED&NOT_SUSPENDED Unwanted:  LinkUpBandwidth>=1048576Kbps LinkDnBandwidth>=1048576Kbps SignalStrength: -24 SSID: "HUAWEI P20 lite"]
01-31 13:47:46.443  3811  4060 D ConnectivityService: Network NetworkAgentInfo [WIFI () - 602] was already satisfying request 1. No change.
01-31 13:47:46.444  3811  4060 D ConnectivityService: Network NetworkAgentInfo [WIFI () - 602] was already satisfying request 50. No change.
01-31 13:47:46.444  3811  4060 D ConnectivityService: Network NetworkAgentInfo [WIFI () - 602] was already satisfying request 8. No change.
01-31 13:47:46.444  3811  4060 D ConnectivityService: Network NetworkAgentInfo [WIFI () - 602] was already satisfying request 20. No change.
01-31 13:47:46.444  3811  4060 D ConnectivityService: Network NetworkAgentInfo [WIFI () - 602] was already satisfying request 44. No change.
01-31 13:47:46.444  3811  4060 D ConnectivityService: Network NetworkAgentInfo [WIFI () - 602] was already satisfying request 15. No change.
01-31 13:47:46.444  3811  4060 D ConnectivityService: Network NetworkAgentInfo [WIFI () - 602] was already satisfying request 11. No change.
01-31 13:47:46.444  3811  4060 D ConnectivityService:   checking if request is : NetworkRequest [ TRACK_DEFAULT id=53, [ Capabilities: INTERNET&NOT_RESTRICTED&TRUSTED Unwanted:  Uid: 10062] ], satisfies : true
01-31 13:47:46.444  3811  4060 D ConnectivityService: currentScore = 0, newScore = 60
01-31 13:47:46.444  3811  4060 D ConnectivityService: rematch for NetworkAgentInfo [WIFI () - 602]
01-31 13:47:46.444  3811  4060 D ConnectivityService:    accepting network in place of null
01-31 13:47:46.444  3811  4060 D ConnectivityService: sending new Min Network Score(60): NetworkRequest [ TRACK_DEFAULT id=53, [ Capabilities: INTERNET&NOT_RESTRICTED&TRUSTED Unwanted:  Uid: 10062] ]
01-31 13:47:46.445  3811  4045 D WIFI    : got request NetworkRequest [ TRACK_DEFAULT id=53, [ Capabilities: INTERNET&NOT_RESTRICTED&TRUSTED Unwanted:  Uid: 10062] ] with score 60
01-31 13:47:46.445  3811  4045 D WIFI    :   my score=60, my filter=[ Transports: WIFI Capabilities: NOT_METERED&INTERNET&NOT_RESTRICTED&TRUSTED&NOT_VPN&NOT_ROAMING&NOT_CONGESTED Unwanted:  LinkUpBandwidth>=1048576Kbps LinkDnBandwidth>=1048576Kbps]
01-31 13:47:46.445  3811  4045 D WIFI    : evalRequest
01-31 13:47:46.445  3811  4045 D WIFI    :   needNetworkFor
01-31 13:47:46.445  3811  4050 D WIFI_P2P: got request NetworkRequest [ TRACK_DEFAULT id=53, [ Capabilities: INTERNET&NOT_RESTRICTED&TRUSTED Unwanted:  Uid: 10062] ] with score 60
01-31 13:47:46.445  4138  4138 D PhoneSwitcherNetworkRequstListener: got request NetworkRequest [ TRACK_DEFAULT id=53, [ Capabilities: INTERNET&NOT_RESTRICTED&TRUSTED Unwanted:  Uid: 10062] ] with score 60
01-31 13:47:46.446  3811  4050 D WIFI_P2P:   my score=60, my filter=[ Transports: WIFI Capabilities: WIFI_P2P&NOT_RESTRICTED&TRUSTED&NOT_VPN Unwanted:  LinkUpBandwidth>=1048576Kbps LinkDnBandwidth>=1048576Kbps]
01-31 13:47:46.446  3811  4050 D WIFI_P2P: evalRequest
01-31 13:47:46.446  3811  4050 D WIFI_P2P:   done
01-31 13:47:46.446  4138  4138 D PhoneSwitcherNetworkRequstListener:   my score=101, my filter=[ Transports: CELLULAR Capabilities: MMS&SUPL&DUN&FOTA&IMS&CBS&IA&RCS&XCAP&EIMS&INTERNET&NOT_RESTRICTED&TRUSTED&NOT_VPN&ENT1&FOC&MCX Unwanted:  Specifier: <android.net.MatchAllNetworkSpecifier@0>]
01-31 13:47:46.446  4138  4138 D PhoneSwitcherNetworkRequstListener: evalRequest
01-31 13:47:46.446  4138  4138 D PhoneSwitcherNetworkRequstListener:   needNetworkFor
01-31 13:47:46.446  3811  4117 D Ethernet: got request NetworkRequest [ TRACK_DEFAULT id=53, [ Capabilities: INTERNET&NOT_RESTRICTED&TRUSTED Unwanted:  Uid: 10062] ] with score 60
01-31 13:47:46.446  3811  4117 D Ethernet:   my score=110, my filter=[ Transports: ETHERNET LinkUpBandwidth>=100000Kbps LinkDnBandwidth>=100000Kbps]
01-31 13:47:46.446  3811  4117 D Ethernet: evalRequest
01-31 13:47:46.446  3811  4117 D Ethernet:   done
01-31 13:47:46.446  3811  4060 D ConnectivityService: Network NetworkAgentInfo [WIFI () - 602] was already satisfying request 19. No change.
01-31 13:47:46.447  3811  4060 D ConnectivityService: sending notification CALLBACK_AVAILABLE for NetworkRequest [ TRACK_DEFAULT id=53, [ Capabilities: INTERNET&NOT_RESTRICTED&TRUSTED Unwanted:  Uid: 10062] ]
01-31 13:47:46.448  3811  4045 D WIFI_UT : got request NetworkRequest [ TRACK_DEFAULT id=53, [ Capabilities: INTERNET&NOT_RESTRICTED&TRUSTED Unwanted:  Uid: 10062] ] with score 60
01-31 13:47:46.448  3811  4045 D WIFI_UT :   my score=2147483647, my filter=[ Transports: WIFI Capabilities: NOT_METERED&INTERNET&NOT_RESTRICTED&TRUSTED&NOT_VPN&NOT_ROAMING&NOT_CONGESTED Unwanted:  LinkUpBandwidth>=1048576Kbps LinkDnBandwidth>=1048576Kbps]
01-31 13:47:46.448  3811  4045 D WIFI_UT : evalRequest
01-31 13:47:46.448  3811  4045 D WIFI_UT :   needNetworkFor
01-31 13:47:46.475 14876 14905 D ConnectivityManager: requestNetwork; CallingUid : 10062, CallingPid : 14876
01-31 13:47:46.477  3811  5539 D ConnectivityService: listenForNetwork for uid/pid:10062/14876 NetworkRequest [ LISTEN id=54, [ Capabilities: INTERNET&NOT_RESTRICTED&TRUSTED Unwanted:  Uid: 10062] ]
01-31 13:47:46.478  3811  4060 D ConnectivityService: rematching NetworkAgentInfo [WIFI () - 602]
01-31 13:47:46.478  3811  4060 D ConnectivityService:  network has: [ Transports: WIFI Capabilities: INTERNET&NOT_RESTRICTED&TRUSTED&NOT_VPN&VALIDATED&NOT_ROAMING&FOREGROUND&NOT_CONGESTED&NOT_SUSPENDED Unwanted:  LinkUpBandwidth>=1048576Kbps LinkDnBandwidth>=1048576Kbps SignalStrength: -24 SSID: "HUAWEI P20 lite"]
01-31 13:47:46.478  3811  4060 D ConnectivityService: Network NetworkAgentInfo [WIFI () - 602] was already satisfying request 1. No change.
01-31 13:47:46.478  3811  4060 D ConnectivityService: Network NetworkAgentInfo [WIFI () - 602] was already satisfying request 50. No change.
01-31 13:47:46.478  3811  4060 D ConnectivityService: Network NetworkAgentInfo [WIFI () - 602] was already satisfying request 8. No change.
01-31 13:47:46.478  3811  4060 D ConnectivityService: Network NetworkAgentInfo [WIFI () - 602] was already satisfying request 20. No change.
01-31 13:47:46.478  3811  4060 D ConnectivityService: Network NetworkAgentInfo [WIFI () - 602] was already satisfying request 44. No change.
