01-31 14:03:03.962 17354 17513 V MainActivity:  Parsing line :   GPS Statistics:
01-31 14:03:03.962 17354 17513 V MainActivity:  Parsing line :      GPS signal quality (Top 4 Average CN0):
01-31 14:03:03.962 17354 17513 V MainActivity:  Parsing line :       poor (less than 20 dBHz): 0ms (0.0%) 
01-31 14:03:03.962 17354 17513 V MainActivity:  Parsing line :       good (greater than 20 dBHz): 0ms (0.0%) 
01-31 14:03:03.962 17354 17513 V MainActivity:  Parsing line :   CONNECTIVITY POWER SUMMARY END
01-31 14:03:03.962 17354 17513 V MainActivity:  Parsing line : 
01-31 14:03:03.962 17354 17513 V MainActivity:  Parsing line :   Bluetooth total received: 0B, sent: 0B
01-31 14:03:03.962 17354 17513 V MainActivity:  Parsing line :   Bluetooth scan time: 2m 0s 134ms 
01-31 14:03:03.962 17354 17513 V MainActivity:  Parsing line :      Bluetooth Idle time:   0ms (0.0%)
01-31 14:03:03.962 17354 17513 V MainActivity:  Parsing line :      Bluetooth Rx time:     0ms (0.0%)
01-31 14:03:03.962 17354 17513 V MainActivity:  Parsing line :      Bluetooth Tx time:     0ms (0.0%)
01-31 14:03:03.962 17354 17513 V MainActivity:  Parsing line : 
01-31 14:03:03.962 17354 17513 V MainActivity:  Parsing line :   Device battery use since last full charge
01-31 14:03:03.962 17354 17513 V MainActivity:  Parsing line :     Amount discharged (lower bound): 1
01-31 14:03:03.962 17354 17513 V MainActivity:  Parsing line :     Amount discharged (upper bound): 2
01-31 14:03:03.962 17354 17513 V MainActivity:  Parsing line :     Amount discharged while screen on: 2
01-31 14:03:03.962 17354 17513 V MainActivity:  Parsing line :     Amount discharged permil while screen on: 17
01-31 14:03:03.962 17354 17513 V MainActivity:  Parsing line :     Amount discharged while screen off: 0
01-31 14:03:03.962 17354 17513 V MainActivity:  Parsing line :     Amount discharged permil while screen off: 0
01-31 14:03:03.962 17354 17513 V MainActivity:  Parsing line :     Amount discharged while screen doze: 0
01-31 14:03:03.962 17354 17513 V MainActivity:  Parsing line : 
01-31 14:03:03.962 17354 17513 V MainActivity:  Parsing line :   Estimated power use (mAh):
01-31 14:03:03.962 17354 17513 V MainActivity:  Parsing line :     Capacity: 3000, Typical: 0, Computed drain: 8.67, actual drain: 30.0-60.0
01-31 14:03:03.962 17354 17513 V MainActivity:  Parsing line :     Screen: 6.56 Excluded from smearing
01-31 14:03:03.962 17354 17513 V MainActivity:  Parsing line :     Idle: 0.801 Excluded from smearing
01-31 14:03:03.962 17354 17513 V MainActivity:  Parsing line :     Uid 0: 0.418 ( cpu=0.418 ) Excluded from smearing
01-31 14:03:03.962 17354 17513 V MainActivity:  Parsing line :     Uid 1000: 0.391 ( cpu=0.366 sensor=0.0250 ) Excluded from smearing
01-31 14:03:03.962 17354 17513 V MainActivity:  Parsing line :     Cell standby: 0.261 ( radio=0.261 ) Excluded from smearing
01-31 14:03:03.963 17354 17513 V MainActivity:  Parsing line :     Uid u0a38: 0.0709 ( cpu=0.00572 wifi=0.0651 ) Including smearing: 0.0820 ( proportional=0.0112 )
01-31 14:03:03.963 17354 17513 V MainActivity:  Parsing line :     Uid u0a8: 0.0539 ( cpu=0.0539 ) Excluded from smearing
01-31 14:03:03.963 17354 17513 V MainActivity:  Parsing line :     Uid 1001: 0.0326 ( cpu=0.0326 ) Excluded from smearing
01-31 14:03:03.963 17354 17513 V MainActivity:  Parsing line :     Wifi: 0.0261 ( cpu=0.0195 wifi=0.00656 ) Including smearing: 0.0302 ( proportional=0.00411 )
01-31 14:03:03.963 17354 17513 V MainActivity:  Parsing line :     Uid u0a62: 0.0243 ( cpu=0.000599 wifi=0.0237 ) Including smearing: 0.0281 ( proportional=0.00383 )
01-31 14:03:03.963 17354 17513 V MainActivity:  Parsing line :     Uid 1036: 0.0138 ( cpu=0.0138 ) Excluded from smearing
01-31 14:03:03.963 17354 17513 V MainActivity:  Parsing line :     Uid u0a12: 0.00511 ( cpu=0.00511 ) Including smearing: 0.00592 ( proportional=0.000807 )
01-31 14:03:03.963 17354 17513 V MainActivity:  Parsing line :     Uid 1021: 0.00509 ( cpu=0.00509 ) Excluded from smearing
01-31 14:03:03.963 17354 17513 V MainActivity:  Parsing line :     Uid 5004: 0.00274 ( cpu=0.00274 ) Excluded from smearing
01-31 14:03:03.963 17354 17513 V MainActivity:  Parsing line :     Uid u0a69: 0.00270 ( cpu=0.00270 ) Including smearing: 0.00313 ( proportional=0.000427 )
01-31 14:03:03.963 17354 17513 V MainActivity:  Parsing line :     Uid 5018: 0.00269 ( cpu=0.00269 ) Excluded from smearing
01-31 14:03:03.963 17354 17513 V MainActivity:  Parsing line :     Uid 1041: 0.00181 ( cpu=0.00181 ) Excluded from smearing
01-31 14:03:03.963 17354 17513 V MainActivity:  Parsing line :     Uid 1066: 0.000599 ( cpu=0.000599 ) Excluded from smearing
01-31 14:03:03.963 17354 17513 V MainActivity:  Parsing line :     Uid u0a99: 0.000599 ( cpu=0.000599 ) Including smearing: 0.000694 ( proportional=0.0000947 )
01-31 14:03:03.963 17354 17513 V MainActivity:  Parsing line :     Uid u0a75: 0.000590 ( cpu=0.000590 ) Including smearing: 0.000684 ( proportional=0.0000932 )
01-31 14:03:03.963 17354 17513 V MainActivity:  Parsing line :     Uid u0a22: 0.000304 ( cpu=0.000304 ) Excluded from smearing
01-31 14:03:03.963 17354 17513 V MainActivity:  Parsing line :     Uid u0a106: 0.000304 ( cpu=0.000304 ) Including smearing: 0.000352 ( proportional=0.0000481 )
01-31 14:03:03.963 17354 17513 V MainActivity:  Parsing line :     Uid u0a194: 0.000304 ( cpu=0.000304 ) Including smearing: 0.000352 ( proportional=0.0000481 )
01-31 14:03:03.963 17354 17513 V MainActivity:  Parsing line :     Uid u0a100: 0.000295 ( cpu=0.000295 ) Including smearing: 0.000342 ( proportional=0.0000466 )
01-31 14:03:03.963 17354 17513 V MainActivity:  Parsing line :     Uid u0a159: 0.000295 ( cpu=0.000295 ) Including smearing: 0.000342 ( proportional=0.0000466 )
01-31 14:03:03.963 17354 17513 V MainActivity:  Parsing line :     Bluetooth: 0.000295 ( cpu=0.000295 ) Including smearing: 0.000342 ( proportional=0.0000466 )
01-31 14:03:03.963 17354 17513 V MainActivity:  Parsing line : 
01-31 14:03:03.963 17354 17513 V MainActivity:  Parsing line :   0:
01-31 14:03:03.963 17354 17513 V MainActivity:  Parsing line :     Total cpu time: u=284ms s=5s 284ms 
01-31 14:03:03.963 17354 17513 V MainActivity:  Parsing line :     Proc kworker/u17:2:
01-31 14:03:03.963 17354 17513 V MainActivity:  Parsing line :       CPU: 0ms usr + 120ms krn ; 0ms fg
01-31 14:03:03.963 17354 17513 V MainActivity:  Parsing line :     Proc kworker/u17:1:
01-31 14:03:03.963 17354 17513 V MainActivity:  Parsing line :       CPU: 0ms usr + 70ms krn ; 0ms fg
01-31 14:03:03.963 17354 17513 V MainActivity:  Parsing line :     Proc kworker/u16:2:
01-31 14:03:03.963 17354 17513 V MainActivity:  Parsing line :       CPU: 0ms usr + 150ms krn ; 0ms fg
01-31 14:03:03.963 17354 17513 V MainActivity:  Parsing line :     Proc kworker/u16:0:
01-31 14:03:03.963 17354 17513 V MainActivity:  Parsing line :       CPU: 0ms usr + 50ms krn ; 0ms fg
01-31 14:03:03.963 17354 17513 V MainActivity:  Parsing line :     Proc kworker/4:1H:
01-31 14:03:03.963 17354 17513 V MainActivity:  Parsing line :       CPU: 0ms usr + 10ms krn ; 0ms fg
01-31 14:03:03.963 17354 17513 V MainActivity:  Parsing line :     Proc kworker/3:0H:
01-31 14:03:03.963 17354 17513 V MainActivity:  Parsing line :       CPU: 0ms usr + 10ms krn ; 0ms fg
01-31 14:03:03.963 17354 17513 V MainActivity:  Parsing line :     Proc kworker/2:2H:
01-31 14:03:03.963 17354 17513 V MainActivity:  Parsing line :       CPU: 0ms usr + 10ms krn ; 0ms fg
01-31 14:03:03.963 17354 17513 V MainActivity:  Parsing line :     Proc decon0-vsync:
01-31 14:03:03.963 17354 17513 V MainActivity:  Parsing line :       CPU: 0ms usr + 30ms krn ; 0ms fg
01-31 14:03:03.963 17354 17513 V MainActivity:  Parsing line :     Proc migration/3:
01-31 14:03:03.964 17354 17513 V MainActivity:  Parsing line :       CPU: 0ms usr + 10ms krn ; 0ms fg
01-31 14:03:03.964 17354 17513 V MainActivity:  Parsing line :     Proc wpa_supplicant:
01-31 14:03:03.964 17354 17513 V MainActivity:  Parsing line :       CPU: 0ms usr + 60ms krn ; 0ms fg
01-31 14:03:03.964 17354 17513 V MainActivity:  Parsing line :     Proc dhd_rpm_state_t:
01-31 14:03:03.964 17354 17513 V MainActivity:  Parsing line :       CPU: 0ms usr + 470ms krn ; 0ms fg
01-31 14:03:03.964 17354 17513 V MainActivity:  Parsing line :     Proc zygote64:
01-31 14:03:03.964 17354 17513 V MainActivity:  Parsing line :       CPU: 10ms usr + 10ms krn ; 0ms fg
01-31 14:03:03.964 17354 17513 V MainActivity:  Parsing line :     Proc kworker/3:0:
01-31 14:03:03.964 17354 17513 V MainActivity:  Parsing line :       CPU: 0ms usr + 10ms krn ; 0ms fg
01-31 14:03:03.964 17354 17513 V MainActivity:  Parsing line :     Proc kworker/2:2:
01-31 14:03:03.964 17354 17513 V MainActivity:  Parsing line :       CPU: 0ms usr + 10ms krn ; 0ms fg
01-31 14:03:03.964 17354 17513 V MainActivity:  Parsing line :     Proc kworker/1:0:
01-31 14:03:03.964 17354 17513 V MainActivity:  Parsing line :       CPU: 0ms usr + 1s 540ms krn ; 0ms fg
01-31 14:03:03.964 17354 17513 V MainActivity:  Parsing line :     Proc kworker/0:1:
01-31 14:03:03.964 17354 17513 V MainActivity:  Parsing line :       CPU: 0ms usr + 20ms krn ; 0ms fg
01-31 14:03:03.964 17354 17513 V MainActivity:  Parsing line :     Proc irq/290-sec-nfc:
01-31 14:03:03.964 17354 17513 V MainActivity:  Parsing line :       CPU: 0ms usr + 50ms krn ; 0ms fg
01-31 14:03:03.964 17354 17513 V MainActivity:  Parsing line :     Proc jbd2/sda24-8:
01-31 14:03:03.964 17354 17513 V MainActivity:  Parsing line :       CPU: 0ms usr + 10ms krn ; 0ms fg
01-31 14:03:03.964 17354 17513 V MainActivity:  Parsing line :     Proc rcu_sched:
01-31 14:03:03.964 17354 17513 V MainActivity:  Parsing line :       CPU: 20ms usr + 0ms krn ; 0ms fg
01-31 14:03:03.964 17354 17513 V MainActivity:  Parsing line :     Proc spi10:
01-31 14:03:03.964 17354 17513 V MainActivity:  Parsing line :       CPU: 0ms usr + 50ms krn ; 0ms fg
01-31 14:03:03.964 17354 17513 V MainActivity:  Parsing line :     Proc rcu_preempt:
01-31 14:03:03.964 17354 17513 V MainActivity:  Parsing line :       CPU: 0ms usr + 310ms krn ; 0ms fg
01-31 14:03:03.964 17354 17513 V MainActivity:  Parsing line :     Proc /init:
01-31 14:03:03.964 17354 17513 V MainActivity:  Parsing line :       CPU: 40ms usr + 40ms krn ; 0ms fg
01-31 14:03:03.964 17354 17513 V MainActivity:  Parsing line :     Proc netd:
01-31 14:03:03.964 17354 17513 V MainActivity:  Parsing line :       CPU: 0ms usr + 30ms krn ; 0ms fg
01-31 14:03:03.964 17354 17513 V MainActivity:  Parsing line :     Proc logd:
01-31 14:03:03.964 17354 17513 V MainActivity:  Parsing line :       CPU: 80ms usr + 110ms krn ; 0ms fg
01-31 14:03:03.964 17354 17513 V MainActivity:  Parsing line :     Proc lmkd:
01-31 14:03:03.964 17354 17513 V MainActivity:  Parsing line :       CPU: 0ms usr + 10ms krn ; 0ms fg
01-31 14:03:03.964 17354 17513 V MainActivity:  Parsing line :     Proc surfaceflinger:
01-31 14:03:03.964 17354 17513 V MainActivity:  Parsing line :       CPU: 310ms usr + 280ms krn ; 0ms fg
01-31 14:03:03.964 17354 17513 V MainActivity:  Parsing line :     Proc ueventd:
01-31 14:03:03.964 17354 17513 V MainActivity:  Parsing line :       CPU: 180ms usr + 50ms krn ; 0ms fg
01-31 14:03:03.964 17354 17513 V MainActivity:  Parsing line :     Proc smdexe:
01-31 14:03:03.964 17354 17513 V MainActivity:  Parsing line :       CPU: 0ms usr + 10ms krn ; 0ms fg
01-31 14:03:03.964 17354 17513 V MainActivity:  Parsing line :     Proc cfinteractive:
01-31 14:03:03.964 17354 17513 V MainActivity:  Parsing line :       CPU: 0ms usr + 2s 50ms krn ; 0ms fg
01-31 14:03:03.965 17354 17513 V MainActivity:  Parsing line :     Proc copr-thread:
01-31 14:03:03.965 17354 17513 V MainActivity:  Parsing line :       CPU: 0ms usr + 40ms krn ; 0ms fg
01-31 14:03:03.965 17354 17513 V MainActivity:  Parsing line :     Proc decon0:
01-31 14:03:03.965 17354 17513 V MainActivity:  Parsing line :       CPU: 0ms usr + 60ms krn ; 0ms fg
01-31 14:03:03.965 17354 17513 V MainActivity:  Parsing line :     Proc spi32766:
01-31 14:03:03.965 17354 17513 V MainActivity:  Parsing line :       CPU: 0ms usr + 10ms krn ; 0ms fg
01-31 14:03:03.965 17354 17513 V MainActivity:  Parsing line :   1000:
01-31 14:03:03.965 17354 17513 V MainActivity:  Parsing line :     Wake lock *alarm* realtime
01-31 14:03:03.965 17354 17513 V MainActivity:  Parsing line :     Sensor 15: 2m 0s 134ms blamed realtime, 2m 0s 133ms realtime (0 times)
01-31 14:03:03.965 17354 17513 V MainActivity:  Parsing line :     Foreground for: 2m 0s 134ms 
01-31 14:03:03.965 17354 17513 V MainActivity:  Parsing line :     Total running: 2m 0s 134ms 
01-31 14:03:03.965 17354 17513 V MainActivity:  Parsing line :     Total cpu time: u=2s 368ms s=2s 520ms 
01-31 14:03:03.965 17354 17513 V MainActivity:  Parsing line :     Proc android.hardware.memtrack@1.0-service:
01-31 14:03:03.965 17354 17513 V MainActivity:  Parsing line :       CPU: 10ms usr + 0ms krn ; 0ms fg
01-31 14:03:03.965 17354 17513 V MainActivity:  Parsing line :     Proc com.sec.epdg:
01-31 14:03:03.965 17354 17513 V MainActivity:  Parsing line :       CPU: 10ms usr + 0ms krn ; 0ms fg
01-31 14:03:03.965 17354 17513 V MainActivity:  Parsing line :     Proc servicemanager:
01-31 14:03:03.965 17354 17513 V MainActivity:  Parsing line :       CPU: 10ms usr + 40ms krn ; 0ms fg
01-31 14:03:03.965 17354 17513 V MainActivity:  Parsing line :     Proc com.sec.android.sdhms:
01-31 14:03:03.965 17354 17513 V MainActivity:  Parsing line :       CPU: 510ms usr + 190ms krn ; 0ms fg
01-31 14:03:03.965 17354 17513 V MainActivity:  Parsing line :     Proc android.hardware.graphics.composer@2.1-service:
01-31 14:03:03.965 17354 17513 V MainActivity:  Parsing line :       CPU: 60ms usr + 400ms krn ; 0ms fg
01-31 14:03:03.965 17354 17513 V MainActivity:  Parsing line :     Proc android.hardware.usb@1.1-service.samsung:
01-31 14:03:03.965 17354 17513 V MainActivity:  Parsing line :       CPU: 10ms usr + 0ms krn ; 0ms fg
01-31 14:03:03.965 17354 17513 V MainActivity:  Parsing line :     Proc iod:
01-31 14:03:03.965 17354 17513 V MainActivity:  Parsing line :       CPU: 60ms usr + 30ms krn ; 0ms fg
01-31 14:03:03.965 17354 17513 V MainActivity:  Parsing line :     Proc com.sec.imsservice:
01-31 14:03:03.965 17354 17513 V MainActivity:  Parsing line :       CPU: 120ms usr + 50ms krn ; 0ms fg
01-31 14:03:03.965 17354 17513 V MainActivity:  Parsing line :     Proc system:
01-31 14:03:03.965 17354 17513 V MainActivity:  Parsing line :       CPU: 1s 30ms usr + 1s 210ms krn ; 0ms fg
01-31 14:03:03.965 17354 17513 V MainActivity:  Parsing line :     Proc com.samsung.android.SettingsReceiver:
01-31 14:03:03.965 17354 17513 V MainActivity:  Parsing line :       CPU: 10ms usr + 0ms krn ; 0ms fg
01-31 14:03:03.965 17354 17513 V MainActivity:  Parsing line :     Proc android.hardware.sensors@1.0-service:
01-31 14:03:03.965 17354 17513 V MainActivity:  Parsing line :       CPU: 60ms usr + 110ms krn ; 0ms fg
01-31 14:03:03.965 17354 17513 V MainActivity:  Parsing line :     Proc argosd:
01-31 14:03:03.965 17354 17513 V MainActivity:  Parsing line :       CPU: 250ms usr + 140ms krn ; 0ms fg
01-31 14:03:03.965 17354 17513 V MainActivity:  Parsing line :     Proc android.hardware.health@2.0-service.samsung:
01-31 14:03:03.965 17354 17513 V MainActivity:  Parsing line :       CPU: 0ms usr + 30ms krn ; 0ms fg
01-31 14:03:03.965 17354 17513 V MainActivity:  Parsing line :   1001:
01-31 14:03:03.965 17354 17513 V MainActivity:  Parsing line :     Wake lock RILJ_ACK_WL realtime
01-31 14:03:03.966 17354 17513 V MainActivity:  Parsing line :     Wake lock *telephony-radio* realtime
01-31 14:03:03.966 17354 17513 V MainActivity:  Parsing line :     Foreground for: 2m 0s 133ms 
01-31 14:03:03.966 17354 17513 V MainActivity:  Parsing line :     Total running: 2m 0s 133ms 
01-31 14:03:03.966 17354 17513 V MainActivity:  Parsing line :     Total cpu time: u=316ms s=124ms 
01-31 14:03:03.966 17354 17513 V MainActivity:  Parsing line :     Proc com.android.phone:
01-31 14:03:03.966 17354 17513 V MainActivity:  Parsing line :       CPU: 80ms usr + 30ms krn ; 0ms fg
01-31 14:03:03.966 17354 17513 V MainActivity:  Parsing line :     Proc rild:
01-31 14:03:03.966 17354 17513 V MainActivity:  Parsing line :       CPU: 0ms usr + 30ms krn ; 0ms fg
01-31 14:03:03.966 17354 17513 V MainActivity:  Parsing line :     Proc com.samsung.android.app.telephonyui:
01-31 14:03:03.966 17354 17513 V MainActivity:  Parsing line :       CPU: 0ms usr + 0ms krn ; 0ms fg
01-31 14:03:03.966 17354 17513 V MainActivity:  Parsing line :       1 starts
01-31 14:03:03.966 17354 17513 V MainActivity:  Parsing line :     Apk com.android.phone:
01-31 14:03:03.971 17354 17513 V MainActivity:  Parsing line :       Service com.samsung.telephony.phone.telephonyui.SamsungInternalService:
01-31 14:03:03.971 17354 17513 V MainActivity:  Parsing line :         Created for: 0ms uptime
01-31 14:03:03.971 17354 17513 V MainActivity:  Parsing line :         Starts: 0, launches: 1
01-31 14:03:03.971 17354 17513 V MainActivity:  Parsing line :   1002:
01-31 14:03:03.971 17354 17513 V MainActivity:  Parsing line :     Foreground for: 2m 0s 133ms 
01-31 14:03:03.971 17354 17513 V MainActivity:  Parsing line :     Total running: 2m 0s 133ms 
01-31 14:03:03.971 17354 17513 V MainActivity:  Parsing line :     Total cpu time: u=4ms s=0ms 
01-31 14:03:03.971 17354 17513 V MainActivity:  Parsing line :   1010:
01-31 14:03:03.971 17354 17513 V MainActivity:  Parsing line :     Total cpu time: u=40ms s=220ms 
01-31 14:03:03.971 17354 17513 V MainActivity:  Parsing line :     Proc android.hardware.wifi@1.0-service:
01-31 14:03:03.971 17354 17513 V MainActivity:  Parsing line :       CPU: 20ms usr + 100ms krn ; 0ms fg
01-31 14:03:03.971 17354 17513 V MainActivity:  Parsing line :     Proc wificond:
01-31 14:03:03.971 17354 17513 V MainActivity:  Parsing line :       CPU: 20ms usr + 70ms krn ; 0ms fg
01-31 14:03:03.971 17354 17513 V MainActivity:  Parsing line :   1021:
01-31 14:03:03.971 17354 17513 V MainActivity:  Parsing line :     Total cpu time: u=28ms s=40ms 
01-31 14:03:03.971 17354 17513 V MainActivity:  Parsing line :     Proc lhd:
01-31 14:03:03.971 17354 17513 V MainActivity:  Parsing line :       CPU: 20ms usr + 40ms krn ; 0ms fg
01-31 14:03:03.971 17354 17513 V MainActivity:  Parsing line :   1027:
01-31 14:03:03.971 17354 17513 V MainActivity:  Parsing line :     Foreground for: 2m 0s 133ms 
01-31 14:03:03.971 17354 17513 V MainActivity:  Parsing line :     Total running: 2m 0s 133ms 
01-31 14:03:03.971 17354 17513 V MainActivity:  Parsing line :     Proc com.android.nfc:
01-31 14:03:03.971 17354 17513 V MainActivity:  Parsing line :       CPU: 10ms usr + 0ms krn ; 0ms fg
01-31 14:03:03.971 17354 17513 V MainActivity:  Parsing line :   1036:
01-31 14:03:03.971 17354 17513 V MainActivity:  Parsing line :     Total cpu time: u=80ms s=104ms 
01-31 14:03:03.971 17354 17513 V MainActivity:  Parsing line :     (nothing executed)
01-31 14:03:03.971 17354 17513 V MainActivity:  Parsing line :   1041:
01-31 14:03:03.971 17354 17513 V MainActivity:  Parsing line :     Total cpu time: u=20ms s=4ms 
01-31 14:03:03.971 17354 17513 V MainActivity:  Parsing line :     Proc audioserver:
01-31 14:03:03.971 17354 17513 V MainActivity:  Parsing line :       CPU: 10ms usr + 10ms krn ; 0ms fg
01-31 14:03:03.971 17354 17513 V MainActivity:  Parsing line :   1066:
01-31 14:03:03.971 17354 17513 V MainActivity:  Parsing line :     Total cpu time: u=8ms s=0ms 
01-31 14:03:03.971 17354 17513 V MainActivity:  Parsing line :     Proc statsd:
01-31 14:03:03.971 17354 17513 V MainActivity:  Parsing line :       CPU: 0ms usr + 10ms krn ; 0ms fg
01-31 14:03:03.971 17354 17513 V MainActivity:  Parsing line :   1068:
01-31 14:03:03.972 17354 17513 V MainActivity:  Parsing line :     Foreground for: 2m 0s 133ms 
01-31 14:03:03.972 17354 17513 V MainActivity:  Parsing line :     Total running: 2m 0s 133ms 
01-31 14:03:03.972 17354 17513 V MainActivity:  Parsing line :   5004:
01-31 14:03:03.972 17354 17513 V MainActivity:  Parsing line :     Cached for: 2m 0s 133ms 
01-31 14:03:03.972 17354 17513 V MainActivity:  Parsing line :     Total running: 2m 0s 133ms 
01-31 14:03:03.972 17354 17513 V MainActivity:  Parsing line :     Total cpu time: u=20ms s=16ms 
01-31 14:03:03.972 17354 17513 V MainActivity:  Parsing line :     Proc com.samsung.cmh:CMH:
01-31 14:03:03.972 17354 17513 V MainActivity:  Parsing line :       CPU: 20ms usr + 10ms krn ; 0ms fg
01-31 14:03:03.972 17354 17513 V MainActivity:  Parsing line :   5006:
01-31 14:03:03.972 17354 17513 V MainActivity:  Parsing line :     Bluetooth Duty Scan (total actual realtime with duty): 6s 7ms  (currently running)
01-31 14:03:03.972 17354 17513 V MainActivity:  Parsing line :     Bluetooth Scan (total blamed realtime): 1m 0s 67ms  (0 times) (currently running)
01-31 14:03:03.972 17354 17513 V MainActivity:  Parsing line :     Bluetooth Scan (total actual realtime): 2m 0s 133ms  (0 times) (currently running)
01-31 14:03:03.972 17354 17513 V MainActivity:  Parsing line :     Bluetooth Scan (background realtime): 2m 0s 136ms  (0 times) (currently running in background)
01-31 14:03:03.972 17354 17513 V MainActivity:  Parsing line :     Bluetooth Scan Results: 0 (0 in background)
01-31 14:03:03.972 17354 17513 V MainActivity:  Parsing line :     Background for: 2m 0s 133ms 
01-31 14:03:03.972 17354 17513 V MainActivity:  Parsing line :     Total running: 2m 0s 133ms 
01-31 14:03:03.972 17354 17513 V MainActivity:  Parsing line :   5012:
01-31 14:03:03.972 17354 17513 V MainActivity:  Parsing line :     Cached for: 2m 0s 133ms 
01-31 14:03:03.972 17354 17513 V MainActivity:  Parsing line :     Total running: 2m 0s 133ms 
01-31 14:03:03.972 17354 17513 V MainActivity:  Parsing line :   5013:
01-31 14:03:03.972 17354 17513 V MainActivity:  Parsing line :     Foreground for: 2m 0s 133ms 
01-31 14:03:03.972 17354 17513 V MainActivity:  Parsing line :     Total running: 2m 0s 133ms 
01-31 14:03:03.972 17354 17513 V MainActivity:  Parsing line :   5018:
01-31 14:03:03.972 17354 17513 V MainActivity:  Parsing line :     Background for: 2m 0s 133ms 
01-31 14:03:03.972 17354 17513 V MainActivity:  Parsing line :     Total running: 2m 0s 133ms 
01-31 14:03:03.972 17354 17513 V MainActivity:  Parsing line :     Total cpu time: u=0ms s=36ms 
01-31 14:03:03.972 17354 17513 V MainActivity:  Parsing line :     Proc com.samsung.android.bixby.agent:
01-31 14:03:03.972 17354 17513 V MainActivity:  Parsing line :       CPU: 20ms usr + 20ms krn ; 0ms fg
01-31 14:03:03.972 17354 17513 V MainActivity:  Parsing line :   u0a8:
01-31 14:03:03.972 17354 17513 V MainActivity:  Parsing line :     Foreground for: 2m 0s 133ms 
01-31 14:03:03.972 17354 17513 V MainActivity:  Parsing line :     Total running: 2m 0s 133ms 
01-31 14:03:03.972 17354 17513 V MainActivity:  Parsing line :     Total cpu time: u=460ms s=260ms 
01-31 14:03:03.972 17354 17513 V MainActivity:  Parsing line :     Proc com.android.systemui:
01-31 14:03:03.972 17354 17513 V MainActivity:  Parsing line :       CPU: 470ms usr + 250ms krn ; 0ms fg
01-31 14:03:03.972 17354 17513 V MainActivity:  Parsing line :   u0a11:
01-31 14:03:03.972 17354 17513 V MainActivity:  Parsing line :     Foreground for: 2m 0s 133ms 
01-31 14:03:03.972 17354 17513 V MainActivity:  Parsing line :     Total running: 2m 0s 133ms 
01-31 14:03:03.972 17354 17513 V MainActivity:  Parsing line :   u0a12:
01-31 14:03:03.972 17354 17513 V MainActivity:  Parsing line :     Cached for: 2m 0s 133ms 
01-31 14:03:03.972 17354 17513 V MainActivity:  Parsing line :     Total running: 2m 0s 133ms 
01-31 14:03:03.972 17354 17513 V MainActivity:  Parsing line :     Total cpu time: u=20ms s=48ms 
01-31 14:03:03.973 17354 17513 V MainActivity:  Parsing line :     Proc com.samsung.android.contacts:
01-31 14:03:03.973 17354 17513 V MainActivity:  Parsing line :       CPU: 30ms usr + 10ms krn ; 0ms fg
01-31 14:03:03.973 17354 17513 V MainActivity:  Parsing line :     Proc android.process.acore:
01-31 14:03:03.973 17354 17513 V MainActivity:  Parsing line :       CPU: 10ms usr + 20ms krn ; 0ms fg
01-31 14:03:03.973 17354 17513 V MainActivity:  Parsing line :   u0a15:
01-31 14:03:03.973 17354 17513 V MainActivity:  Parsing line :     Foreground for: 2m 0s 133ms 
01-31 14:03:03.973 17354 17513 V MainActivity:  Parsing line :     Total running: 2m 0s 133ms 
01-31 14:03:03.973 17354 17513 V MainActivity:  Parsing line :   u0a18:
01-31 14:03:03.973 17354 17513 V MainActivity:  Parsing line :     Background for: 2m 0s 133ms 
01-31 14:03:03.973 17354 17513 V MainActivity:  Parsing line :     Total running: 2m 0s 133ms 
01-31 14:03:03.973 17354 17513 V MainActivity:  Parsing line :   u0a19:
01-31 14:03:03.973 17354 17513 V MainActivity:  Parsing line :     Cached for: 2m 0s 133ms 
01-31 14:03:03.973 17354 17513 V MainActivity:  Parsing line :     Total running: 2m 0s 133ms 
01-31 14:03:03.973 17354 17513 V MainActivity:  Parsing line :   u0a22:
01-31 14:03:03.973 17354 17513 V MainActivity:  Parsing line :     Cached for: 2m 0s 133ms 
01-31 14:03:03.973 17354 17513 V MainActivity:  Parsing line :     Total running: 2m 0s 133ms 
01-31 14:03:03.973 17354 17513 V MainActivity:  Parsing line :     Total cpu time: u=4ms s=0ms 
01-31 14:03:03.973 17354 17513 V MainActivity:  Parsing line :   u0a33:
01-31 14:03:03.973 17354 17513 V MainActivity:  Parsing line :     Cached for: 2m 0s 132ms 
01-31 14:03:03.973 17354 17513 V MainActivity:  Parsing line :     Total running: 2m 0s 132ms 
01-31 14:03:03.973 17354 17513 V MainActivity:  Parsing line :   u0a36:
01-31 14:03:03.973 17354 17513 V MainActivity:  Parsing line :     Cached for: 2m 0s 132ms 
01-31 14:03:03.973 17354 17513 V MainActivity:  Parsing line :     Total running: 2m 0s 132ms 
01-31 14:03:03.973 17354 17513 V MainActivity:  Parsing line :   u0a38:
01-31 14:03:03.973 17354 17513 V MainActivity:  Parsing line :     Wi-Fi network: 1.99KB received, 1.06KB sent (packets 18 received, 9 sent)
01-31 14:03:03.973 17354 17513 V MainActivity:  Parsing line :        WiFi Scan time:  0ms (0.0%)
01-31 14:03:03.973 17354 17513 V MainActivity:  Parsing line :        WiFi Sleep time:  1m 56s 596ms (97.0%)
01-31 14:03:03.973 17354 17513 V MainActivity:  Parsing line :        WiFi Idle time:   0ms (0.0%)
01-31 14:03:03.973 17354 17513 V MainActivity:  Parsing line :        WiFi Rx time:     3s 542ms (2.9%)
01-31 14:03:03.973 17354 17513 V MainActivity:  Parsing line :        WiFi Tx time:     16ms (0.0%)
01-31 14:03:03.973 17354 17513 V MainActivity:  Parsing line :     Bluetooth Duty Scan (total actual realtime with duty): 30s 33ms  (currently running)
01-31 14:03:03.973 17354 17513 V MainActivity:  Parsing line :     Bluetooth Scan (total blamed realtime): 1m 0s 66ms  (0 times) (currently running)
01-31 14:03:03.973 17354 17513 V MainActivity:  Parsing line :     Bluetooth Scan (total actual realtime): 2m 0s 132ms  (0 times) (currently running)
01-31 14:03:03.973 17354 17513 V MainActivity:  Parsing line :     Bluetooth Scan Results: 0 (0 in background)
01-31 14:03:03.973 17354 17513 V MainActivity:  Parsing line :     WiFi Multicast Wakelock count = 0 time = 2m 0s 132ms
01-31 14:03:03.973 17354 17513 V MainActivity:  Parsing line :     Foreground for: 2m 0s 132ms 
01-31 14:03:03.973 17354 17513 V MainActivity:  Parsing line :     Total running: 2m 0s 132ms 
01-31 14:03:03.973 17354 17513 V MainActivity:  Parsing line :     Total cpu time: u=52ms s=24ms 
01-31 14:03:03.973 17354 17513 V MainActivity:  Parsing line :     Proc com.google.android.gms:
01-31 14:03:03.974 17354 17513 V MainActivity:  Parsing line :       CPU: 20ms usr + 20ms krn ; 0ms fg
01-31 14:03:03.974 17354 17513 V MainActivity:  Parsing line :     Proc com.google.android.gms.persistent:
01-31 14:03:03.974 17354 17513 V MainActivity:  Parsing line :       CPU: 30ms usr + 0ms krn ; 0ms fg
01-31 14:03:03.974 17354 17513 V MainActivity:  Parsing line :   u0a39:
01-31 14:03:03.974 17354 17513 V MainActivity:  Parsing line :     Foreground for: 2m 0s 132ms 
01-31 14:03:03.974 17354 17513 V MainActivity:  Parsing line :     Total running: 2m 0s 132ms 
01-31 14:03:03.974 17354 17513 V MainActivity:  Parsing line :   u0a44:
01-31 14:03:03.974 17354 17513 V MainActivity:  Parsing line :     Cached for: 2m 0s 132ms 
01-31 14:03:03.974 17354 17513 V MainActivity:  Parsing line :     Total running: 2m 0s 132ms 
01-31 14:03:03.974 17354 17513 V MainActivity:  Parsing line :   u0a59:
01-31 14:03:03.974 17354 17513 V MainActivity:  Parsing line :     Background for: 2m 0s 132ms 
01-31 14:03:03.974 17354 17513 V MainActivity:  Parsing line :     Total running: 2m 0s 132ms 
01-31 14:03:03.974 17354 17513 V MainActivity:  Parsing line :   u0a62:
01-31 14:03:03.974 17354 17513 V MainActivity:  Parsing line :     Wi-Fi network: 545B received, 260B sent (packets 8 received, 5 sent)
01-31 14:03:03.974 17354 17513 V MainActivity:  Parsing line :        WiFi Scan time:  0ms (0.0%)
01-31 14:03:03.974 17354 17513 V MainActivity:  Parsing line :        WiFi Sleep time:  1m 58s 868ms (98.9%)
01-31 14:03:03.974 17354 17513 V MainActivity:  Parsing line :        WiFi Idle time:   0ms (0.0%)
01-31 14:03:03.974 17354 17513 V MainActivity:  Parsing line :        WiFi Rx time:     1s 279ms (1.1%)
01-31 14:03:03.974 17354 17513 V MainActivity:  Parsing line :        WiFi Tx time:     8ms (0.0%)
01-31 14:03:03.974 17354 17513 V MainActivity:  Parsing line :     Cached for: 2m 0s 132ms 
01-31 14:03:03.974 17354 17513 V MainActivity:  Parsing line :     Total running: 2m 0s 132ms 
01-31 14:03:03.974 17354 17513 V MainActivity:  Parsing line :     Total cpu time: u=4ms s=4ms 
01-31 14:03:03.974 17354 17513 V MainActivity:  Parsing line :     Proc com.android.vending:
01-31 14:03:03.974 17354 17513 V MainActivity:  Parsing line :       CPU: 0ms usr + 10ms krn ; 0ms fg
01-31 14:03:03.974 17354 17513 V MainActivity:  Parsing line :   u0a63:
01-31 14:03:03.974 17354 17513 V MainActivity:  Parsing line :     Foreground for: 2m 0s 132ms 
01-31 14:03:03.974 17354 17513 V MainActivity:  Parsing line :     Total running: 2m 0s 132ms 
01-31 14:03:03.974 17354 17513 V MainActivity:  Parsing line :   u0a68:
01-31 14:03:03.974 17354 17513 V MainActivity:  Parsing line :     Cached for: 2m 0s 132ms 
01-31 14:03:03.974 17354 17513 V MainActivity:  Parsing line :     Total running: 2m 0s 132ms 
01-31 14:03:03.974 17354 17513 V MainActivity:  Parsing line :   u0a69:
01-31 14:03:03.974 17354 17513 V MainActivity:  Parsing line :     Cached for: 2m 0s 132ms 
01-31 14:03:03.974 17354 17513 V MainActivity:  Parsing line :     Total running: 2m 0s 132ms 
01-31 14:03:03.974 17354 17513 V MainActivity:  Parsing line :     Total cpu time: u=36ms s=0ms 
01-31 14:03:03.974 17354 17513 V MainActivity:  Parsing line :     Proc com.samsung.android.dialer:
01-31 14:03:03.974 17354 17513 V MainActivity:  Parsing line :       CPU: 20ms usr + 10ms krn ; 0ms fg
01-31 14:03:03.974 17354 17513 V MainActivity:  Parsing line :   u0a75:
01-31 14:03:03.974 17354 17513 V MainActivity:  Parsing line :     Background for: 21ms 
01-31 14:03:03.974 17354 17513 V MainActivity:  Parsing line :     Cached for: 2m 0s 111ms 
01-31 14:03:03.974 17354 17513 V MainActivity:  Parsing line :     Total running: 2m 0s 132ms 
01-31 14:03:03.974 17354 17513 V MainActivity:  Parsing line :     Total cpu time: u=0ms s=8ms 
01-31 14:03:03.975 17354 17513 V MainActivity:  Parsing line :     Proc com.samsung.android.messaging:
01-31 14:03:03.975 17354 17513 V MainActivity:  Parsing line :       CPU: 0ms usr + 10ms krn ; 0ms fg
01-31 14:03:03.975 17354 17513 V MainActivity:  Parsing line :   u0a91:
01-31 14:03:03.975 17354 17513 V MainActivity:  Parsing line :     Cached for: 2m 0s 132ms 
01-31 14:03:03.975 17354 17513 V MainActivity:  Parsing line :     Total running: 2m 0s 132ms 
01-31 14:03:03.975 17354 17513 V MainActivity:  Parsing line :   u0a97:
01-31 14:03:03.975 17354 17513 V MainActivity:  Parsing line :     Cached for: 2m 0s 132ms 
01-31 14:03:03.975 17354 17513 V MainActivity:  Parsing line :     Total running: 2m 0s 132ms 
01-31 14:03:03.975 17354 17513 V MainActivity:  Parsing line :   u0a99:
01-31 14:03:03.975 17354 17513 V MainActivity:  Parsing line :     Background for: 21ms 
01-31 14:03:03.975 17354 17513 V MainActivity:  Parsing line :     Cached for: 2m 0s 111ms 
01-31 14:03:03.975 17354 17513 V MainActivity:  Parsing line :     Total running: 2m 0s 132ms 
01-31 14:03:03.975 17354 17513 V MainActivity:  Parsing line :     Total cpu time: u=8ms s=0ms 
01-31 14:03:03.975 17354 17513 V MainActivity:  Parsing line :   u0a100:
01-31 14:03:03.975 17354 17513 V MainActivity:  Parsing line :     Foreground for: 2m 0s 132ms 
01-31 14:03:03.975 17354 17513 V MainActivity:  Parsing line :     Total running: 2m 0s 132ms 
01-31 14:03:03.975 17354 17513 V MainActivity:  Parsing line :     Total cpu time: u=4ms s=0ms 
01-31 14:03:03.975 17354 17513 V MainActivity:  Parsing line :   u0a106:
01-31 14:03:03.975 17354 17513 V MainActivity:  Parsing line :     Foreground for: 2m 0s 132ms 
01-31 14:03:03.975 17354 17513 V MainActivity:  Parsing line :     Total running: 2m 0s 132ms 
01-31 14:03:03.975 17354 17516 V MainActivity:  Parsing line : Battery History (0% used, 524 used of 512KB, 4 strings using 224):
01-31 14:03:03.975 17354 17513 V MainActivity:  Parsing line :     Total cpu time: u=0ms s=4ms 
01-31 14:03:03.975 17354 17513 V MainActivity:  Parsing line :   u0a119:
01-31 14:03:03.975 17354 17516 V MainActivity:  Parsing line :                     0 (14) RESET:TIME: 2022-01-31-14-01-03
01-31 14:03:03.975 17354 17513 V MainActivity:  Parsing line :     Cached for: 2m 0s 132ms 
01-31 14:03:03.975 17354 17516 V MainActivity:  Parsing line :                     0 (1) 080 status=discharging health=good plug=none temp=321 volt=3909 current=-1487 ap_temp=54 pst_temp=48 bat_temp=33 chg_temp=47 pa_temp=40 -tx_share misc_event=65536 online=1 current_event=0 charge=2406 +running +wake_lock +wifi_multicast +wifi_radio +screen phone_state=emergency phone_signal_strength=great brightness=medium +wifi_running +wifi wifi_signal_strength=4 wifi_suppl=completed +ble_scan
01-31 14:03:03.975 17354 17513 V MainActivity:  Parsing line :     Total running: 2m 0s 132ms 
01-31 14:03:03.975 17354 17516 V MainActivity:  Parsing line :                     0 (2) 080 top=u0a233:"com.opportunistask.scheduling.benchmarking_app_to_test_big_cores"
01-31 14:03:03.975 17354 17513 V MainActivity:  Parsing line :   u0a159:
01-31 14:03:03.975 17354 17513 V MainActivity:  Parsing line :     Background for: 2m 0s 132ms 
01-31 14:03:03.975 17354 17516 V MainActivity:  Parsing line :                     0 (2) 080 user=0:"0"
01-31 14:03:03.975 17354 17516 V MainActivity:  Parsing line :                     0 (2) 080 userfg=0:"0"
01-31 14:03:03.975 17354 17513 V MainActivity:  Parsing line :     Total running: 2m 0s 132ms 
01-31 14:03:03.975 17354 17513 V MainActivity:  Parsing line :     Total cpu time: u=4ms s=0ms 
01-31 14:03:03.975 17354 17516 V MainActivity:  Parsing line :                  +2ms (2) 080 stats=0:"wakelock-change"
01-31 14:03:03.975 17354 17513 V MainActivity:  Parsing line :   u0a166:
01-31 14:03:03.975 17354 17516 V MainActivity:  Parsing line :                 +43ms (2) 080 stats=0:"dump"
01-31 14:03:03.975 17354 17513 V MainActivity:  Parsing line :     Cached for: 2m 0s 131ms 
01-31 14:03:03.975 17354 17516 V MainActivity:  Parsing line :              +4s197ms (3) 080 current=-1508 ap_temp=55 pst_temp=50 bat_temp=33 chg_temp=47 pa_temp=41
01-31 14:03:03.975 17354 17513 V MainActivity:  Parsing line :     Total running: 2m 0s 131ms 
01-31 14:03:03.975 17354 17516 V MainActivity:  Parsing line :             +14s263ms (3) 080 current=-1487 ap_temp=55 pst_temp=51 bat_temp=33 chg_temp=47 pa_temp=41
01-31 14:03:03.975 17354 17513 V MainActivity:  Parsing line :   u0a186:
01-31 14:03:03.975 17354 17516 V MainActivity:  Parsing line :             +23s358ms (2) 080 temp=338 charge=2394
01-31 14:03:03.975 17354 17513 V MainActivity:  Parsing line :     Cached for: 2m 0s 131ms 
01-31 14:03:03.975 17354 17516 V MainActivity:  Parsing line :             +24s328ms (3) 080 current=-1481 ap_temp=55 pst_temp=53 bat_temp=33 chg_temp=47 pa_temp=41
01-31 14:03:03.975 17354 17513 V MainActivity:  Parsing line :     Total running: 2m 0s 131ms 
01-31 14:03:03.975 17354 17516 V MainActivity:  Parsing line :             +34s380ms (3) 080 current=-1470 ap_temp=55 pst_temp=54 bat_temp=33 chg_temp=47 pa_temp=41
01-31 14:03:03.975 17354 17513 V MainActivity:  Parsing line :   u0a194:
01-31 14:03:03.975 17354 17516 V MainActivity:  Parsing line :             +44s446ms (3) 080 current=-1451 ap_temp=55 pst_temp=54 bat_temp=33 chg_temp=47 pa_temp=41
01-31 14:03:03.975 17354 17513 V MainActivity:  Parsing line :     Cached for: 2m 0s 131ms 
01-31 14:03:03.975 17354 17516 V MainActivity:  Parsing line :             +53s463ms (2) 079 charge=2379
01-31 14:03:03.975 17354 17513 V MainActivity:  Parsing line :     Total running: 2m 0s 131ms 
01-31 14:03:03.975 17354 17516 V MainActivity:  Parsing line :                  Details: cpu=28410u+920s
01-31 14:03:03.975 17354 17513 V MainActivity:  Parsing line :     Total cpu time: u=4ms s=0ms 
01-31 14:03:03.975 17354 17516 V MainActivity:  Parsing line :                           /proc/stat=28500 usr, 720 sys, 0 io, 0 irq, 20 sirq, 24490 idle (54.4% of 8m 57s 300ms), PlatformIdleStat Empty
01-31 14:03:03.975 17354 17513 V MainActivity:  Parsing line :   u0a233:
01-31 14:03:03.975 17354 17516 V MainActivity:  Parsing line : , SubsystemPowerState Empty
01-31 14:03:03.975 17354 17513 V MainActivity:  Parsing line :     Wake lock WindowManager: 2m 0s 131ms full (0 times) (running) realtime
01-31 14:03:03.976 17354 17516 V MainActivity:  Parsing line :             +53s465ms (2) 079 stats=0:"wakelock-change"
01-31 14:03:03.976 17354 17513 V MainActivity:  Parsing line :     Foreground activities: 2m 0s 131ms realtime (0 times) (running)
01-31 14:03:03.976 17354 17516 V MainActivity:  Parsing line :             +54s516ms (3) 079 current=-1450 ap_temp=55 pst_temp=54 bat_temp=34 chg_temp=48 pa_temp=42
01-31 14:03:03.976 17354 17513 V MainActivity:  Parsing line :     Top for: 2m 0s 131ms 
01-31 14:03:03.976 17354 17516 V MainActivity:  Parsing line :           +1m04s577ms (3) 079 current=-1444 ap_temp=55 pst_temp=54 bat_temp=34 chg_temp=48 pa_temp=42
01-31 14:03:03.976 17354 17513 V MainActivity:  Parsing line :     Total running: 2m 0s 131ms 
01-31 14:03:03.976 17354 17516 V MainActivity:  Parsing line :           +1m14s660ms (3) 079 current=-1462 ap_temp=56 pst_temp=55 bat_temp=34 chg_temp=48 pa_temp=42
01-31 14:03:03.976 17354 17513 V MainActivity:  Parsing line :     Proc com.opportunistask.scheduling.benchmarking_app_to_test_big_cores:
01-31 14:03:03.976 17354 17516 V MainActivity:  Parsing line :           +1m23s572ms (2) 079 temp=350 charge=2364
01-31 14:03:03.976 17354 17513 V MainActivity:  Parsing line :       CPU: 8m 21s 790ms usr + 5s 450ms krn ; 0ms fg
01-31 14:03:03.976 17354 17516 V MainActivity:  Parsing line :           +1m24s731ms (3) 079 current=-1448 ap_temp=56 pst_temp=55 bat_temp=35 chg_temp=48 pa_temp=42
01-31 14:03:03.976 17354 17513 V MainActivity:  Parsing line : 
01-31 14:03:03.976 17354 17516 V MainActivity:  Parsing line :           +1m34s805ms (3) 079 current=-1436 ap_temp=56 pst_temp=55 bat_temp=35 chg_temp=48 pa_temp=42
01-31 14:03:03.976 17354 17513 V MainActivity:  Parsing line : Total cpu time reads: 1
01-31 14:03:03.976 17354 17516 V MainActivity:  Parsing line :           +1m44s879ms (3) 079 current=-1419 ap_temp=56 pst_temp=55 bat_temp=35 chg_temp=48 pa_temp=42
01-31 14:03:03.976 17354 17513 V MainActivity:  Parsing line : Batched cpu time reads: 0
01-31 14:03:03.976 17354 17516 V MainActivity:  Parsing line :           +1m53s696ms (2) 078 charge=2352
01-31 14:03:03.976 17354 17513 V MainActivity:  Parsing line : Batching Duration (min): 23
01-31 14:03:03.976 17354 17513 V MainActivity:  Parsing line : All UID cpu time reads since the later of device start or stats reset: 24
01-31 14:03:03.976 17354 17516 V MainActivity:  Parsing line :                  Details: cpu=224100u+6220s
01-31 14:03:03.976 17354 17513 V MainActivity:  Parsing line : UIDs removed since the later of device start or stats reset: 0
01-31 14:03:03.976 17354 17516 V MainActivity:  Parsing line :                           /proc/stat=223470 usr, 3960 sys, 20 io, 0 irq, 90 sirq, 197160 idle (53.6% of 1h 10m 47s 0ms), PlatformIdleStat Empty
01-31 14:03:03.976 17354 17513 V MainActivity:  Parsing line : KernelUidCpuTimeReader Exception :
01-31 14:03:03.976 17354 17516 V MainActivity:  Parsing line : , SubsystemPowerState Empty
01-31 14:03:03.976 17354 17513 V MainActivity:  Parsing line : 
01-31 14:03:03.976 17354 17516 V MainActivity:  Parsing line :           +1m53s697ms (2) 078 stats=0:"wakelock-change"
01-31 14:03:03.976 17354 17516 V MainActivity:  Parsing line :           +1m54s953ms (3) 078 current=-1410 ap_temp=56 pst_temp=55 bat_temp=35 chg_temp=48 pa_temp=42
01-31 14:03:03.976 17354 17513 V MainActivity:  Parsing line : 
01-31 14:03:03.976 17354 17516 V MainActivity:  Parsing line :           +2m00s032ms (2) 078 stats=0:"dump"
01-31 14:03:03.976 17354 17516 V MainActivity:  Parsing line :           +2m00s109ms (2) 078 stats=0:"dump"
01-31 14:03:03.976 17354 17516 V MainActivity:  Parsing line : 
01-31 14:03:03.976 17354 17516 V MainActivity:  Parsing line : Per-PID Stats:
01-31 14:03:03.976 17354 17516 V MainActivity:  Parsing line :   PID 3811 wake time: +50ms
01-31 14:03:03.976 17354 17513 I System.out: returned a null value
01-31 14:03:03.976 17354 17516 V MainActivity:  Parsing line :   PID 4138 wake time: +333ms
01-31 14:03:03.976 17354 17516 V MainActivity:  Parsing line : 
01-31 14:03:03.976 17354 17516 V MainActivity:  Parsing line : Discharge step durations:
01-31 14:03:03.976 17354 17516 V MainActivity:  Parsing line :   #0: +1m0s233ms to 78 (screen-on, power-save-off, device-idle-off)
01-31 14:03:03.976 17354 17516 V MainActivity:  Parsing line :   Estimated discharge time remaining: +1h18m18s174ms
01-31 14:03:03.976 17354 17516 V MainActivity:  Parsing line :   Estimated screen on time: 1h 40m 23s 300ms 
01-31 14:03:03.976 17354 17513 V MainActivity: Main activity (to obtain computed drain) : Start executing -dumpsys batterystats- command 
01-31 14:03:03.976 17354 17516 V MainActivity:  Parsing line : 
01-31 14:03:03.976 17354 17516 V MainActivity:  Parsing line : Daily stats:
01-31 14:03:03.976 17354 17516 V MainActivity:  Parsing line :   Current start time: 2022-01-31-05-56-42
01-31 14:03:03.976 17354 17516 V MainActivity:  Parsing line :   Next min deadline: 2022-02-01-01-00-00
01-31 14:03:03.976 17354 17516 V MainActivity:  Parsing line :   Next max deadline: 2022-02-01-03-00-00
01-31 14:03:03.976 17354 17516 V MainActivity:  Parsing line :   Current daily discharge step durations:
01-31 14:03:03.976 17354 17516 V MainActivity:  Parsing line :     #0: +1m0s233ms to 78 (screen-on, power-save-off, device-idle-off)
01-31 14:03:03.976 17354 17516 V MainActivity:  Parsing line :     #1: +1m0s220ms to 79 (screen-on, power-save-off, device-idle-off)
01-31 14:03:03.976 17354 17516 V MainActivity:  Parsing line :     #2: +3h27m40s956ms to 63 (power-save-off)
01-31 14:03:03.976 17354 17516 V MainActivity:  Parsing line :     #3: +4h0m2s968ms to 64 (screen-off, power-save-off, device-idle-on)
01-31 14:03:03.976 17354 17516 V MainActivity:  Parsing line :       Discharge total time: 7d 19h 23m 29s 400ms  (from 4 steps)
01-31 14:03:03.976 17354 17516 V MainActivity:  Parsing line :       Discharge screen off time: 16d 16h 4m 56s 800ms  (from 1 steps)
01-31 14:03:03.976 17354 17516 V MainActivity:  Parsing line :       Discharge screen off device idle time: 16d 16h 4m 56s 800ms  (from 1 steps)
01-31 14:03:03.976 17354 17516 V MainActivity:  Parsing line :       Discharge screen on time: 1h 40m 22s 600ms  (from 2 steps)
01-31 14:03:03.976 17354 17516 V MainActivity:  Parsing line :   Current daily charge step durations:
01-31 14:03:03.976 17354 17516 V MainActivity:  Parsing line :     #0: +1m20s714ms to 81 (screen-on, power-save-off, device-idle-off)
01-31 14:03:03.976 17354 17516 V MainActivity:  Parsing line :     #1: +12m8s366ms to 80 (screen-on, power-save-off, device-idle-off)
01-31 14:03:03.976 17354 17516 V MainActivity:  Parsing line :     #2: +1m10s820ms to 75 (screen-on, power-save-off, device-idle-off)
01-31 14:03:03.977 17354 17516 V MainActivity:  Parsing line :     #3: +50s656ms to 74 (screen-on, power-save-off, device-idle-off)
01-31 14:03:03.977 17354 17516 V MainActivity:  Parsing line :     #4: +1m0s816ms to 73 (screen-on, power-save-off, device-idle-off)
01-31 14:03:03.977 17354 17516 V MainActivity:  Parsing line :     #5: +4m33s257ms to 72 (screen-on, power-save-off, device-idle-off)
01-31 14:03:03.977 17354 17516 V MainActivity:  Parsing line :     #6: +1m10s725ms to 71 (power-save-off, device-idle-off)
01-31 14:03:03.977 17354 17516 V MainActivity:  Parsing line :     #7: +1m0s794ms to 70 (screen-off, power-save-off, device-idle-off)
01-31 14:03:03.977 17354 17516 V MainActivity:  Parsing line :     #8: +50s664ms to 69 (screen-off, power-save-off, device-idle-off)
01-31 14:03:03.977 17354 17516 V MainActivity:  Parsing line :     #9: +50s666ms to 68 (screen-off, power-save-off, device-idle-off)
01-31 14:03:03.977 17354 17516 V MainActivity:  Parsing line :     #10: +50s666ms to 67 (screen-off, power-save-off, device-idle-off)
01-31 14:03:03.977 17354 17516 V MainActivity:  Parsing line :     #11: +50s669ms to 66 (screen-off, power-save-off, device-idle-off)
01-31 14:03:03.977 17354 17516 V MainActivity:  Parsing line :       Charge total time: 3h 42m 3s 400ms  (from 12 steps)
01-31 14:03:03.977 17354 17516 V MainActivity:  Parsing line :       Charge screen off time: 1h 27m 49s 100ms  (from 5 steps)
01-31 14:03:03.977 17354 17516 V MainActivity:  Parsing line :       Charge screen on time: 5h 51m 17s 100ms  (from 6 steps)
01-31 14:03:03.977 17354 17516 V MainActivity:  Parsing line :     Package changes:
01-31 14:03:03.977 17354 17516 V MainActivity:  Parsing line :       Update com.opportunistask.scheduling.benchmarking_app_to_test_big_cores vers=0
01-31 14:03:03.977 17354 17516 V MainActivity:  Parsing line :       Update com.opportunistask.scheduling.benchmarking_app_to_test_big_cores vers=1
01-31 14:03:03.977 17354 17516 V MainActivity:  Parsing line :       Update com.opportunistask.scheduling.benchmarking_app_to_test_big_cores vers=0
01-31 14:03:03.977 17354 17516 V MainActivity:  Parsing line :       Update com.opportunistask.scheduling.benchmarking_app_to_test_big_cores vers=1
01-31 14:03:03.977 17354 17516 V MainActivity:  Parsing line :       Update com.opportunistask.scheduling.benchmarking_app_to_test_big_cores vers=0
01-31 14:03:03.977 17354 17516 V MainActivity:  Parsing line :       Update com.opportunistask.scheduling.benchmarking_app_to_test_big_cores vers=1
01-31 14:03:03.977 17354 17516 V MainActivity:  Parsing line :       Update com.opportunistask.scheduling.benchmarking_app_to_test_big_cores vers=0
01-31 14:03:03.977 17354 17516 V MainActivity:  Parsing line :       Update com.opportunistask.scheduling.benchmarking_app_to_test_big_cores vers=1
01-31 14:03:03.977 17354 17516 V MainActivity:  Parsing line :       Update com.opportunistask.scheduling.benchmarking_app_to_test_big_cores vers=0
01-31 14:03:03.977 17354 17516 V MainActivity:  Parsing line :       Update com.opportunistask.scheduling.benchmarking_app_to_test_big_cores vers=1
01-31 14:03:03.977 17354 17516 V MainActivity:  Parsing line :   Daily from 2022-01-30-05-19-47 to 2022-01-31-05-56-42:
01-31 14:03:03.977 17354 17516 V MainActivity:  Parsing line :     Discharge step durations:
01-31 14:03:03.977 17354 17516 V MainActivity:  Parsing line :       #0: +4h0m3s934ms to 66 (screen-off, power-save-off, device-idle-on)
01-31 14:03:03.977 17354 17516 V MainActivity:  Parsing line :       #1: +4h0m2s89ms to 67 (screen-off, power-save-off, device-idle-on)
01-31 14:03:03.977 17354 17516 V MainActivity:  Parsing line :       #2: +4h1m57s72ms to 68 (screen-off, power-save-off, device-idle-on)
01-31 14:03:03.977 17354 17516 V MainActivity:  Parsing line :       #3: +3h34m44s901ms to 69 (screen-off, power-save-off, device-idle-on)
01-31 14:03:03.977 17354 17516 V MainActivity:  Parsing line :       #4: +3h0m2s1ms to 70 (screen-off, power-save-off, device-idle-on)
01-31 14:03:03.977 17354 17516 V MainActivity:  Parsing line :       #5: +3h0m2s991ms to 71 (screen-off, power-save-off, device-idle-on)
01-31 14:03:03.977 17354 17516 V MainActivity:  Parsing line :         Discharge total time: 15d 0h 14m 43s 100ms  (from 6 steps)
01-31 14:03:03.977 17354 17513 V MainActivity: Main activity (to obtain computed drain) : End executing -dumpsys batterystats- command 
01-31 14:03:03.977 17354 17516 V MainActivity:  Parsing line :         Discharge screen off time: 15d 0h 14m 43s 100ms  (from 6 steps)
01-31 14:03:03.978 17354 17516 V MainActivity:  Parsing line :         Discharge screen off device idle time: 15d 0h 14m 43s 100ms  (from 6 steps)
01-31 14:03:03.978 17354 17516 V MainActivity:  Parsing line :   Daily from 2022-01-29-03-37-48 to 2022-01-30-05-19-47:
01-31 14:03:03.978 17354 17516 V MainActivity:  Parsing line :     Discharge step durations:
01-31 14:03:03.978 17354 17516 V MainActivity:  Parsing line :       #0: +3h0m2s26ms to 73 (screen-off, power-save-off, device-idle-on)
01-31 14:03:03.978 17354 17516 V MainActivity:  Parsing line :       #1: +3h0m0s995ms to 74 (screen-off, power-save-off, device-idle-on)
01-31 14:03:03.978 17354 17516 V MainActivity:  Parsing line :       #2: +5h0m4s13ms to 75 (screen-off, power-save-off, device-idle-on)
