01-31 14:02:05.234 17715 17715 D FT.TuiImsFeature: OUT_PARTICIPANT_CONFERENCE = false
01-31 14:02:05.234 17715 17715 D FT.TuiImsFeature: SUPPORT_DUAL_LTE = true
01-31 14:02:05.234 17715 17715 D FT.TuiImsFeature: DISABLE_DUAL_LTE = false
01-31 14:02:05.234 17715 17715 D FT.TuiImsFeature: SUPPORT_VOLTE_DURING_ROAMING = true
01-31 14:02:05.234 17715 17715 D semImsManager[0]: isImsFeatureEnabled: mmtel, 13
01-31 14:02:05.238  4439  4928 D ImsUtil : getSimSlotFromUri: content://com.sec.ims.settings/imsswitch#simslot0
01-31 14:02:05.238  4439  4928 D ImsUtil : Valid simslot:0. get it from Uri
01-31 14:02:05.238  4439  4928 D ImsSettingsProvider<0>: query:
01-31 14:02:05.239  4439  4928 D ImsSettingsProvider: Query(17715) : Uri[content://com.sec.ims.settings/imsswitch#simslot0], pro : [mmtel]
01-31 14:02:05.239  4439  4928 D DeviceConfigManager[0]: queryImsSwitch: name mmtel
01-31 14:02:05.239  4439  4928 D DmConfigHelper: isServiceEnabled: mmtel 1
01-31 14:02:05.240  4439  4928 D SimManager: isLabSimCard: state [ABSENT] isLabSim [false]
01-31 14:02:05.242  4439  4928 E TelephonyManagerWrapper: use backup operatorCode : null
01-31 14:02:05.243  4439  4928 D SimManager: getSimOperator: value []
01-31 14:02:05.248  4439  4928 E TelephonyManagerWrapper: use backup imsi : null
01-31 14:02:05.250  4439  4928 E TelephonyManagerWrapper: use backup gid : null
01-31 14:02:05.253  4439  4928 D CscParser: mccmnc: 22610, networkName: RO Orange, subset: , gid1: , spname: orange
01-31 14:02:05.253  4439  4928 D CscParser: mccmnc: 22601, networkName: Vodafone RO, subset: , gid1: , spname: 
01-31 14:02:05.253  4439  4928 D CscParser: mccmnc: 22603, networkName: COSMOTE, subset: , gid1: , spname: 
01-31 14:02:05.254  4439  4928 D CscParser: mccmnc: 22606, networkName: COSMOTE, subset: , gid1: , spname: 
01-31 14:02:05.254  4439  4928 D CscParser: mccmnc: 22605, networkName: Digi.Mobil, subset: , gid1: , spname: 
01-31 14:02:05.254  4439  4928 D ImsServiceStub<0>: hasVoLteMps - no MPS setting
01-31 14:02:05.254  4439  4928 D ImsServiceStub: VoLTE MPS is not supported
01-31 14:02:05.254 17715 17715 D FT.TuiImsFeature: isVoLteSupported phoneId : 0 (false)
01-31 14:02:05.255 17715 17715 D semImsManager[1]: isImsFeatureEnabled: mmtel, 13
01-31 14:02:05.258  4439  4928 D ImsUtil : getSimSlotFromUri: content://com.sec.ims.settings/imsswitch#simslot1
01-31 14:02:05.258  4439  4928 D ImsUtil : Valid simslot:1. get it from Uri
01-31 14:02:05.258  4439  4928 D ImsSettingsProvider<1>: query:
01-31 14:02:05.258  4439  4928 D ImsSettingsProvider: Query(17715) : Uri[content://com.sec.ims.settings/imsswitch#simslot1], pro : [mmtel]
01-31 14:02:05.259  4439  4928 D DeviceConfigManager[1]: queryImsSwitch: name mmtel
01-31 14:02:05.259  4439  4928 D DmConfigHelper: isServiceEnabled: mmtel 1
01-31 14:02:05.259  4439  4928 D SimManager: isLabSimCard: state [ABSENT] isLabSim [false]
01-31 14:02:05.262  4439  4928 E TelephonyManagerWrapper: use backup operatorCode : null
01-31 14:02:05.262  4439  4928 D SimManager: getSimOperator: value []
01-31 14:02:05.267  4439  4928 E TelephonyManagerWrapper: use backup imsi : null
01-31 14:02:05.269  4439  4928 E TelephonyManagerWrapper: use backup gid : null
01-31 14:02:05.272  4439  4928 D CscParser: mccmnc: 22610, networkName: RO Orange, subset: , gid1: , spname: orange
01-31 14:02:05.272  4439  4928 D CscParser: mccmnc: 22601, networkName: Vodafone RO, subset: , gid1: , spname: 
01-31 14:02:05.272  4439  4928 D CscParser: mccmnc: 22603, networkName: COSMOTE, subset: , gid1: , spname: 
01-31 14:02:05.272  4439  4928 D CscParser: mccmnc: 22606, networkName: COSMOTE, subset: , gid1: , spname: 
01-31 14:02:05.272  4439  4928 D CscParser: mccmnc: 22605, networkName: Digi.Mobil, subset: , gid1: , spname: 
01-31 14:02:05.273  4439  4928 D ImsServiceStub<1>: hasVoLteMps - no MPS setting
01-31 14:02:05.273  4439  4928 D ImsServiceStub: VoLTE MPS is not supported
01-31 14:02:05.273 17715 17715 D FT.TuiImsFeature: isVoLteSupported phoneId : 1 (false)
01-31 14:02:05.273 17715 17715 D FT.TuiSalesCodeFeature: NONE.isCurrentCountry
01-31 14:02:05.273 17715 17715 D FT.TuiSalesCodeFeature: UNKNOWN.isCurrentOperator
01-31 14:02:05.274 17715 17715 D FT.TuiImsFeature: IS_IMS_ENABLED = false
01-31 14:02:05.274 17715 17715 D FT.TuiImsFeature: SUPPORT_IMS_CALL_MESSAGE = false
01-31 14:02:05.274 17715 17715 D FT.TuiImsFeature: SUPPORT_VIDEO_CONFERENCE = false
01-31 14:02:05.274 17715 17715 D FT.TuiImsFeature: SUPPORT_IMS_VOICE_CONFERENCE = false
01-31 14:02:05.274 17715 17715 D FT.TuiImsFeature: SUPPORT_IMS_RCS = true
01-31 14:02:05.274 17715 17715 D FT.TuiImsFeature: SUPPORT_IMS_CRANE = true : KEY_RCS_CPR = true, KEY_RCS_UP10 = true
01-31 14:02:05.274 17715 17715 D FT.TuiImsFeature: SUPPORT_IMS_MULTIMEDIA_CALLER_ID = false
01-31 14:02:05.274 17715 17715 D FT.TuiImsFeature: PREFERRED_VOLTE_EPS_ONLY = false
01-31 14:02:05.274 17715 17715 D FT.TuiImsFeature: SUPPORT_IMS_RTT = false
01-31 14:02:05.274 17715 17715 D FT.TuiImsFeature: SUPPORT_PHOTO_RING = false
01-31 14:02:05.274 17715 17715 D FT.TuiImsFeature: SUPPORT_UICC_MOBILITY = false
01-31 14:02:05.274 17715 17715 D FT.TuiImsFeature: OUT_PARTICIPANT_CONFERENCE = false
01-31 14:02:05.274 17715 17715 D FT.TuiImsFeature: SUPPORT_DUAL_LTE = true
01-31 14:02:05.274 17715 17715 D FT.TuiImsFeature: DISABLE_DUAL_LTE = false
01-31 14:02:05.274 17715 17715 D FT.TuiImsFeature: SUPPORT_VOLTE_DURING_ROAMING = true
01-31 14:02:05.274 17715 17715 D semImsManager[0]: isImsFeatureEnabled: mmtel, 13
01-31 14:02:05.277  4439  4928 D ImsUtil : getSimSlotFromUri: content://com.sec.ims.settings/imsswitch#simslot0
01-31 14:02:05.278  4439  4928 D ImsUtil : Valid simslot:0. get it from Uri
01-31 14:02:05.278  4439  4928 D ImsSettingsProvider<0>: query:
01-31 14:02:05.278  4439  4928 D ImsSettingsProvider: Query(17715) : Uri[content://com.sec.ims.settings/imsswitch#simslot0], pro : [mmtel]
01-31 14:02:05.278  4439  4928 D DeviceConfigManager[0]: queryImsSwitch: name mmtel
01-31 14:02:05.279  4439  4928 D DmConfigHelper: isServiceEnabled: mmtel 1
01-31 14:02:05.279  4439  4928 D SimManager: isLabSimCard: state [ABSENT] isLabSim [false]
01-31 14:02:05.282  4439  4928 E TelephonyManagerWrapper: use backup operatorCode : null
01-31 14:02:05.282  4439  4928 D SimManager: getSimOperator: value []
01-31 14:02:05.287  4439  4928 E TelephonyManagerWrapper: use backup imsi : null
01-31 14:02:05.289  4439  4928 E TelephonyManagerWrapper: use backup gid : null
01-31 14:02:05.293  4439  4928 D CscParser: mccmnc: 22610, networkName: RO Orange, subset: , gid1: , spname: orange
01-31 14:02:05.293  4439  4928 D CscParser: mccmnc: 22601, networkName: Vodafone RO, subset: , gid1: , spname: 
01-31 14:02:05.293  4439  4928 D CscParser: mccmnc: 22603, networkName: COSMOTE, subset: , gid1: , spname: 
01-31 14:02:05.293  4439  4928 D CscParser: mccmnc: 22606, networkName: COSMOTE, subset: , gid1: , spname: 
01-31 14:02:05.293  4439  4928 D CscParser: mccmnc: 22605, networkName: Digi.Mobil, subset: , gid1: , spname: 
01-31 14:02:05.294  4439  4928 D ImsServiceStub<0>: hasVoLteMps - no MPS setting
01-31 14:02:05.294  4439  4928 D ImsServiceStub: VoLTE MPS is not supported
01-31 14:02:05.294 17715 17715 D FT.TuiImsFeature: isVoLteSupported phoneId : 0 (false)
01-31 14:02:05.294 17715 17715 D semImsManager[1]: isImsFeatureEnabled: mmtel, 13
01-31 14:02:05.297  4439  4928 D ImsUtil : getSimSlotFromUri: content://com.sec.ims.settings/imsswitch#simslot1
01-31 14:02:05.297  4439  4928 D ImsUtil : Valid simslot:1. get it from Uri
01-31 14:02:05.297  4439  4928 D ImsSettingsProvider<1>: query:
01-31 14:02:05.298  4439  4928 D ImsSettingsProvider: Query(17715) : Uri[content://com.sec.ims.settings/imsswitch#simslot1], pro : [mmtel]
01-31 14:02:05.298  4439  4928 D DeviceConfigManager[1]: queryImsSwitch: name mmtel
01-31 14:02:05.298  4439  4928 D DmConfigHelper: isServiceEnabled: mmtel 1
01-31 14:02:05.298  4439  4928 D SimManager: isLabSimCard: state [ABSENT] isLabSim [false]
01-31 14:02:05.301  4439  4928 E TelephonyManagerWrapper: use backup operatorCode : null
01-31 14:02:05.301  4439  4928 D SimManager: getSimOperator: value []
01-31 14:02:05.307  4439  4928 E TelephonyManagerWrapper: use backup imsi : null
01-31 14:02:05.309  4439  4928 E TelephonyManagerWrapper: use backup gid : null
01-31 14:02:05.312  4439  4928 D CscParser: mccmnc: 22610, networkName: RO Orange, subset: , gid1: , spname: orange
01-31 14:02:05.313  4439  4928 D CscParser: mccmnc: 22601, networkName: Vodafone RO, subset: , gid1: , spname: 
01-31 14:02:05.313  4439  4928 D CscParser: mccmnc: 22603, networkName: COSMOTE, subset: , gid1: , spname: 
01-31 14:02:05.313  4439  4928 D CscParser: mccmnc: 22606, networkName: COSMOTE, subset: , gid1: , spname: 
01-31 14:02:05.314  4439  4928 D CscParser: mccmnc: 22605, networkName: Digi.Mobil, subset: , gid1: , spname: 
01-31 14:02:05.314  4439  4928 D ImsServiceStub<1>: hasVoLteMps - no MPS setting
01-31 14:02:05.314  4439  4928 D ImsServiceStub: VoLTE MPS is not supported
01-31 14:02:05.314 17715 17715 D FT.TuiImsFeature: isVoLteSupported phoneId : 1 (false)
01-31 14:02:05.314 17715 17715 D FT.TuiSalesCodeFeature: NONE.isCurrentCountry
01-31 14:02:05.315 17715 17715 D FT.TuiSalesCodeFeature: UNKNOWN.isCurrentOperator
01-31 14:02:05.315 17715 17715 D FT.TuiImsFeature: IS_IMS_ENABLED = false
01-31 14:02:05.315 17715 17715 D FT.TuiImsFeature: SUPPORT_IMS_CALL_MESSAGE = false
01-31 14:02:05.315 17715 17715 D FT.TuiImsFeature: SUPPORT_VIDEO_CONFERENCE = false
01-31 14:02:05.315 17715 17715 D FT.TuiImsFeature: SUPPORT_IMS_VOICE_CONFERENCE = false
01-31 14:02:05.315 17715 17715 D FT.TuiImsFeature: SUPPORT_IMS_RCS = true
01-31 14:02:05.315 17715 17715 D FT.TuiImsFeature: SUPPORT_IMS_CRANE = true : KEY_RCS_CPR = true, KEY_RCS_UP10 = true
01-31 14:02:05.315 17715 17715 D FT.TuiImsFeature: SUPPORT_IMS_MULTIMEDIA_CALLER_ID = false
01-31 14:02:05.315 17715 17715 D FT.TuiImsFeature: PREFERRED_VOLTE_EPS_ONLY = false
01-31 14:02:05.315 17715 17715 D FT.TuiImsFeature: SUPPORT_IMS_RTT = false
01-31 14:02:05.315 17715 17715 D FT.TuiImsFeature: SUPPORT_PHOTO_RING = false
01-31 14:02:05.315 17715 17715 D FT.TuiImsFeature: SUPPORT_UICC_MOBILITY = false
01-31 14:02:05.315 17715 17715 D FT.TuiImsFeature: OUT_PARTICIPANT_CONFERENCE = false
01-31 14:02:05.315 17715 17715 D FT.TuiImsFeature: SUPPORT_DUAL_LTE = true
01-31 14:02:05.315 17715 17715 D FT.TuiImsFeature: DISABLE_DUAL_LTE = false
01-31 14:02:05.315 17715 17715 D FT.TuiImsFeature: SUPPORT_VOLTE_DURING_ROAMING = true
01-31 14:02:05.315 17715 17715 D FT.TuiSalesCodeFeature: NONE.isCurrentCountry
01-31 14:02:05.316 17715 17715 D FT.TuiSalesCodeFeature: NONE.isCurrentCountry
01-31 14:02:05.317 17715 17715 D FT.TuiUtilFeature: tdsCdmaEnabled : false, isTdsCdmaModem : false, isTdsCdmaFeaureEnabled : false
01-31 14:02:05.317 17715 17715 I chatty  : uid=1001(radio) com.samsung.android.app.telephonyui identical 1 line
01-31 14:02:05.317 17715 17715 D FT.TuiUtilFeature: tdsCdmaEnabled : false, isTdsCdmaModem : false, isTdsCdmaFeaureEnabled : false
01-31 14:02:05.318 17715 17715 D FT.TuiUtilFeature: isAirplaneModeOn = false
01-31 14:02:05.318 17715 17715 D FT.TuiSalesCodeFeature: NONE.isCurrentCountry
01-31 14:02:05.319 17715 17715 D FT.TuiSalesCodeFeature: NONE.isCurrentCountry
01-31 14:02:05.320 17715 17715 D FT.TuiSalesCodeFeature: ROM.isCurrentOmcNwCode
01-31 14:02:05.320 17715 17715 I chatty  : uid=1001(radio) com.samsung.android.app.telephonyui identical 4 lines
01-31 14:02:05.320 17715 17715 D FT.TuiSalesCodeFeature: ROM.isCurrentOmcNwCode
01-31 14:02:05.321 17715 17715 D FT.TuiVoLteFeature: VOLTE_UI_FOR_EVR = false
01-31 14:02:05.321 17715 17715 D FT.TuiVoLteFeature: VOLTE_UI_FOR_TMU = false
01-31 14:02:05.321 17715 17715 D FT.TuiVoLteFeature: VOLTE_UI_FOR_THL = false
01-31 14:02:05.321 17715 17715 D FT.TuiVoLteFeature: VOLTE_UI_FOR_SIN = false
01-31 14:02:05.321 17715 17715 D FT.TuiVoLteFeature: VOLTE_UI_FOR_VODA = false
01-31 14:02:05.321 17715 17715 D FT.TuiVoLteFeature: VOLTE_UI_FOR_INDIA = false
01-31 14:02:05.321 17715 17715 D FT.TuiVoLteFeature: VOLTE_UI_FOR_VZW = false
01-31 14:02:05.321 17715 17715 D FT.TuiVoLteFeature: VOLTE_UI_FOR_VZW_MVNO = false
01-31 14:02:05.321 17715 17715 D FT.TuiVoLteFeature: VOLTE_UI_FOR_TMO = false
01-31 14:02:05.321 17715 17715 D FT.TuiVoLteFeature: VOLTE_UI_FOR_ATT = false
01-31 14:02:05.321 17715 17715 D FT.TuiVoLteFeature: VOLTE_UI_FOR_USA = false
01-31 14:02:05.321 17715 17715 D FT.TuiVoLteFeature: VOLTE_UI_FOR_CANADA = false
01-31 14:02:05.321 17715 17715 D FT.TuiVoLteFeature: VOLTE_UI_FOR_BMC = false
01-31 14:02:05.321 17715 17715 D FT.TuiVoLteFeature: VOLTE_UI_FOR_SPR = false
01-31 14:02:05.321 17715 17715 D FT.TuiVoLteFeature: VOLTE_UI_FOR_DT = false
01-31 14:02:05.321 17715 17715 D FT.TuiVoLteFeature: VOLTE_UI_FOR_CTC = false
01-31 14:02:05.321 17715 17715 D FT.TuiVoLteFeature: VOLTE_UI_FOR_USC = false : IS_IMS_ENABLED = false, KEY_USC_VI_LTE = false
01-31 14:02:05.321 17715 17715 D FT.TuiVoLteFeature: SUPPORT_SINGLE_LTE_MODE = false
01-31 14:02:05.321 17715 17715 D FT.TuiVoLteFeature: SUPPORT_DUAL_VOLTE_MODE = false
01-31 14:02:05.321 17715 17715 D FT.TuiVoLteFeature: CONSTRAINT_TO_DISABLE_ADD_CALL = false
01-31 14:02:05.321 17715 17715 D FT.TuiVoLteFeature: SUPPORT_WIRELESS_PRIORITY_SERVICE_FOR_CALL = false
01-31 14:02:05.321 17715 17715 D FT.TuiVoLteFeature: SUPPORT_WIRELESS_PRIORITY_SERVICE_FOR_PSCALL = false
01-31 14:02:05.321 17715 17715 D FT.TuiVoLteFeature: SUPPORT_WIRELESS_PRIORITY_SERVICE_FOR_3WAYCALL = false
01-31 14:02:05.321 17715 17715 D FT.TuiVoLteFeature: IS_VZW_SOUND_PATH = false
01-31 14:02:05.321 17715 17715 D FT.TuiVoLteFeature: IS_US_SOUND_PATH = false
01-31 14:02:05.321 17715 17715 D FT.TuiVoLteFeature: SUPPORT_NOTIFICIATION_FOR_WFC_CAPA = false
01-31 14:02:05.321 17715 17715 D FT.TuiVoLteFeature: CONSTRAINT_TO_REMOVE_VOLTE_OUTGOING_CALLTYPE_MENU = true
01-31 14:02:05.321 17715 17715 D FT.TuiVoLteFeature: SUPPORT_ADDED_SERVICE_LTE_PREFERRED = false
01-31 14:02:05.321 17715 17715 D FT.TuiVoLteFeature: SUPPORT_VOLTE_CTC = false
01-31 14:02:05.321 17715 17715 D FT.TuiVoLteFeature: SUPPORT_VOLTE_CTC_SPEC_2019 = false
01-31 14:02:05.321 17715 17715 D FT.TuiVoLteFeature: CONSTRAINT_TO_UPDATE_MENU_BY_RAT_CHANGED = false
01-31 14:02:05.321 17715 17715 D FT.TuiVoLteFeature: CONSTRAINT_TO_KEEP_MENU_IN_SPECIFIC_SIM = false
01-31 14:02:05.321 17715 17715 D FT.TuiVoLteFeature: IS_NOT_SUPPORT_TTY_MENU_FOR_ATC = false
01-31 14:02:05.321 17715 17715 D FT.TuiSalesCodeFeature: NONE.isCurrentCountry
01-31 14:02:05.322 17715 17715 D FT.TuiSalesCodeFeature: ROM.isCurrentOmcNwCode
01-31 14:02:05.322 17715 17715 I chatty  : uid=1001(radio) com.samsung.android.app.telephonyui identical 4 lines
01-31 14:02:05.322 17715 17715 D FT.TuiSalesCodeFeature: ROM.isCurrentOmcNwCode
01-31 14:02:05.323 17715 17715 D FT.TuiVoLteFeature: VOLTE_UI_FOR_EVR = false
01-31 14:02:05.323 17715 17715 D FT.TuiVoLteFeature: VOLTE_UI_FOR_TMU = false
01-31 14:02:05.323 17715 17715 D FT.TuiVoLteFeature: VOLTE_UI_FOR_THL = false
01-31 14:02:05.323 17715 17715 D FT.TuiVoLteFeature: VOLTE_UI_FOR_SIN = false
01-31 14:02:05.323 17715 17715 D FT.TuiVoLteFeature: VOLTE_UI_FOR_VODA = false
01-31 14:02:05.323 17715 17715 D FT.TuiVoLteFeature: VOLTE_UI_FOR_INDIA = false
01-31 14:02:05.323 17715 17715 D FT.TuiVoLteFeature: VOLTE_UI_FOR_VZW = false
01-31 14:02:05.323 17715 17715 D FT.TuiVoLteFeature: VOLTE_UI_FOR_VZW_MVNO = false
01-31 14:02:05.323 17715 17715 D FT.TuiVoLteFeature: VOLTE_UI_FOR_TMO = false
01-31 14:02:05.323 17715 17715 D FT.TuiVoLteFeature: VOLTE_UI_FOR_ATT = false
01-31 14:02:05.323 17715 17715 D FT.TuiVoLteFeature: VOLTE_UI_FOR_USA = false
01-31 14:02:05.323 17715 17715 D FT.TuiVoLteFeature: VOLTE_UI_FOR_CANADA = false
01-31 14:02:05.323 17715 17715 D FT.TuiVoLteFeature: VOLTE_UI_FOR_BMC = false
01-31 14:02:05.323 17715 17715 D FT.TuiVoLteFeature: VOLTE_UI_FOR_SPR = false
01-31 14:02:05.323 17715 17715 D FT.TuiVoLteFeature: VOLTE_UI_FOR_DT = false
01-31 14:02:05.323 17715 17715 D FT.TuiVoLteFeature: VOLTE_UI_FOR_CTC = false
01-31 14:02:05.323 17715 17715 D FT.TuiVoLteFeature: VOLTE_UI_FOR_USC = false : IS_IMS_ENABLED = false, KEY_USC_VI_LTE = false
01-31 14:02:05.323 17715 17715 D FT.TuiVoLteFeature: SUPPORT_SINGLE_LTE_MODE = false
01-31 14:02:05.323 17715 17715 D FT.TuiVoLteFeature: SUPPORT_DUAL_VOLTE_MODE = false
01-31 14:02:05.323 17715 17715 D FT.TuiVoLteFeature: CONSTRAINT_TO_DISABLE_ADD_CALL = false
01-31 14:02:05.323 17715 17715 D FT.TuiVoLteFeature: SUPPORT_WIRELESS_PRIORITY_SERVICE_FOR_CALL = false
01-31 14:02:05.323 17715 17715 D FT.TuiVoLteFeature: SUPPORT_WIRELESS_PRIORITY_SERVICE_FOR_PSCALL = false
01-31 14:02:05.323 17715 17715 D FT.TuiVoLteFeature: SUPPORT_WIRELESS_PRIORITY_SERVICE_FOR_3WAYCALL = false
01-31 14:02:05.323 17715 17715 D FT.TuiVoLteFeature: IS_VZW_SOUND_PATH = false
01-31 14:02:05.323 17715 17715 D FT.TuiVoLteFeature: IS_US_SOUND_PATH = false
01-31 14:02:05.323 17715 17715 D FT.TuiVoLteFeature: SUPPORT_NOTIFICIATION_FOR_WFC_CAPA = false
01-31 14:02:05.323 17715 17715 D FT.TuiVoLteFeature: CONSTRAINT_TO_REMOVE_VOLTE_OUTGOING_CALLTYPE_MENU = true
01-31 14:02:05.323 17715 17715 D FT.TuiVoLteFeature: SUPPORT_ADDED_SERVICE_LTE_PREFERRED = false
01-31 14:02:05.323 17715 17715 D FT.TuiVoLteFeature: SUPPORT_VOLTE_CTC = false
01-31 14:02:05.323 17715 17715 D FT.TuiVoLteFeature: SUPPORT_VOLTE_CTC_SPEC_2019 = false
01-31 14:02:05.323 17715 17715 D FT.TuiVoLteFeature: CONSTRAINT_TO_UPDATE_MENU_BY_RAT_CHANGED = false
01-31 14:02:05.323 17715 17715 D FT.TuiVoLteFeature: CONSTRAINT_TO_KEEP_MENU_IN_SPECIFIC_SIM = false
01-31 14:02:05.323 17715 17715 D FT.TuiVoLteFeature: IS_NOT_SUPPORT_TTY_MENU_FOR_ATC = false
01-31 14:02:05.324 17715 17715 D FT.TuiSalesCodeFeature: NONE.isCurrentCountry
01-31 14:02:05.324 17715 17715 D FT.TuiSalesCodeFeature: ROM.isCurrentOmcNwCode
01-31 14:02:05.324 17715 17715 I chatty  : uid=1001(radio) com.samsung.android.app.telephonyui identical 4 lines
01-31 14:02:05.324 17715 17715 D FT.TuiSalesCodeFeature: ROM.isCurrentOmcNwCode
01-31 14:02:05.325 17715 17715 D FT.TuiVoLteFeature: VOLTE_UI_FOR_EVR = false
01-31 14:02:05.325 17715 17715 D FT.TuiVoLteFeature: VOLTE_UI_FOR_TMU = false
01-31 14:02:05.325 17715 17715 D FT.TuiVoLteFeature: VOLTE_UI_FOR_THL = false
01-31 14:02:05.325 17715 17715 D FT.TuiVoLteFeature: VOLTE_UI_FOR_SIN = false
01-31 14:02:05.325 17715 17715 D FT.TuiVoLteFeature: VOLTE_UI_FOR_VODA = false
01-31 14:02:05.325 17715 17715 D FT.TuiVoLteFeature: VOLTE_UI_FOR_INDIA = false
01-31 14:02:05.325 17715 17715 D FT.TuiVoLteFeature: VOLTE_UI_FOR_VZW = false
01-31 14:02:05.325 17715 17715 D FT.TuiVoLteFeature: VOLTE_UI_FOR_VZW_MVNO = false
01-31 14:02:05.325 17715 17715 D FT.TuiVoLteFeature: VOLTE_UI_FOR_TMO = false
01-31 14:02:05.325 17715 17715 D FT.TuiVoLteFeature: VOLTE_UI_FOR_ATT = false
01-31 14:02:05.325 17715 17715 D FT.TuiVoLteFeature: VOLTE_UI_FOR_USA = false
01-31 14:02:05.325 17715 17715 D FT.TuiVoLteFeature: VOLTE_UI_FOR_CANADA = false
01-31 14:02:05.325 17715 17715 D FT.TuiVoLteFeature: VOLTE_UI_FOR_BMC = false
01-31 14:02:05.325 17715 17715 D FT.TuiVoLteFeature: VOLTE_UI_FOR_SPR = false
01-31 14:02:05.325 17715 17715 D FT.TuiVoLteFeature: VOLTE_UI_FOR_DT = false
01-31 14:02:05.325 17715 17715 D FT.TuiVoLteFeature: VOLTE_UI_FOR_CTC = false
01-31 14:02:05.325 17715 17715 D FT.TuiVoLteFeature: VOLTE_UI_FOR_USC = false : IS_IMS_ENABLED = false, KEY_USC_VI_LTE = false
01-31 14:02:05.325 17715 17715 D FT.TuiVoLteFeature: SUPPORT_SINGLE_LTE_MODE = false
01-31 14:02:05.325 17715 17715 D FT.TuiVoLteFeature: SUPPORT_DUAL_VOLTE_MODE = false
01-31 14:02:05.325 17715 17715 D FT.TuiVoLteFeature: CONSTRAINT_TO_DISABLE_ADD_CALL = false
01-31 14:02:05.325 17715 17715 D FT.TuiVoLteFeature: SUPPORT_WIRELESS_PRIORITY_SERVICE_FOR_CALL = false
01-31 14:02:05.325 17715 17715 D FT.TuiVoLteFeature: SUPPORT_WIRELESS_PRIORITY_SERVICE_FOR_PSCALL = false
01-31 14:02:05.325 17715 17715 D FT.TuiVoLteFeature: SUPPORT_WIRELESS_PRIORITY_SERVICE_FOR_3WAYCALL = false
01-31 14:02:05.325 17715 17715 D FT.TuiVoLteFeature: IS_VZW_SOUND_PATH = false
01-31 14:02:05.325 17715 17715 D FT.TuiVoLteFeature: IS_US_SOUND_PATH = false
01-31 14:02:05.325 17715 17715 D FT.TuiVoLteFeature: SUPPORT_NOTIFICIATION_FOR_WFC_CAPA = false
01-31 14:02:05.325 17715 17715 D FT.TuiVoLteFeature: CONSTRAINT_TO_REMOVE_VOLTE_OUTGOING_CALLTYPE_MENU = true
01-31 14:02:05.325 17715 17715 D FT.TuiVoLteFeature: SUPPORT_ADDED_SERVICE_LTE_PREFERRED = false
01-31 14:02:05.325 17715 17715 D FT.TuiVoLteFeature: SUPPORT_VOLTE_CTC = false
01-31 14:02:05.325 17715 17715 D FT.TuiVoLteFeature: SUPPORT_VOLTE_CTC_SPEC_2019 = false
01-31 14:02:05.325 17715 17715 D FT.TuiVoLteFeature: CONSTRAINT_TO_UPDATE_MENU_BY_RAT_CHANGED = false
01-31 14:02:05.325 17715 17715 D FT.TuiVoLteFeature: CONSTRAINT_TO_KEEP_MENU_IN_SPECIFIC_SIM = false
01-31 14:02:05.325 17715 17715 D FT.TuiVoLteFeature: IS_NOT_SUPPORT_TTY_MENU_FOR_ATC = false
01-31 14:02:05.327 17715 17715 V FT.PhoneUtilsMultiSim: getMultiSimIccType phoneId 0 icctype 0 
01-31 14:02:05.327 17715 17715 V FT.PhoneUtilsMultiSim: isSimCardInserted[slot0] false
01-31 14:02:05.327 17715 17715 V FT.PhoneUtilsMultiSim: getMultiSimIccType phoneId 1 icctype 0 
01-31 14:02:05.327 17715 17715 V FT.PhoneUtilsMultiSim: isSimCardInserted[slot1] false
01-31 14:02:05.327 17715 17715 D CU.NetworkUiReceiver: SimState is not Loaded. defaultDataPhoneId : 0
01-31 14:02:05.328 17715 17715 D FT.TuiSalesCodeFeature: UNKNOWN.isCurrentOperator
01-31 14:02:05.328 17715 17715 I chatty  : uid=1001(radio) com.samsung.android.app.telephonyui identical 1 line
01-31 14:02:05.328 17715 17715 D FT.TuiSalesCodeFeature: UNKNOWN.isCurrentOperator
01-31 14:02:05.328 17715 17715 D FT.TuiSalesCodeFeature: NONE.isCurrentCountry
01-31 14:02:05.328 17715 17715 D FT.TuiSalesCodeFeature: NONE.isCurrentCountry
01-31 14:02:05.329 17715 17715 D FT.TuiUtilFeature: tdsCdmaEnabled : false, isTdsCdmaModem : false, isTdsCdmaFeaureEnabled : false
01-31 14:02:05.329 17715 17715 D FT.TuiUtilFeature: tdsCdmaEnabled : false, isTdsCdmaModem : false, isTdsCdmaFeaureEnabled : false
01-31 14:02:05.329 17715 17715 D FT.TuiUtilFeature: isAirplaneModeOn = false
01-31 14:02:05.330 17715 17715 D VVM.VisualVoicemailSettingsUtil: << getIccSerialNumber(true, null, null)
01-31 14:02:05.330 17715 17715 D VVM.VisualVoicemailSettingsUtil: << getIccSerialNumber(true, null, null)
01-31 14:02:05.330 17715 17715 D VVM.VvmConfigProvider: << getIccSerialNumber(true, null, null)
01-31 14:02:05.330 17715 17715 D VVM.VvmConfigProvider: Diff. info E / null
01-31 14:02:05.330 17715 17715 D VVM.VisualVoicemailSettingsUtil: << getIccSerialNumber(true, null, null)
01-31 14:02:05.330 17715 17715 D VVM.VisualVoicemailSettingsUtil: << getIccSerialNumber(true, null, null)
01-31 14:02:06.255  3811  5186 D WifiPermissionsUtil: canAccessScanResults: pkgName = com.sec.android.sdhms, uid = 1000
01-31 14:02:06.606  3811  4045 I WifiVendorHal: getWifiLinkLayerStats(l.2973) before calling iface.getLinkLayerStats
01-31 14:02:06.607  3316  3316 I android.hardware.wifi@1.0-service: enter getLinkLayerStats
01-31 14:02:06.607  3316  3316 I android.hardware.wifi@1.0-service: enter getLinkLayerStatsInternal
01-31 14:02:06.652  3316  3316 I android.hardware.wifi@1.0-service: Successfully getLinkLayerStats.
01-31 14:02:06.653  3811  4045 I WifiVendorHal: getWifiLinkLayerStats(l.2973) after calling iface.getLinkLayerStats
01-31 14:02:06.679  3811  4045 I WifiStateMachine: checkScoreBasedQuality -  mPreviousScore[0]:99 mPreviousScore[1]:99 mPreviousScore[2]:98 s2Score:99mPrevoiusScoreAverage:98
01-31 14:02:06.878  3334  3334 I SurfaceFlinger: SFWD update time=1355329326145
01-31 14:02:07.431  3330  9185 V APM_AudioPolicyManager: getAudioPolicyConfig: audioParam;outDevice
01-31 14:02:07.431  3330  9185 V APM_AudioPolicyManager: getNewOutputDevice() selected device 0
01-31 14:02:07.431  3330  9185 V APM_AudioPolicyManager: ### curdevice : 2
01-31 14:02:08.386  5113  5484 D SDHMS:s : SIOP:: AP:439(559,110) BAT:344(344,0) CHG:482(482,0) USB:324(324,0) PA:364(421,50) LRP:0(0,-999) ATC:0(0,-999) 
01-31 14:02:08.600  4943  4943 D io_stats: !@   8,0 r 39808 2504696 w 23447 336468 d 1866 86664 f 3260 9971 iot 24440 20584 th 307200 0 0 pt 0 inp 0 0 1357.049
01-31 14:02:09.682  3811  4045 I WifiVendorHal: getWifiLinkLayerStats(l.2973) before calling iface.getLinkLayerStats
01-31 14:02:09.683  3316  3316 I android.hardware.wifi@1.0-service: enter getLinkLayerStats
01-31 14:02:09.683  3316  3316 I android.hardware.wifi@1.0-service: enter getLinkLayerStatsInternal
01-31 14:02:09.726  3316  3316 I android.hardware.wifi@1.0-service: Successfully getLinkLayerStats.
01-31 14:02:09.726  3811  4045 I WifiVendorHal: getWifiLinkLayerStats(l.2973) after calling iface.getLinkLayerStats
01-31 14:02:09.755  3811  4045 I WifiStateMachine: checkScoreBasedQuality -  mPreviousScore[0]:99 mPreviousScore[1]:98 mPreviousScore[2]:99 s2Score:98mPrevoiusScoreAverage:98
01-31 14:02:09.845  4171  4351 D NetworkController.MobileSignalController(0/-2): onSignalStrengthsChanged signalStrength=SignalStrength: 30 99 -30 -200 -30 -200 -1 99 2147483647 2147483647 2147483647 2147483647 0 2147483647 30 68 -52 0x4 P gsm|lte use_rsrp_and_rssnr_for_lte_level  [-128, -118, -108, -98] [-115, -105, -95, -85] level=4
01-31 14:02:09.845  4171  4351 D NetworkController.MobileSignalController(0/-2): getMobileIconGroup(): 0
01-31 14:02:11.672  3811  7413 D GameManagerService: identifyGamePackage. com.opportunistask.scheduling.benchmarking_app_to_test_big_cores, mCurrentUserId: 0, callerUserId: 0
01-31 14:02:11.672  3811  7413 D GamePkgDataHelper: getGamePkgData(). com.opportunistask.scheduling.benchmarking_app_to_test_big_cores
01-31 14:02:12.485  3811  7413 D GameManagerService: identifyGamePackage. com.opportunistask.scheduling.benchmarking_app_to_test_big_cores, mCurrentUserId: 0, callerUserId: 0
01-31 14:02:12.485  3811  7413 D GamePkgDataHelper: getGamePkgData(). com.opportunistask.scheduling.benchmarking_app_to_test_big_cores
01-31 14:02:12.686  3811  4044 D WifiTrafficPoller: TrafficStats TxPkts=1352 RxPkts=1245 TxBytes=294274 RxBytes=619239 , Foreground uid=10233 pkgName=com.opportunistask.scheduling.benchmarking_app_to_test_big_cores TxPackets=0 RxPackets=0 TxBytes=0 RxBytes=0
01-31 14:02:12.687  4171  4171 D SecStatusBarWifiView: updateState: WifiIconState(resId=2131232632, visible=true, activityId=2131232638)
01-31 14:02:12.759  3811  4045 I WifiVendorHal: getWifiLinkLayerStats(l.2973) before calling iface.getLinkLayerStats
01-31 14:02:12.760  3316  3316 I android.hardware.wifi@1.0-service: enter getLinkLayerStats
01-31 14:02:12.760  3316  3316 I android.hardware.wifi@1.0-service: enter getLinkLayerStatsInternal
01-31 14:02:12.780  3316  3316 I android.hardware.wifi@1.0-service: Successfully getLinkLayerStats.
01-31 14:02:12.781  3811  4045 I WifiVendorHal: getWifiLinkLayerStats(l.2973) after calling iface.getLinkLayerStats
01-31 14:02:12.808  3811  4045 I WifiStateMachine: checkScoreBasedQuality -  mPreviousScore[0]:98 mPreviousScore[1]:99 mPreviousScore[2]:98 s2Score:99mPrevoiusScoreAverage:98
01-31 14:02:13.691  4171  4171 D SecStatusBarWifiView: updateState: WifiIconState(resId=2131232632, visible=true, activityId=2131232657)
01-31 14:02:14.264  3811  4236 E Watchdog: !@Sync 45 [2022-01-31 14:02:14.264] FD count : 518
01-31 14:02:15.810  3811  4045 I WifiVendorHal: getWifiLinkLayerStats(l.2973) before calling iface.getLinkLayerStats
01-31 14:02:15.811  3316  3316 I android.hardware.wifi@1.0-service: enter getLinkLayerStats
01-31 14:02:15.811  3316  3316 I android.hardware.wifi@1.0-service: enter getLinkLayerStatsInternal
01-31 14:02:15.859  3316  3316 I android.hardware.wifi@1.0-service: Successfully getLinkLayerStats.
01-31 14:02:15.859  3811  4045 I WifiVendorHal: getWifiLinkLayerStats(l.2973) after calling iface.getLinkLayerStats
01-31 14:02:15.876  3811  4045 I WifiStateMachine: checkScoreBasedQuality -  mPreviousScore[0]:99 mPreviousScore[1]:98 mPreviousScore[2]:99 s2Score:98mPrevoiusScoreAverage:98
01-31 14:02:16.308  3811  5186 D WifiPermissionsUtil: canAccessScanResults: pkgName = com.sec.android.sdhms, uid = 1000
01-31 14:02:16.864  3811  3883 I PowerManagerService: [PWL] On : 56860 (1308455 ms ago)
01-31 14:02:16.864  3811  3883 I PowerManagerService: [PWL]  mStayOn: false  mWakeLockSummary & WAKE_LOCK_STAY_AWAKE: 20  mUserActivitySummary: 0x4
01-31 14:02:16.864  3811  3883 I PowerManagerService: [PWL]  SCREEN_BRIGHT_WAKE_LOCK        'WindowManager' ON_AFTER_RELEASE ACQ=-3m27s816ms (uid=1000 pid=3811 ws=WorkSource{10233})
01-31 14:02:17.467  3330  9185 V APM_AudioPolicyManager: getAudioPolicyConfig: audioParam;outDevice
01-31 14:02:17.467  3330  9185 V APM_AudioPolicyManager: getNewOutputDevice() selected device 0
01-31 14:02:17.467  3330  9185 V APM_AudioPolicyManager: ### curdevice : 2
01-31 14:02:18.210 17354 17513 V Benchmark_thread: The benchmarking thread 0 reached 270000 workload
01-31 14:02:18.460  5113  5484 D SDHMS:s : SIOP:: AP:440(560,110) BAT:344(344,0) CHG:483(483,0) USB:326(326,0) PA:366(423,50) LRP:0(0,-999) ATC:0(0,-999) 
01-31 14:02:18.460  5113  5484 D aa      : broadcastCheckSiopLvIntent:: curLevel = 4
01-31 14:02:18.464  3811  3811 D WifiP2pService: GopsReceiver : received : com.samsung.intent.action.CHECK_SIOP_LEVEL
01-31 14:02:18.464  3811  3811 I WifiP2pService: siop_level = 4
01-31 14:02:18.466  3811  3811 D WifiP2pService: GopsReceiver : received : com.samsung.intent.action.CHECK_SIOP_LEVEL time : 2ms
01-31 14:02:18.470  6926  6994 I SystemBroadcastReceiver: [#CMH#] Received broadcast 
01-31 14:02:18.470  6926  6994 I PolicyManager: [#CMH#] onReceive action = EVENT_SIOP
01-31 14:02:18.470  6926  6994 I PolicyManager: [#CMH#] SIOP level is high = 4
01-31 14:02:18.471  6926  6994 I SystemBroadcastReceiver: [#CMH#] onReceive completed 
01-31 14:02:18.879  3811  4045 I WifiVendorHal: getWifiLinkLayerStats(l.2973) before calling iface.getLinkLayerStats
01-31 14:02:18.880  3316  3316 I android.hardware.wifi@1.0-service: enter getLinkLayerStats
01-31 14:02:18.880  3316  3316 I android.hardware.wifi@1.0-service: enter getLinkLayerStatsInternal
01-31 14:02:18.929  3316  3316 I android.hardware.wifi@1.0-service: Successfully getLinkLayerStats.
01-31 14:02:18.930  3811  4045 I WifiVendorHal: getWifiLinkLayerStats(l.2973) after calling iface.getLinkLayerStats
01-31 14:02:18.962  3811  4045 I WifiStateMachine: checkScoreBasedQuality -  mPreviousScore[0]:98 mPreviousScore[1]:99 mPreviousScore[2]:98 s2Score:99mPrevoiusScoreAverage:98
01-31 14:02:21.966  3811  4045 I WifiVendorHal: getWifiLinkLayerStats(l.2973) before calling iface.getLinkLayerStats
01-31 14:02:21.967  3316  3316 I android.hardware.wifi@1.0-service: enter getLinkLayerStats
01-31 14:02:21.967  3316  3316 I android.hardware.wifi@1.0-service: enter getLinkLayerStatsInternal
01-31 14:02:22.013  3316  3316 I android.hardware.wifi@1.0-service: Successfully getLinkLayerStats.
01-31 14:02:22.014  3811  4045 I WifiVendorHal: getWifiLinkLayerStats(l.2973) after calling iface.getLinkLayerStats
01-31 14:02:22.045  3811  4045 I WifiStateMachine: checkScoreBasedQuality -  mPreviousScore[0]:99 mPreviousScore[1]:98 mPreviousScore[2]:99 s2Score:98mPrevoiusScoreAverage:98
01-31 14:02:23.721  3811  4044 D WifiTrafficPoller: TrafficStats TxPkts=1352 RxPkts=1246 TxBytes=294274 RxBytes=619344 , Foreground uid=10233 pkgName=com.opportunistask.scheduling.benchmarking_app_to_test_big_cores TxPackets=0 RxPackets=0 TxBytes=0 RxBytes=0
01-31 14:02:23.723  4171  4171 D SecStatusBarWifiView: updateState: WifiIconState(resId=2131232632, visible=true, activityId=2131232637)
01-31 14:02:24.726  4171  4171 D SecStatusBarWifiView: updateState: WifiIconState(resId=2131232632, visible=true, activityId=2131232657)
01-31 14:02:25.049  3811  4045 I WifiVendorHal: getWifiLinkLayerStats(l.2973) before calling iface.getLinkLayerStats
01-31 14:02:25.050  3316  3316 I android.hardware.wifi@1.0-service: enter getLinkLayerStats
01-31 14:02:25.050  3316  3316 I android.hardware.wifi@1.0-service: enter getLinkLayerStatsInternal
01-31 14:02:25.087  3316  3316 I android.hardware.wifi@1.0-service: Successfully getLinkLayerStats.
01-31 14:02:25.088  3811  4045 I WifiVendorHal: getWifiLinkLayerStats(l.2973) after calling iface.getLinkLayerStats
01-31 14:02:25.114  3811  4045 I WifiStateMachine: checkScoreBasedQuality -  mPreviousScore[0]:98 mPreviousScore[1]:99 mPreviousScore[2]:98 s2Score:98mPrevoiusScoreAverage:98
01-31 14:02:25.801 17354 17365 I _test_big_core: Background concurrent copying GC freed 138(80KB) AllocSpace objects, 36(6MB) LOS objects, 53% free, 5MB/11MB, paused 279us total 107.207ms
01-31 14:02:26.361  3811  5186 D WifiPermissionsUtil: canAccessScanResults: pkgName = com.sec.android.sdhms, uid = 1000
01-31 14:02:27.334  3811  5186 E BartenderActivityManager: BarTender: pid : 17444 cached=true abnormal=false kill=false stay=false release=false
01-31 14:02:27.338  3811  5186 I ActivityManager: Killing 17125:com.samsung.android.mdecservice/1000 (adj 906): empty #25
01-31 14:02:27.340  3811  3865 W libprocessgroup: kill(-17125, 9) failed: No such process
01-31 14:02:27.396  3811  3865 I chatty  : uid=1000(system) ActivityManager identical 9 lines
01-31 14:02:27.401  3811  3865 W libprocessgroup: kill(-17125, 9) failed: No such process
01-31 14:02:27.404  3294  3294 I Zygote  : Process 17125 exited due to signal (9)
01-31 14:02:27.405  4418  9844 D ForegroundUtils: could not check pending caller
01-31 14:02:27.407  3811  3865 W libprocessgroup: kill(-17125, 9) failed: No such process
01-31 14:02:27.407  3811  3865 I libprocessgroup: Successfully killed process cgroup uid 1000 pid 17125 in 67ms
01-31 14:02:27.522  3330  9185 V APM_AudioPolicyManager: getAudioPolicyConfig: audioParam;outDevice
01-31 14:02:27.522  3330  9185 V APM_AudioPolicyManager: getNewOutputDevice() selected device 0
01-31 14:02:27.522  3330  9185 V APM_AudioPolicyManager: ### curdevice : 2
01-31 14:02:28.118  3811  4045 I WifiVendorHal: getWifiLinkLayerStats(l.2973) before calling iface.getLinkLayerStats
01-31 14:02:28.119  3316  3316 I android.hardware.wifi@1.0-service: enter getLinkLayerStats
01-31 14:02:28.119  3316  3316 I android.hardware.wifi@1.0-service: enter getLinkLayerStatsInternal
01-31 14:02:28.159  3316  3316 I android.hardware.wifi@1.0-service: Successfully getLinkLayerStats.
01-31 14:02:28.160  3811  4045 I WifiVendorHal: getWifiLinkLayerStats(l.2973) after calling iface.getLinkLayerStats
01-31 14:02:28.175  3811  4045 I WifiStateMachine: checkScoreBasedQuality -  mPreviousScore[0]:99 mPreviousScore[1]:98 mPreviousScore[2]:98 s2Score:98mPrevoiusScoreAverage:98
01-31 14:02:28.540  5113  5484 D SDHMS:s : SIOP:: AP:441(561,110) BAT:350(350,0) CHG:484(484,0) USB:327(327,0) PA:368(426,50) LRP:0(0,-999) ATC:0(0,-999) 
01-31 14:02:28.615  4943  4943 D io_stats: !@   8,0 r 39808 2504696 w 23450 336496 d 1867 86668 f 3260 9973 iot 24444 20585 th 307200 0 0 pt 0 inp 0 0 1377.064
01-31 14:02:30.087  3811  5186 D ConnectivityService: filterNetworkStateForUid() uid: 10038, pid: 4611
01-31 14:02:30.087  3811  5186 D ConnectivityService: isNetworkWithLinkPropertiesBlocked: uid=10038, vpn=DISCONNECTED,false
01-31 14:02:30.088  3811  5186 D ConnectivityService: filterNetworkStateForUid() uid: 10038, pid: 4611, networkInfo: [type: WIFI[], state: CONNECTED/CONNECTED, reason: (unspecified), extra: (none), failover: false, available: true, roaming: false]
01-31 14:02:31.178  3811  4045 I WifiVendorHal: getWifiLinkLayerStats(l.2973) before calling iface.getLinkLayerStats
01-31 14:02:31.179  3316  3316 I android.hardware.wifi@1.0-service: enter getLinkLayerStats
01-31 14:02:31.179  3316  3316 I android.hardware.wifi@1.0-service: enter getLinkLayerStatsInternal
01-31 14:02:31.228  3316  3316 I android.hardware.wifi@1.0-service: Successfully getLinkLayerStats.
01-31 14:02:31.229  3811  4045 I WifiVendorHal: getWifiLinkLayerStats(l.2973) after calling iface.getLinkLayerStats
01-31 14:02:31.242  3811  4045 I WifiStateMachine: checkScoreBasedQuality -  mPreviousScore[0]:98 mPreviousScore[1]:98 mPreviousScore[2]:98 s2Score:98mPrevoiusScoreAverage:98
01-31 14:02:32.751  3811  4044 D WifiTrafficPoller: TrafficStats TxPkts=1354 RxPkts=1247 TxBytes=294516 RxBytes=619465 , Foreground uid=10233 pkgName=com.opportunistask.scheduling.benchmarking_app_to_test_big_cores TxPackets=0 RxPackets=0 TxBytes=0 RxBytes=0
01-31 14:02:32.752  4171  4171 D SecStatusBarWifiView: updateState: WifiIconState(resId=2131232632, visible=true, activityId=2131232638)
01-31 14:02:33.169 17354 17513 V Benchmark_thread: The benchmarking thread 0 reached 280000 workload
01-31 14:02:33.619  4943  4943 D io_stats: !@   8,0 r 39808 2504696 w 23454 336520 d 1867 86668 f 3260 9973 iot 24444 20586 th 307200 0 0 pt 0 inp 0 0 1382.068
01-31 14:02:33.756  4171  4171 D SecStatusBarWifiView: updateState: WifiIconState(resId=2131232632, visible=true, activityId=2131232657)
01-31 14:02:34.246  3811  4045 I WifiVendorHal: getWifiLinkLayerStats(l.2973) before calling iface.getLinkLayerStats
01-31 14:02:34.247  3316  3316 I android.hardware.wifi@1.0-service: enter getLinkLayerStats
01-31 14:02:34.247  3316  3316 I android.hardware.wifi@1.0-service: enter getLinkLayerStatsInternal
01-31 14:02:34.296  3316  3316 I android.hardware.wifi@1.0-service: Successfully getLinkLayerStats.
01-31 14:02:34.297  3811  4045 I WifiVendorHal: getWifiLinkLayerStats(l.2973) after calling iface.getLinkLayerStats
01-31 14:02:34.331  3811  4045 I WifiStateMachine: checkScoreBasedQuality -  mPreviousScore[0]:98 mPreviousScore[1]:98 mPreviousScore[2]:98 s2Score:98mPrevoiusScoreAverage:98
01-31 14:02:34.929  3811  5186 E BartenderActivityManager: BarTender: pid : 10114 cached=true abnormal=false kill=false stay=false release=false
01-31 14:02:36.413  3811  5186 D WifiPermissionsUtil: canAccessScanResults: pkgName = com.sec.android.sdhms, uid = 1000
01-31 14:02:36.879  3334  3334 I SurfaceFlinger: SFWD update time=1385329545586
01-31 14:02:37.335  3811  4045 I WifiVendorHal: getWifiLinkLayerStats(l.2973) before calling iface.getLinkLayerStats
01-31 14:02:37.336  3316  3316 I android.hardware.wifi@1.0-service: enter getLinkLayerStats
01-31 14:02:37.336  3316  3316 I android.hardware.wifi@1.0-service: enter getLinkLayerStatsInternal
01-31 14:02:37.375  3316  3316 I android.hardware.wifi@1.0-service: Successfully getLinkLayerStats.
01-31 14:02:37.376  3811  4045 I WifiVendorHal: getWifiLinkLayerStats(l.2973) after calling iface.getLinkLayerStats
01-31 14:02:37.415  3811  4045 I WifiStateMachine: checkScoreBasedQuality -  mPreviousScore[0]:98 mPreviousScore[1]:98 mPreviousScore[2]:98 s2Score:99mPrevoiusScoreAverage:98
01-31 14:02:37.577  3330  3560 V APM_AudioPolicyManager: getAudioPolicyConfig: audioParam;outDevice
01-31 14:02:37.577  3330  3560 V APM_AudioPolicyManager: getNewOutputDevice() selected device 0
01-31 14:02:37.577  3330  3560 V APM_AudioPolicyManager: ### curdevice : 2
01-31 14:02:37.779  3811  4044 D WifiTrafficPoller: TrafficStats TxPkts=1355 RxPkts=1249 TxBytes=294568 RxBytes=619569 , Foreground uid=10233 pkgName=com.opportunistask.scheduling.benchmarking_app_to_test_big_cores TxPackets=0 RxPackets=0 TxBytes=0 RxBytes=0
01-31 14:02:37.782  4171  4171 D SecStatusBarWifiView: updateState: WifiIconState(resId=2131232632, visible=true, activityId=2131232638)
01-31 14:02:38.614  5113  5484 D SDHMS:s : SIOP:: AP:443(562,110) BAT:350(350,0) CHG:485(485,0) USB:329(329,0) PA:370(427,50) LRP:0(0,-999) ATC:0(0,-999) 
01-31 14:02:38.623  4943  4943 D io_stats: !@   8,0 r 39808 2504696 w 23456 336536 d 1867 86668 f 3260 9975 iot 24444 20587 th 307200 0 0 pt 0 inp 0 0 1387.073
01-31 14:02:38.784  4171  4171 D SecStatusBarWifiView: updateState: WifiIconState(resId=2131232632, visible=true, activityId=2131232657)
01-31 14:02:39.788  4171  4171 D SecStatusBarWifiView: updateState: WifiIconState(resId=2131232632, visible=true, activityId=2131232638)
01-31 14:02:40.419  3811  4045 I WifiVendorHal: getWifiLinkLayerStats(l.2973) before calling iface.getLinkLayerStats
01-31 14:02:40.419  3316  3316 I android.hardware.wifi@1.0-service: enter getLinkLayerStats
01-31 14:02:40.420  3316  3316 I android.hardware.wifi@1.0-service: enter getLinkLayerStatsInternal
01-31 14:02:40.464  3316  3316 I android.hardware.wifi@1.0-service: Successfully getLinkLayerStats.
01-31 14:02:40.465  3811  4045 I WifiVendorHal: getWifiLinkLayerStats(l.2973) after calling iface.getLinkLayerStats
01-31 14:02:40.508  3811  4045 I WifiStateMachine: checkScoreBasedQuality -  mPreviousScore[0]:98 mPreviousScore[1]:98 mPreviousScore[2]:99 s2Score:98mPrevoiusScoreAverage:98
01-31 14:02:40.792  4171  4171 D SecStatusBarWifiView: updateState: WifiIconState(resId=2131232632, visible=true, activityId=2131232657)
01-31 14:02:40.998  3372  3515 E storaged: getDiskStats failed with result NOT_SUPPORTED and size 0
01-31 14:02:43.513  3811  4045 I WifiVendorHal: getWifiLinkLayerStats(l.2973) before calling iface.getLinkLayerStats
01-31 14:02:43.514  3316  3316 I android.hardware.wifi@1.0-service: enter getLinkLayerStats
01-31 14:02:43.514  3316  3316 I android.hardware.wifi@1.0-service: enter getLinkLayerStatsInternal
01-31 14:02:43.520  3316  3316 I android.hardware.wifi@1.0-service: Successfully getLinkLayerStats.
01-31 14:02:43.521  3811  4045 I WifiVendorHal: getWifiLinkLayerStats(l.2973) after calling iface.getLinkLayerStats
01-31 14:02:43.531  3811  4045 I WifiStateMachine: checkScoreBasedQuality -  mPreviousScore[0]:98 mPreviousScore[1]:99 mPreviousScore[2]:98 s2Score:99mPrevoiusScoreAverage:98
01-31 14:02:43.628  4943  4943 D io_stats: !@   8,0 r 39808 2504696 w 23458 336544 d 1867 86668 f 3260 9975 iot 24444 20588 th 307200 0 0 pt 0 inp 0 0 1392.077
01-31 14:02:43.802  3811  4044 D WifiTrafficPoller: TrafficStats TxPkts=1356 RxPkts=1251 TxBytes=294620 RxBytes=619799 , Foreground uid=10233 pkgName=com.opportunistask.scheduling.benchmarking_app_to_test_big_cores TxPackets=0 RxPackets=0 TxBytes=0 RxBytes=0
01-31 14:02:43.804  4171  4171 D SecStatusBarWifiView: updateState: WifiIconState(resId=2131232632, visible=true, activityId=2131232637)
01-31 14:02:44.270  3811  4236 E Watchdog: !@Sync 46 [2022-01-31 14:02:44.270] FD count : 518
01-31 14:02:44.468  3811  4066 W DeviceStorageMonitorService: updateBroadcasts(/data) oldLevel:0, newLevel:0, seq:1
01-31 14:02:44.468  3811  4066 W DeviceStorageMonitorService: updateBroadcasts_filenode(/data) fn_oldLevel:0, fn_newLevel:0, seq:1
01-31 14:02:44.807  4171  4171 D SecStatusBarWifiView: updateState: WifiIconState(resId=2131232632, visible=true, activityId=2131232638)
01-31 14:02:45.811  4171  4171 D SecStatusBarWifiView: updateState: WifiIconState(resId=2131232632, visible=true, activityId=2131232657)
01-31 14:02:46.465  3811  5186 D WifiPermissionsUtil: canAccessScanResults: pkgName = com.sec.android.sdhms, uid = 1000
01-31 14:02:46.536  3811  4045 I WifiVendorHal: getWifiLinkLayerStats(l.2973) before calling iface.getLinkLayerStats
01-31 14:02:46.537  3316  3316 I android.hardware.wifi@1.0-service: enter getLinkLayerStats
01-31 14:02:46.537  3316  3316 I android.hardware.wifi@1.0-service: enter getLinkLayerStatsInternal
01-31 14:02:46.586  3316  3316 I android.hardware.wifi@1.0-service: Successfully getLinkLayerStats.
01-31 14:02:46.587  3811  4045 I WifiVendorHal: getWifiLinkLayerStats(l.2973) after calling iface.getLinkLayerStats
01-31 14:02:46.602  3811  4045 I WifiStateMachine: checkScoreBasedQuality -  mPreviousScore[0]:99 mPreviousScore[1]:98 mPreviousScore[2]:99 s2Score:100mPrevoiusScoreAverage:98
01-31 14:02:47.622  3330  3560 V APM_AudioPolicyManager: getAudioPolicyConfig: audioParam;outDevice
01-31 14:02:47.623  3330  3560 V APM_AudioPolicyManager: getNewOutputDevice() selected device 0
01-31 14:02:47.623  3330  3560 V APM_AudioPolicyManager: ### curdevice : 2
01-31 14:02:48.656 17354 17513 V Benchmark_thread: The benchmarking thread 0 reached 290000 workload
01-31 14:02:48.688  5113  5484 D SDHMS:s : SIOP:: AP:444(563,110) BAT:350(350,0) CHG:486(486,0) USB:330(330,0) PA:372(427,50) LRP:0(0,-999) ATC:0(0,-999) 
01-31 14:02:49.606  3811  4045 I WifiVendorHal: getWifiLinkLayerStats(l.2973) before calling iface.getLinkLayerStats
01-31 14:02:49.606  3316  3316 I android.hardware.wifi@1.0-service: enter getLinkLayerStats
01-31 14:02:49.606  3316  3316 I android.hardware.wifi@1.0-service: enter getLinkLayerStatsInternal
01-31 14:02:49.648  3316  3316 I android.hardware.wifi@1.0-service: Successfully getLinkLayerStats.
01-31 14:02:49.648  3811  4045 I WifiVendorHal: getWifiLinkLayerStats(l.2973) after calling iface.getLinkLayerStats
01-31 14:02:49.659  3811  4045 I WifiStateMachine: checkScoreBasedQuality -  mPreviousScore[0]:98 mPreviousScore[1]:99 mPreviousScore[2]:100 s2Score:100mPrevoiusScoreAverage:99
01-31 14:02:52.663  3811  4045 I WifiVendorHal: getWifiLinkLayerStats(l.2973) before calling iface.getLinkLayerStats
01-31 14:02:52.664  3316  3316 I android.hardware.wifi@1.0-service: enter getLinkLayerStats
01-31 14:02:52.664  3316  3316 I android.hardware.wifi@1.0-service: enter getLinkLayerStatsInternal
01-31 14:02:52.684  3316  3316 I android.hardware.wifi@1.0-service: Successfully getLinkLayerStats.
01-31 14:02:52.684  3811  4045 I WifiVendorHal: getWifiLinkLayerStats(l.2973) after calling iface.getLinkLayerStats
01-31 14:02:52.726  3811  4045 I WifiStateMachine: checkScoreBasedQuality -  mPreviousScore[0]:99 mPreviousScore[1]:100 mPreviousScore[2]:100 s2Score:101mPrevoiusScoreAverage:99
01-31 14:02:52.838  3811  4044 D WifiTrafficPoller: TrafficStats TxPkts=1360 RxPkts=1255 TxBytes=294966 RxBytes=620132 , Foreground uid=10233 pkgName=com.opportunistask.scheduling.benchmarking_app_to_test_big_cores TxPackets=0 RxPackets=0 TxBytes=0 RxBytes=0
01-31 14:02:52.840  4171  4171 D SecStatusBarWifiView: updateState: WifiIconState(resId=2131232632, visible=true, activityId=2131232638)
01-31 14:02:53.636  4943  4943 D io_stats: !@   8,0 r 39808 2504696 w 23461 336572 d 1868 86672 f 3260 9977 iot 24444 20589 th 307200 0 0 pt 0 inp 0 0 1402.085
01-31 14:02:53.674  5696  5949 D ContactsProvider_EventLog: contents_sample_state: [CONTACT contacts(0) data(0) accounts({}) accounts deleted({}) calls([]) countryIso(FR) userId(0)  ]
01-31 14:02:53.674  5696  5949 D ContactsProvider_EventLog: contents_sample_state: [ agr({})  ]
01-31 14:02:53.674  5696  5949 D ContactsProvider_EventLog: contents_sample_state: [ actCnt({android.process.acore(5696)=1})  ]
01-31 14:02:53.674  5696  5949 D ContactsProvider_EventLog: contents_sample_state: [PROFILE contacts(0) data(0) accounts({})  ] [SAPROFILE contacts(0) data(0) accounts({})  ]
01-31 14:02:53.674  5696  5949 D ContactsProvider_EventLog: contents_sample_state: [STORAGE Contacts(CE) Profile(CE) SAProfile(CE) CallLog(CE)  ]
01-31 14:02:53.844  4171  4171 D SecStatusBarWifiView: updateState: WifiIconState(resId=2131232632, visible=true, activityId=2131232657)
01-31 14:02:55.731  3811  4045 I WifiVendorHal: getWifiLinkLayerStats(l.2973) before calling iface.getLinkLayerStats
01-31 14:02:55.731  3316  3316 I android.hardware.wifi@1.0-service: enter getLinkLayerStats
01-31 14:02:55.731  3316  3316 I android.hardware.wifi@1.0-service: enter getLinkLayerStatsInternal
01-31 14:02:55.780  3316  3316 I android.hardware.wifi@1.0-service: Successfully getLinkLayerStats.
01-31 14:02:55.781  3811  4045 I WifiVendorHal: getWifiLinkLayerStats(l.2973) after calling iface.getLinkLayerStats
01-31 14:02:55.823  3811  4045 I WifiStateMachine: checkScoreBasedQuality -  mPreviousScore[0]:100 mPreviousScore[1]:100 mPreviousScore[2]:101 s2Score:101mPrevoiusScoreAverage:100
01-31 14:02:56.518  3811  5186 D WifiPermissionsUtil: canAccessScanResults: pkgName = com.sec.android.sdhms, uid = 1000
01-31 14:02:57.505  3811  4072 D BatteryService: Sending ACTION_BATTERY_CHANGED. scale:100, info:{.chargerAcOnline = false, .chargerUsbOnline = false, .chargerWirelessOnline = false, .maxChargingCurrent = 0, .maxChargingVoltage = 0, .batteryStatus = DISCHARGING, .batteryHealth = GOOD, .batteryPresent = true, .batteryLevel = 78, .batteryVoltage = 3895, .batteryTemperature = 356, .batteryCurrent = -1, .batteryCycleCount = 0, .batteryFullCharge = 3000000, .batteryChargeCounter = 2352831, .batteryTechnology = Li-ion}
01-31 14:02:57.506  3811  4072 D BatteryService: online:1, current avg:-1409, charge type:0, POGO powered:false, power sharing:false, high voltage charger:false, charger_type:0, capacity:280000, batterySWSelfDischarging:false, misc_event:65536, current_event:0, current_now:-1341
01-31 14:02:57.509  3811  3883 D PowerManagerService: mDisplayReady: false
01-31 14:02:57.510  3811  3883 D DisplayPowerController: animateScreenStateChange: target=2, targetInternal=2, dualScreenPolicy=-1
01-31 14:02:57.510  3811  3883 D DisplayPowerController: getFinalBrightness : Summary is 114 -> 114
01-31 14:02:57.510  3811  3883 D PowerManagerService: DisplayPowerCallbacks : onStateChanged()
01-31 14:02:57.511  3811  3883 D PowerManagerService: mDisplayReady: true
01-31 14:02:57.511  3811  3811 I MotionRecognitionService: On Battery, 0
01-31 14:02:57.512  3811  3811 D MotionRecognitionService:   mCableConnection= 0
01-31 14:02:57.513  3811  3811 D UsbDeviceManager: received ACTION_BATTERY_CHANGED
01-31 14:02:57.513  3811  3866 E KernelUidCpuTimeReader: cpu time over : cpu data for UID=10233!
01-31 14:02:57.513  3811  3866 E KernelUidCpuTimeReader: Time between reads: +1m0s232ms
01-31 14:02:57.513  3811  3866 E KernelUidCpuTimeReader: Previous times: u=+12m6s128ms s=+8s424ms
01-31 14:02:57.513  3811  3866 E KernelUidCpuTimeReader: Current times: u=+16m17s208ms s=+10s912ms
01-31 14:02:57.513  3811  3866 E KernelUidCpuTimeReader: Delta: u=+4m11s80ms s=+2s488ms
01-31 14:02:57.514  3811  3879 D UsbDeviceManager: handleMessage -> MSG_UPDATE_CHARGING_STATE = 0
