01-31 13:59:58.003 17625 17625 I MTPRx   : Storage Volume id : emulated
01-31 13:59:58.005 17625 17625 I MTPRx   : value of connected isfalse
01-31 13:59:58.005 17625 17625 I MTPRx   : value of configured isfalse
01-31 13:59:58.005 17625 17625 I MTPRx   : value of mtpEnabled istrue
01-31 13:59:58.005 17625 17625 I MTPRx   : value of ptpEnabled isfalse
01-31 13:59:58.005 17625 17625 I MTPRx   : value of sec_charging isfalse
01-31 13:59:58.006 17625 17625 I MTPRx   : value of usb_data_unlock istrue
01-31 13:59:58.006 17625 17625 I MTPRx   : value of configChanged isfalse
01-31 13:59:58.006 17625 17625 I MTPRx   : value of hostConnected isfalse
01-31 13:59:58.006 17625 17625 I MTPRx   : value of categoryEnabled isfalse
01-31 13:59:58.007 17625 17625 I MTPRx   : Received USB_STATE with sdCardLaunch = 0
01-31 13:59:58.007 17625 17625 E MTPRx   : Unexpected Disconnection. call usbRemoved.
01-31 13:59:58.008 17625 17625 D MTPRx   : MTP_RUNNING_STATUS = 0
01-31 13:59:58.008 17625 17625 D MTPRx   : battery status : Discharging
01-31 13:59:58.009 17625 17625 D MTPRx   : usb data role status : host [device]
01-31 13:59:58.010 17625 17625 D MTPRx   :  sendbooster is false!
01-31 13:59:58.010 17625 17625 E MTPRx   : configured is false
01-31 13:59:58.018  3811  5536 D StorageManagerService: getExternalStorageMountMode : 3
01-31 13:59:58.019  3811  5536 D StorageManagerService: getExternalStorageMountMode : 3
01-31 13:59:58.019  3811  5536 D StorageManagerService: getExternalStorageMountMode : final mountMode=3, uid : 1000, packageName : com.samsung.android.SettingsReceiver
01-31 13:59:58.019  3811  5536 I ApplicationPolicy: isApplicationExternalStorageWhitelisted:com.samsung.android.SettingsReceiver user:0
01-31 13:59:58.019  3811  5536 D ApplicationPolicy: isApplicationExternalStorageWhitelisted: DO is not enabled on user 0. Allowed.
01-31 13:59:58.019  3811  5536 D ActivityManager: package  com.samsung.android.SettingsReceiver, user - 0 is SDcard whitelisted
01-31 13:59:58.019  3811  5536 I ApplicationPolicy: isApplicationExternalStorageBlacklisted:com.samsung.android.SettingsReceiver user:0
01-31 13:59:58.019  3811  5536 D ApplicationPolicy: isApplicationExternalStorageBlacklisted: DO is not enabled on user 0. Allowed.
01-31 13:59:58.020  3811  5536 I ApplicationPolicy: isApplicationExternalStorageBlacklisted:com.samsung.android.SettingsReceiver user:0
01-31 13:59:58.020  3811  5536 D ApplicationPolicy: isApplicationExternalStorageBlacklisted: DO is not enabled on user 0. Allowed.
01-31 13:59:58.040 17640 17640 E Zygote  : isWhitelistProcess - Process is Whitelisted
01-31 13:59:58.040  3811  3864 I ActivityManager: Start proc 17640:com.samsung.android.SettingsReceiver/1000 for broadcast com.samsung.android.SettingsReceiver/.SettingsIntentReceiver
01-31 13:59:58.042 17640 17640 E Zygote  : accessInfo : 1
01-31 13:59:58.054 17640 17640 E ettingsReceive: Not starting debugger since process cannot load the jdwp agent.
01-31 13:59:58.071  3811  5536 I ActivityManager: DSS on for com.samsung.android.SettingsReceiver and scale is 1.0
01-31 13:59:58.144  3811  5536 I ActivityManager: Killing 17053:com.android.documentsui/u0a23 (adj 906): empty #25
01-31 13:59:58.145  3811  3865 W libprocessgroup: kill(-17053, 9) failed: No such process
01-31 13:59:58.189  3811  3865 I chatty  : uid=1000(system) ActivityManager identical 8 lines
01-31 13:59:58.195  3811  3865 W libprocessgroup: kill(-17053, 9) failed: No such process
01-31 13:59:58.195  3811  3865 I libprocessgroup: Successfully killed process cgroup uid 10023 pid 17053 in 50ms
01-31 13:59:58.195  3294  3294 I Zygote  : Process 17053 exited due to signal (9)
01-31 13:59:58.196  4418  9844 D ForegroundUtils: could not check pending caller
01-31 13:59:58.514  4943  4943 D io_stats: !@   8,0 r 39799 2504336 w 23253 334620 d 1853 84100 f 3248 9915 iot 24372 20521 th 307200 0 0 pt 0 inp 0 0 1226.964
01-31 13:59:58.830  3359  3415 D DataRouter: dr_usb_deinit
01-31 13:59:58.830  3359  3415 D DataRouter: Initialise USB and start the thread
01-31 13:59:58.830  3359  3415 D DataRouter: dr_usb_init
01-31 13:59:58.831  3359  3415 E DataRouter: USB Interface is open with 0x7
01-31 13:59:58.831  3359  3415 D DataRouter: USB interface is now configured for usb_fd = 0x7
01-31 13:59:58.831  3359  3415 D DataRouter: monitor_data_of_usb
01-31 13:59:58.831  3359  3415 D DataRouter: USB monitor thread launched, usb_fd= 0x7
01-31 13:59:58.831  3359  3415 D DataRouter: Before the usb select
01-31 13:59:59.742  5259 17168 I CastDatabase: Saving the database
01-31 13:59:59.750  5259 17168 E SQLiteCastStore: Skip saving CastDeviceInfo: "Nearby device" (__cast_nearby___V_eb4dd647-61bc-4976-9283-eca9136e913b)
01-31 13:59:59.750  5259 17168 I SQLiteCastStore: [CastNetworkInfo] saved: 0, skipped: 0, [CastDeviceInfo]: saved 0, skipped 1, [Paired Guest Mode DeviceInfo] saved: 0, skipped: 0. [ProbedNetworks]: saved 0, skipped: 0, [ProbedSocketAddress]: saved 0, skipped: 0, [Network-Device pairs]: saved: 0
01-31 13:59:59.999  3811  3991 D SamsungAlarmManager: Expired : 8
01-31 13:59:59.999  3811  3991 V SamsungAlarmManager: Sending to uid : 1000 action=android.intent.action.TIME_TICK alarm=Alarm{a84184b type 3 when 1228450 android}
01-31 14:00:00.001  3811  3991 I SamsungAlarmManager: setLocked to kernel - T:2 / 20220131T140323, SetElapsed=1431930, nowELAPSED=1228451
01-31 14:00:00.001  3811  3991 I SamsungAlarmManager: setLocked to kernel - T:3 / 20220131T140006, SetElapsed=1235404, nowELAPSED=1228451
01-31 14:00:00.002  3811  3811 D SamsungAlarmManager: setExact Intent (T:3/F:1/AC:false) 20220131T140100 - CU:1000/CP:3811
01-31 14:00:00.002  3811  3811 I SamsungAlarmManager: setLocked to kernel - T:2 / 20220131T140323, SetElapsed=1431930, nowELAPSED=1228453
01-31 14:00:00.003  3811  3811 I SamsungAlarmManager: setLocked to kernel - T:3 / 20220131T140006, SetElapsed=1235404, nowELAPSED=1228453
01-31 14:00:00.006  4171  4171 D KeyguardUpdateMonitor: handleTimeUpdate
01-31 14:00:00.006  4171  4171 D KeyguardServiceBoxContainer: refreshTime() 1
01-31 14:00:00.016  4171  4171 D QSClockBellTower: He is ready to ring the bell. (((timeText:14:00, skipUpdateForDemo:false, dateText:Mon 31 January)))
01-31 14:00:00.017  4171  4171 D QSClock : status_bar_clock notifyTimeChanged(currentTime:14:00) mClockVisibleByPolicy:true, mClockVisibleByUser:true, visible?true, parent:android.widget.LinearLayout{4a4ed1d V.E...... ......ID 0,0-123,72 #7f0a02df app:id/left_clock_container}
01-31 14:00:00.018  4171  4171 D QSClockBellTower: Everyone heard the bell. run(currentTime:1643634000013,   getTime():Mon Jan 31 14:00:00 GMT+01:00 2022,   getTimeZone():libcore.util.ZoneInfo[id="Europe/Paris",mRawOffset=3600000,mEarliestRawOffset=0,mUseDst=true,mDstSavings=3600000,transitions=183])
01-31 14:00:00.036  4171  4171 I StackScroller: ADJUST STACK.TRANSLATION
01-31 14:00:00.071  4171  4171 I chatty  : uid=10008(com.samsung.android.app.aodservice) com.android.systemui identical 4 lines
01-31 14:00:00.072  4171  4171 I StackScroller: ADJUST STACK.TRANSLATION
01-31 14:00:00.411  3811  4045 I WifiVendorHal: getWifiLinkLayerStats(l.2973) before calling iface.getLinkLayerStats
01-31 14:00:00.412  3316  3316 I android.hardware.wifi@1.0-service: enter getLinkLayerStats
01-31 14:00:00.412  3316  3316 I android.hardware.wifi@1.0-service: enter getLinkLayerStatsInternal
01-31 14:00:00.461  3316  3316 I android.hardware.wifi@1.0-service: Successfully getLinkLayerStats.
01-31 14:00:00.462  3811  4045 I WifiVendorHal: getWifiLinkLayerStats(l.2973) after calling iface.getLinkLayerStats
01-31 14:00:00.497  3811  4045 I WifiStateMachine: checkScoreBasedQuality -  mPreviousScore[0]:110 mPreviousScore[1]:110 mPreviousScore[2]:109 s2Score:108mPrevoiusScoreAverage:109
01-31 14:00:02.103  3811  3811 D StorageManagerService: getExternalStorageMountMode : 3
01-31 14:00:02.104  3811  3811 D StorageManagerService: getExternalStorageMountMode : 3
01-31 14:00:02.104  3811  3811 D StorageManagerService: getExternalStorageMountMode : final mountMode=3, uid : 5018, packageName : com.samsung.android.bixby.service
01-31 14:00:02.104  3811  3811 I ApplicationPolicy: isApplicationExternalStorageWhitelisted:com.samsung.android.bixby.service user:0
01-31 14:00:02.104  3811  3811 D ApplicationPolicy: isApplicationExternalStorageWhitelisted: DO is not enabled on user 0. Allowed.
01-31 14:00:02.104  3811  3811 D ActivityManager: package  com.samsung.android.bixby.service, user - 0 is SDcard whitelisted
01-31 14:00:02.104  3811  3811 I ApplicationPolicy: isApplicationExternalStorageBlacklisted:com.samsung.android.bixby.service user:0
01-31 14:00:02.104  3811  3811 D ApplicationPolicy: isApplicationExternalStorageBlacklisted: DO is not enabled on user 0. Allowed.
01-31 14:00:02.104  3811  3811 I ApplicationPolicy: isApplicationExternalStorageBlacklisted:com.samsung.android.bixby.service user:0
01-31 14:00:02.104  3811  3811 D ApplicationPolicy: isApplicationExternalStorageBlacklisted: DO is not enabled on user 0. Allowed.
01-31 14:00:02.130  3811  3864 I ActivityManager: Start proc 17658:com.samsung.android.bixby.service/5018 for service com.samsung.android.bixby.service/.bixbysearch.dataObserver.ObserverJobService
01-31 14:00:02.132 17658 17658 E Zygote  : isWhitelistProcess - Process is Whitelisted
01-31 14:00:02.134 17658 17658 E Zygote  : accessInfo : 1
01-31 14:00:02.160 17658 17658 E d.bixby.servic: Not starting debugger since process cannot load the jdwp agent.
01-31 14:00:02.180  3811  4362 I ActivityManager: DSS on for com.samsung.android.bixby.service and scale is 1.0
01-31 14:00:02.213 17658 17658 I d.bixby.servic: The ClassLoaderContext is a special shared library.
01-31 14:00:02.239 17658 17658 I BSL@SvcCommon: (DiagMonProvider) File path: /data/data/com.samsung.android.bixby.service/diagmon/diagmon.log
01-31 14:00:02.240 17658 17658 I BSL@SvcCommon: (DiagMonProvider) setDefaultMO()
01-31 14:00:02.247 17658 17658 I BSL@BixbySearch: (BixbySearch) [main] enter():  enter from <clinit>; Logger initialization. Path: /data/user/0/com.samsung.android.bixby.service/files/bixbysearch/log
01-31 14:00:02.267 17658 17658 I BSL@BixbySearch: (LuceneProvider) [main] enter():  enter from attachInfo
01-31 14:00:02.267 17658 17658 I BSL@BixbySearch: (LuceneApplication) [main] enter():  enter from onCreate
01-31 14:00:02.270 17658 17658 I BSL@BixbySearch: (BixbySearchRunningUtils) getStorageEncryptionStatus: -1
01-31 14:00:02.279 17658 17658 I BSL@BixbySearch: (BixbySearchRunningUtils) Components are already enabled.
01-31 14:00:02.283 17658 17658 I BSL@BixbySearch: (LuceneApplication) [main] leave():  leave
01-31 14:00:02.283 17658 17658 I BSL@BixbySearch: (LuceneProvider) [main] leave():  leave
01-31 14:00:02.286 17658 17675 I BSL@BixbySearch: (ConfigManager) [AsyncTask #1] enter():  enter from <init>
01-31 14:00:02.310 17658 17658 I BSL@BixbySearch: (LuceneApplication) [main] enter():  enter from onCreate
01-31 14:00:02.311 17658 17658 I BSL@BixbySearch: (BixbySearchRunningUtils) getStorageEncryptionStatus: -1
01-31 14:00:02.311 17658 17658 I BSL@BixbySearch: (BixbySearchRunningUtils) Components are already enabled.
01-31 14:00:02.311 17658 17658 I BSL@BixbySearch: (LuceneApplication) [main] leave():  leave
01-31 14:00:02.316 17658 17658 D SamsungAnalytics201007: [Validation] dma pkg:531401000
01-31 14:00:02.319 17658 17658 D SamsungAnalytics201007: cf feature is supported
01-31 14:00:02.320 17658 17675 I BSL@BixbySearch: (ConfigManager) [AsyncTask #1] leave():  leave
01-31 14:00:02.333 17658 17658 D SamsungAnalytics201007: send setting
01-31 14:00:02.334 17658 17675 I BSL@BixbySearch: (BixbySearchRunningUtils) getStorageEncryptionStatus: -1
01-31 14:00:02.334 17658 17675 I BSL@BixbySearch: (BixbySearchRunningUtils) Components are already enabled.
01-31 14:00:02.334 17658 17658 D SamsungAnalytics201007: newThread on Executor
01-31 14:00:02.339  3811  5186 I SamsungAlarmManager: setLocked to kernel - T:2 / 20220131T140323, SetElapsed=1431930, nowELAPSED=1230789
01-31 14:00:02.339  3811  5186 I SamsungAlarmManager: setLocked to kernel - T:3 / 20220131T140006, SetElapsed=1235405, nowELAPSED=1230789
01-31 14:00:02.339  3811  5186 D SamsungAlarmManager: setExact Listener (T:2/F:0/AC:false) 20220131T140003 - CU:1000/CP:3811
01-31 14:00:02.339  3811  5186 I SamsungAlarmManager: setLocked to kernel - T:2 / 20220131T140003, SetElapsed=1231787, nowELAPSED=1230790
01-31 14:00:02.342  3811  5186 I SamsungAlarmManager: setLocked to kernel - T:2 / 20220131T140003, SetElapsed=1231787, nowELAPSED=1230792
01-31 14:00:02.342  3811  5186 D SamsungAlarmManager: setExact Listener (T:2/F:0/AC:false) 20220131T140005 - CU:1000/CP:3811
01-31 14:00:02.342  3811  5186 I SamsungAlarmManager: setLocked to kernel - T:2 / 20220131T140003, SetElapsed=1231787, nowELAPSED=1230793
01-31 14:00:02.354 17658 17658 D SamsungAnalytics201007: [Tracker] Tracker start:2.01.007DLC
01-31 14:00:02.359 17658 17658 W SamsungAnalytics201007: [SamsungAnalytics] NullPointerException Attempt to invoke virtual method 'void android.os.Bundle.putBundle(java.lang.String, android.os.Bundle)' on a null object reference
01-31 14:00:02.359 17658 17658 I BSL@AppSvc: (AppSvc) [main] enter():  enter from startDiagmon; ServiceApplication
01-31 14:00:02.360 17658 17658 I BSL@SvcCommon: (DiagMonLog) Init DiagMonLog: 
01-31 14:00:02.366 17658 17658 I BSL@BixbySearch: (ObserverJobService) [main] enter():  enter from onStartJob; jobId: 1007
01-31 14:00:02.378 17658 17658 I BSL@BixbySearch: (PluginManager) plugin for FILE is created.
01-31 14:00:02.378 17658 17658 I BSL@BixbySearch: (AppBasePlugin:: FILE) onChange(): sendEmptyMessage(STATE_FIND_CHANGES) is called.
01-31 14:00:02.378 17658 17658 I BSL@BixbySearch: (ObserverJobService) [main] leave():  leave
01-31 14:00:02.378 17658 17680 I BSL@BixbySearch: (AppBasePlugin:: FILE) [handler:FILE] enter():  enter from dispatchMessage; msg: 0
01-31 14:00:02.379 17658 17680 I BSL@BixbySearch: (AppBasePlugin:: FILE) [handler:FILE] enter():  enter from doHandleMessage
01-31 14:00:02.429 17658 17680 I BSL@BixbySearch: (AppBasePlugin:: FILE) performOnChange(): mLastSyncId :21, mSyncCount :21
01-31 14:00:02.439 17658 17680 I BSL@BixbySearch: (AppBasePlugin:: FILE) checkDeleteItems(): performOnChange: sqlSyncCount: 21
01-31 14:00:02.450 17658 17680 I BSL@BixbySearch: (AppBasePlugin:: FILE) checkUpdatedItems(): query with selection: _id <= 21 AND ( date_modified > 1643380362 OR (date_modified = 1643380362 AND _id > 21 ))
01-31 14:00:02.486 17658 17680 I BSL@BixbySearch: (AppBasePlugin:: FILE) performOnChange(): Any change ? false Duration: 60 ms.
01-31 14:00:02.486 17658 17680 I BSL@BixbySearch: (AppBasePlugin:: FILE) [handler:FILE] leave():  leave
01-31 14:00:02.486 17658 17680 I BSL@BixbySearch: (AppBasePlugin:: FILE) [handler:FILE] leave():  leave ; msg: 0
01-31 14:00:02.486 17658 17680 I BSL@BixbySearch: (AppBasePlugin:: FILE) [handler:FILE] enter():  enter from dispatchMessage; msg: 1
01-31 14:00:02.487 17658 17680 I BSL@BixbySearch: (AppBasePlugin:: FILE) added: 0, modified: 0, removed: 0
01-31 14:00:02.487 17658 17680 I BSL@BixbySearch: (AppBasePlugin:: FILE) [handler:FILE] leave():  leave ; msg: 1
01-31 14:00:02.487 17658 17680 I BSL@BixbySearch: (AppBasePlugin:: FILE) [handler:FILE] enter():  enter from dispatchMessage; msg: 3
01-31 14:00:02.487 17658 17680 I BSL@BixbySearch: (AppBasePlugin:: FILE) cleanupAndReschedule(): The job service(1007) has been finished. calling jobFinished()
01-31 14:00:02.489  3811  5523 D JobServiceContext: sendStopMessageLocked stop reason: job rescheduled by app
01-31 14:00:02.498 17658 17658 I BSL@BixbySearch: (ObserverJobService) onStopJob: 1,007
01-31 14:00:02.499 17658 17680 I BSL@BixbySearch: (AppBasePlugin:: FILE) scheduleObserver(): scheduleTriggerURI: Job ID: 1007 , Status: 1 pending jobs: 6
01-31 14:00:02.500 17658 17680 I BSL@BixbySearch: (AppBasePlugin:: FILE) [handler:FILE] leave():  leave ; msg: 3
01-31 14:00:02.504  3811  5523 I ActivityManager: Killing 16901:com.samsung.android.app.sbrowseredge/u0a169 (adj 906): empty #25
01-31 14:00:02.506  3811  3865 W libprocessgroup: kill(-16901, 9) failed: No such process
01-31 14:00:02.545  3811  3865 I chatty  : uid=1000(system) ActivityManager identical 6 lines
01-31 14:00:02.551  3811  3865 W libprocessgroup: kill(-16901, 9) failed: No such process
01-31 14:00:02.555  3294  3294 I Zygote  : Process 16901 exited due to signal (9)
01-31 14:00:02.558  4418  9844 D ForegroundUtils: could not check pending caller
01-31 14:00:02.562  3811  3865 W libprocessgroup: kill(-16901, 9) failed: No such process
01-31 14:00:02.562  3811  3865 I libprocessgroup: Successfully killed process cgroup uid 10169 pid 16901 in 56ms
01-31 14:00:02.763  3330  3560 V APM_AudioPolicyManager: AudioPolicyManager:setRecordSilenced(uid:10044, silenced:1)
01-31 14:00:02.912  3811  3820 I system_server: Background concurrent copying GC freed 410849(21MB) AllocSpace objects, 84(2MB) LOS objects, 42% free, 32MB/56MB, paused 337us total 563.185ms
01-31 14:00:02.981  3811  3818 D SurfaceControl: finalize(protected), animation-leash is released by finalize, sc=Surface(name=Surface(name=AppWindowToken{df39e8a token=Token{dd7e0f5 ActivityRecord{5314e2c u0 com.sec.android.app.launcher/.activities.LauncherActivity t2}}})/@0xd5c0771 - animation-leash)/@0x611f37d, nativeObject=544331349920, caller=java.lang.Daemons$FinalizerDaemon.doFinalize:250 java.lang.Daemons$FinalizerDaemon.runInternal:237 java.lang.Daemons$Daemon.run:103 java.lang.Thread.run:764 <bottom of call stack> <bottom of call stack> <bottom of call stack> 
01-31 14:00:02.982  3811  3818 D SurfaceControl: finalize(protected), animation-leash is released by finalize, sc=Surface(name=Surface(name=AppWindowToken{9cb3b36 token=Token{70694d1 ActivityRecord{5b537f8 u0 com.opportunistask.scheduling.benchmarking_app_to_test_big_cores/.MainActivity t126}}})/@0x6d9ab6c - animation-leash)/@0x36c1258, nativeObject=543930058848, caller=java.lang.Daemons$FinalizerDaemon.doFinalize:250 java.lang.Daemons$FinalizerDaemon.runInternal:237 java.lang.Daemons$Daemon.run:103 java.lang.Thread.run:764 <bottom of call stack> <bottom of call stack> <bottom of call stack> 
01-31 14:00:02.983  3811  3818 D SurfaceControl: finalize(protected), animation-leash is released by finalize, sc=Surface(name=Surface(name=242fb3c Splash Screen com.opportunistask.scheduling.benchmarking_app_to_test_big_cores)/@0x945fa91 - animation-leash)/@0x24dcc64, nativeObject=543615452032, caller=java.lang.Daemons$FinalizerDaemon.doFinalize:250 java.lang.Daemons$FinalizerDaemon.runInternal:237 java.lang.Daemons$Daemon.run:103 java.lang.Thread.run:764 <bottom of call stack> <bottom of call stack> <bottom of call stack> 
01-31 14:00:02.984  3811  3818 D SurfaceControl: finalize(protected), animation-leash is released by finalize, sc=Surface(name=Surface(name=2af7959 com.google.android.packageinstaller/com.android.packageinstaller.permission.ui.GrantPermissionsActivity)/@0x6f31a93 - animation-leash)/@0xc8443fc, nativeObject=543930057504, caller=java.lang.Daemons$FinalizerDaemon.doFinalize:250 java.lang.Daemons$FinalizerDaemon.runInternal:237 java.lang.Daemons$Daemon.run:103 java.lang.Thread.run:764 <bottom of call stack> <bottom of call stack> <bottom of call stack> 
01-31 14:00:02.984  3811  3818 D SurfaceControl: finalize(protected), animation-leash is released by finalize, sc=Surface(name=Surface(name=Dim Layer for - Task=126)/@0x1efea85 - animation-leash)/@0x8cfa3e8, nativeObject=543615452224, caller=java.lang.Daemons$FinalizerDaemon.doFinalize:250 java.lang.Daemons$FinalizerDaemon.runInternal:237 java.lang.Daemons$Daemon.run:103 java.lang.Thread.run:764 <bottom of call stack> <bottom of call stack> <bottom of call stack> 
01-31 14:00:02.986  3811  3818 D SurfaceControl: finalize(protected), animation-leash is released by finalize, sc=Surface(name=Surface(name=AppWindowToken{e0c986e token=Token{2dac3e9 ActivityRecord{ffed470 u0 com.google.android.packageinstaller/com.android.packageinstaller.permission.ui.GrantPermissionsActivity t126}}})/@0x84d4ad0 - animation-leash)/@0xf39a0b6, nativeObject=544330694432, caller=java.lang.Daemons$FinalizerDaemon.doFinalize:250 java.lang.Daemons$FinalizerDaemon.runInternal:237 java.lang.Daemons$Daemon.run:103 java.lang.Thread.run:764 <bottom of call stack> <bottom of call stack> <bottom of call stack> 
01-31 14:00:02.987  3811  3818 D SurfaceControl: finalize(protected), animation-leash is released by finalize, sc=Surface(name=Surface(name=Dim Layer for - Task=126)/@0x1efea85 - animation-leash)/@0xc587d24, nativeObject=543821510784, caller=java.lang.Daemons$FinalizerDaemon.doFinalize:250 java.lang.Daemons$FinalizerDaemon.runInternal:237 java.lang.Daemons$Daemon.run:103 java.lang.Thread.run:764 <bottom of call stack> <bottom of call stack> <bottom of call stack> 
01-31 14:00:02.988  3811  3818 D SurfaceControl: finalize(protected), animation-leash is released by finalize, sc=Surface(name=Surface(name=2af7959 com.google.android.packageinstaller/com.android.packageinstaller.permission.ui.GrantPermissionsActivity)/@0x6f31a93 - animation-leash)/@0x6ac78cb, nativeObject=543615448192, caller=java.lang.Daemons$FinalizerDaemon.doFinalize:250 java.lang.Daemons$FinalizerDaemon.runInternal:237 java.lang.Daemons$Daemon.run:103 java.lang.Thread.run:764 <bottom of call stack> <bottom of call stack> <bottom of call stack> 
01-31 14:00:02.989  3811  3818 D SurfaceControl: finalize(protected), animation-leash is released by finalize, sc=Surface(name=Surface(name=2b5a5f9 Toast)/@0x3a1a8b5 - animation-leash)/@0x1111b31, nativeObject=543821511072, caller=java.lang.Daemons$FinalizerDaemon.doFinalize:250 java.lang.Daemons$FinalizerDaemon.runInternal:237 java.lang.Daemons$Daemon.run:103 java.lang.Thread.run:764 <bottom of call stack> <bottom of call stack> <bottom of call stack> 
01-31 14:00:02.989  3811  3818 D SurfaceControl: finalize(protected), animation-leash is released by finalize, sc=Surface(name=Surface(name=2b5a5f9 Toast)/@0x3a1a8b5 - animation-leash)/@0xbf8cdf0, nativeObject=543821504064, caller=java.lang.Daemons$FinalizerDaemon.doFinalize:250 java.lang.Daemons$FinalizerDaemon.runInternal:237 java.lang.Daemons$Daemon.run:103 java.lang.Thread.run:764 <bottom of call stack> <bottom of call stack> <bottom of call stack> 
01-31 14:00:02.990  3811  3818 D SurfaceControl: finalize(protected), animation-leash is released by finalize, sc=Surface(name=Surface(name=b6e32a1 Toast)/@0xa65b487 - animation-leash)/@0x8df1223, nativeObject=543822550976, caller=java.lang.Daemons$FinalizerDaemon.doFinalize:250 java.lang.Daemons$FinalizerDaemon.runInternal:237 java.lang.Daemons$Daemon.run:103 java.lang.Thread.run:764 <bottom of call stack> <bottom of call stack> <bottom of call stack> 
01-31 14:00:02.991  3811  3818 D SurfaceControl: finalize(protected), animation-leash is released by finalize, sc=Surface(name=Surface(name=b6e32a1 Toast)/@0xa65b487 - animation-leash)/@0xeec14c, nativeObject=543821504160, caller=java.lang.Daemons$FinalizerDaemon.doFinalize:250 java.lang.Daemons$FinalizerDaemon.runInternal:237 java.lang.Daemons$Daemon.run:103 java.lang.Thread.run:764 <bottom of call stack> <bottom of call stack> <bottom of call stack> 
01-31 14:00:02.992  3811  3818 D SurfaceControl: finalize(protected), animation-leash is released by finalize, sc=Surface(name=Surface(name=1c8ca13 Toast)/@0xecc6649 - animation-leash)/@0xc6c1e05, nativeObject=543618797792, caller=java.lang.Daemons$FinalizerDaemon.doFinalize:250 java.lang.Daemons$FinalizerDaemon.runInternal:237 java.lang.Daemons$Daemon.run:103 java.lang.Thread.run:764 <bottom of call stack> <bottom of call stack> <bottom of call stack> 
01-31 14:00:02.993  3811  3818 D SurfaceControl: finalize(protected), animation-leash is released by finalize, sc=Surface(name=Surface(name=1c8ca13 Toast)/@0xecc6649 - animation-leash)/@0x4042626, nativeObject=543930059040, caller=java.lang.Daemons$FinalizerDaemon.doFinalize:250 java.lang.Daemons$FinalizerDaemon.runInternal:237 java.lang.Daemons$Daemon.run:103 java.lang.Thread.run:764 <bottom of call stack> <bottom of call stack> <bottom of call stack> 
01-31 14:00:02.994  3811  3818 D SurfaceControl: finalize(protected), animation-leash is released by finalize, sc=Surface(name=Surface(name=ce8d75f Toast)/@0x9099275 - animation-leash)/@0x46de0f1, nativeObject=543618796064, caller=java.lang.Daemons$FinalizerDaemon.doFinalize:250 java.lang.Daemons$FinalizerDaemon.runInternal:237 java.lang.Daemons$Daemon.run:103 java.lang.Thread.run:764 <bottom of call stack> <bottom of call stack> <bottom of call stack> 
01-31 14:00:02.995  3811  3818 D SurfaceControl: finalize(protected), animation-leash is released by finalize, sc=Surface(name=Surface(name=ce8d75f Toast)/@0x9099275 - animation-leash)/@0x5adf862, nativeObject=544330692320, caller=java.lang.Daemons$FinalizerDaemon.doFinalize:250 java.lang.Daemons$FinalizerDaemon.runInternal:237 java.lang.Daemons$Daemon.run:103 java.lang.Thread.run:764 <bottom of call stack> <bottom of call stack> <bottom of call stack> 
01-31 14:00:03.024 17354 17513 V Benchmark_thread: The benchmarking thread 0 reached 150000 workload
01-31 14:00:03.223  3811  4044 D WifiTrafficPoller: TrafficStats TxPkts=1338 RxPkts=1232 TxBytes=292580 RxBytes=617762 , Foreground uid=10233 pkgName=com.opportunistask.scheduling.benchmarking_app_to_test_big_cores TxPackets=0 RxPackets=0 TxBytes=0 RxBytes=0
01-31 14:00:03.226  4171  4171 D SecStatusBarWifiView: updateState: WifiIconState(resId=2131232632, visible=true, activityId=2131232637)
01-31 14:00:03.336  3811  3991 D SamsungAlarmManager: Expired : 4
01-31 14:00:03.337  3811  3991 V SamsungAlarmManager: Sending to uid : 1000 listener=android.app.AlarmManager$ListenerWrapper@9996092 alarm=Alarm{befaa3b type 2 when 1231787 android}
01-31 14:00:03.337  3811  3991 V SamsungAlarmManager: Sending to uid : 10100 action=com.samsung.action.EVERY_MINUTE_CLOCK_UPDATE alarm=Alarm{f8ba558 type 1 when 1643634000000 com.sec.android.app.launcher}
01-31 14:00:03.339  3811  3991 I SamsungAlarmManager: setLocked to kernel - T:2 / 20220131T140005, SetElapsed=1233787, nowELAPSED=1231789
01-31 14:00:03.340  3811  3811 D SamsungAlarmManager: setInexact Listener (T:2/F:0/AC:false) 20220131T140321 - CU:1000/CP:3811
01-31 14:00:03.340  5230  5230 I LiveIconManager: onReceive: com.samsung.action.EVERY_MINUTE_CLOCK_UPDATE
01-31 14:00:03.340  3811  3811 I SamsungAlarmManager: setLocked to kernel - T:2 / 20220131T140005, SetElapsed=1233787, nowELAPSED=1231790
01-31 14:00:03.352 17658 17658 I BSL@BixbySearch: (InitialIndexingService) [main] enter():  enter from onStartJob
01-31 14:00:03.354  3811  5523 D SamsungAlarmManager: setInexact Intent (T:1/F:0/AC:false) 20220131T140100 - CU:10100/CP:5230
01-31 14:00:03.354  3811  5523 I SamsungAlarmManager: setLocked to kernel - T:2 / 20220131T140005, SetElapsed=1233787, nowELAPSED=1231804
01-31 14:00:03.358 17658 17658 I BSL@BixbySearch: (InitialIndexingService) InitTask(): mHandlerThread will be started
01-31 14:00:03.362 17658 17658 I BSL@BixbySearch: (TaskExecutorService) [main] enter():  enter from onStartJob
01-31 14:00:03.364 17658 17658 I BSL@BixbySearch: (TaskExecutorService) [main] leave():  leave
01-31 14:00:03.364 17658 17684 I BSL@BixbySearch: (TaskRunnable) [pool-1-thread-1] enter():  enter from runWorker
01-31 14:00:03.364 17658 17658 I BSL@BixbySearch: (InitialIndexingService) [main] leave():  leave
01-31 14:00:03.364 17658 17684 I BSL@BixbySearch: (InitialIndexingService) [pool-1-thread-1] enter():  enter from run
01-31 14:00:03.364 17658 17684 I BSL@BixbySearch: (InitialIndexingService) [pool-1-thread-1] leave():  leave ; sendEmptyMessageDelayed has been called with delayMillis:100
01-31 14:00:03.365 17658 17684 I BSL@BixbySearch: (TaskRunnable) [pool-1-thread-1] leave():  leave
01-31 14:00:03.464 17658 17683 I BSL@BixbySearch: (InitialIndexingService) [InitialIndexingService] enter():  enter from dispatchMessage
01-31 14:00:03.464 17658 17683 I BSL@BixbySearch: (InitialIndexingService) [InitialIndexingService] enter():  enter from access$100
01-31 14:00:03.465 17658 17683 I BSL@BixbySearch: (InitialIndexingService) [InitialIndexingService] enter():  enter from doHandleMessage
01-31 14:00:03.466 17658 17683 I BSL@BixbySearch: (InitialIndexingService) local version: 213000004 package Version code: 213000004
01-31 14:00:03.467 17658 17683 I BSL@BixbySearch: (InitialIndexingService) [InitialIndexingService] enter():  enter from initAllIndexes
01-31 14:00:03.469 17658 17683 I BSL@BixbySearch: (InitialIndexingService) [InitialIndexingService] leave():  leave
01-31 14:00:03.470 17658 17683 I BSL@BixbySearch: (InitialIndexingService) [InitialIndexingService] enter():  enter from initAllIndexes
01-31 14:00:03.470 17658 17683 I BSL@BixbySearch: (InitialIndexingService) [InitialIndexingService] leave():  leave
01-31 14:00:03.473 17658 17683 E BSL@BixbySearch: (ANALOGY) finish Index : Time taken 2 ms
01-31 14:00:03.475 17658 17683 E BSL@BixbySearch: (SYNONYM) finish Index : Time taken 1 ms
01-31 14:00:03.475 17658 17683 E BSL@BixbySearch: (CONTACT) finish Index : Time taken 0 ms
01-31 14:00:03.475 17658 17683 W BSL@BixbySearch: (CALLLOG) CallLog indexing is disabled.
01-31 14:00:03.476 17658 17683 E BSL@BixbySearch: (CALENDAR) finish Index : Time taken 0 ms
01-31 14:00:03.478 17658 17683 I BSL@BixbySearch: (APPLICATIONS) handle All Applications: Time taken 2 ms
01-31 14:00:03.478 17658 17683 I BSL@BixbySearch: (ConfigManager) isAppEnabled(): FloatingFeature :None, com.sec.android.gallery3d enabled: 
01-31 14:00:03.478 17658 17685 I BSL@BixbySearch: (AppsDataObserver) Sending suspended messages - 1
01-31 14:00:03.478 17658 17683 E BSL@BixbySearch: (IMAGES) finish Index : Time taken 0 ms
01-31 14:00:03.479 17658 17683 E BSL@BixbySearch: (FILES) finish Index : Time taken 0 ms
01-31 14:00:03.479 17658 17683 E BSL@BixbySearch: (EMAIL) finish Index : Time taken 0 ms
01-31 14:00:03.480 17658 17683 I BSL@BixbySearch: (InitialIndexingService) [InitialIndexingService] leave():  leave
01-31 14:00:03.488 17658 17683 I BSL@BixbySearch: (PluginManager) plugin for CONTACT is created.
01-31 14:00:03.489 17658 17683 I BSL@BixbySearch: (AppBasePlugin:: CONTACT) init(): Job is already scheduled. It means nothing is in pending.
01-31 14:00:03.492 17658 17685 D KnoxHelper: getActivityList callingUserId: 0, target user: 0
01-31 14:00:03.501  3811  4045 I WifiVendorHal: getWifiLinkLayerStats(l.2973) before calling iface.getLinkLayerStats
01-31 14:00:03.502  3316  3316 I android.hardware.wifi@1.0-service: enter getLinkLayerStats
01-31 14:00:03.502  3316  3316 I android.hardware.wifi@1.0-service: enter getLinkLayerStatsInternal
01-31 14:00:03.503 17658 17683 I BSL@BixbySearch: (PluginManager) plugin for CALENDAR is created.
01-31 14:00:03.504 17658 17683 I BSL@BixbySearch: (AppBasePlugin:: CALENDAR) init(): Job is already scheduled. It means nothing is in pending.
01-31 14:00:03.505 17658 17683 I BSL@BixbySearch: (AppBasePlugin:: FILE) init(): Job is already scheduled. It means nothing is in pending.
01-31 14:00:03.505 17658 17683 I BSL@BixbySearch: (ConfigManager) isAppEnabled(): FloatingFeature :None, com.sec.android.gallery3d enabled: 
01-31 14:00:03.505 17658 17683 I BSL@BixbySearch: (InitialIndexingService) doHandleMessage(): The job service(0) has been finished. calling jobFinished()
01-31 14:00:03.514 17658 17683 I BSL@BixbySearch: (InitialIndexingService) [InitialIndexingService] leave():  leave ; Indexing time: 0.042seconds
01-31 14:00:03.514 17658 17683 I BSL@BixbySearch: (InitialIndexingService) [InitialIndexingService] leave():  leave
01-31 14:00:03.514  3811  5523 I SamsungAlarmManager: setLocked to kernel - T:2 / 20220131T140005, SetElapsed=1233787, nowELAPSED=1231965
01-31 14:00:03.514  3811  5523 D SamsungAlarmManager: setInexact Listener (T:2/F:0/AC:false) 20220131T140321 - CU:1000/CP:3811
01-31 14:00:03.515  3811  5523 I SamsungAlarmManager: setLocked to kernel - T:2 / 20220131T140005, SetElapsed=1233787, nowELAPSED=1231965
01-31 14:00:03.515  4943  4943 D io_stats: !@   8,0 r 39799 2504336 w 23302 335196 d 1854 84132 f 3251 9924 iot 24388 20533 th 307200 0 0 pt 0 inp 0 0 1231.966
01-31 14:00:03.517  3811  5523 I SamsungAlarmManager: setLocked to kernel - T:2 / 20220131T140321, SetElapsed=1430417, nowELAPSED=1231968
01-31 14:00:03.518  3811  5523 I SamsungAlarmManager: setLocked to kernel - T:3 / 20220131T140006, SetElapsed=1235404, nowELAPSED=1231968
01-31 14:00:03.518  3811  5523 D SamsungAlarmManager: setInexact Listener (T:2/F:0/AC:false) 20220131T140323 - CU:1000/CP:3811
01-31 14:00:03.518  3811  5523 I SamsungAlarmManager: setLocked to kernel - T:2 / 20220131T140323, SetElapsed=1431930, nowELAPSED=1231969
01-31 14:00:03.519  3811  5523 I SamsungAlarmManager: setLocked to kernel - T:3 / 20220131T140006, SetElapsed=1235404, nowELAPSED=1231969
01-31 14:00:03.519  3316  3316 I android.hardware.wifi@1.0-service: Successfully getLinkLayerStats.
01-31 14:00:03.519  3811  4045 I WifiVendorHal: getWifiLinkLayerStats(l.2973) after calling iface.getLinkLayerStats
01-31 14:00:03.552 17658 17685 I BSL@BixbySearch: (IndexManager) ctor():
01-31 14:00:03.553 17658 17685 W BSL@BixbySearch: (IndexManager) deleteIndex(): ids is empty, pkgName: com.samsung.android.apps
01-31 14:00:03.560  3811  4045 I WifiStateMachine: checkScoreBasedQuality -  mPreviousScore[0]:110 mPreviousScore[1]:109 mPreviousScore[2]:108 s2Score:107mPrevoiusScoreAverage:109
01-31 14:00:03.720 17354 17513 V Benchmark_thread: The benchmarking thread : usb cable counter waiting for 60000 seconds to remove cable
01-31 14:00:03.721 17354 17515 V Benchmark_thread: The benchmarking thread : usb cable counter waiting for 60000 seconds to remove cable
01-31 14:00:03.721 17354 17514 V Benchmark_thread: The benchmarking thread : usb cable counter waiting for 60000 seconds to remove cable
01-31 14:00:03.726 17354 17516 V Benchmark_thread: The benchmarking thread : usb cable counter waiting for 60000 seconds to remove cable
01-31 14:00:04.079  3811  5186 D SamsungAlarmManager: Cancel Alarm calling from uid:10038 pid :4611 / op:PendingIntent{5c3d722: PendingIntentRecord{1f9295e com.google.android.gms startService}}
01-31 14:00:04.080  3811  5186 I SamsungAlarmManager: setLocked to kernel - T:2 / 20220131T140323, SetElapsed=1431930, nowELAPSED=1232531
01-31 14:00:04.080  3811  5186 I SamsungAlarmManager: setLocked to kernel - T:3 / 20220131T140006, SetElapsed=1235404, nowELAPSED=1232531
01-31 14:00:04.227  4171  4171 D SecStatusBarWifiView: updateState: WifiIconState(resId=2131232632, visible=true, activityId=2131232657)
01-31 14:00:04.392  4171  4351 D NetworkController.MobileSignalController(0/-2): onSignalStrengthsChanged signalStrength=SignalStrength: 23 99 -23 -200 -23 -200 -1 99 2147483647 2147483647 2147483647 2147483647 0 2147483647 23 54 -66 0x4 P gsm|lte use_rsrp_and_rssnr_for_lte_level  [-128, -118, -108, -98] [-115, -105, -95, -85] level=4
01-31 14:00:04.392  4171  4351 D NetworkController.MobileSignalController(0/-2): getMobileIconGroup(): 0
01-31 14:00:05.718  3811  5186 D WifiPermissionsUtil: canAccessScanResults: pkgName = com.sec.android.sdhms, uid = 1000
01-31 14:00:05.737  3811  3989 I HcmInfo::SystemParameter: MSG_TYPE_BATTERY_CHECK_REQ
01-31 14:00:06.562  3811  4045 I WifiVendorHal: getWifiLinkLayerStats(l.2973) before calling iface.getLinkLayerStats
01-31 14:00:06.562  3316  3316 I android.hardware.wifi@1.0-service: enter getLinkLayerStats
01-31 14:00:06.562  3316  3316 I android.hardware.wifi@1.0-service: enter getLinkLayerStatsInternal
01-31 14:00:06.612  3316  3316 I android.hardware.wifi@1.0-service: Successfully getLinkLayerStats.
01-31 14:00:06.612  3811  4045 I WifiVendorHal: getWifiLinkLayerStats(l.2973) after calling iface.getLinkLayerStats
01-31 14:00:06.641  3811  4045 I WifiStateMachine: checkScoreBasedQuality -  mPreviousScore[0]:109 mPreviousScore[1]:108 mPreviousScore[2]:107 s2Score:107mPrevoiusScoreAverage:108
01-31 14:00:06.877  3334  3334 I SurfaceFlinger: SFWD update time=1235327910616
01-31 14:00:06.901  3330  3560 V APM_AudioPolicyManager: getAudioPolicyConfig: audioParam;outDevice
01-31 14:00:06.901  3330  3560 V APM_AudioPolicyManager: getNewOutputDevice() selected device 0
01-31 14:00:06.901  3330  3560 V APM_AudioPolicyManager: ### curdevice : 2
01-31 14:00:06.953  3811  3991 D SamsungAlarmManager: Expired : 8
01-31 14:00:06.954  3811  3991 V SamsungAlarmManager: Sending to uid : 1000 action=com.sec.android.alarm.refresh.battery_stats alarm=Alarm{63b25b3 type 1 when 1643634006954 com.sec.android.sdhms}
01-31 14:00:06.955  3811  3991 I SamsungAlarmManager: setLocked to kernel - T:2 / 20220131T140323, SetElapsed=1431930, nowELAPSED=1235406
01-31 14:00:06.955  3811  3991 I SamsungAlarmManager: setLocked to kernel - T:3 / 20220131T140059, SetElapsed=1288450, nowELAPSED=1235406
01-31 14:00:06.957  3811  3866 I WifiService: getSupportedFeatures uid=1000
01-31 14:00:06.958  3811  4045 I WifiVendorHal: getWifiLinkLayerStats(l.2973) before calling iface.getLinkLayerStats
01-31 14:00:06.958  3316  3316 I android.hardware.wifi@1.0-service: enter getLinkLayerStats
01-31 14:00:06.958  3316  3316 I android.hardware.wifi@1.0-service: enter getLinkLayerStatsInternal
01-31 14:00:06.980  3316  3316 I android.hardware.wifi@1.0-service: Successfully getLinkLayerStats.
01-31 14:00:06.981  3811  4045 I WifiVendorHal: getWifiLinkLayerStats(l.2973) after calling iface.getLinkLayerStats
01-31 14:00:06.983  3811  3866 E BatteryExternalStatsWorker: no controller energy info supplied for bluetooth
01-31 14:00:06.994  3811  3866 E KernelUidCpuTimeReader: cpu time over : cpu data for UID=10233!
01-31 14:00:06.994  3811  3866 E KernelUidCpuTimeReader: Time between reads: +10s79ms
01-31 14:00:06.994  3811  3866 E KernelUidCpuTimeReader: Previous times: u=+3m43s456ms s=+2s936ms
01-31 14:00:06.994  3811  3866 E KernelUidCpuTimeReader: Current times: u=+4m25s332ms s=+3s320ms
01-31 14:00:06.994  3811  3866 E KernelUidCpuTimeReader: Delta: u=+41s876ms s=+384ms
01-31 14:00:07.001  3811  3866 D BatteryStatsImpl: !@ currentWifiRunningTimeMs : 35627 totalTimeMs : 1911 totalWifiRunningTimeMs :37538 batteryRealtimeMs :173072
01-31 14:00:07.108  3811  5523 D SamsungAlarmManager: setInexact Intent (T:1/F:8/AC:false) 20220131T141007 - CU:1000/CP:5113
01-31 14:00:07.108  3811  5523 I SamsungAlarmManager: setLocked to kernel - T:2 / 20220131T140323, SetElapsed=1431930, nowELAPSED=1235559
01-31 14:00:07.108  3811  5523 I SamsungAlarmManager: setLocked to kernel - T:3 / 20220131T140059, SetElapsed=1288450, nowELAPSED=1235559
01-31 14:00:07.639  5113  5484 D SDHMS:s : SIOP:: AP:300(537,110) BAT:309(309,0) CHG:458(458,0) USB:303(303,0) PA:312(396,50) LRP:0(0,-999) ATC:0(0,-999) 
01-31 14:00:08.517  4943  4943 D io_stats: !@   8,0 r 39799 2504336 w 23315 335392 d 1857 86576 f 3252 9927 iot 24400 20542 th 307200 0 0 pt 0 inp 0 0 1236.967
01-31 14:00:09.644  3811  4045 I WifiVendorHal: getWifiLinkLayerStats(l.2973) before calling iface.getLinkLayerStats
01-31 14:00:09.644  3316  3316 I android.hardware.wifi@1.0-service: enter getLinkLayerStats
01-31 14:00:09.644  3316  3316 I android.hardware.wifi@1.0-service: enter getLinkLayerStatsInternal
01-31 14:00:09.692  3316  3316 I android.hardware.wifi@1.0-service: Successfully getLinkLayerStats.
01-31 14:00:09.692  3811  4045 I WifiVendorHal: getWifiLinkLayerStats(l.2973) after calling iface.getLinkLayerStats
01-31 14:00:09.717  3811  4045 I WifiStateMachine: checkScoreBasedQuality -  mPreviousScore[0]:108 mPreviousScore[1]:107 mPreviousScore[2]:107 s2Score:107mPrevoiusScoreAverage:107
01-31 14:00:09.870  3811  7413 D GameManagerService: identifyGamePackage. com.opportunistask.scheduling.benchmarking_app_to_test_big_cores, mCurrentUserId: 0, callerUserId: 0
01-31 14:00:09.870  3811  7413 D GamePkgDataHelper: getGamePkgData(). com.opportunistask.scheduling.benchmarking_app_to_test_big_cores
01-31 14:00:10.679  3811  7413 D GameManagerService: identifyGamePackage. com.opportunistask.scheduling.benchmarking_app_to_test_big_cores, mCurrentUserId: 0, callerUserId: 0
01-31 14:00:10.679  3811  7413 D GamePkgDataHelper: getGamePkgData(). com.opportunistask.scheduling.benchmarking_app_to_test_big_cores
01-31 14:00:11.482 17354 17513 V Benchmark_thread: The benchmarking thread 0 reached 160000 workload
01-31 14:00:12.140  3811  4362 I ActivityManager: Killing 17098:com.samsung.android.ipsgeofence/5017 (adj 906): empty #25
01-31 14:00:12.142  3811  3865 W libprocessgroup: kill(-17098, 9) failed: No such process
01-31 14:00:12.146  4611  4611 D BoundBrokerSvc: onUnbind: Intent { act=com.google.android.gms.clearcut.bootcount.service.START cmp=com.google.android.gms/.chimera.PersistentBoundBrokerService }
01-31 14:00:12.147  3811  3865 W libprocessgroup: kill(-17098, 9) failed: No such process
01-31 14:00:12.243  3811  3865 I chatty  : uid=1000(system) ActivityManager identical 16 lines
01-31 14:00:12.249  3811  3865 W libprocessgroup: kill(-17098, 9) failed: No such process
01-31 14:00:12.251  3294  3294 I Zygote  : Process 17098 exited due to signal (9)
01-31 14:00:12.255  3811  3865 W libprocessgroup: kill(-17098, 9) failed: No such process
01-31 14:00:12.255  3811  3865 I libprocessgroup: Successfully killed process cgroup uid 5017 pid 17098 in 114ms
01-31 14:00:12.256  4418  9844 D ForegroundUtils: could not check pending caller
01-31 14:00:12.287  4611  4611 D BoundBrokerSvc: onUnbind: Intent { act=com.google.android.gms.scheduler.ACTION_PROXY_SCHEDULE cmp=com.google.android.gms/.chimera.PersistentInternalBoundBrokerService }
01-31 14:00:12.721  3811  4045 I WifiVendorHal: getWifiLinkLayerStats(l.2973) before calling iface.getLinkLayerStats
01-31 14:00:12.721  3316  3316 I android.hardware.wifi@1.0-service: enter getLinkLayerStats
01-31 14:00:12.721  3316  3316 I android.hardware.wifi@1.0-service: enter getLinkLayerStatsInternal
01-31 14:00:12.743  3316  3316 I android.hardware.wifi@1.0-service: Successfully getLinkLayerStats.
01-31 14:00:12.744  3811  4045 I WifiVendorHal: getWifiLinkLayerStats(l.2973) after calling iface.getLinkLayerStats
01-31 14:00:12.783  3811  4045 I WifiStateMachine: checkScoreBasedQuality -  mPreviousScore[0]:107 mPreviousScore[1]:107 mPreviousScore[2]:107 s2Score:107mPrevoiusScoreAverage:107
01-31 14:00:13.245  3811  4044 D WifiTrafficPoller: TrafficStats TxPkts=1340 RxPkts=1233 TxBytes=292822 RxBytes=617883 , Foreground uid=10233 pkgName=com.opportunistask.scheduling.benchmarking_app_to_test_big_cores TxPackets=0 RxPackets=0 TxBytes=0 RxBytes=0
01-31 14:00:13.247  4171  4171 D SecStatusBarWifiView: updateState: WifiIconState(resId=2131232632, visible=true, activityId=2131232638)
01-31 14:00:13.519  4943  4943 D io_stats: !@   8,0 r 39799 2504336 w 23329 335504 d 1858 86632 f 3252 9929 iot 24400 20544 th 307200 0 0 pt 0 inp 0 0 1241.969
01-31 14:00:13.562  3811  8770 E BartenderActivityManager: BarTender: pid : 17237 cached=true abnormal=false kill=false stay=false release=false
01-31 14:00:13.721 17354 17514 V Benchmark_thread: The benchmarking thread : usb cable counter waiting for 50000 seconds to remove cable
01-31 14:00:13.726 17354 17516 V Benchmark_thread: The benchmarking thread : usb cable counter waiting for 50000 seconds to remove cable
01-31 14:00:14.221  3811  4236 E Watchdog: !@Sync 41 [2022-01-31 14:00:14.221] FD count : 518
01-31 14:00:14.248  4171  4171 D SecStatusBarWifiView: updateState: WifiIconState(resId=2131232632, visible=true, activityId=2131232657)
01-31 14:00:15.742  3811  8770 D WifiPermissionsUtil: canAccessScanResults: pkgName = com.sec.android.sdhms, uid = 1000
01-31 14:00:15.788  3811  4045 I WifiVendorHal: getWifiLinkLayerStats(l.2973) before calling iface.getLinkLayerStats
01-31 14:00:15.788  3316  3316 I android.hardware.wifi@1.0-service: enter getLinkLayerStats
01-31 14:00:15.788  3316  3316 I android.hardware.wifi@1.0-service: enter getLinkLayerStatsInternal
01-31 14:00:15.838  3316  3316 I android.hardware.wifi@1.0-service: Successfully getLinkLayerStats.
01-31 14:00:15.839  3811  4045 I WifiVendorHal: getWifiLinkLayerStats(l.2973) after calling iface.getLinkLayerStats
01-31 14:00:15.880  3811  4045 I WifiStateMachine: checkScoreBasedQuality -  mPreviousScore[0]:107 mPreviousScore[1]:107 mPreviousScore[2]:107 s2Score:106mPrevoiusScoreAverage:107
01-31 14:00:16.874  3811  3883 D PowerManagerService: UserActivityState : 1 -> 2
01-31 14:00:16.951  3330  3560 V APM_AudioPolicyManager: getAudioPolicyConfig: audioParam;outDevice
01-31 14:00:16.951  3330  3560 V APM_AudioPolicyManager: getNewOutputDevice() selected device 0
01-31 14:00:16.951  3330  3560 V APM_AudioPolicyManager: ### curdevice : 2
01-31 14:00:17.707  5113  5484 D SDHMS:s : SIOP:: AP:316(542,110) BAT:309(309,0) CHG:460(460,0) USB:304(304,0) PA:322(398,50) LRP:0(0,-999) ATC:0(0,-999) 
01-31 14:00:18.521  4943  4943 D io_stats: !@   8,0 r 39799 2504336 w 23330 335508 d 1858 86632 f 3252 9931 iot 24400 20545 th 307200 0 0 pt 0 inp 0 0 1246.971
01-31 14:00:18.883  3811  4045 I WifiVendorHal: getWifiLinkLayerStats(l.2973) before calling iface.getLinkLayerStats
01-31 14:00:18.884  3316  3316 I android.hardware.wifi@1.0-service: enter getLinkLayerStats
01-31 14:00:18.884  3316  3316 I android.hardware.wifi@1.0-service: enter getLinkLayerStatsInternal
01-31 14:00:18.929  3316  3316 I android.hardware.wifi@1.0-service: Successfully getLinkLayerStats.
01-31 14:00:18.932  3811  4045 I WifiVendorHal: getWifiLinkLayerStats(l.2973) after calling iface.getLinkLayerStats
01-31 14:00:18.974  3811  4045 I WifiStateMachine: checkScoreBasedQuality -  mPreviousScore[0]:107 mPreviousScore[1]:107 mPreviousScore[2]:106 s2Score:106mPrevoiusScoreAverage:106
01-31 14:00:20.185 17354 17513 V Benchmark_thread: The benchmarking thread 0 reached 170000 workload
01-31 14:00:21.978  3811  4045 I WifiVendorHal: getWifiLinkLayerStats(l.2973) before calling iface.getLinkLayerStats
01-31 14:00:21.978  3316  3316 I android.hardware.wifi@1.0-service: enter getLinkLayerStats
01-31 14:00:21.978  3316  3316 I android.hardware.wifi@1.0-service: enter getLinkLayerStatsInternal
01-31 14:00:22.011  3316  3316 I android.hardware.wifi@1.0-service: Successfully getLinkLayerStats.
01-31 14:00:22.011  3811  4045 I WifiVendorHal: getWifiLinkLayerStats(l.2973) after calling iface.getLinkLayerStats
01-31 14:00:22.021  3811  4045 I WifiStateMachine: checkScoreBasedQuality -  mPreviousScore[0]:107 mPreviousScore[1]:106 mPreviousScore[2]:106 s2Score:106mPrevoiusScoreAverage:106
01-31 14:00:23.273  3811  4044 D WifiTrafficPoller: TrafficStats TxPkts=1340 RxPkts=1234 TxBytes=292822 RxBytes=617988 , Foreground uid=10233 pkgName=com.opportunistask.scheduling.benchmarking_app_to_test_big_cores TxPackets=0 RxPackets=0 TxBytes=0 RxBytes=0
01-31 14:00:23.274  4171  4171 D SecStatusBarWifiView: updateState: WifiIconState(resId=2131232632, visible=true, activityId=2131232637)
01-31 14:00:23.720 17354 17513 V Benchmark_thread: The benchmarking thread : usb cable counter waiting for 40000 seconds to remove cable
01-31 14:00:24.277  4171  4171 D SecStatusBarWifiView: updateState: WifiIconState(resId=2131232632, visible=true, activityId=2131232657)
01-31 14:00:25.026  3811  4045 I WifiVendorHal: getWifiLinkLayerStats(l.2973) before calling iface.getLinkLayerStats
01-31 14:00:25.026  3316  3316 I android.hardware.wifi@1.0-service: enter getLinkLayerStats
01-31 14:00:25.026  3316  3316 I android.hardware.wifi@1.0-service: enter getLinkLayerStatsInternal
01-31 14:00:25.072  3316  3316 I android.hardware.wifi@1.0-service: Successfully getLinkLayerStats.
01-31 14:00:25.073  3811  4045 I WifiVendorHal: getWifiLinkLayerStats(l.2973) after calling iface.getLinkLayerStats
01-31 14:00:25.104  3811  4045 I WifiStateMachine: checkScoreBasedQuality -  mPreviousScore[0]:106 mPreviousScore[1]:106 mPreviousScore[2]:106 s2Score:106mPrevoiusScoreAverage:106
01-31 14:00:25.786  3811  8770 D WifiPermissionsUtil: canAccessScanResults: pkgName = com.sec.android.sdhms, uid = 1000
01-31 14:00:26.863  3811  3883 D PowerManagerService: UserActivityState : 2 -> 4
01-31 14:00:26.863  3811  3883 I PowerManagerService: [PWL] On : 56860 (1198454 ms ago)
01-31 14:00:26.864  3811  3883 I PowerManagerService: [PWL]  mStayOn: false  mWakeLockSummary & WAKE_LOCK_STAY_AWAKE: 20  mUserActivitySummary: 0x4
01-31 14:00:26.864  3811  3883 I PowerManagerService: [PWL]  SCREEN_BRIGHT_WAKE_LOCK        'WindowManager' ON_AFTER_RELEASE ACQ=-1m37s815ms (uid=1000 pid=3811 ws=WorkSource{10233})
01-31 14:00:26.933  3811  4072 D BatteryService: Sending ACTION_BATTERY_CHANGED. scale:100, info:{.chargerAcOnline = false, .chargerUsbOnline = false, .chargerWirelessOnline = false, .maxChargingCurrent = 0, .maxChargingVoltage = 0, .batteryStatus = DISCHARGING, .batteryHealth = GOOD, .batteryPresent = true, .batteryLevel = 81, .batteryVoltage = 3957, .batteryTemperature = 321, .batteryCurrent = -1, .batteryCycleCount = 0, .batteryFullCharge = 3000000, .batteryChargeCounter = 2418105, .batteryTechnology = Li-ion}
01-31 14:00:26.933  3811  4072 D BatteryService: online:1, current avg:-1351, charge type:0, POGO powered:false, power sharing:false, high voltage charger:false, charger_type:0, capacity:280000, batterySWSelfDischarging:false, misc_event:65536, current_event:0, current_now:-1300
01-31 14:00:26.935  3811  3811 I MotionRecognitionService: On Battery, 0
01-31 14:00:26.935  3811  3811 D MotionRecognitionService:   mCableConnection= 0
01-31 14:00:26.936  3811  3811 D UsbDeviceManager: received ACTION_BATTERY_CHANGED
01-31 14:00:26.938  3811  3879 D UsbDeviceManager: handleMessage -> MSG_UPDATE_CHARGING_STATE = 0
01-31 14:00:26.939  3811  3879 D UsbDeviceManager: updateUsbNotification(false) : mConnected = false, mConfigured = false, mCurrentFunctions = 5, mHostConnected = false, mSourcePower = false, mSinkPower = false, mUsbCharging = false, mUseUsbNotification = true
