01-28 15:19:00.717  3789  4430 D BatteryService: Sending ACTION_BATTERY_CHANGED. scale:100, info:{.chargerAcOnline = false, .chargerUsbOnline = false, .chargerWirelessOnline = false, .maxChargingCurrent = 0, .maxChargingVoltage = 0, .batteryStatus = DISCHARGING, .batteryHealth = GOOD, .batteryPresent = true, .batteryLevel = 85, .batteryVoltage = 4226, .batteryTemperature = 328, .batteryCurrent = 0, .batteryCycleCount = 0, .batteryFullCharge = 3000000, .batteryChargeCounter = 2521950, .batteryTechnology = Li-ion}
01-28 15:19:00.717  3789  4430 D BatteryService: online:1, current avg:671, charge type:0, POGO powered:false, power sharing:false, high voltage charger:false, charger_type:0, capacity:280000, batterySWSelfDischarging:false, misc_event:65536, current_event:0, current_now:649
01-28 15:19:00.717  3789  3876 I WifiService: getSupportedFeatures uid=1000
01-28 15:19:00.719  3789  4043 I WifiVendorHal: getWifiLinkLayerStats(l.2973) before calling iface.getLinkLayerStats
01-28 15:19:00.719  3312  3312 I android.hardware.wifi@1.0-service: enter getLinkLayerStats
01-28 15:19:00.719  3312  3312 I android.hardware.wifi@1.0-service: enter getLinkLayerStatsInternal
01-28 15:19:00.720 18030 18051 V MtpMediaDBManager: inside getMyfilesDBList
01-28 15:19:00.729 15133 15133 I GsaVoiceInteractionSrv: O received Intent { act=android.intent.action.ACTION_POWER_DISCONNECTED flg=0x4000010 (has extras) }
01-28 15:19:00.730 18030 18051 E MtpMediaDBManager: updateMyfilesDB Count :0
01-28 15:19:00.730 18030 18051 V MtpMediaDBManager: start updateMyfilesDB
01-28 15:19:00.732 18030 18051 V MtpMediaDBManager: finish getMyfilesDBList
01-28 15:19:00.733  3789  3858 W BroadcastQueue: Background execution not allowed: receiving Intent { act=android.intent.action.ACTION_POWER_DISCONNECTED flg=0x4000010 (has extras) } to com.google.android.apps.turbo/.nudges.broadcasts.BatteryStatusChangedReceiver
01-28 15:19:00.734  3789  3858 W BroadcastQueue: Background execution not allowed: receiving Intent { act=android.intent.action.ACTION_POWER_DISCONNECTED flg=0x4000010 (has extras) } to com.google.android.gms/.chimera.GmsIntentOperationService$PersistentTrustedReceiver
01-28 15:19:00.735  3789  3789 D BatteryService: misc_event:0x10000, sec plug type:0
01-28 15:19:00.736  3789  3789 D MotionRecognitionService:   mReceiver.onReceive : ACTION_POWER_DISCONNECTED
01-28 15:19:00.736  3789  3789 D MotionRecognitionService:   mCableConnection= 0
01-28 15:19:00.737  3789  3994 I CAE     : handleMessage(CaPowerManager.java:217) - POWER_DISCONNECTED
01-28 15:19:00.737  3789  3789 D RestrictionPolicy: android.intent.action.ACTION_POWER_DISCONNECTED
01-28 15:19:00.737  3789  3789 D RestrictionPolicy: isUsbDebuggingEnabled : true
01-28 15:19:00.737  3789  3994 I CAE     : sendCmdToSensorHub(SensorHubCommManager.java:158) - -76, 13, -41, 0,
01-28 15:19:00.738  3789  3995 D SensorService: setSContextDataLocked ints length 2 , byte length 4
01-28 15:19:00.738  3304  3955 D Sensors : poll_inject_sensor_data
01-28 15:19:00.738  3304  3955 D Sensors : b4 0d d7 00  
01-28 15:19:00.738  3304  3955 E Sensors : inject_scontext_data: New ssp_data_injection_fd(32)
01-28 15:19:00.738  3304  3955 D Sensors : SContext Data Injection return 4
01-28 15:19:00.739  3789  3988 I HcmInfo::SystemParameter: MSG_TYPE_CHARGING_INFO_REQ
01-28 15:19:00.742  3789  3887 D PowerManagerService: [api] updateIsPoweredLocked : mIsPowered: false mPlugType: 0
01-28 15:19:00.742  3789  3789 I MotionRecognitionService: On Battery, 0
01-28 15:19:00.743  3789  3789 D MotionRecognitionService:   mCableConnection= 0
01-28 15:19:00.745  4170  4170 D KeyguardUpdateMonitor: received broadcast android.intent.action.BATTERY_CHANGED
01-28 15:19:00.746  4170  4170 D KeyguardUpdateMonitor: handleBatteryUpdate
01-28 15:19:00.747  3312  3312 I android.hardware.wifi@1.0-service: Successfully getLinkLayerStats.
01-28 15:19:00.748  3789  4043 I WifiVendorHal: getWifiLinkLayerStats(l.2973) after calling iface.getLinkLayerStats
01-28 15:19:00.751  3789  3789 D UsbDeviceManager: received ACTION_BATTERY_CHANGED
01-28 15:19:00.753 18030 18051 I MTPRx   : no file transfer case, so do not send MTP_FILE_SCAN 
01-28 15:19:00.755  3789  3858 W BroadcastQueue: Background execution not allowed: receiving Intent { act=android.intent.action.ACTION_POWER_DISCONNECTED flg=0x4000010 (has extras) } to com.samsung.android.knox.containeragent/.switcher.knoxusage.KnoxUsageReceiver
01-28 15:19:00.756  3789  3887 D PowerManagerService: UserActivityState : 4 -> 1
01-28 15:19:00.756  3789  3883 D UsbDeviceManager: handleMessage -> MSG_UPDATE_CHARGING_STATE = 0
01-28 15:19:00.757  3789  3887 D PowerManagerService: mDisplayReady: false
01-28 15:19:00.757  3789  3887 D DisplayPowerController: animateScreenStateChange: target=2, targetInternal=2, dualScreenPolicy=-1
01-28 15:19:00.757  3789  3883 D UsbDeviceManager: updateUsbNotification(false) : mConnected = true, mConfigured = true, mCurrentFunctions = 5, mHostConnected = false, mSourcePower = false, mSinkPower = true, mUsbCharging = false, mUseUsbNotification = true
01-28 15:19:00.757  3789  3887 D DisplayPowerController: getFinalBrightness : Summary is 120 -> 120
01-28 15:19:00.757  3789  3887 D PowerManagerService: DisplayPowerCallbacks : onStateChanged()
01-28 15:19:00.757  3789  3887 D PowerManagerService: mDisplayReady: true
01-28 15:19:00.757  3789  3883 D UsbDeviceManager: updateUsbNotification, set mCurrentFunctionsForNoti : mtp
01-28 15:19:00.758  3789  3883 D DexObserverFW: isDexModeOn() : false
01-28 15:19:00.759  4170  4170 D SecBatteryMeterDrawable: onBatteryLevelChanged() isSomethingChanged!
01-28 15:19:00.760  4170  4170 I chatty  : uid=10008(com.samsung.android.app.aodservice) com.android.systemui identical 1 line
01-28 15:19:00.760  4170  4170 D SecBatteryMeterDrawable: onBatteryLevelChanged() isSomethingChanged!
01-28 15:19:00.761  3789  3876 E BatteryExternalStatsWorker: no controller energy info supplied for bluetooth
01-28 15:19:00.762  3789  9177 D WifiPermissionsUtil: canAccessScanResults: pkgName = com.sec.android.sdhms, uid = 1000
01-28 15:19:00.762  4137  4137 D BigDataInfoController: Intent : android.intent.action.BATTERY_CHANGED
01-28 15:19:00.762  3789  3883 D DexObserverFW: isSemiDexModeOn() : false
01-28 15:19:00.762  4170  4170 D PowerUI : priorPlugType = 2 mPlugType = 0 priorBatteryStatus = 2 mBatteryStatus = 3
01-28 15:19:00.763  4170  4170 D PowerUI.Notification: dismissSlowByChargerConnectionInfoPopUp()
01-28 15:19:00.763  4170  4170 D PowerUI.Notification: dismissChargingNotification()
01-28 15:19:00.763  3789  3883 D UsbDeviceManager: id=27, mUsbNotificationId=27, titleRes=17042102
01-28 15:19:00.764  4170  4170 D PowerUI : Battery swelling mode - priorBatterySwellingMode = 0 mBatterySwellingMode = 0
01-28 15:19:00.764  4170  4170 D PowerUI.Notification: dismissBatterySwellingNotice()
01-28 15:19:00.766  4137  4137 D BigDataInfoController: Intent : android.intent.action.BATTERY_CHANGED
01-28 15:19:00.767  4170  4170 D PowerUI : SUPPORT_WATER_PROTECTION_POPUP - oldBatteryWaterConnector : false, mBatteryWaterConnector : false, oldHiccupState : false, mIsHiccupState : false
01-28 15:19:00.767  4170  4170 D PowerUI : SUPPORT_WIRELESS_CHARGER_FOD_POPUP - oldWirelessFodState : false, mWirelessFodState : false
01-28 15:19:00.767  4170  4170 D PowerUI : Power supply - oldPowerSupplyingActivated = false mIsPowerSupplyingActivated = false
01-28 15:19:00.772  3789  3789 D SAccessoryManager: BroadcastReceiver: com.samsung.server.BatteryService.action.SEC_BATTERY_EVENT, misc_event: 65536, plug event: 0
01-28 15:19:00.773  3789  3789 D UsbDeviceManager: oldBatteryWaterConnector=false, mBatteryWaterConnector=false, oldHiccupState=false, mIsHiccupState=false
01-28 15:19:00.773  3789  3789 D EdgeLightingManager: isCallingUserSupported : callingUserId=-1, mUserId=0, isDualAppId=false
01-28 15:19:00.774  3789  3789 D LightsService: [api] [SvcLED] turnOff:: id = 4 (uid: 1000 pid: 3789) 
01-28 15:19:00.774  3789  3789 D PowerManagerUtil: fileWriteString to /sys/power/wake_lock, LightsService
01-28 15:19:00.774  3789  3789 D LightsService: [SvcLED] setSvcLedStateLocked:: SvcLEDState : 0x0 -> 0x0 | SvcLED(id=4:NOTIFICATIONS) set Off
01-28 15:19:00.775  3789  3892 D LightsService: [SvcLED] handleForcedSvcLEDTask()
01-28 15:19:00.775  3789  3892 D LightsService: [SvcLED]  setSvcLedLightLocked :: Current SvcLED(id=3:BATTERY) maintains its priority right
01-28 15:19:00.775  3789  3892 D PowerManagerUtil: fileWriteString to /sys/power/wake_unlock, LightsService
01-28 15:19:00.790 15133 15133 I AmbBrdcstRcvrServClient: handleRefreshAction(): not handling android.intent.action.ACTION_POWER_DISCONNECTED
01-28 15:19:00.792 15133 15193 I BrdcstRcvrMsgr: sendMessage(): received broadcast id:5 with action:android.intent.action.ACTION_POWER_DISCONNECTED
01-28 15:19:00.797  5245  5245 D Notification.Badge: [invalid] onNotificationRemoved : StatusBarNotification(pkg=com.android.systemui user=UserHandle{-1} id=2131362716 tag=charging_state key=-1|com.android.systemui|2131362716|charging_state|10008: Notification(channel=GEN pri=-2 contentView=null vibrate=null sound=null defaults=0x0 flags=0xa color=0xff607d8b category=sys vis=PUBLIC semFlags=0x0 semPriority=0 semMissedCount=0))
01-28 15:19:00.798 18030 18051 W ContextImpl: Calling a method in the system process without a qualified user: android.app.ContextImpl.stopService:1622 android.content.ContextWrapper.stopService:687 android.content.ContextWrapper.stopService:687 com.samsung.android.MtpApplication.MtpReceiver.usbRemoved:1092 com.samsung.android.MtpApplication.MtpReceiver$1.onUEvent:202 
01-28 15:19:00.816  4170  4170 I StackScroller: ADJUST STACK.TRANSLATION
01-28 15:19:00.816  5674  5674 I SKBD    : and isTosAccept false
01-28 15:19:00.816 18030 18030 D MTPRx   : MTP_RUNNING_STATUS = 0
01-28 15:19:00.817 18030 18030 D MTPRx   : battery status : Discharging
01-28 15:19:00.818 18030 18030 D MTPRx   : usb data role status : host [device]
01-28 15:19:00.818 18030 18030 D MTPRx   :  sendbooster is false!
01-28 15:19:00.819 18030 18030 E MtpService: onDestroy.
01-28 15:19:00.819  4170  4170 I StackScroller: ADJUST STACK.TRANSLATION
01-28 15:19:00.819  4170  4170 I StackScroller: ADJUST STACK.TRANSLATION
01-28 15:19:00.855  3789  3876 D BatteryStatsImpl: charging plug is pulled!  noteGpuResetLocked
01-28 15:19:00.858  4170  4170 I chatty  : uid=10008(com.samsung.android.app.aodservice) com.android.systemui identical 2 lines
01-28 15:19:00.858  4170  4170 I StackScroller: ADJUST STACK.TRANSLATION
01-28 15:19:00.890 18030 18030 E MtpService: Unregister Mtp disable Receiver
01-28 15:19:00.891 18030 18030 E MtpService: Receiver not registered: com.samsung.android.MtpApplication.MtpService$1@9ef863e
01-28 15:19:00.891 18030 18030 E MtpService: Unregister mtpEmergencyReceiver
01-28 15:19:00.891 18030 18030 E MtpService: Receiver not registered: com.samsung.android.MtpApplication.MtpService$2@7d73c9f
01-28 15:19:00.891 18030 18030 E MTPJNIInterface: noti = 103
01-28 15:19:00.892 18030 18030 E libmtp  : [__media_db_close : 4463] -->[__media_db_close:4463] media_sqlite_db is null 
01-28 15:19:00.892 18030 18030 E libmtp  : [mtp_usb_mtp_finalize : 1267] -->****** [mtp_usb_mtp_finalize 1267] mtp_close_fd Calling 
01-28 15:19:00.892 18030 18030 E libmtp  : [mtp_close_fd : 0120] -->[mtp_close_fd 120]  fd = 66...
01-28 15:19:00.892 18030 18030 E libmtp  : [mtp_close_fd : 0128] -->[mtp_close_fd 128] USB endpoint [66] closed...
01-28 15:19:00.892 18030 18030 E libmtp  : [mtp_usb_mtp_finalize : 1270] -->****** [mtp_usb_mtp_finalize 1270] Updating the gInitializeFlag Flag to FALSE 
01-28 15:19:00.892 18030 18030 E libmtp  : [mtp_usb_mtp_finalize : 1273] -->****** [mtp_usb_mtp_finalize 1273] Calling mtp_stop_io 
01-28 15:19:00.895  3789 10362 D SamsungAlarmManager: Cancel Alarm calling from uid:5012 pid :12785 / op:PendingIntent{d6533b4: PendingIntentRecord{1a1b955 com.samsung.android.sm.devicesecurity broadcastIntent}}
01-28 15:19:00.898  3789  3789 W Looper  : Slow dispatch took 110ms main h=com.android.server.notification.NotificationManagerService$WorkerHandler c=com.android.server.notification.-$$Lambda$NotificationManagerService$NotificationListeners$Zsu32u2gOsCsEatsnnXTLoY37u0@cfbd720 m=0
01-28 15:19:00.898  3789  3789 W Looper  : Slow system_server main looper dispatch took 110ms  h=com.android.server.notification.NotificationManagerService$WorkerHandler c=com.android.server.notification.-$$Lambda$NotificationManagerService$NotificationListeners$Zsu32u2gOsCsEatsnnXTLoY37u0@cfbd720 m=0
01-28 15:19:00.901  5385 19239 V MediaProvider: !@start scanning 1 directories requested by com.samsung.android.MtpApplication: 7klwibgf7fvntblfd7(
01-28 15:19:00.913 14980 14980 I A       : Creating pss binder().
01-28 15:19:00.920  3789  3789 D MARsPolicyManager: Charging Mode is false
01-28 15:19:00.920  3789  3789 D NetworkPolicy: mChargingStateReceiver: newState(false), oldState(true)
01-28 15:19:00.924 14980 15288 I A       : Calling beginBinderSession().
01-28 15:19:00.925 15133 15256 I BrdcstRcvrMsgr: disconnect()
01-28 15:19:00.926  4611  4611 D BoundBrokerSvc: onRebind: Intent { act=com.google.android.gms.clearcut.bootcount.service.START cmp=com.google.android.gms/.chimera.PersistentBoundBrokerService }
01-28 15:19:00.926 15133 15256 E BrdcstRcvrMsgr: SvcConn: binder null, could not send broadcast of action
01-28 15:19:00.937  3789 12026 D SamsungAlarmManager: setInexact Intent (T:3/F:0/AC:false) 20320126T151900 - CU:10038/CP:4611
01-28 15:19:00.937  3789 12026 I SamsungAlarmManager: setLocked to kernel - T:2 / 20220128T152239, SetElapsed=1690756, nowELAPSED=1471929
01-28 15:19:00.937  3789 12026 I SamsungAlarmManager: setLocked to kernel - T:3 / 20220128T152000, SetElapsed=1530992, nowELAPSED=1471929
01-28 15:19:00.939  3789 10362 I SamsungAlarmManager: setLocked to kernel - T:2 / 20220128T152239, SetElapsed=1690756, nowELAPSED=1471931
01-28 15:19:00.939  3789 10362 I SamsungAlarmManager: setLocked to kernel - T:3 / 20220128T152000, SetElapsed=1530993, nowELAPSED=1471931
01-28 15:19:00.941 14980 15127 I MicroDetectionState: Should stop hotword detection immediately - true
01-28 15:19:00.944  3789  5228 I SamsungAlarmManager: setLocked to kernel - T:2 / 20220128T152239, SetElapsed=1690756, nowELAPSED=1471936
01-28 15:19:00.945  3789  5228 I SamsungAlarmManager: setLocked to kernel - T:3 / 20220128T151959, SetElapsed=1530992, nowELAPSED=1471937
01-28 15:19:00.951  3789  5228 D SamsungAlarmManager: setExact Intent (T:1/F:8/AC:false) 20220128T151910 - CU:1000/CP:5095
01-28 15:19:00.951  3789  5228 I SamsungAlarmManager: setLocked to kernel - T:2 / 20220128T152239, SetElapsed=1690756, nowELAPSED=1471943
01-28 15:19:00.951  3789  5228 I SamsungAlarmManager: setLocked to kernel - T:3 / 20220128T151910, SetElapsed=1481908, nowELAPSED=1471943
01-28 15:19:00.953  3287  3287 I Zygote  : Process 18030 exited due to signal (9)
01-28 15:19:00.961  3789 12806 I ActivityManager: Process com.samsung.android.MtpApplication (pid 18030) has died: fore SVC (163,1706)
01-28 15:19:00.962  3789  3863 W libprocessgroup: kill(-18030, 9) failed: No such process
01-28 15:19:00.962  3789  3863 I libprocessgroup: Successfully killed process cgroup uid 1000 pid 18030 in 0ms
01-28 15:19:00.963  4412  4437 D ForegroundUtils: could not check pending caller
01-28 15:19:00.985  5385 19239 D MediaProvider: mExternalStoragePaths: [/storage/emulated/0]
01-28 15:19:00.998  3789  5228 D ConnectivityService: filterNetworkStateForUid() uid: 10038, pid: 4611
01-28 15:19:00.998  3789  5228 D ConnectivityService: isNetworkWithLinkPropertiesBlocked: uid=10038, vpn=DISCONNECTED,false
01-28 15:19:00.998  3789  5228 D ConnectivityService: filterNetworkStateForUid() uid: 10038, pid: 4611, networkInfo: [type: WIFI[], state: CONNECTED/CONNECTED, reason: (unspecified), extra: (none), failover: false, available: true, roaming: false]
01-28 15:19:01.012  3789  5228 D ConnectivityService: filterNetworkStateForUid() uid: 10038, pid: 4611
01-28 15:19:01.012  3789  5228 D ConnectivityService: isNetworkWithLinkPropertiesBlocked: uid=10038, vpn=DISCONNECTED,false
01-28 15:19:01.013  3789  5228 D ConnectivityService: filterNetworkStateForUid() uid: 10038, pid: 4611, networkInfo: [type: WIFI[], state: CONNECTED/CONNECTED, reason: (unspecified), extra: (none), failover: false, available: true, roaming: false]
01-28 15:19:01.016  5674  5674 I SKBD    : and isTosAccept false
01-28 15:19:01.017  3789  5228 D SamsungAlarmManager: Cancel Alarm calling from uid:10038 pid :4611 / op:PendingIntent{e14df4e: PendingIntentRecord{9c4a87e com.google.android.gms broadcastIntent}}
01-28 15:19:01.019  3789  5228 I SamsungAlarmManager: setLocked to kernel - T:2 / 20220128T152239, SetElapsed=1690756, nowELAPSED=1472011
01-28 15:19:01.019  3789  5228 I SamsungAlarmManager: setLocked to kernel - T:3 / 20220128T151910, SetElapsed=1481909, nowELAPSED=1472011
01-28 15:19:01.020  4170  4361 D NetworkController.MobileSignalController(0/-2): onSignalStrengthsChanged signalStrength=SignalStrength: 22 99 -22 -200 -22 -200 -1 99 2147483647 2147483647 2147483647 2147483647 0 2147483647 22 52 -68 0x4 P gsm|lte use_rsrp_and_rssnr_for_lte_level  [-128, -118, -108, -98] [-115, -105, -95, -85] level=4
01-28 15:19:01.020  4170  4361 D NetworkController.MobileSignalController(0/-2): getMobileIconGroup(): 0
01-28 15:19:01.026  5385 19239 V PartialMediaScanner: processDirectory :  7klwibgf7fvntblfd7(
01-28 15:19:01.030  5385 19239 D MediaScanner: Skipping: 7klwibgf7fvntblfd7(7Budiwrd7dblb7
01-28 15:19:01.038  5385 19239 D MediaScanner:  prescan time: 34ms
01-28 15:19:01.038  5385 19239 D MediaScanner:     scan time: 7ms (makeEntry: 0ms ~0%), (parsing: 0ms ~0%), (bitmapDecoding: 0ms ~0%), (exifExtracting: 0ms ~0%), (sefExtracting: 0ms ~0%), (bulkInserting: 0ms ~0%)
01-28 15:19:01.038  5385 19239 D MediaScanner: postscan time: 5ms
01-28 15:19:01.038  5385 19239 D MediaScanner:    total time: 46ms
01-28 15:19:01.038  5385 19239 V MediaProvider: Checked Files:1 Dirs:18, I:0, U:0, D:0 (time: 46ms)
01-28 15:19:01.043  3789  5228 D ConnectivityService: filterNetworkStateForUid() uid: 10022, pid: 5385
01-28 15:19:01.043  3789  5228 D ConnectivityService: isNetworkWithLinkPropertiesBlocked: uid=10022, vpn=DISCONNECTED,false
01-28 15:19:01.043  3789  5228 D ConnectivityService: filterNetworkStateForUid() uid: 10022, pid: 5385, networkInfo: [type: WIFI[], state: CONNECTED/CONNECTED, reason: (unspecified), extra: (none), failover: false, available: true, roaming: false]
01-28 15:19:01.044  3789 10362 D ConnectivityService: filterNetworkStateForUid() uid: 10022, pid: 5385
01-28 15:19:01.044  3789 10362 D ConnectivityService: isNetworkWithLinkPropertiesBlocked: uid=10022, vpn=DISCONNECTED,false
01-28 15:19:01.044  3789 10362 D ConnectivityService: filterNetworkStateForUid() uid: 10022, pid: 5385, networkInfo: [type: WIFI[], state: CONNECTED/CONNECTED, reason: (unspecified), extra: (none), failover: false, available: true, roaming: false]
01-28 15:19:01.044  5385  5385 D FullLocationTask: mIsConnected: true
01-28 15:19:01.044  5385 19239 D FullLocationTask: SEC_FLOATING_FEATURE_GALLERY_CONFIG_IMAGE_TAGGER_VERSION: false
01-28 15:19:01.045  5385  6921 D FullLocationTask: run starting 
01-28 15:19:01.048  5385 19239 V MediaProvider: pruneThumbnails 
01-28 15:19:01.049  5385  6921 D FullLocationTask: it took 4ms
01-28 15:19:01.053  5385 19239 V MediaProvider: /pruneDeadThumbnailFiles... 
01-28 15:19:01.056  4137  4137 I CscUtil : D/CscUpdateService: sys.boot_completed is 1. Start update ringtone notification alarm
01-28 15:19:01.056  3789  3858 W BroadcastQueue: Background execution not allowed: receiving Intent { act=android.intent.action.MEDIA_SCANNER_FINISHED dat=file:///storage/emulated flg=0x10 } to com.samsung.android.calendar/com.samsung.android.app.calendarnotification.NotificationActionReceiver
01-28 15:19:01.056  4137  4137 I CscUtil : D/CscUpdateService: PREF_RINGTONE_SET return 3
01-28 15:19:01.056  4137  4137 I CscUtil : D/CscUpdateService: PREF_NOTIFICATION_SET return 3
01-28 15:19:01.056  4137  4137 I CscUtil : D/CscUpdateService: PREF_ALARMTONE_SET return 3
01-28 15:19:01.057  3789  3858 W BroadcastQueue: Background execution not allowed: receiving Intent { act=android.intent.action.MEDIA_SCANNER_FINISHED dat=file:///storage/emulated flg=0x10 } to com.samsung.cmh/.core.SystemBroadcastReceiver$CMHBroadcastReceiver
01-28 15:19:01.058  3789  3858 W BroadcastQueue: Background execution not allowed: receiving Intent { act=android.intent.action.MEDIA_SCANNER_FINISHED dat=file:///storage/emulated flg=0x10 } to com.samsung.visionprovider/.core.SystemBroadcastReceiver$StaticBroadcastReceiver
01-28 15:19:01.060  4137 19242 I CscParser: getCustomerPath : omc customer file can read
01-28 15:19:01.060  4137 19242 E CscParser: update(): /system/omc/ROM/customer.xml file exist
01-28 15:19:01.061  5385 19239 V MediaScannerService: !@done scanning directories
01-28 15:19:01.062  5385 19239 E MediaScannerService: Exception in handleMessage
01-28 15:19:01.062  5385 19239 E MediaScannerService: android.os.DeadObjectException
01-28 15:19:01.062  5385 19239 E MediaScannerService: 	at android.os.BinderProxy.transactNative(Native Method)
01-28 15:19:01.062  5385 19239 E MediaScannerService: 	at android.os.BinderProxy.transact(Binder.java:1145)
01-28 15:19:01.062  5385 19239 E MediaScannerService: 	at android.media.IMediaScannerListener$Stub$Proxy.scanCompleted(IMediaScannerListener.java:104)
01-28 15:19:01.062  5385 19239 E MediaScannerService: 	at com.android.providers.media.MediaScannerService$ServiceHandler.handleMessage(MediaScannerService.java:410)
01-28 15:19:01.062  5385 19239 E MediaScannerService: 	at android.os.Handler.dispatchMessage(Handler.java:106)
01-28 15:19:01.062  5385 19239 E MediaScannerService: 	at android.os.Looper.loop(Looper.java:214)
01-28 15:19:01.062  5385 19239 E MediaScannerService: 	at com.android.providers.media.MediaScannerService.run(MediaScannerService.java:274)
01-28 15:19:01.062  5385 19239 E MediaScannerService: 	at java.lang.Thread.run(Thread.java:764)
01-28 15:19:01.067  4137 19242 D CscParser: RingTone: null
01-28 15:19:01.067  4137 19242 W CSCSettings: Cannot fine carrier ringtone type : 1
01-28 15:19:01.067  4137 19242 D CSCSettings: Current carrier's ringtone is : 
01-28 15:19:01.073  4137 19242 D RingtoneManager: getActualDefaultRingtoneUri  type    :1
01-28 15:19:01.074  4944  4944 D io_stats: !@   8,0 r 45168 2802052 w 56056 1476548 d 3253 381260 f 7784 26186 iot 48092 40591 th 307200 0 0 pt 0 inp 0 0 1472.066
01-28 15:19:01.075  4137 19242 D RingtoneManager: Current soundfile is in internal storage
01-28 15:19:01.086  3789 10362 D SamsungAlarmManager: setInexact Intent (T:3/F:0/AC:false) 20220128T153027 - CU:10038/CP:4611
01-28 15:19:01.087  3789 10362 I SamsungAlarmManager: setLocked to kernel - T:2 / 20220128T152239, SetElapsed=1690756, nowELAPSED=1472079
01-28 15:19:01.087  3789 10362 I SamsungAlarmManager: setLocked to kernel - T:3 / 20220128T151910, SetElapsed=1481909, nowELAPSED=1472079
01-28 15:19:01.089  3323 13077 V APM_AudioPolicyManager: AudioPolicyManager:setRecordSilenced(uid:10022, silenced:0)
01-28 15:19:01.094  4611 18701 I NetworkScheduler.Stats: Task com.google.android.gms/com.google.android.gms.ipa.base.IpaGcmTaskService started execution. cause:9 exec_start_elapsed_seconds: 1472 [CONTEXT service_id=218 ]
01-28 15:19:01.095  3789 12806 D ConnectivityService: filterNetworkStateForUid() uid: 10038, pid: 4611
01-28 15:19:01.095  3789 12806 D ConnectivityService: isNetworkWithLinkPropertiesBlocked: uid=10038, vpn=DISCONNECTED,false
01-28 15:19:01.096  3789 12806 D ConnectivityService: filterNetworkStateForUid() uid: 10038, pid: 4611, networkInfo: [type: WIFI[], state: CONNECTED/CONNECTED, reason: (unspecified), extra: (none), failover: false, available: true, roaming: false]
01-28 15:19:01.101  4137 19242 I CscParser: getCustomerPath : omc customer file can read
01-28 15:19:01.102  4137 19242 E CscParser: update(): /system/omc/ROM/customer.xml file exist
01-28 15:19:01.102  4611  4611 D BoundBrokerSvc: onBind: Intent { act=com.google.android.gms.scheduler.ACTION_PROXY_SCHEDULE cmp=com.google.android.gms/.chimera.PersistentInternalBoundBrokerService }
01-28 15:19:01.102  4611  4611 D BoundBrokerSvc: Loading bound service for intent: Intent { act=com.google.android.gms.scheduler.ACTION_PROXY_SCHEDULE cmp=com.google.android.gms/.chimera.PersistentInternalBoundBrokerService }
01-28 15:19:01.104  3789 10362 D SamsungAlarmManager: Cancel Alarm calling from uid:10038 pid :4611 / op:PendingIntent{28c9c14: PendingIntentRecord{9c4a87e com.google.android.gms broadcastIntent}}
01-28 15:19:01.106  3789 10362 I SamsungAlarmManager: setLocked to kernel - T:2 / 20220128T152239, SetElapsed=1690756, nowELAPSED=1472098
01-28 15:19:01.106  3789 10362 I SamsungAlarmManager: setLocked to kernel - T:3 / 20220128T151910, SetElapsed=1481909, nowELAPSED=1472098
01-28 15:19:01.107  4137 19242 D CscParser: MessageTone: null
01-28 15:19:01.108  4137 19242 W CSCSettings: Cannot fine carrier ringtone type : 2
01-28 15:19:01.108  4137 19242 D CSCSettings: Current carrier's ringtone is : 
01-28 15:19:01.114  4137 19242 D RingtoneManager: getActualDefaultRingtoneUri  type    :2
01-28 15:19:01.115  4137 19242 D RingtoneManager: Current soundfile is in internal storage
01-28 15:19:01.127  4137 19242 I CscParser: getCustomerPath : omc customer file can read
01-28 15:19:01.127  4137 19242 E CscParser: update(): /system/omc/ROM/customer.xml file exist
01-28 15:19:01.131  3789  5228 D SamsungAlarmManager: setInexact Intent (T:3/F:0/AC:false) 20220128T153027 - CU:10038/CP:4611
01-28 15:19:01.131  3789  5228 I SamsungAlarmManager: setLocked to kernel - T:2 / 20220128T152239, SetElapsed=1690756, nowELAPSED=1472123
01-28 15:19:01.131  3789  5228 I SamsungAlarmManager: setLocked to kernel - T:3 / 20220128T151910, SetElapsed=1481909, nowELAPSED=1472123
01-28 15:19:01.133  4137 19242 D CscParser: AlarmTone: null
01-28 15:19:01.133  4137 19242 W CSCSettings: Cannot fine carrier ringtone type : 4
01-28 15:19:01.133  4137 19242 D CSCSettings: Current carrier's ringtone is : 
01-28 15:19:01.137  4611 18700 I NetworkScheduler.Stats: Task com.google.android.gms/com.google.android.gms.ipa.base.IpaGcmTaskService finished executing. cause:9 result: 1 elapsed_millis: 74 uptime_millis: 74 exec_start_elapsed_seconds: 1472 [CONTEXT service_id=218 ]
01-28 15:19:01.139  4137 19242 D RingtoneManager: getActualDefaultRingtoneUri  type    :4
01-28 15:19:01.141  4137 19242 D RingtoneManager: Current soundfile is in internal storage
01-28 15:19:01.159  3789 11785 D ConnectivityService: filterNetworkStateForUid() uid: 10038, pid: 4611
01-28 15:19:01.160  3789 11785 D ConnectivityService: isNetworkWithLinkPropertiesBlocked: uid=10038, vpn=DISCONNECTED,false
01-28 15:19:01.160  3789 11785 D ConnectivityService: filterNetworkStateForUid() uid: 10038, pid: 4611, networkInfo: [type: WIFI[], state: CONNECTED/CONNECTED, reason: (unspecified), extra: (none), failover: false, available: true, roaming: false]
01-28 15:19:01.162  3789 11785 D SamsungAlarmManager: Cancel Alarm calling from uid:10038 pid :4611 / op:PendingIntent{8e4bcbd: PendingIntentRecord{9c4a87e com.google.android.gms broadcastIntent}}
01-28 15:19:01.164  3789 11785 I SamsungAlarmManager: setLocked to kernel - T:2 / 20220128T152239, SetElapsed=1690756, nowELAPSED=1472156
01-28 15:19:01.164  3789 11785 I SamsungAlarmManager: setLocked to kernel - T:3 / 20220128T151910, SetElapsed=1481909, nowELAPSED=1472156
01-28 15:19:01.176  3789 11785 D SamsungAlarmManager: setInexact Intent (T:3/F:0/AC:false) 20220128T153027 - CU:10038/CP:4611
01-28 15:19:01.176  3789 11785 I SamsungAlarmManager: setLocked to kernel - T:2 / 20220128T152239, SetElapsed=1690756, nowELAPSED=1472168
01-28 15:19:01.176  3789 11785 I SamsungAlarmManager: setLocked to kernel - T:3 / 20220128T151910, SetElapsed=1481909, nowELAPSED=1472168
01-28 15:19:01.216  5674  5674 I SKBD    : and isTosAccept false
01-28 15:19:01.416  5674  5674 I chatty  : uid=10159(com.sec.android.inputmethod) identical 1 line
01-28 15:19:01.617  5674  5674 I SKBD    : and isTosAccept false
01-28 15:19:01.694  3789  3883 D UsbDeviceManager: handleMessage -> MSG_UPDATE_PORT_STATE
01-28 15:19:01.695  3789  3883 D UsbDeviceManager: mSupportsAllCombinations : false, mAudioAccessorySupported : false, mAudioAccessoryConnected : false
01-28 15:19:01.696  3789  3883 D UsbDeviceManager: updateUsbNotification(false) : mConnected = true, mConfigured = true, mCurrentFunctions = 5, mHostConnected = false, mSourcePower = false, mSinkPower = false, mUsbCharging = false, mUseUsbNotification = true
01-28 15:19:01.697  3789  3883 D UsbDeviceManager: updateUsbNotification, set mCurrentFunctionsForNoti : mtp
01-28 15:19:01.698  3789  3883 D DexObserverFW: isDexModeOn() : false
01-28 15:19:01.698  3789  3883 D DexObserverFW: isSemiDexModeOn() : false
01-28 15:19:01.699  3789  3883 D UsbDeviceManager: id=27, mUsbNotificationId=27, titleRes=17042102
01-28 15:19:01.700  3789  3883 D UsbDeviceManager: mEmergencyMode=false, mSourcePower=false
01-28 15:19:01.701  3789  3883 D UsbDeviceManager: handleMessage -> MSG_UPDATE_STATE connected = 0,configured = 0 mCurrentFunctions mtp,adb
01-28 15:19:01.702  3789  3883 D UsbDeviceManager: updateUsbNotification(false) : mConnected = false, mConfigured = false, mCurrentFunctions = 5, mHostConnected = false, mSourcePower = false, mSinkPower = false, mUsbCharging = false, mUseUsbNotification = true
01-28 15:19:01.703  3789  3883 D UsbDeviceManager: updateUsbNotification, set mCurrentFunctionsForNoti : mtp
01-28 15:19:01.703  3789  3883 D DexObserverFW: isDexModeOn() : false
01-28 15:19:01.704  3789  3883 D DexObserverFW: isSemiDexModeOn() : false
01-28 15:19:01.705  3789  3883 D UsbDeviceManager: id=0, mUsbNotificationId=27, titleRes=0
01-28 15:19:01.706  3789  3789 D EdgeLightingManager: isCallingUserSupported : callingUserId=-1, mUserId=0, isDualAppId=false
01-28 15:19:01.708  3789  3789 D LightsService: [api] [SvcLED] turnOff:: id = 4 (uid: 1000 pid: 3789) 
01-28 15:19:01.708  3789  3789 D PowerManagerUtil: fileWriteString to /sys/power/wake_lock, LightsService
01-28 15:19:01.708  3789  3789 D LightsService: [SvcLED] setSvcLedStateLocked:: SvcLEDState : 0x0 -> 0x0 | SvcLED(id=4:NOTIFICATIONS) set Off
01-28 15:19:01.711  3789  3892 D LightsService: [SvcLED] handleForcedSvcLEDTask()
01-28 15:19:01.711  3789  3892 D LightsService: [SvcLED]  setSvcLedLightLocked :: Current SvcLED(id=3:BATTERY) maintains its priority right
01-28 15:19:01.711  3789  3892 D PowerManagerUtil: fileWriteString to /sys/power/wake_unlock, LightsService
01-28 15:19:01.715  3789  3883 D UsbDeviceManager: updateUsbNotification : cancel id = 27
01-28 15:19:01.716  3789  3883 D UsbDeviceManager: updateUsbStateBroadcastIfNeeded functions 5
01-28 15:19:01.717  3789  3883 D UsbDeviceManager: updateUsbStateBroadcastIfNeeded remainingFunctions 5
01-28 15:19:01.717  3789  3883 D UsbDeviceManager: broadcasting Intent { act=android.hardware.usb.action.USB_STATE flg=0x31000000 (has extras) } extras: Bundle[{host_connected=false, connected=false, unlocked=true, config_changed=false, adb=true, mtp=true, configured=false}]
01-28 15:19:01.718  5245  5245 D Notification.Badge: [invalid] onNotificationRemoved : StatusBarNotification(pkg=android user=UserHandle{-1} id=27 tag=null key=-1|android|27|null|1000: Notification(channel=USB pri=0 contentView=null vibrate=null sound=null tick defaults=0x0 flags=0x2 color=0xff607d8b vis=PUBLIC semFlags=0x0 semPriority=0 semMissedCount=0))
01-28 15:19:01.719  3789  3883 D UsbDeviceManager: sending intent : ACTION_USB_STATE : connected = false, configured = false, mCurrentFunctions = 5, mHostConnected = false, configChanged = false
01-28 15:19:01.723  3789  3883 D KnoxCustomManagerService: getUsbConnectionTypeInternal(0)
01-28 15:19:01.723  3789  3883 E UsbDeviceManager: getPersistProp return value is : persist.sys.usb.config
01-28 15:19:01.724  3789  3883 D UsbDeviceManager: setEnabledFunctions functions=mtp,adb, forceRestart=false, usbDataUnlocked=true, mCurrentFunctions=mtp,adb
01-28 15:19:01.724  3789  3858 D StorageManagerService: getExternalStorageMountMode : 3
01-28 15:19:01.725  3789  3883 D UsbDeviceManager: setEnabledFunctions, before validation LONG[5]
01-28 15:19:01.725  3789  3883 D SecContentProvider: query(), uri = 17 selection = isUsbDebuggingEnabled
01-28 15:19:01.725  3789  3858 D StorageManagerService: getExternalStorageMountMode : 3
01-28 15:19:01.725  3789  3883 D SecContentProvider: called from android.uid.system:1000
01-28 15:19:01.726  3789  3858 D StorageManagerService: getExternalStorageMountMode : final mountMode=3, uid : 1000, packageName : com.samsung.android.MtpApplication
01-28 15:19:01.726  3789  3883 D RestrictionPolicy: isUsbDebuggingEnabled : true
01-28 15:19:01.726  3789  3858 I ApplicationPolicy: isApplicationExternalStorageWhitelisted:com.samsung.android.MtpApplication user:0
01-28 15:19:01.726  3789  3858 D ApplicationPolicy: isApplicationExternalStorageWhitelisted: DO is not enabled on user 0. Allowed.
01-28 15:19:01.726  3789  3858 D ActivityManager: package  com.samsung.android.MtpApplication, user - 0 is SDcard whitelisted
01-28 15:19:01.726  3789  3858 I ApplicationPolicy: isApplicationExternalStorageBlacklisted:com.samsung.android.MtpApplication user:0
01-28 15:19:01.726  3789  3858 D ApplicationPolicy: isApplicationExternalStorageBlacklisted: DO is not enabled on user 0. Allowed.
01-28 15:19:01.726  3789  3883 D UsbDeviceManager: policy : adb, restrict(allow) = true
01-28 15:19:01.726  3789  3858 I ApplicationPolicy: isApplicationExternalStorageBlacklisted:com.samsung.android.MtpApplication user:0
01-28 15:19:01.726  3789  3858 D ApplicationPolicy: isApplicationExternalStorageBlacklisted: DO is not enabled on user 0. Allowed.
01-28 15:19:01.727  3789  3883 D UsbDeviceManager: setEnabledFunctions, after validation STR[mtp,adb], LONG[5]
01-28 15:19:01.727  3789  3883 I UsbDeviceManager: trySetEnabledFunctions usbFunctions : mtp,adb, forceRestart : false mAdbEnabled : true
01-28 15:19:01.728  4170  4170 I StackScroller: ADJUST STACK.TRANSLATION
01-28 15:19:01.732  4170  4170 I chatty  : uid=10008(com.samsung.android.app.aodservice) com.android.systemui identical 1 line
01-28 15:19:01.733  4170  4170 I StackScroller: ADJUST STACK.TRANSLATION
01-28 15:19:01.750  3789  3862 I ActivityManager: Start proc 19243:com.samsung.android.MtpApplication/1000 for broadcast com.samsung.android.MtpApplication/.MtpReceiver
01-28 15:19:01.750 19243 19243 E Zygote  : isWhitelistProcess - Process is Whitelisted
01-28 15:19:01.754 19243 19243 E Zygote  : accessInfo : 1
01-28 15:19:01.769 19243 19243 E .MtpApplicatio: Not starting debugger since process cannot load the jdwp agent.
01-28 15:19:01.787  3789 11785 I ActivityManager: DSS on for com.samsung.android.MtpApplication and scale is 1.0
01-28 15:19:01.815 19243 19243 I .MtpApplicatio: The ClassLoaderContext is a special shared library.
01-28 15:19:01.818  5674  5674 I SKBD    : and isTosAccept false
01-28 15:19:01.840 19243 19243 D MTPRx   : In MtpReceiverandroid.hardware.usb.action.USB_STATE
01-28 15:19:01.846  3789 11785 D SecContentProvider2: query(), uri = 14 selection = getSealedUsbMassStorageState
01-28 15:19:01.854 19243 19243 I MTPRx   : isCtsappInstalled is  false
01-28 15:19:01.854 19243 19243 I MTPRx   : check value of boot_completed is1
01-28 15:19:01.854 19243 19243 D MTPRx   : in initializeSettingsValues
01-28 15:19:01.868 19243 19243 D MTPRx   : check booting is completed_sys.boot_completed
01-28 15:19:01.868 19243 19243 D MTPRx   :  inside getExternalStorageStatus
01-28 15:19:01.869 19243 19243 D VolumeInfo: VolumeInfo from Parcel: id private ,type 1 ,disk null
01-28 15:19:01.869 19243 19243 D VolumeInfo: VolumeInfo from Parcel: id emulated ,type 2 ,disk null
01-28 15:19:01.869 19243 19243 I MTPRx   : Storage Volume id : private
01-28 15:19:01.870 19243 19243 I MTPRx   : Storage Volume id : emulated
01-28 15:19:01.871 19243 19243 I MTPRx   : value of connected isfalse
01-28 15:19:01.871 19243 19243 I MTPRx   : value of configured isfalse
01-28 15:19:01.872 19243 19243 I MTPRx   : value of mtpEnabled istrue
01-28 15:19:01.872 19243 19243 I MTPRx   : value of ptpEnabled isfalse
01-28 15:19:01.872 19243 19243 I MTPRx   : value of sec_charging isfalse
01-28 15:19:01.872 19243 19243 I MTPRx   : value of usb_data_unlock istrue
01-28 15:19:01.872 19243 19243 I MTPRx   : value of configChanged isfalse
01-28 15:19:01.872 19243 19243 I MTPRx   : value of hostConnected isfalse
01-28 15:19:01.872 19243 19243 I MTPRx   : value of categoryEnabled isfalse
01-28 15:19:01.873 19243 19243 I MTPRx   : Received USB_STATE with sdCardLaunch = 0
01-28 15:19:01.873 19243 19243 E MTPRx   : Unexpected Disconnection. call usbRemoved.
01-28 15:19:01.874 19243 19243 D MTPRx   : MTP_RUNNING_STATUS = 0
01-28 15:19:01.875 19243 19243 D MTPRx   : battery status : Discharging
01-28 15:19:01.876 19243 19243 D MTPRx   : usb data role status : host [device]
01-28 15:19:01.876 19243 19243 D MTPRx   :  sendbooster is false!
01-28 15:19:01.876 19243 19243 E MTPRx   : configured is false
01-28 15:19:01.882  3789 11785 I ActivityManager: Killing 16145:com.facebook.appmanager/u0a186 (adj 906): empty #25
01-28 15:19:01.883  3789  3863 W libprocessgroup: kill(-16145, 9) failed: No such process
01-28 15:19:01.933  3789  3863 I chatty  : uid=1000(system) ActivityManager identical 8 lines
01-28 15:19:01.939  3789  3863 W libprocessgroup: kill(-16145, 9) failed: No such process
01-28 15:19:01.941  3288  3288 I Zygote  : Process 16145 exited due to signal (9)
01-28 15:19:01.943  4412  4437 D ForegroundUtils: could not check pending caller
01-28 15:19:01.944  3789  3863 W libprocessgroup: kill(-16145, 9) failed: No such process
01-28 15:19:01.945  3789  3863 I libprocessgroup: Successfully killed process cgroup uid 10186 pid 16145 in 61ms
01-28 15:19:02.019  5674  5674 I SKBD    : and isTosAccept false
01-28 15:19:02.420  5674  5674 I chatty  : uid=10159(com.sec.android.inputmethod) identical 2 lines
01-28 15:19:02.620  5674  5674 I SKBD    : and isTosAccept false
01-28 15:19:02.700  3349  3428 D DataRouter: dr_usb_deinit
01-28 15:19:02.700  3349  3428 D DataRouter: Initialise USB and start the thread
01-28 15:19:02.700  3349  3428 D DataRouter: dr_usb_init
01-28 15:19:02.701  3349  3428 E DataRouter: USB Interface is open with 0x7
01-28 15:19:02.701  3349  3428 D DataRouter: USB interface is now configured for usb_fd = 0x7
01-28 15:19:02.701  3349  3428 D DataRouter: monitor_data_of_usb
01-28 15:19:02.701  3349  3428 D DataRouter: USB monitor thread launched, usb_fd= 0x7
01-28 15:19:02.701  3349  3428 D DataRouter: Before the usb select
01-28 15:19:02.820  5674  5674 I SKBD    : and isTosAccept false
01-28 15:19:03.021  5674  5674 I SKBD    : and isTosAccept false
01-28 15:19:03.024  4170  4361 D NetworkController.MobileSignalController(0/-2): onSignalStrengthsChanged signalStrength=SignalStrength: 21 99 -21 -200 -21 -200 -1 99 2147483647 2147483647 2147483647 2147483647 0 2147483647 21 50 -70 0x4 P gsm|lte use_rsrp_and_rssnr_for_lte_level  [-128, -118, -108, -98] [-115, -105, -95, -85] level=4
01-28 15:19:03.024  4170  4361 D NetworkController.MobileSignalController(0/-2): getMobileIconGroup(): 0
01-28 15:19:03.056  3789  4043 I WifiVendorHal: getWifiLinkLayerStats(l.2973) before calling iface.getLinkLayerStats
01-28 15:19:03.057  3312  3312 I android.hardware.wifi@1.0-service: enter getLinkLayerStats
01-28 15:19:03.057  3312  3312 I android.hardware.wifi@1.0-service: enter getLinkLayerStatsInternal
01-28 15:19:03.106  3312  3312 I android.hardware.wifi@1.0-service: Successfully getLinkLayerStats.
01-28 15:19:03.106  3789  4043 I WifiVendorHal: getWifiLinkLayerStats(l.2973) after calling iface.getLinkLayerStats
01-28 15:19:03.128  3789  4043 I WifiStateMachine: checkScoreBasedQuality -  mPreviousScore[0]:108 mPreviousScore[1]:110 mPreviousScore[2]:110 s2Score:111mPrevoiusScoreAverage:109
01-28 15:19:03.221  5674  5674 I SKBD    : and isTosAccept false
01-28 15:19:03.823  5674  5674 I chatty  : uid=10159(com.sec.android.inputmethod) identical 3 lines
01-28 15:19:04.024  5674  5674 I SKBD    : and isTosAccept false
01-28 15:19:04.100  3326  3326 I SurfaceFlinger: SFWD update time=1475092291867
01-28 15:19:04.225  5674  5674 I SKBD    : and isTosAccept false
01-28 15:19:04.310  3789 11860 D WifiPermissionsUtil: canAccessScanResults: pkgName = com.sec.android.sdhms, uid = 1000
01-28 15:19:04.425  5674  5674 I SKBD    : and isTosAccept false
01-28 15:19:04.626  5674  5674 I chatty  : uid=10159(com.sec.android.inputmethod) identical 1 line
01-28 15:19:04.827  5674  5674 I SKBD    : and isTosAccept false
01-28 15:19:04.871  3323 13077 V APM_AudioPolicyManager: getAudioPolicyConfig: audioParam;outDevice
01-28 15:19:04.872  3323 13077 V APM_AudioPolicyManager: getNewOutputDevice() selected device 0
01-28 15:19:04.872  3323 13077 V APM_AudioPolicyManager: ### curdevice : 2
01-28 15:19:05.028  5674  5674 I SKBD    : and isTosAccept false
01-28 15:19:05.083  3323  3547 V APM_AudioPolicyManager: AudioPolicyManager:setRecordSilenced(uid:10062, silenced:1)
01-28 15:19:05.228  5674  5674 I SKBD    : and isTosAccept false
01-28 15:19:05.429  5674  5674 I chatty  : uid=10159(com.sec.android.inputmethod) identical 1 line
01-28 15:19:05.630  5674  5674 I SKBD    : and isTosAccept false
01-28 15:19:05.767  4457  4805 D EPDG -- EpdgSecChannelCallback: receive
01-28 15:19:05.767  4457  4805 D EPDG -- EpdgIpcMessageFactory: ipcMainCmd: 112
01-28 15:19:05.768  4457  4805 D EPDG -- SIM0 [RILRECEIVER]: [Rx]: Main: IPC_IIL_CMD Sub: IPC_IIL_SSAC_INFO
01-28 15:19:05.769  4457  4805 D EPDG -- SIM0 [RILRECEIVER]: [Rx]: Param: FF 00 00 FF 00 00 
01-28 15:19:05.769  4457  4805 D EPDG -- [NETIPCMESSAGE]: decodeIilSsacInfo()
01-28 15:19:05.769  4457  4805 E EPDG -- SIM0 [RILRECEIVER]: Incorrect EpdgIilIpcMessage IPC Message -- not initialized
01-28 15:19:05.772  4137  4707 E ImsAdaptorImpl: setSSACInfo : ImsAdaptorImpl.
01-28 15:19:05.774  4427  5330 D SsacManager: updateSSACInfo[0] : Voice(-1:0) Video(-1:0)
01-28 15:19:05.775  4427  5330 D SsacManager: Voice Call updateSSACInfo[0] : f[100], t[0]
01-28 15:19:05.775  4427  5330 D SsacManager: Video Call updateSSACInfo[0] : f[100], t[0]
01-28 15:19:05.779  4137  4707 E ImsAdaptorImpl: setSSACInfo : ImsAdaptorImpl.
01-28 15:19:05.779  4457  4805 D EPDG -- EpdgSecChannelCallback: receive
01-28 15:19:05.779  4457  4805 D EPDG -- EpdgIpcMessageFactory: ipcMainCmd: 112
01-28 15:19:05.780  4427  5330 D SsacManager: updateSSACInfo[0] : Voice(-1:0) Video(-1:0)
01-28 15:19:05.781  4427  5330 D SsacManager: Voice Call updateSSACInfo[0] : f[100], t[0]
01-28 15:19:05.781  4427  5330 D SsacManager: Video Call updateSSACInfo[0] : f[100], t[0]
01-28 15:19:05.782  4457  4805 D EPDG -- SIM0 [RILRECEIVER]: [Rx]: Main: IPC_IIL_CMD Sub: IPC_IIL_SSAC_INFO
01-28 15:19:05.782  4457  4805 D EPDG -- SIM0 [RILRECEIVER]: [Rx]: Param: FF 00 00 FF 00 00 
01-28 15:19:05.782  4457  4805 D EPDG -- [NETIPCMESSAGE]: decodeIilSsacInfo()
01-28 15:19:05.783  4457  4805 E EPDG -- SIM0 [RILRECEIVER]: Incorrect EpdgIilIpcMessage IPC Message -- not initialized
01-28 15:19:05.783  4457  4805 D EPDG -- EpdgSecChannelCallback: receive
01-28 15:19:05.784  4457  4805 D EPDG -- EpdgIpcMessageFactory: ipcMainCmd: 8
01-28 15:19:05.784  4457  4805 D EPDG -- SIM0 [RILRECEIVER]: [Rx]: Main: IPC_NET_CMD Sub: IPC_NET_REGIST
01-28 15:19:05.784  4457  4805 D EPDG -- SIM0 [RILRECEIVER]: [Rx]: Param: FF 03 
01-28 15:19:05.784  4457  4805 E EPDG -- SIM0 [RILRECEIVER]: RX [NET_REGIST] -- RESPONSE -- not initialized
01-28 15:19:05.785  4457  4805 D EPDG -- [NETIPCMESSAGE]: encodeNetRegist
01-28 15:19:05.786  4457  4805 D EPDG -- SIM0 [IPCDISPATCHER]: [Tx]: Main: IPC_NET_CMD Sub: IPC_NET_REGIST Cmd Type: IPC_CMD_RESP
01-28 15:19:05.786  4457  4805 D EPDG -- SIM0 [IPCDISPATCHER]: [Tx]: Param: 30 03 01 00 00 00 00 00 00 00 00 00 00 00 00 00 00 00 00 00 
01-28 15:19:05.787  4457  4804 D EPDG -- SIM0 [MODEM]: EpdgModemSender(): send
01-28 15:19:05.798  3789  4545 I KG.KnoxGuardService: call setNetRegistRejectCause. slotNum : 0, state : 0
01-28 15:19:05.820  4170  4361 D NetworkController.MobileSignalController(0/-2): onServiceStateChanged voiceState=2 dataState=2
01-28 15:19:05.824  4170  4361 D NetworkController: updateCarrierText : Emergency calls only, slotId = 0 numberOfSim = 0 airplane = false
01-28 15:19:05.824  4170  4361 D NetworkController: updateCarrierText final  : Emergency calls only
01-28 15:19:05.825  4170  4170 D KeyguardUpdateMonitor: updateCarrierTextInfo
01-28 15:19:05.828  4170  4170 D KeyguardClockPage: isNetworkRoamingState id=-2 roaming=false
01-28 15:19:05.828  4170  4170 D KeyguardClockPage: onRefreshCarrierInfo(pre, now): false, false
01-28 15:19:05.828  4170  4170 D CarrierText: updateCarrierText(): 0
01-28 15:19:05.829  4170  4361 D NetworkController.MobileSignalController(0/-2): getMobileIconGroup(): 0
01-28 15:19:05.830  4137  4137 D ServiceStateProvider: subId=-2
01-28 15:19:05.833  5674  5674 I SKBD    : and isTosAccept false
01-28 15:19:05.844  4137  4137 V PhoneGlobals: handleServiceStateChanged
01-28 15:19:05.845  4137  4137 D Telephony:SamsungTelephonyUIManager: updateNetworkSelection subid : -2
01-28 15:19:05.845  3789  4545 I ActivityManager: Killing 18739:com.samsung.android.ipsgeofence/5017 (adj 906): empty #25
01-28 15:19:05.847  3789  3863 W libprocessgroup: kill(-18739, 9) failed: No such process
01-28 15:19:05.847  4170  4170 D CarrierText: Getting plmn/spn/subId sticky brdcst  plmn : Emergency calls only, spn : , subId :-2
01-28 15:19:05.847  4170  4170 D CarrierText: plmn Of NetworkController Impl : Emergency calls only
01-28 15:19:05.848  4170  4170 D CarrierText: setText : No SIM card — Emergency calls only
01-28 15:19:05.848  4170  4170 D KeyguardUpdateMonitor: received broadcast android.intent.action.SERVICE_STATE
01-28 15:19:05.849  4170  4170 V KeyguardUpdateMonitor: action android.intent.action.SERVICE_STATE serviceState={mVoiceRegState=2(EMERGENCY_ONLY), mDataRegState=2(EMERGENCY_ONLY), mChannelNumber=-1, duplexMode()=0, mCellBandwidths=[], mVoiceRoamingType=home, mDataRoamingType=home, isManualNetworkSelection=false(automatic), mRilVoiceRadioTechnology=3(UMTS), mRilDataRadioTechnology=0(Unknown), mCssIndicator=unsupported, mCdmaRoamingIndicator=-1, mCdmaDefaultRoamingIndicator=-1, VoiceRegType=0, ImsVoiceAvail=0, IsEbSupport=2, IsEaBarred=0, Snap=0, MobileVoice=EMERGENCY_ONLY, MobileVoiceRat=UMTS, MobileData=EMERGENCY_ONLY, MobileDataRoamingType=home, MobileDataRat=Unknown PsOnly=false FemtocellInd=0 EndcStatus=0 RestrictDcnr=0 NrBearerStatus=0, mIsEmergencyOnly=true, mIsDataRoamingFromRegistration=false, mIsUsingCarrierAggregation=false, mLteEarfcnRsrpBoost=0, mNetworkRegistrationStates=[]} subId=-2
01-28 15:19:05.849  4170  4170 D Tile.AirplaneModeTile: onReceive: android.intent.action.SERVICE_STATE
01-28 15:19:05.854  3789  3863 W libprocessgroup: kill(-18739, 9) failed: No such process
01-28 15:19:05.856  9442  9442 I ORC/PermissionUtil: hasRequiredLegacyMsgPermissions done,Elapsed time : 17.103115 ms
01-28 15:19:05.856  9442  9442 D ORC/CbCmasReceiver: onReceive : action = android.intent.action.SERVICE_STATE
01-28 15:19:05.857  9442  9442 D ORC/MethodReflector: newFromBundle is called
01-28 15:19:05.857  9442  9442 D ORC/ScpmChannelUtil: getCurrentNetworkMCC() : 208
01-28 15:19:05.857  9442  9442 D ORC/CbCmasReceiver: handleRoamingCMAS : prevMCC = null, curMCC = 208, simSlot = 0
01-28 15:19:05.857  9442  9442 D ORC/ScpmChannelUtil: getCurrentNetworkMCC() : 208
01-28 15:19:05.857  9442  9442 D ORC/CmasUtil: isSupportGlobalPws : checkGlobalPwsChecked is UN_SUPPORT
01-28 15:19:05.857  9442  9442 D ORC/CbCmasReceiver: serviceState = 2
01-28 15:19:05.857  9442  9442 D ORC/CbCmasReceiver: handleRoamingCMAS : state is null or not in_svc
01-28 15:19:05.858 19087 19108 D InternalContentProvider: update_network_selection null
01-28 15:19:05.859 19087 19108 D InternalContentProvider: Take CarrierUiCallFunctions
01-28 15:19:05.859 19087 19108 D CarrierUiCallFunctions: call update_network_selection null Bundle[mParcelledData.dataSize=28]
01-28 15:19:05.859 19087 19108 V UT.Worker-General: schedule job 8942069
01-28 15:19:05.859 19087 19116 V UT.Worker-General: handle job 8942069
01-28 15:19:05.860  3789  3863 W libprocessgroup: kill(-18739, 9) failed: No such process
01-28 15:19:05.861  4170  4170 I StackScroller: ADJUST STACK.TRANSLATION
01-28 15:19:05.861  4137  4137 V PhoneGlobals: subId=-2,mDefaultDataSubId=-1,ss roaming=false
01-28 15:19:05.862  4137  4137 I Telephony: TelecomAccountRegistry$3: Receive ServiceStateChanged, {mVoiceRegState=2(EMERGENCY_ONLY), mDataRegState=2(EMERGENCY_ONLY), mChannelNumber=-1, duplexMode()=0, mCellBandwidths=[], mVoiceRoamingType=home, mDataRoamingType=home, isManualNetworkSelection=false(automatic), mRilVoiceRadioTechnology=3(UMTS), mRilDataRadioTechnology=0(Unknown), mCssIndicator=unsupported, mCdmaRoamingIndicator=-1, mCdmaDefaultRoamingIndicator=-1, VoiceRegType=0, ImsVoiceAvail=0, IsEbSupport=2, IsEaBarred=0, Snap=0, MobileVoice=EMERGENCY_ONLY, MobileVoiceRat=UMTS, MobileData=EMERGENCY_ONLY, MobileDataRoamingType=home, MobileDataRat=Unknown PsOnly=false FemtocellInd=0 EndcStatus=0 RestrictDcnr=0 NrBearerStatus=0, mIsEmergencyOnly=true, mIsDataRoamingFromRegistration=false, mIsUsingCarrierAggregation=false, mLteEarfcnRsrpBoost=0, mNetworkRegistrationStates=[]}
01-28 15:19:05.862  4137  4137 I Telephony: TelecomAccountRegistry$3: subId: -2, operatorAlphaShort: , voiceNetwokType: 3 -> 3, dataNetwokType: 0 -> 0
01-28 15:19:05.863  4170  4170 I StackScroller: ADJUST STACK.TRANSLATION
01-28 15:19:05.864 19087 19116 V UT.Worker-General: completed job 8942069
