01-28 15:21:55.322  3312  3312 I android.hardware.wifi@1.0-service: Successfully getLinkLayerStats.
01-28 15:21:55.323  3789  4043 I WifiVendorHal: getWifiLinkLayerStats(l.2973) after calling iface.getLinkLayerStats
01-28 15:21:55.354  3789  4043 I WifiStateMachine: checkScoreBasedQuality -  mPreviousScore[0]:122 mPreviousScore[1]:121 mPreviousScore[2]:121 s2Score:122mPrevoiusScoreAverage:121
01-28 15:21:55.388  5674  5674 I SKBD    : and isTosAccept false
01-28 15:21:55.525  3323 13077 V APM_AudioPolicyManager: getAudioPolicyConfig: audioParam;outDevice
01-28 15:21:55.525  3323 13077 V APM_AudioPolicyManager: getNewOutputDevice() selected device 0
01-28 15:21:55.525  3323 13077 V APM_AudioPolicyManager: ### curdevice : 2
01-28 15:21:55.588  5674  5674 I SKBD    : and isTosAccept false
01-28 15:21:55.789  5674  5674 I SKBD    : and isTosAccept false
01-28 15:21:55.879  4170  4170 D SecStatusBarWifiView: updateState: WifiIconState(resId=2131232632, visible=true, activityId=2131232657)
01-28 15:21:55.989  5674  5674 I SKBD    : and isTosAccept false
01-28 15:21:56.591  5674  5674 I chatty  : uid=10159(com.sec.android.inputmethod) identical 3 lines
01-28 15:21:56.791  5674  5674 I SKBD    : and isTosAccept false
01-28 15:21:56.882 18930 19033 V Benchmark_thread: The benchmarking thread 0 reached 290000 workload
01-28 15:21:56.992  5674  5674 I SKBD    : and isTosAccept false
01-28 15:21:57.996  5674  5674 I chatty  : uid=10159(com.sec.android.inputmethod) identical 5 lines
01-28 15:21:58.196  5674  5674 I SKBD    : and isTosAccept false
01-28 15:21:58.358  3789  4043 I WifiVendorHal: getWifiLinkLayerStats(l.2973) before calling iface.getLinkLayerStats
01-28 15:21:58.358  3312  3312 I android.hardware.wifi@1.0-service: enter getLinkLayerStats
01-28 15:21:58.359  3312  3312 I android.hardware.wifi@1.0-service: enter getLinkLayerStatsInternal
01-28 15:21:58.397  5674  5674 I SKBD    : and isTosAccept false
01-28 15:21:58.407  3312  3312 I android.hardware.wifi@1.0-service: Successfully getLinkLayerStats.
01-28 15:21:58.408  3789  4043 I WifiVendorHal: getWifiLinkLayerStats(l.2973) after calling iface.getLinkLayerStats
01-28 15:21:58.443  3789  4043 I WifiStateMachine: checkScoreBasedQuality -  mPreviousScore[0]:121 mPreviousScore[1]:121 mPreviousScore[2]:122 s2Score:122mPrevoiusScoreAverage:121
01-28 15:21:58.598  5674  5674 I SKBD    : and isTosAccept false
01-28 15:21:58.920  5095  5560 D SDHMS:s : SIOP:: AP:454(573,110) BAT:370(370,0) CHG:499(499,0) USB:352(352,0) PA:387(442,50) LRP:0(0,-999) ATC:0(0,-999) 
01-28 15:21:59.802  5674  5674 I chatty  : uid=10159(com.sec.android.inputmethod) identical 6 lines
01-28 15:22:00.000  3789  3989 D SamsungAlarmManager: Expired : 8
01-28 15:22:00.000  3789  3989 V SamsungAlarmManager: Sending to uid : 1000 action=android.intent.action.TIME_TICK alarm=Alarm{4c015d3 type 3 when 1650992 android}
01-28 15:22:00.002  3789  3989 V SamsungAlarmManager: Sending to uid : 10100 action=com.samsung.action.EVERY_MINUTE_CLOCK_UPDATE alarm=Alarm{94bf809 type 1 when 1643379720000 com.sec.android.app.launcher}
01-28 15:22:00.003  5674  5674 I SKBD    : and isTosAccept false
01-28 15:22:00.005  3789  3989 I SamsungAlarmManager: setLocked to kernel - T:2 / 20220128T152522, SetElapsed=1853305, nowELAPSED=1650997
01-28 15:22:00.006  3789  3789 D SamsungAlarmManager: setExact Intent (T:3/F:1/AC:false) 20220128T152300 - CU:1000/CP:3789
01-28 15:22:00.006  5245  5245 I LiveIconManager: onReceive: com.samsung.action.EVERY_MINUTE_CLOCK_UPDATE
01-28 15:22:00.006  3789  3789 I SamsungAlarmManager: setLocked to kernel - T:2 / 20220128T152522, SetElapsed=1853305, nowELAPSED=1650999
01-28 15:22:00.007  3789  3789 I SamsungAlarmManager: setLocked to kernel - T:3 / 20220128T152300, SetElapsed=1710992, nowELAPSED=1650999
01-28 15:22:00.009  4170  4170 D KeyguardUpdateMonitor: handleTimeUpdate
01-28 15:22:00.010  4170  4170 D KeyguardServiceBoxContainer: refreshTime() 1
01-28 15:22:00.016  3789  4204 D SamsungAlarmManager: setInexact Intent (T:1/F:0/AC:false) 20220128T152300 - CU:10100/CP:5245
01-28 15:22:00.017  3789  4204 I SamsungAlarmManager: setLocked to kernel - T:2 / 20220128T152522, SetElapsed=1853305, nowELAPSED=1651009
01-28 15:22:00.017  3789  4204 I SamsungAlarmManager: setLocked to kernel - T:3 / 20220128T152300, SetElapsed=1710992, nowELAPSED=1651009
01-28 15:22:00.019  4170  4170 D QSClockBellTower: He is ready to ring the bell. (((timeText:15:22, skipUpdateForDemo:false, dateText:Fri 28 January)))
01-28 15:22:00.020  4170  4170 D QSClock : status_bar_clock notifyTimeChanged(currentTime:15:22) mClockVisibleByPolicy:true, mClockVisibleByUser:true, visible?true, parent:android.widget.LinearLayout{b021d6b V.E...... ......ID 0,0-123,72 #7f0a02df app:id/left_clock_container}
01-28 15:22:00.020  4170  4170 D QSClockBellTower: Everyone heard the bell. run(currentTime:1643379720018,   getTime():Fri Jan 28 15:22:00 GMT+01:00 2022,   getTimeZone():libcore.util.ZoneInfo[id="Europe/Paris",mRawOffset=3600000,mEarliestRawOffset=0,mUseDst=true,mDstSavings=3600000,transitions=183])
01-28 15:22:00.032  4170  4170 I StackScroller: ADJUST STACK.TRANSLATION
01-28 15:22:00.051  4170  4170 I chatty  : uid=10008(com.samsung.android.app.aodservice) com.android.systemui identical 4 lines
01-28 15:22:00.052  4170  4170 I StackScroller: ADJUST STACK.TRANSLATION
01-28 15:22:00.204  5674  5674 I SKBD    : and isTosAccept false
01-28 15:22:01.007  5674  5674 I chatty  : uid=10159(com.sec.android.inputmethod) identical 4 lines
01-28 15:22:01.207  5674  5674 I SKBD    : and isTosAccept false
01-28 15:22:01.342  3789  4430 D BatteryService: Sending ACTION_BATTERY_CHANGED. scale:100, info:{.chargerAcOnline = false, .chargerUsbOnline = false, .chargerWirelessOnline = false, .maxChargingCurrent = 0, .maxChargingVoltage = 0, .batteryStatus = DISCHARGING, .batteryHealth = GOOD, .batteryPresent = true, .batteryLevel = 82, .batteryVoltage = 3966, .batteryTemperature = 376, .batteryCurrent = -1, .batteryCycleCount = 0, .batteryFullCharge = 3000000, .batteryChargeCounter = 2462610, .batteryTechnology = Li-ion}
01-28 15:22:01.342  3789  4430 D BatteryService: online:1, current avg:-1336, charge type:0, POGO powered:false, power sharing:false, high voltage charger:false, charger_type:0, capacity:280000, batterySWSelfDischarging:false, misc_event:65536, current_event:0, current_now:-1281
01-28 15:22:01.350  3789  3876 E KernelUidCpuTimeReader: cpu time over : cpu data for UID=10227!
01-28 15:22:01.350  3789  3876 E KernelUidCpuTimeReader: Time between reads: +1m30s317ms
01-28 15:22:01.350  3789  3876 E KernelUidCpuTimeReader: Previous times: u=+9m57s132ms s=+7s192ms
01-28 15:22:01.350  3789  3876 E KernelUidCpuTimeReader: Current times: u=+16m12s744ms s=+11s596ms
01-28 15:22:01.350  3789  3876 E KernelUidCpuTimeReader: Delta: u=+6m15s612ms s=+4s404ms
01-28 15:22:01.352  3789  3789 I MotionRecognitionService: On Battery, 0
01-28 15:22:01.352  3789  3789 D MotionRecognitionService:   mCableConnection= 0
01-28 15:22:01.353  3789  3789 D UsbDeviceManager: received ACTION_BATTERY_CHANGED
01-28 15:22:01.354  3789  3883 D UsbDeviceManager: handleMessage -> MSG_UPDATE_CHARGING_STATE = 0
01-28 15:22:01.355  3789  3883 D UsbDeviceManager: updateUsbNotification(false) : mConnected = false, mConfigured = false, mCurrentFunctions = 5, mHostConnected = false, mSourcePower = false, mSinkPower = false, mUsbCharging = false, mUseUsbNotification = true
01-28 15:22:01.355  3789  3883 D UsbDeviceManager: updateUsbNotification, set mCurrentFunctionsForNoti : mtp
01-28 15:22:01.356  3789  3883 D DexObserverFW: isDexModeOn() : false
01-28 15:22:01.356  3789  3883 D DexObserverFW: isSemiDexModeOn() : false
01-28 15:22:01.357  3789  3883 D UsbDeviceManager: id=0, mUsbNotificationId=0, titleRes=0
01-28 15:22:01.358  3789  4430 D PowerManagerUtil: Excessive delay in BatteryService : sendIntentLocked(): 16ms
01-28 15:22:01.358  3789  3887 D PowerManagerService: mDisplayReady: false
01-28 15:22:01.358  3789  3887 D DisplayPowerController: animateScreenStateChange: target=2, targetInternal=2, dualScreenPolicy=-1
01-28 15:22:01.358  3789  3887 D DisplayPowerController: getFinalBrightness : Summary is 120 -> 120
01-28 15:22:01.359  3789  3887 D PowerManagerService: DisplayPowerCallbacks : onStateChanged()
01-28 15:22:01.359  3789  3887 D PowerManagerService: mDisplayReady: true
01-28 15:22:01.359  4170  4170 D KeyguardUpdateMonitor: received broadcast android.intent.action.BATTERY_CHANGED
01-28 15:22:01.360  4170  4170 D KeyguardUpdateMonitor: handleBatteryUpdate
01-28 15:22:01.361  3789  3789 D GameManagerService: new battery level: 82
01-28 15:22:01.363  4137  4137 D BigDataInfoController: Intent : android.intent.action.BATTERY_CHANGED
01-28 15:22:01.365  4137  4137 D BigDataInfoController: Intent : android.intent.action.BATTERY_CHANGED
01-28 15:22:01.374  4170  4170 D PowerUI : priorPlugType = 0 mPlugType = 0 priorBatteryStatus = 3 mBatteryStatus = 3
01-28 15:22:01.374  4170  4170 D PowerUI : Battery swelling mode - priorBatterySwellingMode = 0 mBatterySwellingMode = 0
01-28 15:22:01.387  4170  4170 I StackScroller: ADJUST STACK.TRANSLATION
01-28 15:22:01.390  4170  4170 I chatty  : uid=10008(com.samsung.android.app.aodservice) com.android.systemui identical 1 line
01-28 15:22:01.391  4170  4170 I StackScroller: ADJUST STACK.TRANSLATION
01-28 15:22:01.408  5674  5674 I SKBD    : and isTosAccept false
01-28 15:22:01.444  3789  4043 I WifiVendorHal: getWifiLinkLayerStats(l.2973) before calling iface.getLinkLayerStats
01-28 15:22:01.444  3312  3312 I android.hardware.wifi@1.0-service: enter getLinkLayerStats
01-28 15:22:01.444  3312  3312 I android.hardware.wifi@1.0-service: enter getLinkLayerStatsInternal
01-28 15:22:01.491  3312  3312 I android.hardware.wifi@1.0-service: Successfully getLinkLayerStats.
01-28 15:22:01.491  3789  4043 I WifiVendorHal: getWifiLinkLayerStats(l.2973) after calling iface.getLinkLayerStats
01-28 15:22:01.512  3789  4043 I WifiStateMachine: checkScoreBasedQuality -  mPreviousScore[0]:121 mPreviousScore[1]:122 mPreviousScore[2]:122 s2Score:122mPrevoiusScoreAverage:121
01-28 15:22:01.609  5674  5674 I SKBD    : and isTosAccept false
01-28 15:22:03.816  5674  5674 I chatty  : uid=10159(com.sec.android.inputmethod) identical 11 lines
01-28 15:22:04.017  5674  5674 I SKBD    : and isTosAccept false
01-28 15:22:04.102  3326  3326 I SurfaceFlinger: SFWD update time=1655094345200
01-28 15:22:04.218  5674  5674 I SKBD    : and isTosAccept false
01-28 15:22:04.419  5674  5674 I SKBD    : and isTosAccept false
01-28 15:22:04.516  3789  4043 I WifiVendorHal: getWifiLinkLayerStats(l.2973) before calling iface.getLinkLayerStats
01-28 15:22:04.517  3312  3312 I android.hardware.wifi@1.0-service: enter getLinkLayerStats
01-28 15:22:04.517  3312  3312 I android.hardware.wifi@1.0-service: enter getLinkLayerStatsInternal
01-28 15:22:04.560  3312  3312 I android.hardware.wifi@1.0-service: Successfully getLinkLayerStats.
01-28 15:22:04.561  3789  4043 I WifiVendorHal: getWifiLinkLayerStats(l.2973) after calling iface.getLinkLayerStats
01-28 15:22:04.576  3789  4043 I WifiStateMachine: checkScoreBasedQuality -  mPreviousScore[0]:122 mPreviousScore[1]:122 mPreviousScore[2]:122 s2Score:121mPrevoiusScoreAverage:122
01-28 15:22:04.620  5674  5674 I SKBD    : and isTosAccept false
01-28 15:22:04.820  5674  5674 I SKBD    : and isTosAccept false
01-28 15:22:05.003  3789  3814 D WifiPermissionsUtil: canAccessScanResults: pkgName = com.sec.android.sdhms, uid = 1000
01-28 15:22:05.021  5674  5674 I SKBD    : and isTosAccept false
01-28 15:22:05.222  5674  5674 I chatty  : uid=10159(com.sec.android.inputmethod) identical 1 line
01-28 15:22:05.423  5674  5674 I SKBD    : and isTosAccept false
01-28 15:22:05.545  3323 13077 V APM_AudioPolicyManager: getAudioPolicyConfig: audioParam;outDevice
01-28 15:22:05.545  3323 13077 V APM_AudioPolicyManager: getNewOutputDevice() selected device 0
01-28 15:22:05.545  3323 13077 V APM_AudioPolicyManager: ### curdevice : 2
01-28 15:22:05.624  5674  5674 I SKBD    : and isTosAccept false
01-28 15:22:06.199  4944  4944 D io_stats: !@   8,0 r 45183 2802312 w 56325 1479016 d 3268 383832 f 7817 26291 iot 48200 40683 th 307200 0 0 pt 0 inp 0 0 1657.190
01-28 15:22:07.229  5674  5674 I chatty  : uid=10159(com.sec.android.inputmethod) identical 8 lines
01-28 15:22:07.430  5674  5674 I SKBD    : and isTosAccept false
01-28 15:22:07.579  3789  4043 I WifiVendorHal: getWifiLinkLayerStats(l.2973) before calling iface.getLinkLayerStats
01-28 15:22:07.580  3312  3312 I android.hardware.wifi@1.0-service: enter getLinkLayerStats
01-28 15:22:07.580  3312  3312 I android.hardware.wifi@1.0-service: enter getLinkLayerStatsInternal
01-28 15:22:07.629  3312  3312 I android.hardware.wifi@1.0-service: Successfully getLinkLayerStats.
01-28 15:22:07.630  3789  4043 I WifiVendorHal: getWifiLinkLayerStats(l.2973) after calling iface.getLinkLayerStats
01-28 15:22:07.631  5674  5674 I SKBD    : and isTosAccept false
01-28 15:22:07.662  3789  4043 I WifiStateMachine: checkScoreBasedQuality -  mPreviousScore[0]:122 mPreviousScore[1]:122 mPreviousScore[2]:121 s2Score:122mPrevoiusScoreAverage:121
01-28 15:22:07.832  5674  5674 I SKBD    : and isTosAccept false
01-28 15:22:08.032  5674  5674 I chatty  : uid=10159(com.sec.android.inputmethod) identical 1 line
01-28 15:22:08.233  5674  5674 I SKBD    : and isTosAccept false
01-28 15:22:08.319 18930 19035 V MainActivity:  Parsing battery output to look at line : Uid u0a227:
01-28 15:22:08.320 18930 19033 V MainActivity:  Parsing battery output to look at line : Uid u0a227:
01-28 15:22:08.333  3789  3876 I WifiService: getSupportedFeatures uid=1000
01-28 15:22:08.334  3789  4043 I WifiVendorHal: getWifiLinkLayerStats(l.2973) before calling iface.getLinkLayerStats
01-28 15:22:08.334 18930 19034 V MainActivity:  Parsing battery output to look at line : Uid u0a227:
01-28 15:22:08.334  3312  3312 I android.hardware.wifi@1.0-service: enter getLinkLayerStats
01-28 15:22:08.335  3312  3312 I android.hardware.wifi@1.0-service: enter getLinkLayerStatsInternal
01-28 15:22:08.337 18930 19036 V MainActivity:  Parsing battery output to look at line : Uid u0a227:
01-28 15:22:08.352  3312  3312 I android.hardware.wifi@1.0-service: Successfully getLinkLayerStats.
01-28 15:22:08.353  3789  4043 I WifiVendorHal: getWifiLinkLayerStats(l.2973) after calling iface.getLinkLayerStats
01-28 15:22:08.356  3789  3876 E BatteryExternalStatsWorker: no controller energy info supplied for bluetooth
01-28 15:22:08.379  3789  3876 D BatteryStatsImpl: !@ currentWifiRunningTimeMs : 15350 totalTimeMs : 3519 totalWifiRunningTimeMs :18869 batteryRealtimeMs :120058
01-28 15:22:08.379  3789  3876 I WifiService: getSupportedFeatures uid=1000
01-28 15:22:08.380  3789  4043 I WifiVendorHal: getWifiLinkLayerStats(l.2973) before calling iface.getLinkLayerStats
01-28 15:22:08.381  3312  3312 I android.hardware.wifi@1.0-service: enter getLinkLayerStats
01-28 15:22:08.381  3312  3312 I android.hardware.wifi@1.0-service: enter getLinkLayerStatsInternal
01-28 15:22:08.388 18930 19033 V MainActivity:  Parsing line : Battery History (0% used, 636 used of 512KB, 7 strings using 338):
01-28 15:22:08.388 18930 19033 V MainActivity:  Parsing line :                     0 (14) RESET:TIME: 2022-01-28-15-20-08
01-28 15:22:08.388 18930 19033 V MainActivity:  Parsing line :                     0 (1) 084 status=discharging health=good plug=none temp=339 volt=3985 current=-1394 ap_temp=56 pst_temp=50 bat_temp=34 chg_temp=48 pa_temp=42 -tx_share misc_event=65536 online=1 current_event=0 charge=2513 +running +wake_lock +wifi_multicast +screen phone_state=emergency phone_signal_strength=great brightness=medium +wifi_running +wifi wifi_signal_strength=4 wifi_suppl=completed +ble_scan
01-28 15:22:08.388 18930 19033 V MainActivity:  Parsing line :                     0 (2) 084 top=u0a227:"com.opportunistask.scheduling.benchmarking_app_to_test_big_cores"
01-28 15:22:08.388 18930 19033 V MainActivity:  Parsing line :                     0 (2) 084 user=0:"0"
01-28 15:22:08.388 18930 19033 V MainActivity:  Parsing line :                     0 (2) 084 userfg=0:"0"
01-28 15:22:08.388 18930 19033 V MainActivity:  Parsing line :                  +3ms (2) 084 stats=0:"wakelock-change"
01-28 15:22:08.388 18930 19033 V MainActivity:  Parsing line :                 +40ms (2) 084 stats=0:"dump"
01-28 15:22:08.388 18930 19033 V MainActivity:  Parsing line :              +3s966ms (2) 084 +wifi_radio wakeupap=1051:""
01-28 15:22:08.388 18930 19033 V MainActivity:  Parsing line :              +4s000ms (2) 084 stats=0:"wifi-data: active"
01-28 15:22:08.389 18930 19033 V MainActivity:  Parsing line :              +9s892ms (3) 084 current=-1384 ap_temp=56 pst_temp=52 bat_temp=34 chg_temp=48 pa_temp=42
01-28 15:22:08.389 18930 19033 V MainActivity:  Parsing line :             +18s993ms (2) 084 -wifi_radio stats=0:"wifi-data: inactive"
01-28 15:22:08.389 18930 19033 V MainActivity:  Parsing line :             +19s965ms (3) 084 current=-1381 ap_temp=56 pst_temp=53 bat_temp=34 chg_temp=48 pa_temp=42
01-28 15:22:08.389 18930 19033 V MainActivity:  Parsing line :             +22s695ms (2) 083 temp=357 charge=2498
01-28 15:22:08.389 18930 19033 V MainActivity:  Parsing line :                  Details: cpu=97690u+2940s
01-28 15:22:08.389 18930 19033 V MainActivity:  Parsing line :                           /proc/stat=97650 usr, 2000 sys, 10 io, 0 irq, 60 sirq, 83940 idle (54.3% of 30m 36s 600ms), PlatformIdleStat Empty
01-28 15:22:08.389 18930 19033 V MainActivity:  Parsing line : , SubsystemPowerState Empty
01-28 15:22:08.389 18930 19033 V MainActivity:  Parsing line :             +22s705ms (2) 083 stats=0:"wakelock-change"
01-28 15:22:08.389 18930 19033 V MainActivity:  Parsing line :             +23s967ms (2) 083 +wifi_radio wakeupap=1051:""
01-28 15:22:08.389 18930 19033 V MainActivity:  Parsing line :             +24s003ms (2) 083 stats=0:"wifi-data: active"
01-28 15:22:08.389 18930 19033 V MainActivity:  Parsing line :             +30s039ms (3) 083 current=-1369 ap_temp=56 pst_temp=54 bat_temp=35 chg_temp=48 pa_temp=43
01-28 15:22:08.389 18930 19033 V MainActivity:  Parsing line :             +38s994ms (2) 083 -wifi_radio stats=0:"wifi-data: inactive"
01-28 15:22:08.389 18930 19033 V MainActivity:  Parsing line :             +40s116ms (3) 083 current=-1371 ap_temp=56 pst_temp=55 bat_temp=35 chg_temp=48 pa_temp=43
01-28 15:22:08.389 18930 19033 V MainActivity:  Parsing line :             +43s970ms (2) 083 +wifi_radio wakeupap=1051:""
01-28 15:22:08.389 18930 19033 V MainActivity:  Parsing line :             +44s004ms (2) 083 stats=0:"wifi-data: active"
01-28 15:22:08.389 18930 19033 V MainActivity:  Parsing line :             +50s190ms (3) 083 current=-1367 ap_temp=56 pst_temp=55 bat_temp=35 chg_temp=49 pa_temp=43
01-28 15:22:08.389 18930 19033 V MainActivity:  Parsing line :             +52s793ms (1) 083 charge=2486
01-28 15:22:08.390 18930 19033 V MainActivity:  Parsing line :             +58s994ms (2) 083 -wifi_radio stats=0:"wifi-data: inactive"
01-28 15:22:08.390 18930 19033 V MainActivity:  Parsing line :           +1m00s257ms (3) 083 current=-1358 ap_temp=56 pst_temp=55 bat_temp=36 chg_temp=49 pa_temp=43
01-28 15:22:08.390 18930 19033 V MainActivity:  Parsing line :           +1m01s984ms (2) 083 +wifi_radio wakeupap=1051:""
01-28 15:22:08.390 18930 19033 V MainActivity:  Parsing line :           +1m01s992ms (2) 083 stats=0:"wifi-data: active"
01-28 15:22:08.390 18930 19033 V MainActivity:  Parsing line :           +1m10s331ms (3) 083 current=-1356 ap_temp=56 pst_temp=56 bat_temp=36 chg_temp=49 pa_temp=43
01-28 15:22:08.390 18930 19033 V MainActivity:  Parsing line :           +1m19s027ms (2) 083 -wifi_radio stats=0:"wifi-data: inactive"
01-28 15:22:08.390 18930 19033 V MainActivity:  Parsing line :           +1m20s395ms (3) 083 current=-1335 ap_temp=56 pst_temp=56 bat_temp=36 chg_temp=49 pa_temp=43
01-28 15:22:08.390 18930 19033 V MainActivity:  Parsing line :           +1m22s916ms (2) 083 temp=370 charge=2474
01-28 15:22:08.390 18930 19033 V MainActivity:  Parsing line :           +1m23s972ms (2) 083 +wifi_radio wakeupap=1051:""
01-28 15:22:08.390 18930 19033 V MainActivity:  Parsing line :           +1m24s005ms (2) 083 stats=0:"wifi-data: active"
01-28 15:22:08.390 18930 19033 V MainActivity:  Parsing line :           +1m30s470ms (3) 083 current=-1340 ap_temp=57 pst_temp=56 bat_temp=37 chg_temp=49 pa_temp=44
01-28 15:22:08.390 18930 19033 V MainActivity:  Parsing line :           +1m38s993ms (2) 083 -wifi_radio stats=0:"wifi-data: inactive"
01-28 15:22:08.390 18930 19033 V MainActivity:  Parsing line :           +1m40s422ms (2) 083 +wifi_radio wakeupap=1051:""
01-28 15:22:08.390 18930 19033 V MainActivity:  Parsing line :           +1m40s430ms (2) 083 stats=0:"wifi-data: active"
01-28 15:22:08.390 18930 19033 V MainActivity:  Parsing line :           +1m40s519ms (3) 083 current=-1333 ap_temp=57 pst_temp=56 bat_temp=37 chg_temp=49 pa_temp=43
01-28 15:22:08.391 18930 19033 V MainActivity:  Parsing line :           +1m50s600ms (3) 083 current=-1339 ap_temp=57 pst_temp=56 bat_temp=37 chg_temp=49 pa_temp=44
01-28 15:22:08.391 18930 19033 V MainActivity:  Parsing line :           +1m53s021ms (2) 082 charge=2462
01-28 15:22:08.391 18930 19033 V MainActivity:  Parsing line :                  Details: cpu=94960u+2680s
01-28 15:22:08.391 18930 19033 V MainActivity:  Parsing line :                           /proc/stat=94690 usr, 1930 sys, 0 io, 0 irq, 10 sirq, 83780 idle (53.6% of 30m 4s 100ms), PlatformIdleStat Empty
01-28 15:22:08.391 18930 19033 V MainActivity:  Parsing line : , SubsystemPowerState Empty
01-28 15:22:08.391 18930 19033 V MainActivity:  Parsing line :           +1m53s022ms (2) 082 stats=0:"wakelock-change"
01-28 15:22:08.391 18930 19033 V MainActivity:  Parsing line :           +2m00s045ms (2) 082 stats=0:"dump"
01-28 15:22:08.391 18930 19033 V MainActivity:  Parsing line : 
01-28 15:22:08.391 18930 19033 V MainActivity:  Parsing line : Per-PID Stats:
01-28 15:22:08.391 18930 19033 V MainActivity:  Parsing line :   PID 3789 wake time: +62ms
01-28 15:22:08.391 18930 19033 V MainActivity:  Parsing line :   PID 4137 wake time: +28ms
01-28 15:22:08.391 18930 19033 V MainActivity:  Parsing line :   PID 4611 wake time: +3ms
01-28 15:22:08.391 18930 19033 V MainActivity:  Parsing line :   PID 3789 wake time: +2ms
01-28 15:22:08.391 18930 19033 V MainActivity:  Parsing line : 
01-28 15:22:08.391 18930 19033 V MainActivity:  Parsing line : Discharge step durations:
01-28 15:22:08.391 18930 19033 V MainActivity:  Parsing line :   #0: +1m30s326ms to 82 (screen-on, power-save-off, device-idle-off)
01-28 15:22:08.391 18930 19033 V MainActivity:  Parsing line :   Estimated discharge time remaining: +2h3m26s732ms
01-28 15:22:08.391 18930 19033 V MainActivity:  Parsing line :   Estimated screen on time: 2h 30m 32s 600ms 
01-28 15:22:08.391 18930 19033 V MainActivity:  Parsing line : 
01-28 15:22:08.391 18930 19033 V MainActivity:  Parsing line : Daily stats:
01-28 15:22:08.391 18930 19033 V MainActivity:  Parsing line :   Current start time: 2022-01-28-04-22-15
01-28 15:22:08.392 18930 19033 V MainActivity:  Parsing line :   Next min deadline: 2022-01-29-01-00-00
01-28 15:22:08.392 18930 19033 V MainActivity:  Parsing line :   Next max deadline: 2022-01-29-03-00-00
01-28 15:22:08.392 18930 19033 V MainActivity:  Parsing line :   Current daily discharge step durations:
01-28 15:22:08.392 18930 19033 V MainActivity:  Parsing line :     #0: +1m30s326ms to 82 (screen-on, power-save-off, device-idle-off)
01-28 15:22:08.392 18930 19033 V MainActivity:  Parsing line :     #1: +1m0s203ms to 83 (screen-on, power-save-off, device-idle-off)
01-28 15:22:08.392 18930 19033 V MainActivity:  Parsing line :     #2: +1m0s183ms to 78 (screen-on, power-save-off, device-idle-off)
01-28 15:22:08.392 18930 19033 V MainActivity:  Parsing line :     #3: +1m0s188ms to 79 (screen-on, power-save-off, device-idle-off)
01-28 15:22:08.392 18930 19033 V MainActivity:  Parsing line :     #4: +1m30s332ms to 70 (screen-on, power-save-off, device-idle-off)
01-28 15:22:08.392 18930 19033 V MainActivity:  Parsing line :     #5: +1m0s180ms to 71 (screen-on, power-save-off, device-idle-off)
01-28 15:22:08.392 18930 19033 V MainActivity:  Parsing line :     #6: +2m0s461ms to 72 (screen-on, power-save-off, device-idle-off)
01-28 15:22:08.392 18930 19033 V MainActivity:  Parsing line :     #7: +1m0s224ms to 73 (screen-on, power-save-off, device-idle-off)
01-28 15:22:08.392 18930 19033 V MainActivity:  Parsing line :     #8: +1m30s314ms to 74 (screen-on, power-save-off, device-idle-off)
01-28 15:22:08.392 18930 19033 V MainActivity:  Parsing line :     #9: +1m0s188ms to 75 (screen-on, power-save-off, device-idle-off)
01-28 15:22:08.392 18930 19033 V MainActivity:  Parsing line :     #10: +1m0s193ms to 49 (screen-on, power-save-off, device-idle-off)
01-28 15:22:08.392 18930 19033 V MainActivity:  Parsing line :     #11: +4h0m3s25ms to 31 (screen-off, power-save-off, device-idle-on)
01-28 15:22:08.392 18930 19033 V MainActivity:  Parsing line :     #12: +4h0m2s936ms to 32 (screen-off, power-save-off, device-idle-on)
01-28 15:22:08.392 18930 19033 V MainActivity:  Parsing line :       Discharge total time: 2d 15h 17m 16s 500ms  (from 13 steps)
01-28 15:22:08.392 18930 19033 V MainActivity:  Parsing line :       Discharge screen off time: 16d 16h 4m 58s 0ms  (from 2 steps)
01-28 15:22:08.393 18930 19033 V MainActivity:  Parsing line :       Discharge screen off device idle time: 16d 16h 4m 58s 0ms  (from 2 steps)
01-28 15:22:08.393 18930 19033 V MainActivity:  Parsing line :       Discharge screen on time: 2h 3m 9s 0ms  (from 11 steps)
01-28 15:22:08.393 18930 19033 V MainActivity:  Parsing line :   Current daily charge step durations:
01-28 15:22:08.393 18930 19033 V MainActivity:  Parsing line :     #0: +1m20s971ms to 85 (screen-on, power-save-off, device-idle-off)
01-28 15:22:08.393 18930 19033 V MainActivity:  Parsing line :     #1: +1m10s948ms to 84 (screen-on, power-save-off, device-idle-off)
01-28 15:22:08.393 18930 19033 V MainActivity:  Parsing line :     #2: +1m0s818ms to 83 (screen-on, power-save-off, device-idle-off)
01-28 15:22:08.393 18930 19033 V MainActivity:  Parsing line :     #3: +1m0s760ms to 82 (screen-on, power-save-off, device-idle-off)
01-28 15:22:08.393 18930 19033 V MainActivity:  Parsing line :     #4: +7m17s423ms to 81 (power-save-off, device-idle-off)
01-28 15:22:08.393 18930 19033 V MainActivity:  Parsing line :     #5: +7m34s692ms to 80 (screen-on, power-save-off, device-idle-off)
01-28 15:22:08.393 18930 19033 V MainActivity:  Parsing line :     #6: +1m20s878ms to 81 (power-save-off, device-idle-off)
01-28 15:22:08.393 18930 19033 V MainActivity:  Parsing line :     #7: +1m0s601ms to 80 (power-save-off, device-idle-off)
01-28 15:22:08.393 18930 19033 V MainActivity:  Parsing line :     #8: +1m0s778ms to 79 (screen-on, power-save-off, device-idle-off)
01-28 15:22:08.393 18930 19033 V MainActivity:  Parsing line :     #9: +1m41s315ms to 75 (screen-on, power-save-off, device-idle-off)
01-28 15:22:08.393 18930 19033 V MainActivity:  Parsing line :     #10: +1m21s14ms to 74 (screen-on, power-save-off, device-idle-off)
01-28 15:22:08.393 18930 19033 V MainActivity:  Parsing line :     #11: +1m31s153ms to 73 (screen-on, power-save-off, device-idle-off)
01-28 15:22:08.393 18930 19033 V MainActivity:  Parsing line :     #12: +19m58s882ms to 72 (screen-on, power-save-off, device-idle-off)
01-28 15:22:08.394 18930 19033 V MainActivity:  Parsing line :     #13: +1m41s246ms to 77 (screen-on, power-save-off, device-idle-off)
01-28 15:22:08.394 18930 19033 V MainActivity:  Parsing line :     #14: +1m10s894ms to 76 (screen-on, power-save-off, device-idle-off)
01-28 15:22:08.394 18930 19033 V MainActivity:  Parsing line :     #15: +1m0s798ms to 75 (screen-on, power-save-off, device-idle-off)
01-28 15:22:08.394 18930 19033 V MainActivity:  Parsing line :     #16: +50s691ms to 74 (screen-on, power-save-off, device-idle-off)
01-28 15:22:08.394 18930 19033 V MainActivity:  Parsing line :     #17: +50s636ms to 73 (screen-on, power-save-off, device-idle-off)
01-28 15:22:08.394 18930 19033 V MainActivity:  Parsing line :     #18: +1m0s801ms to 72 (screen-on, power-save-off, device-idle-off)
01-28 15:22:08.394 18930 19033 V MainActivity:  Parsing line :     #19: +50s622ms to 71 (screen-on, power-save-off, device-idle-off)
01-28 15:22:08.394 18930 19033 V MainActivity:  Parsing line :     #20: +1m0s786ms to 70 (screen-on, power-save-off, device-idle-off)
01-28 15:22:08.394 18930 19033 V MainActivity:  Parsing line :     #21: +50s656ms to 69 (screen-on, power-save-off, device-idle-off)
01-28 15:22:08.394 18930 19033 V MainActivity:  Parsing line :     #22: +50s674ms to 68 (screen-on, power-save-off, device-idle-off)
01-28 15:22:08.394 18930 19033 V MainActivity:  Parsing line :     #23: +50s656ms to 67 (screen-on, power-save-off, device-idle-off)
01-28 15:22:08.394 18930 19033 V MainActivity:  Parsing line :     #24: +50s690ms to 66 (screen-on, power-save-off, device-idle-off)
01-28 15:22:08.394 18930 19033 V MainActivity:  Parsing line :     #25: +50s618ms to 65 (screen-on, power-save-off, device-idle-off)
01-28 15:22:08.394 18930 19033 V MainActivity:  Parsing line :     #26: +1m0s802ms to 64 (screen-on, power-save-off, device-idle-off)
01-28 15:22:08.394 18930 19033 V MainActivity:  Parsing line :     #27: +50s680ms to 63 (screen-on, power-save-off, device-idle-off)
01-28 15:22:08.394 18930 19033 V MainActivity:  Parsing line :     #28: +1m31s141ms to 62 (screen-on, power-save-off, device-idle-off)
01-28 15:22:08.394 18930 19033 V MainActivity:  Parsing line :     #29: +1m31s240ms to 61 (screen-on, power-save-off, device-idle-off)
01-28 15:22:08.394 18930 19033 V MainActivity:  Parsing line :     #30: +1m21s23ms to 60 (screen-on, power-save-off, device-idle-off)
01-28 15:22:08.395 18930 19033 V MainActivity:  Parsing line :     #31: +1m31s187ms to 59 (screen-on, power-save-off, device-idle-off)
01-28 15:22:08.395 18930 19033 V MainActivity:  Parsing line :     #32: +1m21s49ms to 58 (screen-on, power-save-off, device-idle-off)
01-28 15:22:08.395 18930 19033 V MainActivity:  Parsing line :     #33: +1m31s165ms to 57 (screen-on, power-save-off, device-idle-off)
01-28 15:22:08.395 18930 19033 V MainActivity:  Parsing line :     #34: +1m21s36ms to 56 (screen-on, power-save-off, device-idle-off)
01-28 15:22:08.395 18930 19033 V MainActivity:  Parsing line :     #35: +1m31s196ms to 55 (screen-on, power-save-off, device-idle-off)
01-28 15:22:08.395 18930 19033 V MainActivity:  Parsing line :     #36: +1m21s63ms to 54 (screen-on, power-save-off, device-idle-off)
01-28 15:22:08.395 18930 19033 V MainActivity:  Parsing line :     #37: +1m31s181ms to 53 (screen-on, power-save-off, device-idle-off)
01-28 15:22:08.395 18930 19033 V MainActivity:  Parsing line :     #38: +1m21s29ms to 52 (screen-on, power-save-off, device-idle-off)
01-28 15:22:08.396 18930 19033 V MainActivity:  Parsing line :     #39: +17m3s986ms to 51 (screen-on, power-save-off, device-idle-off)
01-28 15:22:08.396 18930 19033 V MainActivity:  Parsing line :     #40: +1m31s148ms to 51 (screen-on, power-save-off, device-idle-off)
01-28 15:22:08.396 18930 19033 V MainActivity:  Parsing line :     #41: +8m39s386ms to 50 (screen-on, power-save-off, device-idle-off)
01-28 15:22:08.396 18930 19033 V MainActivity:  Parsing line :     #42: +50s567ms to 48 (power-save-off, device-idle-off)
01-28 15:22:08.396 18930 19033 V MainActivity:  Parsing line :     #43: +40s576ms to 47 (screen-off, power-save-off, device-idle-off)
01-28 15:22:08.396 18930 19033 V MainActivity:  Parsing line :     #44: +50s660ms to 46 (screen-off, power-save-off, device-idle-off)
01-28 15:22:08.396 18930 19033 V MainActivity:  Parsing line :     #45: +40s521ms to 45 (screen-off, power-save-off, device-idle-off)
01-28 15:22:08.396 18930 19033 V MainActivity:  Parsing line :     #46: +50s640ms to 44 (screen-off, power-save-off, device-idle-off)
01-28 15:22:08.396 18930 19033 V MainActivity:  Parsing line :     #47: +40s524ms to 43 (screen-off, power-save-off, device-idle-off)
01-28 15:22:08.396 18930 19033 V MainActivity:  Parsing line :     #48: +50s669ms to 42 (screen-off, power-save-off, device-idle-off)
01-28 15:22:08.396 18930 19033 V MainActivity:  Parsing line :     #49: +50s651ms to 41 (screen-off, power-save-off, device-idle-off)
01-28 15:22:08.396 18930 19033 V MainActivity:  Parsing line :     #50: +40s523ms to 40 (screen-off, power-save-off, device-idle-off)
01-28 15:22:08.396 18930 19033 V MainActivity:  Parsing line :     #51: +50s653ms to 39 (screen-off, power-save-off, device-idle-off)
01-28 15:22:08.396 18930 19033 V MainActivity:  Parsing line :     #52: +40s495ms to 38 (screen-off, power-save-off, device-idle-off)
01-28 15:22:08.397 18930 19033 V MainActivity:  Parsing line :     #53: +50s667ms to 37 (screen-off, power-save-off, device-idle-off)
01-28 15:22:08.397 18930 19033 V MainActivity:  Parsing line :     #54: +40s545ms to 36 (screen-off, power-save-off, device-idle-off)
01-28 15:22:08.397 18930 19033 V MainActivity:  Parsing line :     #55: +50s612ms to 35 (power-save-off, device-idle-off)
01-28 15:22:08.397 18930 19033 V MainActivity:  Parsing line :     #56: +50s664ms to 34 (screen-on, power-save-off, device-idle-off)
01-28 15:22:08.397 18930 19033 V MainActivity:  Parsing line :       Charge total time: 3h 24m 35s 900ms  (from 57 steps)
01-28 15:22:08.397 18930 19033 V MainActivity:  Parsing line :       Charge screen off time: 1h 15m 59s 300ms  (from 12 steps)
01-28 15:22:08.397 18930 19033 V MainActivity:  Parsing line :       Charge screen on time: 4h 0m 25s 100ms  (from 40 steps)
01-28 15:22:08.397 18930 19033 V MainActivity:  Parsing line :     Package changes:
01-28 15:22:08.397 18930 19033 V MainActivity:  Parsing line :       Update com.opportunistask.scheduling.benchmarking_app_to_test_big_cores vers=0
01-28 15:22:08.397 18930 19033 V MainActivity:  Parsing line :       Update com.opportunistask.scheduling.benchmarking_app_to_test_big_cores vers=1
01-28 15:22:08.397 18930 19033 V MainActivity:  Parsing line :       Update com.opportunistask.scheduling.benchmarking_app_to_test_big_cores vers=0
01-28 15:22:08.397 18930 19033 V MainActivity:  Parsing line :       Update com.opportunistask.scheduling.benchmarking_app_to_test_big_cores vers=1
01-28 15:22:08.397 18930 19033 V MainActivity:  Parsing line :       Update com.opportunistask.scheduling.benchmarking_app_to_test_big_cores vers=0
01-28 15:22:08.397 18930 19033 V MainActivity:  Parsing line :       Update com.opportunistask.scheduling.benchmarking_app_to_test_big_cores vers=1
01-28 15:22:08.397 18930 19033 V MainActivity:  Parsing line :       Update com.opportunistask.scheduling.benchmarking_app_to_test_big_cores vers=0
01-28 15:22:08.397 18930 19033 V MainActivity:  Parsing line :       Update com.opportunistask.scheduling.benchmarking_app_to_test_big_cores vers=1
01-28 15:22:08.397 18930 19033 V MainActivity:  Parsing line :       Update com.opportunistask.scheduling.benchmarking_app_to_test_big_cores vers=0
01-28 15:22:08.397 18930 19033 V MainActivity:  Parsing line :       Update com.opportunistask.scheduling.benchmarking_app_to_test_big_cores vers=1
01-28 15:22:08.397 18930 19033 V MainActivity:  Parsing line :       Update com.opportunistask.scheduling.benchmarking_app_to_test_big_cores vers=0
01-28 15:22:08.398 18930 19033 V MainActivity:  Parsing line :       Update com.opportunistask.scheduling.benchmarking_app_to_test_big_cores vers=1
01-28 15:22:08.398 18930 19033 V MainActivity:  Parsing line :       Update com.android.vending vers=82891210
01-28 15:22:08.398 18930 19033 V MainActivity:  Parsing line :       Update com.android.vending vers=82891210
01-28 15:22:08.398 18930 19033 V MainActivity:  Parsing line :       Update com.opportunistask.scheduling.benchmarking_app_to_test_big_cores vers=0
01-28 15:22:08.398 18930 19033 V MainActivity:  Parsing line :       Update com.opportunistask.scheduling.benchmarking_app_to_test_big_cores vers=1
01-28 15:22:08.398 18930 19033 V MainActivity:  Parsing line :       Update com.google.android.googlequicksearchbox vers=301183160
01-28 15:22:08.398 18930 19033 V MainActivity:  Parsing line :       Update com.google.android.googlequicksearchbox vers=301183160
01-28 15:22:08.398 18930 19033 V MainActivity:  Parsing line :       Update com.opportunistask.scheduling.benchmarking_app_to_test_big_cores vers=0
01-28 15:22:08.398 18930 19033 V MainActivity:  Parsing line :       Update com.opportunistask.scheduling.benchmarking_app_to_test_big_cores vers=1
01-28 15:22:08.398 18930 19033 V MainActivity:  Parsing line :       Update com.opportunistask.scheduling.benchmarking_app_to_test_big_cores vers=0
01-28 15:22:08.398 18930 19033 V MainActivity:  Parsing line :       Update com.opportunistask.scheduling.benchmarking_app_to_test_big_cores vers=1
01-28 15:22:08.398 18930 19033 V MainActivity:  Parsing line :       Update com.opportunistask.scheduling.benchmarking_app_to_test_big_cores vers=0
01-28 15:22:08.398 18930 19033 V MainActivity:  Parsing line :       Update com.opportunistask.scheduling.benchmarking_app_to_test_big_cores vers=1
01-28 15:22:08.398 18930 19033 V MainActivity:  Parsing line :   Daily from 2022-01-27-03-55-19 to 2022-01-28-04-22-15:
01-28 15:22:08.398 18930 19033 V MainActivity:  Parsing line :     Discharge step durations:
01-28 15:22:08.398 18930 19033 V MainActivity:  Parsing line :       #0: +3h37m51s913ms to 34 (screen-off, power-save-off, device-idle-on)
01-28 15:22:08.398 18930 19033 V MainActivity:  Parsing line :       #1: +4h0m3s979ms to 35 (screen-off, power-save-off, device-idle-on)
01-28 15:22:08.398 18930 19033 V MainActivity:  Parsing line :       #2: +3h39m4s97ms to 36 (screen-off, power-save-off, device-idle-on)
01-28 15:22:08.398 18930 19033 V MainActivity:  Parsing line :       #3: +4h43m22s44ms to 37 (screen-off, power-save-off, device-idle-on)
01-28 15:22:08.398 18930 19033 V MainActivity:  Parsing line :       #4: +4h4m18s968ms to 38 (screen-off, power-save-off, device-idle-on)
01-28 15:22:08.399 18930 19033 V MainActivity:  Parsing line :         Discharge total time: 16d 17h 33m 40s 0ms  (from 5 steps)
01-28 15:22:08.399 18930 19033 V MainActivity:  Parsing line :         Discharge screen off time: 16d 17h 33m 40s 0ms  (from 5 steps)
01-28 15:22:08.399 18930 19033 V MainActivity:  Parsing line :         Discharge screen off device idle time: 16d 17h 33m 40s 0ms  (from 5 steps)
01-28 15:22:08.399 18930 19033 V MainActivity:  Parsing line :   Daily from 2022-01-26-05-57-08 to 2022-01-27-03-55-19:
01-28 15:22:08.399 18930 19033 V MainActivity:  Parsing line :     Discharge step durations:
01-28 15:22:08.399 18930 19033 V MainActivity:  Parsing line :       #0: +1m0s164ms to 25 (screen-on, power-save-off, device-idle-off)
01-28 15:22:08.399 18930 19033 V MainActivity:  Parsing line :       #1: +1m0s158ms to 22 (screen-on, power-save-off, device-idle-off)
01-28 15:22:08.399 18930 19033 V MainActivity:  Parsing line :       #2: +30s82ms to 23 (screen-on, power-save-off, device-idle-off)
01-28 15:22:08.399 18930 19033 V MainActivity:  Parsing line :       #3: +3h38m7s117ms to 19 (screen-off, power-save-off, device-idle-on)
01-28 15:22:08.399 18930 19033 V MainActivity:  Parsing line :       #4: +4h36m43s991ms to 20 (screen-off, power-save-off, device-idle-on)
01-28 15:22:08.399 18930 19033 V MainActivity:  Parsing line :         Discharge total time: 6d 21h 47m 10s 200ms  (from 5 steps)
01-28 15:22:08.399 18930 19033 V MainActivity:  Parsing line :         Discharge screen off time: 17d 4h 22m 35s 400ms  (from 2 steps)
01-28 15:22:08.399 18930 19033 V MainActivity:  Parsing line :         Discharge screen off device idle time: 17d 4h 22m 35s 400ms  (from 2 steps)
01-28 15:22:08.399 18930 19033 V MainActivity:  Parsing line :         Discharge screen on time: 1h 23m 33s 400ms  (from 3 steps)
01-28 15:22:08.399 18930 19033 V MainActivity:  Parsing line :     Charge step durations:
01-28 15:22:08.399 18930 19033 V MainActivity:  Parsing line :       #0: +1m51s15ms to 41 (screen-on, power-save-off, device-idle-off)
01-28 15:22:08.399 18930 19033 V MainActivity:  Parsing line :       #1: +50s666ms to 39 (screen-on, power-save-off, device-idle-off)
01-28 15:22:08.399 18930 19033 V MainActivity:  Parsing line :       #2: +40s550ms to 38 (screen-on, power-save-off, device-idle-off)
01-28 15:22:08.399 18930 19033 V MainActivity:  Parsing line :       #3: +50s679ms to 37 (screen-on, power-save-off, device-idle-off)
01-28 15:22:08.399 18930 19033 V MainActivity:  Parsing line :       #4: +7m25s210ms to 36 (screen-on, power-save-off, device-idle-off)
01-28 15:22:08.399 18930 19033 V MainActivity:  Parsing line :       #5: +1m30s997ms to 34 (screen-on, power-save-off, device-idle-off)
01-28 15:22:08.399 18930 19033 V MainActivity:  Parsing line :       #6: +1m31s87ms to 33 (screen-on, power-save-off, device-idle-off)
01-28 15:22:08.400 18930 19033 V MainActivity:  Parsing line :       #7: +1m20s696ms to 32 (screen-on, power-save-off, device-idle-off)
01-28 15:22:08.400 18930 19033 V MainActivity:  Parsing line :       #8: +1m30s772ms to 31 (screen-on, power-save-off, device-idle-off)
01-28 15:22:08.400 18930 19033 V MainActivity:  Parsing line :       #9: +1m41s122ms to 30 (screen-on, power-save-off, device-idle-off)
01-28 15:22:08.400 18930 19033 V MainActivity:  Parsing line :       #10: +1m20s979ms to 29 (screen-on, power-save-off, device-idle-off)
01-28 15:22:08.400 18930 19033 V MainActivity:  Parsing line :       #11: +1m21s69ms to 28 (screen-on, power-save-off, device-idle-off)
01-28 15:22:08.400 18930 19033 V MainActivity:  Parsing line :       #12: +9m3s388ms to 27 (screen-on, power-save-off, device-idle-off)
01-28 15:22:08.400 18930 19033 V MainActivity:  Parsing line :       #13: +1m21s63ms to 27 (screen-on, power-save-off, device-idle-off)
01-28 15:22:08.400 18930 19033 V MainActivity:  Parsing line :       #14: +1m31s169ms to 26 (screen-on, power-save-off, device-idle-off)
01-28 15:22:08.400 18930 19033 V MainActivity:  Parsing line :       #15: +1m10s907ms to 25 (screen-on, power-save-off, device-idle-off)
01-28 15:22:08.400 18930 19033 V MainActivity:  Parsing line :       #16: +11m20s630ms to 24 (screen-on, power-save-off, device-idle-off)
01-28 15:22:08.400 18930 19033 V MainActivity:  Parsing line :       #17: +2m11s97ms to 24 (screen-on, power-save-off, device-idle-off)
01-28 15:22:08.400 18930 19033 V MainActivity:  Parsing line :       #18: +1m30s832ms to 23 (screen-on, power-save-off, device-idle-off)
01-28 15:22:08.400 18930 19033 V MainActivity:  Parsing line :       #19: +50s629ms to 22 (power-save-off, device-idle-off)
01-28 15:22:08.400 18930 19033 V MainActivity:  Parsing line :         Charge total time: 4h 14m 32s 700ms  (from 20 steps)
01-28 15:22:08.400 18930 19033 V MainActivity:  Parsing line :         Charge screen on time: 4h 23m 30s 100ms  (from 19 steps)
01-28 15:22:08.400 18930 19033 V MainActivity:  Parsing line :     Package changes:
01-28 15:22:08.400 18930 19033 V MainActivity:  Parsing line :       Update com.opportunistask.scheduling.benchmarking_app_to_test_big_cores vers=0
01-28 15:22:08.400 18930 19033 V MainActivity:  Parsing line :       Update com.opportunistask.scheduling.benchmarking_app_to_test_big_cores vers=1
01-28 15:22:08.400 18930 19033 V MainActivity:  Parsing line :       Update com.opportunistask.scheduling.benchmarking_app_to_test_big_cores vers=0
01-28 15:22:08.400 18930 19033 V MainActivity:  Parsing line :       Update com.opportunistask.scheduling.benchmarking_app_to_test_big_cores vers=1
01-28 15:22:08.400 18930 19033 V MainActivity:  Parsing line :       Update com.opportunistask.scheduling.benchmarking_app_to_test_big_cores vers=0
01-28 15:22:08.400 18930 19033 V MainActivity:  Parsing line :       Update com.opportunistask.scheduling.benchmarking_app_to_test_big_cores vers=1
01-28 15:22:08.400 18930 19033 V MainActivity:  Parsing line :       Update com.opportunistask.scheduling.benchmarking_app_to_test_big_cores vers=0
01-28 15:22:08.400 18930 19033 V MainActivity:  Parsing line :       Update com.opportunistask.scheduling.benchmarking_app_to_test_big_cores vers=1
01-28 15:22:08.400 18930 19033 V MainActivity:  Parsing line :       Update com.opportunistask.scheduling.benchmarking_app_to_test_big_cores vers=0
01-28 15:22:08.400 18930 19033 V MainActivity:  Parsing line :       Update com.opportunistask.scheduling.benchmarking_app_to_test_big_cores vers=1
01-28 15:22:08.400 18930 19033 V MainActivity:  Parsing line :       Update com.opportunistask.scheduling.benchmarking_app_to_test_big_cores vers=0
01-28 15:22:08.400 18930 19033 V MainActivity:  Parsing line :       Update com.opportunistask.scheduling.benchmarking_app_to_test_big_cores vers=1
01-28 15:22:08.401 18930 19033 V MainActivity:  Parsing line :   Daily from 2022-01-25-03-17-10 to 2022-01-26-05-57-08:
01-28 15:22:08.401 18930 19033 V MainActivity:  Parsing line :     Discharge step durations:
01-28 15:22:08.401 18930 19033 V MainActivity:  Parsing line :       #0: +2h4m48s101ms to 22 (screen-off, power-save-off, device-idle-on)
01-28 15:22:08.401 18930 19033 V MainActivity:  Parsing line :       #1: +1h55m13s869ms to 23 (screen-off, power-save-off, device-idle-on)
01-28 15:22:08.401 18930 19033 V MainActivity:  Parsing line :       #2: +2h0m2s116ms to 24 (screen-off, power-save-off, device-idle-on)
01-28 15:22:08.401 18930 19033 V MainActivity:  Parsing line :       #3: +2h2m4s755ms to 25 (screen-off, power-save-off, device-idle-on)
01-28 15:22:08.401 18930 19033 V MainActivity:  Parsing line :       #4: +57m57s193ms to 26 (screen-off, power-save-off, device-idle-on)
01-28 15:22:08.401 18930 19033 V MainActivity:  Parsing line :       #5: +2h0m23s31ms to 27 (screen-off, power-save-off, device-idle-on)
01-28 15:22:08.401 18930 19033 V MainActivity:  Parsing line :       #6: +1h59m40s961ms to 28 (screen-off, power-save-off, device-idle-on)
01-28 15:22:08.401  3312  3312 I android.hardware.wifi@1.0-service: Successfully getLinkLayerStats.
01-28 15:22:08.402  3789  4043 I WifiVendorHal: getWifiLinkLayerStats(l.2973) after calling iface.getLinkLayerStats
01-28 15:22:08.405  3789  3876 E BatteryExternalStatsWorker: no controller energy info supplied for bluetooth
01-28 15:22:08.409 18930 19033 V MainActivity:  Parsing line :       #7: +2h0m2s4ms to 29 (screen-off, power-save-off, device-idle-on)
01-28 15:22:08.409 18930 19033 V MainActivity:  Parsing line :       #8: +2h0m1s998ms to 30 (screen-off, power-save-off, device-idle-on)
01-28 15:22:08.409 18930 19033 V MainActivity:  Parsing line :       #9: +2h12m12s113ms to 31 (screen-off, power-save-off, device-idle-on)
01-28 15:22:08.409 18930 19033 V MainActivity:  Parsing line :       #10: +3h27m29s989ms to 32 (screen-off, power-save-off, device-idle-on)
01-28 15:22:08.409 18930 19033 V MainActivity:  Parsing line :         Discharge total time: 8d 14h 3m 3s 0ms  (from 11 steps)
01-28 15:22:08.409 18930 19033 V MainActivity:  Parsing line :         Discharge screen off time: 8d 14h 3m 3s 0ms  (from 11 steps)
01-28 15:22:08.409 18930 19033 V MainActivity:  Parsing line :         Discharge screen off device idle time: 8d 14h 3m 3s 0ms  (from 11 steps)
01-28 15:22:08.409 18930 19033 V MainActivity:  Parsing line :   Daily from 2022-01-24-04-43-12 to 2022-01-25-03-17-10:
01-28 15:22:08.409 18930 19033 V MainActivity:  Parsing line :     Discharge step durations:
01-28 15:22:08.409 18930 19033 V MainActivity:  Parsing line :       #0: +7h44m47s132ms to 34 (power-save-off)
01-28 15:22:08.409 18930 19033 V MainActivity:  Parsing line :       #1: +1h59m42s968ms to 30 (screen-off, power-save-off, device-idle-on)
01-28 15:22:08.409 18930 19033 V MainActivity:  Parsing line :       #2: +2h0m2s12ms to 31 (screen-off, power-save-off, device-idle-on)
01-28 15:22:08.409 18930 19033 V MainActivity:  Parsing line :       #3: +2h0m1s998ms to 32 (screen-off, power-save-off, device-idle-on)
01-28 15:22:08.409 18930 19033 V MainActivity:  Parsing line :       #4: +3h33m42s988ms to 33 (screen-off, power-save-off, device-idle-on)
01-28 15:22:08.409 18930 19033 V MainActivity:  Parsing line :         Discharge total time: 14d 10h 5m 41s 900ms  (from 5 steps)
01-28 15:22:08.409 18930 19033 V MainActivity:  Parsing line :         Discharge screen off time: 9d 22h 57m 29s 100ms  (from 4 steps)
01-28 15:22:08.409 18930 19033 V MainActivity:  Parsing line :         Discharge screen off device idle time: 9d 22h 57m 29s 100ms  (from 4 steps)
01-28 15:22:08.409 18930 19033 V MainActivity:  Parsing line :     Charge step durations:
01-28 15:22:08.409 18930 19033 V MainActivity:  Parsing line :       #0: +6m14s86ms to 36 (screen-on, power-save-off, device-idle-off)
01-28 15:22:08.409 18930 19033 V MainActivity:  Parsing line :       #1: +2m1s248ms to 35 (screen-on, power-save-off, device-idle-off)
01-28 15:22:08.409 18930 19033 V MainActivity:  Parsing line :       #2: +40s530ms to 34 (power-save-off, device-idle-off)
01-28 15:22:08.409 18930 19033 V MainActivity:  Parsing line :       #3: +50s661ms to 33 (screen-off, power-save-off, device-idle-off)
01-28 15:22:08.409 18930 19033 V MainActivity:  Parsing line :         Charge total time: 4h 4m 23s 100ms  (from 4 steps)
01-28 15:22:08.409 18930 19033 V MainActivity:  Parsing line :         Charge screen off time: 1h 24m 26s 100ms  (from 1 steps)
01-28 15:22:08.409 18930 19033 V MainActivity:  Parsing line :         Charge screen on time: 6h 52m 46s 700ms  (from 2 steps)
01-28 15:22:08.409 18930 19033 V MainActivity:  Parsing line :   Daily from 2022-01-23-06-16-35 to 2022-01-24-04-43-12:
01-28 15:22:08.409 18930 19033 V MainActivity:  Parsing line :     Discharge step durations:
