01-28 15:19:05.864 19087 19087 V UT.Worker-General: issue callback for job 8942069
01-28 15:19:05.864 19087 19087 D FT.TuiSalesCodeFeature: NONE.isCurrentCountry
01-28 15:19:05.865  4170  4170 I StackScroller: ADJUST STACK.TRANSLATION
01-28 15:19:05.867  3789  3863 W libprocessgroup: kill(-18739, 9) failed: No such process
01-28 15:19:05.867  4170  4170 D KeyguardUpdateMonitor: handleServiceStateChange(subId=-2, serviceState={mVoiceRegState=2(EMERGENCY_ONLY), mDataRegState=2(EMERGENCY_ONLY), mChannelNumber=-1, duplexMode()=0, mCellBandwidths=[], mVoiceRoamingType=home, mDataRoamingType=home, isManualNetworkSelection=false(automatic), mRilVoiceRadioTechnology=3(UMTS), mRilDataRadioTechnology=0(Unknown), mCssIndicator=unsupported, mCdmaRoamingIndicator=-1, mCdmaDefaultRoamingIndicator=-1, VoiceRegType=0, ImsVoiceAvail=0, IsEbSupport=2, IsEaBarred=0, Snap=0, MobileVoice=EMERGENCY_ONLY, MobileVoiceRat=UMTS, MobileData=EMERGENCY_ONLY, MobileDataRoamingType=home, MobileDataRat=Unknown PsOnly=false FemtocellInd=0 EndcStatus=0 RestrictDcnr=0 NrBearerStatus=0, mIsEmergencyOnly=true, mIsDataRoamingFromRegistration=false, mIsUsingCarrierAggregation=false, mLteEarfcnRsrpBoost=0, mNetworkRegistrationStates=[]}
01-28 15:19:05.867  4170  4170 W KeyguardUpdateMonitor: invalid subId in handleServiceStateChange()
01-28 15:19:05.869  4170  4361 D Tile.AirplaneModeTile:  handleUpdateState: airplane mode is disabled
01-28 15:19:05.869  4170  4361 D Tile.AirplaneModeTile:  handleUpdateState:  value = false, state = 1
01-28 15:19:05.873  9442  9442 I ORC/PermissionUtil: hasRequiredLegacyMsgPermissions done,Elapsed time : 9.495769 ms
01-28 15:19:05.873  9442  9442 D ORC/SmsAppReceiver: DefaultSmsAppSmsReceiver : action = android.intent.action.SERVICE_STATE
01-28 15:19:05.875 19087 19087 V UT.TelephonyUtils: getServiceState 2, subId -2
01-28 15:19:05.875 19087 19087 D CU.NetworkSelectionNotificationMgr: updateNetworkSelection()... state = {mVoiceRegState=2(EMERGENCY_ONLY), mDataRegState=2(EMERGENCY_ONLY), mChannelNumber=-1, duplexMode()=0, mCellBandwidths=[], mVoiceRoamingType=home, mDataRoamingType=home, isManualNetworkSelection=false(automatic), mRilVoiceRadioTechnology=3(UMTS), mRilDataRadioTechnology=0(Unknown), mCssIndicator=unsupported, mCdmaRoamingIndicator=-1, mCdmaDefaultRoamingIndicator=-1, VoiceRegType=0, ImsVoiceAvail=0, IsEbSupport=2, IsEaBarred=0, Snap=0, MobileVoice=EMERGENCY_ONLY, MobileVoiceRat=UMTS, MobileData=EMERGENCY_ONLY, MobileDataRoamingType=home, MobileDataRat=Unknown PsOnly=false FemtocellInd=0 EndcStatus=0 RestrictDcnr=0 NrBearerStatus=0, mIsEmergencyOnly=true, mIsDataRoamingFromRegistration=false, mIsUsingCarrierAggregation=false, mLteEarfcnRsrpBoost=0, mNetworkRegistrationStates=[NetworkRegistrationState{transportType=1 domain=PS regState=NOT_REG_NOT_SEARCHING accessNetworkTechnology=UNKNOWN reasonForDenial=0 emergencyEnabled=false supportedServices=null cellIdentity=null voiceSpecificStates=null dataSpecificStates=DataSpecificRegistrationStates { mMaxDataCalls=4 mLac=3690 mCid=84143742 mTac=65534 mSnapshotStatus=0 mMobileState=0 mMobileRat=0 mMobileOptionalRat=0}}, NetworkRegistrationState{transportType=1 domain=CS regState=DENIED accessNetworkTechnology=UMTS reasonForDenial=0 emergencyEnabled=true supportedServices=[I@a5079c6 cellIdentity=CellIdentityWcdma:{ mLac=3690 mCid=84143742 mPsc=0 mUarfcn=-1 mMcc=208 mMnc=15 mAlphaLong=Free mAlphaShort=Free} voiceSpecificStates=VoiceSpecificRegistrationStates { mCssSupported=false mRoamingIndicator=0 mSystemIsInPrl=0 mDefaultRoamingIndicator=0 mLac=3690 mCid=84143742 mPsVoiceSupport2 mImsEmergencyCallSupport2 mImsEmergencyCallBarring0 mMobileState3 mMobileRat3 mIsPsOnlyRegfalse} dataSpecificStates=null}]} not updating network due to invalid subId : -2
01-28 15:19:05.876  3789  3863 W libprocessgroup: kill(-18739, 9) failed: No such process
01-28 15:19:05.881 19087 19108 D InternalContentProvider: service_state_changed null
01-28 15:19:05.881 19087 19108 D InternalContentProvider: Take CarrierUiCallFunctions
01-28 15:19:05.881 19087 19108 D CarrierUiCallFunctions: call service_state_changed null Bundle[mParcelledData.dataSize=2412]
01-28 15:19:05.881  3789  3863 W libprocessgroup: kill(-18739, 9) failed: No such process
01-28 15:19:05.881 19087 19108 V UT.Worker-General: schedule job 8942069
01-28 15:19:05.882 19087 19116 V UT.Worker-General: handle job 8942069
01-28 15:19:05.882 19087 19116 V UT.Worker-General: completed job 8942069
01-28 15:19:05.884 19087 19087 V UT.Worker-General: issue callback for job 8942069
01-28 15:19:05.884 19087 19087 D FT.TuiSalesCodeFeature: NONE.isCurrentCountry
01-28 15:19:05.887 19087 19087 D FT.TuiUtilFeature: isAirplaneModeOn = false
01-28 15:19:05.887 19087 19087 D FT.TuiSalesCodeFeature: UNKNOWN.isCurrentOperator
01-28 15:19:05.887  3789  3863 W libprocessgroup: kill(-18739, 9) failed: No such process
01-28 15:19:05.887 19087 19087 D FT.TuiSalesCodeFeature: NONE.isCurrentCountry
01-28 15:19:05.887 19087 19087 D FT.TuiSalesCodeFeature: NONE.isCurrentCountry
01-28 15:19:05.888 19087 19087 D FT.TuiUtilFeature: isAirplaneModeOn = false
01-28 15:19:05.888 19087 19087 D FT.TuiSalesCodeFeature: NONE.isCurrentCountry
01-28 15:19:05.889 19087 19087 V FT.PhoneUtilsMultiSim: getMultiSimIccType phoneId 0 icctype 0 
01-28 15:19:05.889 19087 19087 V FT.PhoneUtilsMultiSim: isSimCardInserted[slot0] false
01-28 15:19:05.889 19087 19087 V FT.PhoneUtilsMultiSim: getMultiSimIccType phoneId 1 icctype 0 
01-28 15:19:05.889 19087 19087 V FT.PhoneUtilsMultiSim: isSimCardInserted[slot1] false
01-28 15:19:05.890 19087 19087 D CU.NetworkUiReceiver: SimState is not Loaded. defaultDataPhoneId : 0
01-28 15:19:05.890 19087 19087 D FT.TuiUtilFeature: isAirplaneModeOn = false
01-28 15:19:05.892  3789  3863 W libprocessgroup: kill(-18739, 9) failed: No such process
01-28 15:19:05.893  3789  3863 I libprocessgroup: Successfully killed process cgroup uid 5017 pid 18739 in 46ms
01-28 15:19:05.894  3287  3287 I Zygote  : Process 18739 exited due to signal (9)
01-28 15:19:05.894  4412  4437 D ForegroundUtils: could not check pending caller
01-28 15:19:05.994  3789  3789 D StorageManagerService: getExternalStorageMountMode : 3
01-28 15:19:05.994  3789  3789 D StorageManagerService: getExternalStorageMountMode : 3
01-28 15:19:05.995  3789  3789 D StorageManagerService: getExternalStorageMountMode : final mountMode=3, uid : 5018, packageName : com.samsung.android.bixby.service
01-28 15:19:05.995  3789  3789 I ApplicationPolicy: isApplicationExternalStorageWhitelisted:com.samsung.android.bixby.service user:0
01-28 15:19:05.995  3789  3789 D ApplicationPolicy: isApplicationExternalStorageWhitelisted: DO is not enabled on user 0. Allowed.
01-28 15:19:05.995  3789  3789 D ActivityManager: package  com.samsung.android.bixby.service, user - 0 is SDcard whitelisted
01-28 15:19:05.995  3789  3789 I ApplicationPolicy: isApplicationExternalStorageBlacklisted:com.samsung.android.bixby.service user:0
01-28 15:19:05.995  3789  3789 D ApplicationPolicy: isApplicationExternalStorageBlacklisted: DO is not enabled on user 0. Allowed.
01-28 15:19:05.995  3789  3789 I ApplicationPolicy: isApplicationExternalStorageBlacklisted:com.samsung.android.bixby.service user:0
01-28 15:19:05.995  3789  3789 D ApplicationPolicy: isApplicationExternalStorageBlacklisted: DO is not enabled on user 0. Allowed.
01-28 15:19:06.014 19261 19261 E Zygote  : isWhitelistProcess - Process is Whitelisted
01-28 15:19:06.015  3789  3862 I ActivityManager: Start proc 19261:com.samsung.android.bixby.service/5018 for service com.samsung.android.bixby.service/.bixbysearch.dataObserver.ObserverJobService
01-28 15:19:06.016 19261 19261 E Zygote  : accessInfo : 1
01-28 15:19:06.031 19261 19261 E d.bixby.servic: Not starting debugger since process cannot load the jdwp agent.
01-28 15:19:06.034  5674  5674 I SKBD    : and isTosAccept false
01-28 15:19:06.049  3789 11860 I ActivityManager: DSS on for com.samsung.android.bixby.service and scale is 1.0
01-28 15:19:06.076  4944  4944 D io_stats: !@   8,0 r 45172 2802148 w 56145 1477368 d 3257 381276 f 7793 26211 iot 48120 40614 th 307200 0 0 pt 0 inp 0 0 1477.068
01-28 15:19:06.080 19261 19261 I d.bixby.servic: The ClassLoaderContext is a special shared library.
01-28 15:19:06.105 19261 19261 I BSL@SvcCommon: (DiagMonProvider) File path: /data/data/com.samsung.android.bixby.service/diagmon/diagmon.log
01-28 15:19:06.107 19261 19261 I BSL@SvcCommon: (DiagMonProvider) setDefaultMO()
01-28 15:19:06.114 19261 19261 I BSL@BixbySearch: (BixbySearch) [main] enter():  enter from <clinit>; Logger initialization. Path: /data/user/0/com.samsung.android.bixby.service/files/bixbysearch/log
01-28 15:19:06.133  3789  4043 I WifiVendorHal: getWifiLinkLayerStats(l.2973) before calling iface.getLinkLayerStats
01-28 15:19:06.133  3312  3312 I android.hardware.wifi@1.0-service: enter getLinkLayerStats
01-28 15:19:06.133  3312  3312 I android.hardware.wifi@1.0-service: enter getLinkLayerStatsInternal
01-28 15:19:06.134 19261 19261 I BSL@BixbySearch: (LuceneProvider) [main] enter():  enter from attachInfo
01-28 15:19:06.135 19261 19261 I BSL@BixbySearch: (LuceneApplication) [main] enter():  enter from onCreate
01-28 15:19:06.137 19261 19261 I BSL@BixbySearch: (BixbySearchRunningUtils) getStorageEncryptionStatus: -1
01-28 15:19:06.140 19261 19261 I BSL@BixbySearch: (BixbySearchRunningUtils) Components are already enabled.
01-28 15:19:06.145 19261 19261 I BSL@BixbySearch: (LuceneApplication) [main] leave():  leave
01-28 15:19:06.145 19261 19261 I BSL@BixbySearch: (LuceneProvider) [main] leave():  leave
01-28 15:19:06.146 19261 19277 I BSL@BixbySearch: (ConfigManager) [AsyncTask #1] enter():  enter from <init>
01-28 15:19:06.165 19261 19261 I BSL@BixbySearch: (LuceneApplication) [main] enter():  enter from onCreate
01-28 15:19:06.166 19261 19261 I BSL@BixbySearch: (BixbySearchRunningUtils) getStorageEncryptionStatus: -1
01-28 15:19:06.166 19261 19261 I BSL@BixbySearch: (BixbySearchRunningUtils) Components are already enabled.
01-28 15:19:06.166 19261 19261 I BSL@BixbySearch: (LuceneApplication) [main] leave():  leave
01-28 15:19:06.171 19261 19261 D SamsungAnalytics201007: [Validation] dma pkg:531401000
01-28 15:19:06.174 19261 19261 D SamsungAnalytics201007: cf feature is supported
01-28 15:19:06.182  3312  3312 I android.hardware.wifi@1.0-service: Successfully getLinkLayerStats.
01-28 15:19:06.182  3789  4043 I WifiVendorHal: getWifiLinkLayerStats(l.2973) after calling iface.getLinkLayerStats
01-28 15:19:06.183 19261 19277 I BSL@BixbySearch: (ConfigManager) [AsyncTask #1] leave():  leave
01-28 15:19:06.186 19261 19261 D SamsungAnalytics201007: send setting
01-28 15:19:06.187 19261 19261 D SamsungAnalytics201007: newThread on Executor
01-28 15:19:06.193 19261 19261 D SamsungAnalytics201007: [Tracker] Tracker start:2.01.007DLC
01-28 15:19:06.196 19261 19261 W SamsungAnalytics201007: [SamsungAnalytics] NullPointerException Attempt to invoke virtual method 'void android.os.Bundle.putBundle(java.lang.String, android.os.Bundle)' on a null object reference
01-28 15:19:06.197 19261 19261 I BSL@AppSvc: (AppSvc) [main] enter():  enter from startDiagmon; ServiceApplication
01-28 15:19:06.198 19261 19261 I BSL@SvcCommon: (DiagMonLog) Init DiagMonLog: 
01-28 15:19:06.204 19261 19261 I BSL@BixbySearch: (ObserverJobService) [main] enter():  enter from onStartJob; jobId: 1007
01-28 15:19:06.205  3789  4043 I WifiStateMachine: checkScoreBasedQuality -  mPreviousScore[0]:110 mPreviousScore[1]:110 mPreviousScore[2]:111 s2Score:112mPrevoiusScoreAverage:110
01-28 15:19:06.206 19261 19277 I BSL@BixbySearch: (BixbySearchRunningUtils) getStorageEncryptionStatus: -1
01-28 15:19:06.206 19261 19277 I BSL@BixbySearch: (BixbySearchRunningUtils) Components are already enabled.
01-28 15:19:06.210  3789 11785 I SamsungAlarmManager: setLocked to kernel - T:2 / 20220128T152239, SetElapsed=1690756, nowELAPSED=1477202
01-28 15:19:06.210  3789 11785 I SamsungAlarmManager: setLocked to kernel - T:3 / 20220128T151910, SetElapsed=1481908, nowELAPSED=1477202
01-28 15:19:06.210 19261 19261 I BSL@BixbySearch: (PluginManager) plugin for FILE is created.
01-28 15:19:06.210 19261 19261 I BSL@BixbySearch: (AppBasePlugin:: FILE) onChange(): sendEmptyMessage(STATE_FIND_CHANGES) is called.
01-28 15:19:06.210  3789 11785 D SamsungAlarmManager: setExact Listener (T:2/F:0/AC:false) 20220128T151907 - CU:1000/CP:3789
01-28 15:19:06.210  3789 11785 I SamsungAlarmManager: setLocked to kernel - T:2 / 20220128T151907, SetElapsed=1478200, nowELAPSED=1477203
01-28 15:19:06.211 19261 19261 I BSL@BixbySearch: (ObserverJobService) [main] leave():  leave
01-28 15:19:06.211 19261 19283 I BSL@BixbySearch: (AppBasePlugin:: FILE) [handler:FILE] enter():  enter from dispatchMessage; msg: 0
01-28 15:19:06.211 19261 19283 I BSL@BixbySearch: (AppBasePlugin:: FILE) [handler:FILE] enter():  enter from doHandleMessage
01-28 15:19:06.212  3789 11785 I SamsungAlarmManager: setLocked to kernel - T:2 / 20220128T151907, SetElapsed=1478200, nowELAPSED=1477205
01-28 15:19:06.213  3789 11785 D SamsungAlarmManager: setExact Listener (T:2/F:0/AC:false) 20220128T151909 - CU:1000/CP:3789
01-28 15:19:06.213  3789 11785 I SamsungAlarmManager: setLocked to kernel - T:2 / 20220128T151907, SetElapsed=1478200, nowELAPSED=1477205
01-28 15:19:06.234  5674  5674 I SKBD    : and isTosAccept false
01-28 15:19:06.250 19261 19283 I BSL@BixbySearch: (AppBasePlugin:: FILE) performOnChange(): mLastSyncId :19, mSyncCount :19
01-28 15:19:06.260 19261 19283 I BSL@BixbySearch: (AppBasePlugin:: FILE) checkDeleteItems(): performOnChange: sqlSyncCount: 19
01-28 15:19:06.266 19261 19283 I BSL@BixbySearch: (AppBasePlugin:: FILE) checkUpdatedItems(): query with selection: _id <= 19 AND ( date_modified > 1642616773 OR (date_modified = 1642616773 AND _id > 12 ))
01-28 15:19:06.289 19261 19283 I BSL@BixbySearch: (AppBasePlugin:: FILE) performOnChange(): Any change ? false Duration: 42 ms.
01-28 15:19:06.290 19261 19283 I BSL@BixbySearch: (AppBasePlugin:: FILE) [handler:FILE] leave():  leave
01-28 15:19:06.290 19261 19283 I BSL@BixbySearch: (AppBasePlugin:: FILE) [handler:FILE] leave():  leave ; msg: 0
01-28 15:19:06.290 19261 19283 I BSL@BixbySearch: (AppBasePlugin:: FILE) [handler:FILE] enter():  enter from dispatchMessage; msg: 1
01-28 15:19:06.291 19261 19283 I BSL@BixbySearch: (AppBasePlugin:: FILE) added: 0, modified: 0, removed: 0
01-28 15:19:06.291 19261 19283 I BSL@BixbySearch: (AppBasePlugin:: FILE) [handler:FILE] leave():  leave ; msg: 1
01-28 15:19:06.291 19261 19283 I BSL@BixbySearch: (AppBasePlugin:: FILE) [handler:FILE] enter():  enter from dispatchMessage; msg: 3
01-28 15:19:06.292 19261 19283 I BSL@BixbySearch: (AppBasePlugin:: FILE) cleanupAndReschedule(): The job service(1007) has been finished. calling jobFinished()
01-28 15:19:06.300 19261 19283 I BSL@BixbySearch: (AppBasePlugin:: FILE) scheduleObserver(): scheduleTriggerURI: Job ID: 1007 , Status: 1 pending jobs: 6
01-28 15:19:06.300 19261 19283 I BSL@BixbySearch: (AppBasePlugin:: FILE) [handler:FILE] leave():  leave ; msg: 3
01-28 15:19:06.435  5674  5674 I SKBD    : and isTosAccept false
01-28 15:19:06.636  5674  5674 I SKBD    : and isTosAccept false
01-28 15:19:06.827 19243 19256 I .MtpApplicatio: Waiting for a blocking GC ProfileSaver
01-28 15:19:06.836  5674  5674 I SKBD    : and isTosAccept false
01-28 15:19:07.036  5674  5674 I SKBD    : and isTosAccept false
01-28 15:19:07.208  3789  3989 D SamsungAlarmManager: Expired : 4
01-28 15:19:07.208  3789  3989 V SamsungAlarmManager: Sending to uid : 1000 listener=android.app.AlarmManager$ListenerWrapper@30d44a6 alarm=Alarm{4992eb0 type 2 when 1478200 android}
01-28 15:19:07.210  3789  3989 I SamsungAlarmManager: setLocked to kernel - T:2 / 20220128T151909, SetElapsed=1480200, nowELAPSED=1478202
01-28 15:19:07.211  3789  3789 D SamsungAlarmManager: setInexact Listener (T:2/F:0/AC:false) 20220128T152833 - CU:1000/CP:3789
01-28 15:19:07.212  3789  3789 I SamsungAlarmManager: setLocked to kernel - T:2 / 20220128T151909, SetElapsed=1480200, nowELAPSED=1478204
01-28 15:19:07.233 19261 19261 I BSL@BixbySearch: (InitialIndexingService) [main] enter():  enter from onStartJob
01-28 15:19:07.236  5674  5674 I SKBD    : and isTosAccept false
01-28 15:19:07.237 19261 19261 I BSL@BixbySearch: (InitialIndexingService) InitTask(): mHandlerThread will be started
01-28 15:19:07.239 19261 19261 I BSL@BixbySearch: (TaskExecutorService) [main] enter():  enter from onStartJob
01-28 15:19:07.240 19261 19261 I BSL@BixbySearch: (TaskExecutorService) [main] leave():  leave
01-28 15:19:07.241 19261 19261 I BSL@BixbySearch: (InitialIndexingService) [main] leave():  leave
01-28 15:19:07.241 19261 19287 I BSL@BixbySearch: (TaskRunnable) [pool-1-thread-1] enter():  enter from runWorker
01-28 15:19:07.241 19261 19287 I BSL@BixbySearch: (InitialIndexingService) [pool-1-thread-1] enter():  enter from run
01-28 15:19:07.242 19261 19287 I BSL@BixbySearch: (InitialIndexingService) [pool-1-thread-1] leave():  leave ; sendEmptyMessageDelayed has been called with delayMillis:100
01-28 15:19:07.242 19261 19287 I BSL@BixbySearch: (TaskRunnable) [pool-1-thread-1] leave():  leave
01-28 15:19:07.342 19261 19286 I BSL@BixbySearch: (InitialIndexingService) [InitialIndexingService] enter():  enter from dispatchMessage
01-28 15:19:07.343 19261 19286 I BSL@BixbySearch: (InitialIndexingService) [InitialIndexingService] enter():  enter from access$100
01-28 15:19:07.344 19261 19286 I BSL@BixbySearch: (InitialIndexingService) [InitialIndexingService] enter():  enter from doHandleMessage
01-28 15:19:07.347 19261 19286 I BSL@BixbySearch: (InitialIndexingService) local version: 213000004 package Version code: 213000004
01-28 15:19:07.348 19261 19286 I BSL@BixbySearch: (InitialIndexingService) [InitialIndexingService] enter():  enter from initAllIndexes
01-28 15:19:07.353 19261 19286 I BSL@BixbySearch: (InitialIndexingService) [InitialIndexingService] leave():  leave
01-28 15:19:07.354 19261 19286 I BSL@BixbySearch: (InitialIndexingService) [InitialIndexingService] enter():  enter from initAllIndexes
01-28 15:19:07.355 19261 19286 I BSL@BixbySearch: (InitialIndexingService) [InitialIndexingService] leave():  leave
01-28 15:19:07.364 19261 19286 E BSL@BixbySearch: (ANALOGY) finish Index : Time taken 5 ms
01-28 15:19:07.366 19261 19286 E BSL@BixbySearch: (SYNONYM) finish Index : Time taken 1 ms
01-28 15:19:07.366 19261 19286 E BSL@BixbySearch: (CONTACT) finish Index : Time taken 0 ms
01-28 15:19:07.366 19261 19286 W BSL@BixbySearch: (CALLLOG) CallLog indexing is disabled.
01-28 15:19:07.367 19261 19286 E BSL@BixbySearch: (CALENDAR) finish Index : Time taken 0 ms
01-28 15:19:07.370 19261 19286 I BSL@BixbySearch: (APPLICATIONS) handle All Applications: Time taken 2 ms
01-28 15:19:07.370 19261 19288 I BSL@BixbySearch: (AppsDataObserver) Sending suspended messages - 1
01-28 15:19:07.370 19261 19286 I BSL@BixbySearch: (ConfigManager) isAppEnabled(): FloatingFeature :None, com.sec.android.gallery3d enabled: 
01-28 15:19:07.370 19261 19286 E BSL@BixbySearch: (IMAGES) finish Index : Time taken 0 ms
01-28 15:19:07.371 19261 19286 E BSL@BixbySearch: (FILES) finish Index : Time taken 0 ms
01-28 15:19:07.371 19261 19286 E BSL@BixbySearch: (EMAIL) finish Index : Time taken 0 ms
01-28 15:19:07.373 19261 19286 I BSL@BixbySearch: (InitialIndexingService) [InitialIndexingService] leave():  leave
01-28 15:19:07.381 19261 19286 I BSL@BixbySearch: (PluginManager) plugin for CONTACT is created.
01-28 15:19:07.382 19261 19286 I BSL@BixbySearch: (AppBasePlugin:: CONTACT) init(): Job is already scheduled. It means nothing is in pending.
01-28 15:19:07.384 19261 19286 I BSL@BixbySearch: (PluginManager) plugin for CALENDAR is created.
01-28 15:19:07.385 19261 19286 I BSL@BixbySearch: (AppBasePlugin:: CALENDAR) init(): Job is already scheduled. It means nothing is in pending.
01-28 15:19:07.386 19261 19286 I BSL@BixbySearch: (AppBasePlugin:: FILE) init(): Job is already scheduled. It means nothing is in pending.
01-28 15:19:07.386 19261 19286 I BSL@BixbySearch: (ConfigManager) isAppEnabled(): FloatingFeature :None, com.sec.android.gallery3d enabled: 
01-28 15:19:07.387 19261 19286 I BSL@BixbySearch: (InitialIndexingService) doHandleMessage(): The job service(0) has been finished. calling jobFinished()
01-28 15:19:07.387 19261 19286 I BSL@BixbySearch: (InitialIndexingService) [InitialIndexingService] leave():  leave ; Indexing time: 0.044seconds
01-28 15:19:07.388 19261 19286 I BSL@BixbySearch: (InitialIndexingService) [InitialIndexingService] leave():  leave
01-28 15:19:07.394  3789 11860 I SamsungAlarmManager: setLocked to kernel - T:2 / 20220128T151909, SetElapsed=1480200, nowELAPSED=1478386
01-28 15:19:07.394  3789 11860 D SamsungAlarmManager: setInexact Listener (T:2/F:0/AC:false) 20220128T152833 - CU:1000/CP:3789
01-28 15:19:07.395  3789 11860 I SamsungAlarmManager: setLocked to kernel - T:2 / 20220128T151909, SetElapsed=1480200, nowELAPSED=1478387
01-28 15:19:07.397 19261 19288 D KnoxHelper: getActivityList callingUserId: 0, target user: 0
01-28 15:19:07.399  3789 11860 I SamsungAlarmManager: setLocked to kernel - T:2 / 20220128T152239, SetElapsed=1690756, nowELAPSED=1478391
01-28 15:19:07.401  3789 11860 I SamsungAlarmManager: setLocked to kernel - T:3 / 20220128T151910, SetElapsed=1481908, nowELAPSED=1478393
01-28 15:19:07.402  3789 11860 D SamsungAlarmManager: setInexact Listener (T:2/F:0/AC:false) 20220128T155513 - CU:1000/CP:3789
01-28 15:19:07.402  3789 11860 I SamsungAlarmManager: setLocked to kernel - T:2 / 20220128T152239, SetElapsed=1690756, nowELAPSED=1478394
01-28 15:19:07.402  3789 11860 I SamsungAlarmManager: setLocked to kernel - T:3 / 20220128T151910, SetElapsed=1481908, nowELAPSED=1478394
01-28 15:19:07.437  5674  5674 I SKBD    : and isTosAccept false
01-28 15:19:07.448 19261 19288 I BSL@BixbySearch: (IndexManager) ctor():
01-28 15:19:07.449 19261 19288 W BSL@BixbySearch: (IndexManager) deleteIndex(): ids is empty, pkgName: com.samsung.android.apps
01-28 15:19:07.487 19261 19288 I BSL@BixbySearch: (IndexManager) [AppsDataObserver] enter():  enter from updateIndex
01-28 15:19:07.535 19261 19288 I BSL@BixbySearch: (IndexManager) [UPDATE] pkgName=[com.samsung.android.apps], luceneDocument=[com.opportunistask.scheduling.benchmarking_app_to_test_big_cores@0@com.opportunistask.scheduling.benchmarking_app_to_test_big_cores.MainActivity]
01-28 15:19:07.537 19261 19288 I BSL@BixbySearch: (IndexManager) [AppsDataObserver] enter():  enter from updateIndex; packageName: com.samsung.android.apps updateList.size():1
01-28 15:19:07.537 19261 19288 I BSL@BixbySearch: (IndexManager) Facet support: false pkg: com.samsung.android.apps
01-28 15:19:07.538 19261 19288 I BSL@BixbySearch: (IndexManager) initIndexWriter(): packageName com.samsung.android.apps
01-28 15:19:07.638  5674  5674 I SKBD    : and isTosAccept false
01-28 15:19:07.766 19261 19288 I BSL@BixbySearch: (IndexManager) [AppsDataObserver] enter():  enter from updateDocumentList
01-28 15:19:07.784  5095  5560 D SDHMS:s : SIOP:: AP:311(554,110) BAT:328(328,0) CHG:475(475,0) USB:333(333,0) PA:329(417,50) LRP:0(0,-999) ATC:0(0,-999) 
01-28 15:19:07.797  3323  3547 V APM_AudioPolicyManager: AudioPolicyManager:setRecordSilenced(uid:10044, silenced:1)
01-28 15:19:07.838  5674  5674 I SKBD    : and isTosAccept false
01-28 15:19:07.945 19261 19288 I BSL@BixbySearch: (IndexSearcherManager) ctor
01-28 15:19:07.946 19261 19288 I BSL@BixbySearch: (IndexManager) [AppsDataObserver] leave():  leave
01-28 15:19:07.946 19261 19288 I BSL@BixbySearch: (IndexManager) [AppsDataObserver] leave():  leave
01-28 15:19:07.989  3789  4511 D SamsungAlarmManager: Cancel Alarm calling from uid:10038 pid :4611 / op:PendingIntent{7fc36e5: PendingIntentRecord{ff7f69b com.google.android.gms startService}}
01-28 15:19:07.990  3789  4511 I SamsungAlarmManager: setLocked to kernel - T:2 / 20220128T152239, SetElapsed=1690756, nowELAPSED=1478983
01-28 15:19:07.991  3789  4511 I SamsungAlarmManager: setLocked to kernel - T:3 / 20220128T151910, SetElapsed=1481908, nowELAPSED=1478983
01-28 15:19:08.038  5674  5674 I SKBD    : and isTosAccept false
01-28 15:19:08.118  4170  4361 D NetworkController.MobileSignalController(0/-2): onSignalStrengthsChanged signalStrength=SignalStrength: 20 99 -20 -200 -20 -200 -1 99 2147483647 2147483647 2147483647 2147483647 0 2147483647 20 48 -72 0x4 P gsm|lte use_rsrp_and_rssnr_for_lte_level  [-128, -118, -108, -98] [-115, -105, -95, -85] level=4
01-28 15:19:08.118  4170  4361 D NetworkController.MobileSignalController(0/-2): getMobileIconGroup(): 0
01-28 15:19:08.234 18930 19036 V Benchmark_thread: The benchmarking thread : usb cable counter waiting for 60000 seconds to remove cable
01-28 15:19:08.238  5674  5674 I SKBD    : and isTosAccept false
01-28 15:19:08.439  5674  5674 I SKBD    : and isTosAccept false
01-28 15:19:08.570 18930 19033 V Benchmark_thread: The benchmarking thread 0 reached 150000 workload
01-28 15:19:08.639  5674  5674 I SKBD    : and isTosAccept false
01-28 15:19:08.840  5674  5674 I chatty  : uid=10159(com.sec.android.inputmethod) identical 1 line
01-28 15:19:09.040  5674  5674 I SKBD    : and isTosAccept false
01-28 15:19:09.209  3789  4043 I WifiVendorHal: getWifiLinkLayerStats(l.2973) before calling iface.getLinkLayerStats
01-28 15:19:09.209  3312  3312 I android.hardware.wifi@1.0-service: enter getLinkLayerStats
01-28 15:19:09.210  3312  3312 I android.hardware.wifi@1.0-service: enter getLinkLayerStatsInternal
01-28 15:19:09.241  5674  5674 I SKBD    : and isTosAccept false
01-28 15:19:09.255  3312  3312 I android.hardware.wifi@1.0-service: Successfully getLinkLayerStats.
01-28 15:19:09.256  3789  4043 I WifiVendorHal: getWifiLinkLayerStats(l.2973) after calling iface.getLinkLayerStats
01-28 15:19:09.284  3789  4043 I WifiStateMachine: checkScoreBasedQuality -  mPreviousScore[0]:110 mPreviousScore[1]:111 mPreviousScore[2]:112 s2Score:112mPrevoiusScoreAverage:111
01-28 15:19:09.441  5674  5674 I SKBD    : and isTosAccept false
01-28 15:19:09.642  5674  5674 I SKBD    : and isTosAccept false
01-28 15:19:09.810  3286  3458 D Netd    : notify() code: 613, msg: IfaceClass idle 1 1480800039363
01-28 15:19:09.813  3789  3876 I WifiService: getSupportedFeatures uid=1000
01-28 15:19:09.814  3789  4043 I WifiVendorHal: getWifiLinkLayerStats(l.2973) before calling iface.getLinkLayerStats
01-28 15:19:09.815  3312  3312 I android.hardware.wifi@1.0-service: enter getLinkLayerStats
01-28 15:19:09.815  3312  3312 I android.hardware.wifi@1.0-service: enter getLinkLayerStatsInternal
01-28 15:19:09.820  3312  3312 I android.hardware.wifi@1.0-service: Successfully getLinkLayerStats.
01-28 15:19:09.821  3789  4043 I WifiVendorHal: getWifiLinkLayerStats(l.2973) after calling iface.getLinkLayerStats
01-28 15:19:09.834  3789  3876 D BatteryStatsImpl: !@ currentWifiRunningTimeMs : 33374 totalTimeMs : 1681 totalWifiRunningTimeMs :35055 batteryRealtimeMs :211257
01-28 15:19:09.842  5674  5674 I SKBD    : and isTosAccept false
01-28 15:19:10.444  5674  5674 I chatty  : uid=10159(com.sec.android.inputmethod) identical 3 lines
01-28 15:19:10.645  5674  5674 I SKBD    : and isTosAccept false
01-28 15:19:10.684  4170  4361 D NetworkController.MobileSignalController(0/-2): onSignalStrengthsChanged signalStrength=SignalStrength: 22 99 -22 -200 -22 -200 -1 99 2147483647 2147483647 2147483647 2147483647 0 2147483647 22 52 -68 0x4 P gsm|lte use_rsrp_and_rssnr_for_lte_level  [-128, -118, -108, -98] [-115, -105, -95, -85] level=4
01-28 15:19:10.685  4170  4361 D NetworkController.MobileSignalController(0/-2): getMobileIconGroup(): 0
01-28 15:19:10.846  5674  5674 I SKBD    : and isTosAccept false
01-28 15:19:10.916  3789  3989 D SamsungAlarmManager: Expired : 8
01-28 15:19:10.916  3789  3989 V SamsungAlarmManager: Sending to uid : 1000 action=com.sec.android.alarm.refresh.battery_stats alarm=Alarm{93b55ba type 1 when 1643379550916 com.sec.android.sdhms}
01-28 15:19:10.918  3789  3989 I SamsungAlarmManager: setLocked to kernel - T:2 / 20220128T152239, SetElapsed=1690756, nowELAPSED=1481910
01-28 15:19:10.918  3789  3989 I SamsungAlarmManager: setLocked to kernel - T:3 / 20220128T152000, SetElapsed=1530992, nowELAPSED=1481910
01-28 15:19:10.921  3789  3876 I WifiService: getSupportedFeatures uid=1000
01-28 15:19:10.922  3789  4043 I WifiVendorHal: getWifiLinkLayerStats(l.2973) before calling iface.getLinkLayerStats
01-28 15:19:10.922  3312  3312 I android.hardware.wifi@1.0-service: enter getLinkLayerStats
01-28 15:19:10.923  3312  3312 I android.hardware.wifi@1.0-service: enter getLinkLayerStatsInternal
01-28 15:19:10.951  3789  4204 E BartenderActivityManager: BarTender: pid : 18804 cached=true abnormal=false kill=false stay=false release=false
01-28 15:19:10.972  3312  3312 I android.hardware.wifi@1.0-service: Successfully getLinkLayerStats.
01-28 15:19:10.973  3789  4043 I WifiVendorHal: getWifiLinkLayerStats(l.2973) after calling iface.getLinkLayerStats
01-28 15:19:10.977  3789  3876 E BatteryExternalStatsWorker: no controller energy info supplied for bluetooth
01-28 15:19:10.995  3789  3876 E KernelUidCpuTimeReader: cpu time over : cpu data for UID=10227!
01-28 15:19:10.995  3789  3876 E KernelUidCpuTimeReader: Time between reads: +10s188ms
01-28 15:19:10.995  3789  3876 E KernelUidCpuTimeReader: Previous times: u=+3m39s812ms s=+2s904ms
01-28 15:19:10.995  3789  3876 E KernelUidCpuTimeReader: Current times: u=+4m22s316ms s=+3s416ms
01-28 15:19:10.995  3789  3876 E KernelUidCpuTimeReader: Delta: u=+42s504ms s=+512ms
01-28 15:19:11.013  3789  3876 D BatteryStatsImpl: !@ currentWifiRunningTimeMs : 35055 totalTimeMs : 391 totalWifiRunningTimeMs :35446 batteryRealtimeMs :212436
01-28 15:19:11.046  5674  5674 I SKBD    : and isTosAccept false
01-28 15:19:11.078  4944  4944 D io_stats: !@   8,0 r 45172 2802148 w 56193 1478004 d 3260 381420 f 7803 26237 iot 48140 40632 th 307200 0 0 pt 0 inp 0 0 1482.070
01-28 15:19:11.092 19261 19274 I d.bixby.servic: Waiting for a blocking GC ProfileSaver
01-28 15:19:11.100 19261 19274 I d.bixby.servic: WaitForGcToComplete blocked ProfileSaver on ClassLinker for 8.335ms
01-28 15:19:11.136  3789  4511 D SamsungAlarmManager: setInexact Intent (T:1/F:8/AC:false) 20220128T152911 - CU:1000/CP:5095
01-28 15:19:11.136  3789  4511 I SamsungAlarmManager: setLocked to kernel - T:2 / 20220128T152239, SetElapsed=1690756, nowELAPSED=1482128
01-28 15:19:11.136  3789  4511 I SamsungAlarmManager: setLocked to kernel - T:3 / 20220128T152000, SetElapsed=1530992, nowELAPSED=1482128
01-28 15:19:11.246  5674  5674 I SKBD    : and isTosAccept false
01-28 15:19:11.484  3789  4231 E Watchdog: !@Sync 49 [2022-01-28 15:19:11.484] FD count : 567
01-28 15:19:12.048  5674  5674 I chatty  : uid=10159(com.sec.android.inputmethod) identical 4 lines
01-28 15:19:12.249  5674  5674 I SKBD    : and isTosAccept false
01-28 15:19:12.278  3286  3458 D Netd    : notify() code: 613, msg: IfaceClass active 1 1483270655515 1051
01-28 15:19:12.280  3789  3876 I WifiService: getSupportedFeatures uid=1000
01-28 15:19:12.280  3789  4043 I WifiVendorHal: getWifiLinkLayerStats(l.2973) before calling iface.getLinkLayerStats
01-28 15:19:12.281  3312  3312 I android.hardware.wifi@1.0-service: enter getLinkLayerStats
01-28 15:19:12.281  3312  3312 I android.hardware.wifi@1.0-service: enter getLinkLayerStatsInternal
01-28 15:19:12.314  3312  3312 I android.hardware.wifi@1.0-service: Successfully getLinkLayerStats.
01-28 15:19:12.315  3789  4043 I WifiVendorHal: getWifiLinkLayerStats(l.2973) after calling iface.getLinkLayerStats
01-28 15:19:12.316  3789  4043 I WifiVendorHal: getWifiLinkLayerStats(l.2973) before calling iface.getLinkLayerStats
01-28 15:19:12.316  3312  3312 I android.hardware.wifi@1.0-service: enter getLinkLayerStats
01-28 15:19:12.316  3312  3312 I android.hardware.wifi@1.0-service: enter getLinkLayerStatsInternal
01-28 15:19:12.320  3789  3876 D BatteryStatsImpl: !@ currentWifiRunningTimeMs : 35446 totalTimeMs : 123 totalWifiRunningTimeMs :35569 batteryRealtimeMs :213743
01-28 15:19:12.320  3312  3312 I android.hardware.wifi@1.0-service: Successfully getLinkLayerStats.
01-28 15:19:12.321  3789  4043 I WifiVendorHal: getWifiLinkLayerStats(l.2973) after calling iface.getLinkLayerStats
01-28 15:19:12.331  3789  4043 I WifiStateMachine: checkScoreBasedQuality -  mPreviousScore[0]:111 mPreviousScore[1]:112 mPreviousScore[2]:112 s2Score:112mPrevoiusScoreAverage:111
01-28 15:19:12.368  4170  4170 D SecStatusBarWifiView: updateState: WifiIconState(resId=2131232632, visible=true, activityId=2131232638)
01-28 15:19:12.449  5674  5674 I SKBD    : and isTosAccept false
01-28 15:19:13.051  5674  5674 I chatty  : uid=10159(com.sec.android.inputmethod) identical 3 lines
01-28 15:19:13.252  5674  5674 I SKBD    : and isTosAccept false
01-28 15:19:13.372  4170  4170 D SecStatusBarWifiView: updateState: WifiIconState(resId=2131232632, visible=true, activityId=2131232657)
01-28 15:19:13.453  5674  5674 I SKBD    : and isTosAccept false
01-28 15:19:14.055  5674  5674 I chatty  : uid=10159(com.sec.android.inputmethod) identical 3 lines
01-28 15:19:14.256  5674  5674 I SKBD    : and isTosAccept false
01-28 15:19:14.330  3789  4511 D WifiPermissionsUtil: canAccessScanResults: pkgName = com.sec.android.sdhms, uid = 1000
01-28 15:19:14.456  5674  5674 I SKBD    : and isTosAccept false
01-28 15:19:14.657  5674  5674 I chatty  : uid=10159(com.sec.android.inputmethod) identical 1 line
01-28 15:19:14.858  5674  5674 I SKBD    : and isTosAccept false
01-28 15:19:14.859  3789  7371 D GameManagerService: identifyGamePackage. com.opportunistask.scheduling.benchmarking_app_to_test_big_cores, mCurrentUserId: 0, callerUserId: 0
01-28 15:19:14.859  3789  7371 D GamePkgDataHelper: getGamePkgData(). com.opportunistask.scheduling.benchmarking_app_to_test_big_cores
01-28 15:19:14.865  3789  4204 E BartenderActivityManager: BarTender: pid : 19202 cached=true abnormal=false kill=false stay=false release=false
01-28 15:19:14.902  3323  3547 V APM_AudioPolicyManager: getAudioPolicyConfig: audioParam;outDevice
01-28 15:19:14.902  3323  3547 V APM_AudioPolicyManager: getNewOutputDevice() selected device 0
01-28 15:19:14.902  3323  3547 V APM_AudioPolicyManager: ### curdevice : 2
01-28 15:19:15.058  5674  5674 I SKBD    : and isTosAccept false
01-28 15:19:15.259  5674  5674 I SKBD    : and isTosAccept false
01-28 15:19:15.335  3789  4043 I WifiVendorHal: getWifiLinkLayerStats(l.2973) before calling iface.getLinkLayerStats
01-28 15:19:15.336  3312  3312 I android.hardware.wifi@1.0-service: enter getLinkLayerStats
01-28 15:19:15.336  3312  3312 I android.hardware.wifi@1.0-service: enter getLinkLayerStatsInternal
01-28 15:19:15.383  3312  3312 I android.hardware.wifi@1.0-service: Successfully getLinkLayerStats.
01-28 15:19:15.384  3789  4043 I WifiVendorHal: getWifiLinkLayerStats(l.2973) after calling iface.getLinkLayerStats
01-28 15:19:15.424  3789  4043 I WifiStateMachine: checkScoreBasedQuality -  mPreviousScore[0]:112 mPreviousScore[1]:112 mPreviousScore[2]:112 s2Score:116mPrevoiusScoreAverage:112
01-28 15:19:15.460  5674  5674 I SKBD    : and isTosAccept false
01-28 15:19:15.660  5674  5674 I chatty  : uid=10159(com.sec.android.inputmethod) identical 1 line
01-28 15:19:15.672  3789  7371 D GameManagerService: identifyGamePackage. com.opportunistask.scheduling.benchmarking_app_to_test_big_cores, mCurrentUserId: 0, callerUserId: 0
01-28 15:19:15.672  3789  7371 D GamePkgDataHelper: getGamePkgData(). com.opportunistask.scheduling.benchmarking_app_to_test_big_cores
01-28 15:19:15.861  5674  5674 I SKBD    : and isTosAccept false
01-28 15:19:15.900  3789  3858 I ActivityManager: Waited long enough for: ServiceRecord{ef4887 u0 com.google.android.googlequicksearchbox/com.google.android.apps.gsa.shared.util.keepalive.StandaloneKeepAlive$KeepAliveService}
01-28 15:19:15.995  4611  4611 D BoundBrokerSvc: onUnbind: Intent { act=com.google.android.gms.clearcut.bootcount.service.START cmp=com.google.android.gms/.chimera.PersistentBoundBrokerService }
01-28 15:19:16.062  5674  5674 I SKBD    : and isTosAccept false
01-28 15:19:16.082  4944  4944 D io_stats: !@   8,0 r 45172 2802148 w 56195 1478072 d 3261 381424 f 7803 26239 iot 48144 40633 th 307200 0 0 pt 0 inp 0 15 1487.072
01-28 15:19:16.159  4611  4611 D BoundBrokerSvc: onUnbind: Intent { act=com.google.android.gms.scheduler.ACTION_PROXY_SCHEDULE cmp=com.google.android.gms/.chimera.PersistentInternalBoundBrokerService }
01-28 15:19:16.263  5674  5674 I SKBD    : and isTosAccept false
01-28 15:19:16.664  5674  5674 I chatty  : uid=10159(com.sec.android.inputmethod) identical 2 lines
01-28 15:19:16.865  5674  5674 I SKBD    : and isTosAccept false
01-28 15:19:16.908 18930 19033 V Benchmark_thread: The benchmarking thread 0 reached 160000 workload
01-28 15:19:17.066  5674  5674 I SKBD    : and isTosAccept false
01-28 15:19:17.467  5674  5674 I chatty  : uid=10159(com.sec.android.inputmethod) identical 2 lines
01-28 15:19:17.668  5674  5674 I SKBD    : and isTosAccept false
01-28 15:19:17.846  5095  5560 D SDHMS:s : SIOP:: AP:325(554,110) BAT:328(328,0) CHG:475(475,0) USB:334(334,0) PA:340(416,50) LRP:0(0,-999) ATC:0(0,-999) 
01-28 15:19:17.846  5095  5560 D aa      : broadcastCheckSiopLvIntent:: curLevel = -2
01-28 15:19:17.848  3789  3789 D WifiP2pService: GopsReceiver : received : com.samsung.intent.action.CHECK_SIOP_LEVEL
01-28 15:19:17.848  3789  3789 I WifiP2pService: siop_level = -2
01-28 15:19:17.849  6866  6913 I SystemBroadcastReceiver: [#CMH#] Received broadcast 
01-28 15:19:17.849  6866  6913 I PolicyManager: [#CMH#] onReceive action = EVENT_SIOP
01-28 15:19:17.849  3789  3789 D WifiP2pService: GopsReceiver : received : com.samsung.intent.action.CHECK_SIOP_LEVEL time : 1ms
01-28 15:19:17.849  6866  6913 I SystemBroadcastReceiver: [#CMH#] onReceive completed 
01-28 15:19:17.868  5674  5674 I SKBD    : and isTosAccept false
01-28 15:19:18.069  5674  5674 I SKBD    : and isTosAccept false
01-28 15:19:18.232 18930 19035 V Benchmark_thread: The benchmarking thread : usb cable counter waiting for 50000 seconds to remove cable
01-28 15:19:18.270  5674  5674 I SKBD    : and isTosAccept false
01-28 15:19:18.364  4170  4361 D NetworkController.MobileSignalController(0/-2): onSignalStrengthsChanged signalStrength=SignalStrength: 23 99 -23 -200 -23 -200 -1 99 2147483647 2147483647 2147483647 2147483647 0 2147483647 23 54 -66 0x4 P gsm|lte use_rsrp_and_rssnr_for_lte_level  [-128, -118, -108, -98] [-115, -105, -95, -85] level=4
01-28 15:19:18.365  4170  4361 D NetworkController.MobileSignalController(0/-2): getMobileIconGroup(): 0
01-28 15:19:18.428  3789  4043 I WifiVendorHal: getWifiLinkLayerStats(l.2973) before calling iface.getLinkLayerStats
01-28 15:19:18.429  3312  3312 I android.hardware.wifi@1.0-service: enter getLinkLayerStats
01-28 15:19:18.429  3312  3312 I android.hardware.wifi@1.0-service: enter getLinkLayerStatsInternal
01-28 15:19:18.470  5674  5674 I SKBD    : and isTosAccept false
01-28 15:19:18.471  3312  3312 I android.hardware.wifi@1.0-service: Successfully getLinkLayerStats.
01-28 15:19:18.472  3789  4043 I WifiVendorHal: getWifiLinkLayerStats(l.2973) after calling iface.getLinkLayerStats
01-28 15:19:18.500  3789  4043 I WifiStateMachine: checkScoreBasedQuality -  mPreviousScore[0]:112 mPreviousScore[1]:112 mPreviousScore[2]:116 s2Score:119mPrevoiusScoreAverage:113
01-28 15:19:18.671  5674  5674 I SKBD    : and isTosAccept false
01-28 15:19:20.678  5674  5674 I chatty  : uid=10159(com.sec.android.inputmethod) identical 10 lines
01-28 15:19:20.754  3789  3887 D PowerManagerService: UserActivityState : 1 -> 2
01-28 15:19:20.878  5674  5674 I SKBD    : and isTosAccept false
01-28 15:19:20.921  4170  4361 D NetworkController.MobileSignalController(0/-2): onSignalStrengthsChanged signalStrength=SignalStrength: 25 99 -25 -200 -25 -200 -1 99 2147483647 2147483647 2147483647 2147483647 0 2147483647 25 57 -63 0x4 P gsm|lte use_rsrp_and_rssnr_for_lte_level  [-128, -118, -108, -98] [-115, -105, -95, -85] level=4
01-28 15:19:20.921  4170  4361 D NetworkController.MobileSignalController(0/-2): getMobileIconGroup(): 0
01-28 15:19:21.079  5674  5674 I SKBD    : and isTosAccept false
01-28 15:19:21.086  4944  4944 D io_stats: !@   8,0 r 45172 2802148 w 56210 1478140 d 3261 381424 f 7803 26239 iot 48144 40634 th 307200 0 0 pt 0 inp 0 0 1492.077
01-28 15:19:21.280  5674  5674 I chatty  : uid=10159(com.sec.android.inputmethod) identical 1 line
01-28 15:19:21.481  5674  5674 I SKBD    : and isTosAccept false
01-28 15:19:21.504  3789  4043 I WifiVendorHal: getWifiLinkLayerStats(l.2973) before calling iface.getLinkLayerStats
01-28 15:19:21.504  3312  3312 I android.hardware.wifi@1.0-service: enter getLinkLayerStats
01-28 15:19:21.504  3312  3312 I android.hardware.wifi@1.0-service: enter getLinkLayerStatsInternal
01-28 15:19:21.544  3312  3312 I android.hardware.wifi@1.0-service: Successfully getLinkLayerStats.
01-28 15:19:21.545  3789  4043 I WifiVendorHal: getWifiLinkLayerStats(l.2973) after calling iface.getLinkLayerStats
01-28 15:19:21.575  3789  4043 I WifiStateMachine: checkScoreBasedQuality -  mPreviousScore[0]:112 mPreviousScore[1]:116 mPreviousScore[2]:119 s2Score:121mPrevoiusScoreAverage:115
01-28 15:19:21.682  5674  5674 I SKBD    : and isTosAccept false
01-28 15:19:23.288  5674  5674 I chatty  : uid=10159(com.sec.android.inputmethod) identical 8 lines
01-28 15:19:23.488  5674  5674 I SKBD    : and isTosAccept false
01-28 15:19:23.492  4170  4361 D NetworkController.MobileSignalController(0/-2): onSignalStrengthsChanged signalStrength=SignalStrength: 26 99 -26 -200 -26 -200 -1 99 2147483647 2147483647 2147483647 2147483647 0 2147483647 26 59 -61 0x4 P gsm|lte use_rsrp_and_rssnr_for_lte_level  [-128, -118, -108, -98] [-115, -105, -95, -85] level=4
01-28 15:19:23.492  4170  4361 D NetworkController.MobileSignalController(0/-2): getMobileIconGroup(): 0
01-28 15:19:23.688  5674  5674 I SKBD    : and isTosAccept false
01-28 15:19:24.089  5674  5674 I chatty  : uid=10159(com.sec.android.inputmethod) identical 2 lines
01-28 15:19:24.290  5674  5674 I SKBD    : and isTosAccept false
01-28 15:19:24.365  3789  4511 D WifiPermissionsUtil: canAccessScanResults: pkgName = com.sec.android.sdhms, uid = 1000
01-28 15:19:24.490  5674  5674 I SKBD    : and isTosAccept false
01-28 15:19:24.579  3789  4043 I WifiVendorHal: getWifiLinkLayerStats(l.2973) before calling iface.getLinkLayerStats
01-28 15:19:24.579  3312  3312 I android.hardware.wifi@1.0-service: enter getLinkLayerStats
01-28 15:19:24.579  3312  3312 I android.hardware.wifi@1.0-service: enter getLinkLayerStatsInternal
01-28 15:19:24.618  3312  3312 I android.hardware.wifi@1.0-service: Successfully getLinkLayerStats.
01-28 15:19:24.619  3789  4043 I WifiVendorHal: getWifiLinkLayerStats(l.2973) after calling iface.getLinkLayerStats
01-28 15:19:24.662  3789  4043 I WifiStateMachine: checkScoreBasedQuality -  mPreviousScore[0]:116 mPreviousScore[1]:119 mPreviousScore[2]:121 s2Score:122mPrevoiusScoreAverage:118
01-28 15:19:24.691  5674  5674 I SKBD    : and isTosAccept false
01-28 15:19:24.892  5674  5674 I SKBD    : and isTosAccept false
01-28 15:19:24.937  3323  3547 V APM_AudioPolicyManager: getAudioPolicyConfig: audioParam;outDevice
01-28 15:19:24.938  3323  3547 V APM_AudioPolicyManager: getNewOutputDevice() selected device 0
01-28 15:19:24.938  3323  3547 V APM_AudioPolicyManager: ### curdevice : 2
01-28 15:19:25.092  5674  5674 I SKBD    : and isTosAccept false
01-28 15:19:25.494  5674  5674 I chatty  : uid=10159(com.sec.android.inputmethod) identical 2 lines
01-28 15:19:25.694  5674  5674 I SKBD    : and isTosAccept false
01-28 15:19:25.827 18930 19033 V Benchmark_thread: The benchmarking thread 0 reached 170000 workload
01-28 15:19:25.895  5674  5674 I SKBD    : and isTosAccept false
01-28 15:19:26.090  4944  4944 D io_stats: !@   8,0 r 45172 2802148 w 56211 1478144 d 3261 381424 f 7803 26241 iot 48144 40635 th 307200 0 0 pt 0 inp 0 0 1497.081
01-28 15:19:26.898  5674  5674 I chatty  : uid=10159(com.sec.android.inputmethod) identical 5 lines
01-28 15:19:27.098  5674  5674 I SKBD    : and isTosAccept false
01-28 15:19:27.280  3286  3458 D Netd    : notify() code: 613, msg: IfaceClass idle 1 1498272318812
01-28 15:19:27.283  3789  3876 I WifiService: getSupportedFeatures uid=1000
01-28 15:19:27.284  3789  4043 I WifiVendorHal: getWifiLinkLayerStats(l.2973) before calling iface.getLinkLayerStats
01-28 15:19:27.284  3312  3312 I android.hardware.wifi@1.0-service: enter getLinkLayerStats
01-28 15:19:27.284  3312  3312 I android.hardware.wifi@1.0-service: enter getLinkLayerStatsInternal
01-28 15:19:27.299  5674  5674 I SKBD    : and isTosAccept false
01-28 15:19:27.334  3312  3312 I android.hardware.wifi@1.0-service: Successfully getLinkLayerStats.
01-28 15:19:27.334  3789  4043 I WifiVendorHal: getWifiLinkLayerStats(l.2973) after calling iface.getLinkLayerStats
01-28 15:19:27.340  3789  3876 D BatteryStatsImpl: !@ currentWifiRunningTimeMs : 35569 totalTimeMs : 2109 totalWifiRunningTimeMs :37678 batteryRealtimeMs :228763
01-28 15:19:27.500  5674  5674 I SKBD    : and isTosAccept false
01-28 15:19:27.664  3789  4043 I WifiVendorHal: getWifiLinkLayerStats(l.2973) before calling iface.getLinkLayerStats
01-28 15:19:27.664  3312  3312 I android.hardware.wifi@1.0-service: enter getLinkLayerStats
01-28 15:19:27.665  3312  3312 I android.hardware.wifi@1.0-service: enter getLinkLayerStatsInternal
01-28 15:19:27.670  3312  3312 I android.hardware.wifi@1.0-service: Successfully getLinkLayerStats.
01-28 15:19:27.671  3789  4043 I WifiVendorHal: getWifiLinkLayerStats(l.2973) after calling iface.getLinkLayerStats
01-28 15:19:27.685  3789  4043 I WifiStateMachine: checkScoreBasedQuality -  mPreviousScore[0]:119 mPreviousScore[1]:121 mPreviousScore[2]:122 s2Score:123mPrevoiusScoreAverage:120
01-28 15:19:27.700  5674  5674 I SKBD    : and isTosAccept false
01-28 15:19:27.901  5674  5674 I chatty  : uid=10159(com.sec.android.inputmethod) identical 1 line
01-28 15:19:27.918  5095  5560 D SDHMS:s : SIOP:: AP:339(554,110) BAT:328(328,0) CHG:476(476,0) USB:334(334,0) PA:350(419,50) LRP:0(0,-999) ATC:0(0,-999) 
01-28 15:19:28.102  5674  5674 I SKBD    : and isTosAccept false
01-28 15:19:28.232 18930 19035 V Benchmark_thread: The benchmarking thread : usb cable counter waiting for 40000 seconds to remove cable
01-28 15:19:28.303  5674  5674 I SKBD    : and isTosAccept false
01-28 15:19:28.504  5674  5674 I SKBD    : and isTosAccept false
01-28 15:19:28.603  4170  4361 D NetworkController.MobileSignalController(0/-2): onSignalStrengthsChanged signalStrength=SignalStrength: 27 99 -27 -200 -27 -200 -1 99 2147483647 2147483647 2147483647 2147483647 0 2147483647 27 61 -59 0x4 P gsm|lte use_rsrp_and_rssnr_for_lte_level  [-128, -118, -108, -98] [-115, -105, -95, -85] level=4
01-28 15:19:28.604  4170  4361 D NetworkController.MobileSignalController(0/-2): getMobileIconGroup(): 0
01-28 15:19:28.704  5674  5674 I SKBD    : and isTosAccept false
01-28 15:19:30.250  3789  4511 D ConnectivityService: filterNetworkStateForUid() uid: 10038, pid: 4611
01-28 15:19:30.250  3789  4511 D ConnectivityService: isNetworkWithLinkPropertiesBlocked: uid=10038, vpn=DISCONNECTED,false
01-28 15:19:30.251  3789  4511 D ConnectivityService: filterNetworkStateForUid() uid: 10038, pid: 4611, networkInfo: [type: WIFI[], state: CONNECTED/CONNECTED, reason: (unspecified), extra: (none), failover: false, available: true, roaming: false]
01-28 15:19:30.309  5674  5674 I chatty  : uid=10159(com.sec.android.inputmethod) identical 8 lines
01-28 15:19:30.510  5674  5674 I SKBD    : and isTosAccept false
01-28 15:19:30.690  3789  4043 I WifiVendorHal: getWifiLinkLayerStats(l.2973) before calling iface.getLinkLayerStats
01-28 15:19:30.690  3312  3312 I android.hardware.wifi@1.0-service: enter getLinkLayerStats
01-28 15:19:30.691  3312  3312 I android.hardware.wifi@1.0-service: enter getLinkLayerStatsInternal
01-28 15:19:30.711  5674  5674 I SKBD    : and isTosAccept false
01-28 15:19:30.740  3312  3312 I android.hardware.wifi@1.0-service: Successfully getLinkLayerStats.
01-28 15:19:30.741  3789  4043 I WifiVendorHal: getWifiLinkLayerStats(l.2973) after calling iface.getLinkLayerStats
01-28 15:19:30.744  3789  3887 D PowerManagerService: UserActivityState : 2 -> 4
01-28 15:19:30.744  3789  3887 I PowerManagerService: [PWL] On : 1080698 (421038 ms ago)
01-28 15:19:30.744  3789  3887 I PowerManagerService: [PWL]  mStayOn: false  mWakeLockSummary & WAKE_LOCK_STAY_AWAKE: 20  mUserActivitySummary: 0x4
01-28 15:19:30.744  3789  3887 I PowerManagerService: [PWL]  SCREEN_BRIGHT_WAKE_LOCK        'WindowManager' ON_AFTER_RELEASE ACQ=-1m32s94ms (uid=1000 pid=3789 ws=WorkSource{10227})
01-28 15:19:30.763  3789  4043 I WifiStateMachine: checkScoreBasedQuality -  mPreviousScore[0]:121 mPreviousScore[1]:122 mPreviousScore[2]:123 s2Score:124mPrevoiusScoreAverage:122
01-28 15:19:30.812  3789  4430 D BatteryService: Sending ACTION_BATTERY_CHANGED. scale:100, info:{.chargerAcOnline = false, .chargerUsbOnline = false, .chargerWirelessOnline = false, .maxChargingCurrent = 0, .maxChargingVoltage = 0, .batteryStatus = DISCHARGING, .batteryHealth = GOOD, .batteryPresent = true, .batteryLevel = 84, .batteryVoltage = 4029, .batteryTemperature = 339, .batteryCurrent = -1, .batteryCycleCount = 0, .batteryFullCharge = 3000000, .batteryChargeCounter = 2524917, .batteryTechnology = Li-ion}
01-28 15:19:30.812  3789  4430 D BatteryService: online:1, current avg:-1264, charge type:0, POGO powered:false, power sharing:false, high voltage charger:false, charger_type:0, capacity:280000, batterySWSelfDischarging:false, misc_event:65536, current_event:0, current_now:-1249
01-28 15:19:30.814  3789  3887 D PowerManagerService: mDisplayReady: false
01-28 15:19:30.814  3789  3887 D DisplayPowerController: animateScreenStateChange: target=2, targetInternal=2, dualScreenPolicy=-1
