01-28 15:19:30.814  3789  3887 D DisplayPowerController: getFinalBrightness : Summary is 120 -> 120
01-28 15:19:30.814  3789  3887 D PowerManagerService: DisplayPowerCallbacks : onStateChanged()
01-28 15:19:30.814  3789  3887 D PowerManagerService: mDisplayReady: true
01-28 15:19:30.818  4170  4170 D KeyguardUpdateMonitor: received broadcast android.intent.action.BATTERY_CHANGED
01-28 15:19:30.818  4170  4170 D KeyguardUpdateMonitor: handleBatteryUpdate
01-28 15:19:30.820  4137  4137 D BigDataInfoController: Intent : android.intent.action.BATTERY_CHANGED
01-28 15:19:30.820  3789  3789 I MotionRecognitionService: On Battery, 0
01-28 15:19:30.820  4137  4137 D BigDataInfoController: Intent : android.intent.action.BATTERY_CHANGED
01-28 15:19:30.820  3789  3789 D MotionRecognitionService:   mCableConnection= 0
01-28 15:19:30.821  3789  3789 D UsbDeviceManager: received ACTION_BATTERY_CHANGED
01-28 15:19:30.822  3789  3876 E KernelUidCpuTimeReader: cpu time over : cpu data for UID=10227!
01-28 15:19:30.822  3789  3876 E KernelUidCpuTimeReader: Time between reads: +19s825ms
01-28 15:19:30.822  3789  3876 E KernelUidCpuTimeReader: Previous times: u=+4m22s316ms s=+3s416ms
01-28 15:19:30.822  3789  3876 E KernelUidCpuTimeReader: Current times: u=+5m45s640ms s=+4s244ms
01-28 15:19:30.822  3789  3876 E KernelUidCpuTimeReader: Delta: u=+1m23s324ms s=+828ms
01-28 15:19:30.822  3789  3883 D UsbDeviceManager: handleMessage -> MSG_UPDATE_CHARGING_STATE = 0
01-28 15:19:30.822  3789  3883 D UsbDeviceManager: updateUsbNotification(false) : mConnected = false, mConfigured = false, mCurrentFunctions = 5, mHostConnected = false, mSourcePower = false, mSinkPower = false, mUsbCharging = false, mUseUsbNotification = true
01-28 15:19:30.822  3789  3789 D GameManagerService: new battery level: 84
01-28 15:19:30.823  3789  3883 D UsbDeviceManager: updateUsbNotification, set mCurrentFunctionsForNoti : mtp
01-28 15:19:30.823  3789  3883 D DexObserverFW: isDexModeOn() : false
01-28 15:19:30.823  3789  3883 D DexObserverFW: isSemiDexModeOn() : false
01-28 15:19:30.828  3789  3883 D UsbDeviceManager: id=0, mUsbNotificationId=0, titleRes=0
01-28 15:19:30.838  4170  4170 D PowerUI : priorPlugType = 0 mPlugType = 0 priorBatteryStatus = 3 mBatteryStatus = 3
01-28 15:19:30.838  4170  4170 D PowerUI : Battery swelling mode - priorBatterySwellingMode = 0 mBatterySwellingMode = 0
01-28 15:19:30.845  4170  4170 I StackScroller: ADJUST STACK.TRANSLATION
01-28 15:19:30.848  4170  4170 I chatty  : uid=10008(com.samsung.android.app.aodservice) com.android.systemui identical 1 line
01-28 15:19:30.849  4170  4170 I StackScroller: ADJUST STACK.TRANSLATION
01-28 15:19:30.850  5095  5095 D D       : broadcastSiopChangedIntent:: FLASH = false, CAMERA = false, RECORDING = false, DUAL_CAMERA = false, RECORDING_FPS = false, SMARTBONDING = false, LIVETHUMBNAIL = true
01-28 15:19:30.854  3789  4204 D WifiPermissionsUtil: canAccessScanResults: pkgName = com.sec.android.sdhms, uid = 1000
01-28 15:19:30.855  5095  5095 W ContextImpl: Calling a method in the system process without a qualified user: android.app.ContextImpl.sendStickyBroadcast:1366 android.content.ContextWrapper.sendStickyBroadcast:584 com.sec.android.sdhms.thermal.siop.W.u:237 com.sec.android.sdhms.thermal.siop.ab.U:17 ax.e.b:32 
01-28 15:19:30.888  3789  3789 V SmartBondingService: getSBEnabled() : check setting
01-28 15:19:30.889  3789  3789 V SmartBondingService: getSBEnabled() enabled =false
01-28 15:19:30.889  3789  3789 V SmartBondingService: getSBInterfaceState : TYPE_MOBILE doesn't exist
01-28 15:19:30.889  3789  3789 D ConnectivityService: filterNetworkStateForUid() uid: 1000, pid: 3789
01-28 15:19:30.889  3789  3789 D ConnectivityService: filterNetworkStateForUid() uid: 1000, pid: 3789, networkInfo: [type: WIFI[], state: CONNECTED/CONNECTED, reason: (unspecified), extra: (none), failover: false, available: true, roaming: false]
01-28 15:19:30.911  5674  5674 I SKBD    : and isTosAccept false
01-28 15:19:31.008  3789  4204 E BartenderActivityManager: BarTender: pid : 12785 cached=true abnormal=false kill=false stay=false release=false
01-28 15:19:31.011  3789  4204 I ActivityManager: Killing 18760:com.samsung.android.mdecservice/1000 (adj 906): empty #25
01-28 15:19:31.012  3789  3863 W libprocessgroup: kill(-18760, 9) failed: No such process
01-28 15:19:31.040  3789  3863 I chatty  : uid=1000(system) ActivityManager identical 5 lines
01-28 15:19:31.045  3789  3863 W libprocessgroup: kill(-18760, 9) failed: No such process
01-28 15:19:31.045  3789  3863 I libprocessgroup: Successfully killed process cgroup uid 1000 pid 18760 in 34ms
01-28 15:19:31.046  3287  3287 I Zygote  : Process 18760 exited due to signal (9)
01-28 15:19:31.048  4412  4437 D ForegroundUtils: could not check pending caller
01-28 15:19:31.092  4944  4944 D io_stats: !@   8,0 r 45172 2802148 w 56216 1478184 d 3261 381424 f 7806 26246 iot 48152 40638 th 307200 0 0 pt 0 inp 0 0 1502.083
01-28 15:19:31.106  3789  4511 D SamsungAlarmManager: setInexact Intent (T:3/F:0/AC:false) 20320126T151931 - CU:10038/CP:5297
01-28 15:19:31.106  3789  4511 I SamsungAlarmManager: setLocked to kernel - T:2 / 20220128T152239, SetElapsed=1690756, nowELAPSED=1502098
01-28 15:19:31.106  3789  4511 I SamsungAlarmManager: setLocked to kernel - T:3 / 20220128T152000, SetElapsed=1530992, nowELAPSED=1502098
01-28 15:19:31.110  5297 19295 I GmscoreIpa: Starting mediastore instant index [CONTEXT service_id=255 ]
01-28 15:19:31.112  5674  5674 I SKBD    : and isTosAccept false
01-28 15:19:31.915  5674  5674 I chatty  : uid=10159(com.sec.android.inputmethod) identical 4 lines
01-28 15:19:32.115  5674  5674 I SKBD    : and isTosAccept false
01-28 15:19:32.281  3286  3458 D Netd    : notify() code: 613, msg: IfaceClass active 1 1503272972732 1051
01-28 15:19:32.283  3789  3876 I WifiService: getSupportedFeatures uid=1000
01-28 15:19:32.285  3789  4043 I WifiVendorHal: getWifiLinkLayerStats(l.2973) before calling iface.getLinkLayerStats
01-28 15:19:32.285  3312  3312 I android.hardware.wifi@1.0-service: enter getLinkLayerStats
01-28 15:19:32.286  3312  3312 I android.hardware.wifi@1.0-service: enter getLinkLayerStatsInternal
01-28 15:19:32.316  5674  5674 I SKBD    : and isTosAccept false
01-28 15:19:32.317  3312  3312 I android.hardware.wifi@1.0-service: Successfully getLinkLayerStats.
01-28 15:19:32.318  3789  4043 I WifiVendorHal: getWifiLinkLayerStats(l.2973) after calling iface.getLinkLayerStats
01-28 15:19:32.331  3789  3876 D BatteryStatsImpl: !@ currentWifiRunningTimeMs : 37678 totalTimeMs : 681 totalWifiRunningTimeMs :38359 batteryRealtimeMs :233754
01-28 15:19:32.432  4170  4170 D SecStatusBarWifiView: updateState: WifiIconState(resId=2131232632, visible=true, activityId=2131232638)
01-28 15:19:32.516  5674  5674 I SKBD    : and isTosAccept false
01-28 15:19:33.118  5674  5674 I chatty  : uid=10159(com.sec.android.inputmethod) identical 3 lines
01-28 15:19:33.319  5674  5674 I SKBD    : and isTosAccept false
01-28 15:19:33.436  4170  4170 D SecStatusBarWifiView: updateState: WifiIconState(resId=2131232632, visible=true, activityId=2131232657)
01-28 15:19:33.520  5674  5674 I SKBD    : and isTosAccept false
01-28 15:19:33.721  5674  5674 I SKBD    : and isTosAccept false
01-28 15:19:33.725  4170  4361 D NetworkController.MobileSignalController(0/-2): onSignalStrengthsChanged signalStrength=SignalStrength: 28 99 -28 -200 -28 -200 -1 99 2147483647 2147483647 2147483647 2147483647 0 2147483647 28 63 -57 0x4 P gsm|lte use_rsrp_and_rssnr_for_lte_level  [-128, -118, -108, -98] [-115, -105, -95, -85] level=4
01-28 15:19:33.725  4170  4361 D NetworkController.MobileSignalController(0/-2): getMobileIconGroup(): 0
01-28 15:19:33.766  3789  4043 I WifiVendorHal: getWifiLinkLayerStats(l.2973) before calling iface.getLinkLayerStats
01-28 15:19:33.766  3312  3312 I android.hardware.wifi@1.0-service: enter getLinkLayerStats
01-28 15:19:33.766  3312  3312 I android.hardware.wifi@1.0-service: enter getLinkLayerStatsInternal
01-28 15:19:33.817  3312  3312 I android.hardware.wifi@1.0-service: Successfully getLinkLayerStats.
01-28 15:19:33.817  3789  4043 I WifiVendorHal: getWifiLinkLayerStats(l.2973) after calling iface.getLinkLayerStats
01-28 15:19:33.842  3789  4043 I WifiStateMachine: checkScoreBasedQuality -  mPreviousScore[0]:122 mPreviousScore[1]:123 mPreviousScore[2]:124 s2Score:124mPrevoiusScoreAverage:123
01-28 15:19:33.921  5674  5674 I SKBD    : and isTosAccept false
01-28 15:19:34.100  3326  3326 I SurfaceFlinger: SFWD update time=1505092481153
01-28 15:19:34.122  5674  5674 I SKBD    : and isTosAccept false
01-28 15:19:34.322  5674  5674 I SKBD    : and isTosAccept false
01-28 15:19:34.397  3789  4204 D WifiPermissionsUtil: canAccessScanResults: pkgName = com.sec.android.sdhms, uid = 1000
01-28 15:19:34.522  5674  5674 I SKBD    : and isTosAccept false
01-28 15:19:34.723  5674  5674 I chatty  : uid=10159(com.sec.android.inputmethod) identical 1 line
01-28 15:19:34.924  5674  5674 I SKBD    : and isTosAccept false
01-28 15:19:34.969  3323  3547 V APM_AudioPolicyManager: getAudioPolicyConfig: audioParam;outDevice
01-28 15:19:34.970  3323  3547 V APM_AudioPolicyManager: getNewOutputDevice() selected device 0
01-28 15:19:34.970  3323  3547 V APM_AudioPolicyManager: ### curdevice : 2
01-28 15:19:35.125  5674  5674 I SKBD    : and isTosAccept false
01-28 15:19:35.258 18930 19033 V Benchmark_thread: The benchmarking thread 0 reached 180000 workload
01-28 15:19:35.326  5674  5674 I SKBD    : and isTosAccept false
01-28 15:19:35.902  3789  4204 E BartenderActivityManager: BarTender: pid : 9442 cached=true abnormal=false kill=false stay=false release=false
01-28 15:19:36.095  4944  4944 D io_stats: !@   8,0 r 45172 2802148 w 56223 1478244 d 3261 381424 f 7806 26246 iot 48152 40639 th 307200 0 0 pt 0 inp 0 0 1507.086
01-28 15:19:36.530  5674  5674 I chatty  : uid=10159(com.sec.android.inputmethod) identical 6 lines
01-28 15:19:36.731  5674  5674 I SKBD    : and isTosAccept false
01-28 15:19:36.846  3789  4043 I WifiVendorHal: getWifiLinkLayerStats(l.2973) before calling iface.getLinkLayerStats
01-28 15:19:36.847  3312  3312 I android.hardware.wifi@1.0-service: enter getLinkLayerStats
01-28 15:19:36.847  3312  3312 I android.hardware.wifi@1.0-service: enter getLinkLayerStatsInternal
01-28 15:19:36.897  3312  3312 I android.hardware.wifi@1.0-service: Successfully getLinkLayerStats.
01-28 15:19:36.898  3789  4043 I WifiVendorHal: getWifiLinkLayerStats(l.2973) after calling iface.getLinkLayerStats
01-28 15:19:36.911  3789  4043 I WifiStateMachine: checkScoreBasedQuality -  mPreviousScore[0]:123 mPreviousScore[1]:124 mPreviousScore[2]:124 s2Score:124mPrevoiusScoreAverage:123
01-28 15:19:36.931  5674  5674 I SKBD    : and isTosAccept false
01-28 15:19:37.417  3789  4204 E BartenderActivityManager: BarTender: pid : 18702 cached=true abnormal=false kill=false stay=false release=false
01-28 15:19:37.420  3789  4204 E BartenderActivityManager: BarTender: pid : 19261 cached=true abnormal=false kill=false stay=false release=false
01-28 15:19:37.734  5674  5674 I chatty  : uid=10159(com.sec.android.inputmethod) identical 4 lines
01-28 15:19:37.935  5674  5674 I SKBD    : and isTosAccept false
01-28 15:19:37.984  5095  5560 D SDHMS:s : SIOP:: AP:354(556,110) BAT:339(339,0) CHG:478(478,0) USB:335(335,0) PA:359(420,50) LRP:0(0,-999) ATC:0(0,-999) 
01-28 15:19:37.985  5095  5560 D aa      : broadcastCheckSiopLvIntent:: curLevel = -1
01-28 15:19:37.988  3789  3789 D WifiP2pService: GopsReceiver : received : com.samsung.intent.action.CHECK_SIOP_LEVEL
01-28 15:19:37.988  3789  3789 I WifiP2pService: siop_level = -1
01-28 15:19:37.989  6866  6913 I SystemBroadcastReceiver: [#CMH#] Received broadcast 
01-28 15:19:37.989  6866  6913 I PolicyManager: [#CMH#] onReceive action = EVENT_SIOP
01-28 15:19:37.990  3789  3789 D WifiP2pService: GopsReceiver : received : com.samsung.intent.action.CHECK_SIOP_LEVEL time : 2ms
01-28 15:19:37.990  6866  6913 I SystemBroadcastReceiver: [#CMH#] onReceive completed 
01-28 15:19:38.078  3364  3534 E storaged: getDiskStats failed with result NOT_SUPPORTED and size 0
01-28 15:19:38.121  3789  4204 D SamsungAlarmManager: Cancel Alarm calling from uid:10038 pid :5297 / op:PendingIntent{cfb474: PendingIntentRecord{8e45447 com.google.android.gms startService}}
01-28 15:19:38.126  3789  4204 I SamsungAlarmManager: setLocked to kernel - T:2 / 20220128T152239, SetElapsed=1690756, nowELAPSED=1509118
01-28 15:19:38.127  3789  4204 I SamsungAlarmManager: setLocked to kernel - T:3 / 20220128T151959, SetElapsed=1530992, nowELAPSED=1509119
01-28 15:19:38.136  5674  5674 I SKBD    : and isTosAccept false
01-28 15:19:38.537  5674  5674 I chatty  : uid=10159(com.sec.android.inputmethod) identical 2 lines
01-28 15:19:38.737  5674  5674 I SKBD    : and isTosAccept false
01-28 15:19:38.874  3323 13077 V APM_AudioPolicyManager: AudioPolicyManager:setRecordSilenced(uid:10194, silenced:1)
01-28 15:19:38.938  5674  5674 I SKBD    : and isTosAccept false
01-28 15:19:39.539  5674  5674 I chatty  : uid=10159(com.sec.android.inputmethod) identical 3 lines
01-28 15:19:39.740  5674  5674 I SKBD    : and isTosAccept false
01-28 15:19:39.915  3789  4043 I WifiVendorHal: getWifiLinkLayerStats(l.2973) before calling iface.getLinkLayerStats
01-28 15:19:39.915  3312  3312 I android.hardware.wifi@1.0-service: enter getLinkLayerStats
01-28 15:19:39.915  3312  3312 I android.hardware.wifi@1.0-service: enter getLinkLayerStatsInternal
01-28 15:19:39.940  5674  5674 I SKBD    : and isTosAccept false
01-28 15:19:39.964  3312  3312 I android.hardware.wifi@1.0-service: Successfully getLinkLayerStats.
01-28 15:19:39.965  3789  4043 I WifiVendorHal: getWifiLinkLayerStats(l.2973) after calling iface.getLinkLayerStats
01-28 15:19:39.997  3789  4043 I WifiStateMachine: checkScoreBasedQuality -  mPreviousScore[0]:124 mPreviousScore[1]:124 mPreviousScore[2]:124 s2Score:123mPrevoiusScoreAverage:124
01-28 15:19:40.140  5674  5674 I SKBD    : and isTosAccept false
01-28 15:19:41.100  4944  4944 D io_stats: !@   8,0 r 45172 2802148 w 56225 1478284 d 3261 381424 f 7806 26248 iot 48152 40640 th 307200 0 0 pt 0 inp 0 0 1512.091
01-28 15:19:41.498  3789  4231 E Watchdog: !@Sync 50 [2022-01-28 15:19:41.498] FD count : 567
01-28 15:19:41.782  3789  4064 W DeviceStorageMonitorService: updateBroadcasts(/data) oldLevel:0, newLevel:0, seq:1
01-28 15:19:41.783  3789  4064 W DeviceStorageMonitorService: updateBroadcasts_filenode(/data) fn_oldLevel:0, fn_newLevel:0, seq:1
01-28 15:19:42.748  5674  5674 I chatty  : uid=10159(com.sec.android.inputmethod) identical 13 lines
01-28 15:19:42.949  5674  5674 I SKBD    : and isTosAccept false
01-28 15:19:43.002  3789  4043 I WifiVendorHal: getWifiLinkLayerStats(l.2973) before calling iface.getLinkLayerStats
01-28 15:19:43.002  3312  3312 I android.hardware.wifi@1.0-service: enter getLinkLayerStats
01-28 15:19:43.003  3312  3312 I android.hardware.wifi@1.0-service: enter getLinkLayerStatsInternal
01-28 15:19:43.047  3312  3312 I android.hardware.wifi@1.0-service: Successfully getLinkLayerStats.
01-28 15:19:43.048  3789  4043 I WifiVendorHal: getWifiLinkLayerStats(l.2973) after calling iface.getLinkLayerStats
01-28 15:19:43.076  3789  4043 I WifiStateMachine: checkScoreBasedQuality -  mPreviousScore[0]:124 mPreviousScore[1]:124 mPreviousScore[2]:123 s2Score:123mPrevoiusScoreAverage:123
01-28 15:19:43.150  5674  5674 I SKBD    : and isTosAccept false
01-28 15:19:44.154  5674  5674 I chatty  : uid=10159(com.sec.android.inputmethod) identical 5 lines
01-28 15:19:44.354  5674  5674 I SKBD    : and isTosAccept false
01-28 15:19:44.449  3789  4204 D WifiPermissionsUtil: canAccessScanResults: pkgName = com.sec.android.sdhms, uid = 1000
01-28 15:19:44.555  5674  5674 I SKBD    : and isTosAccept false
01-28 15:19:44.755  5674  5674 I chatty  : uid=10159(com.sec.android.inputmethod) identical 1 line
01-28 15:19:44.956  5674  5674 I SKBD    : and isTosAccept false
01-28 15:19:44.981  3323 13077 V APM_AudioPolicyManager: getAudioPolicyConfig: audioParam;outDevice
01-28 15:19:44.981  3323 13077 V APM_AudioPolicyManager: getNewOutputDevice() selected device 0
01-28 15:19:44.981  3323 13077 V APM_AudioPolicyManager: ### curdevice : 2
01-28 15:19:45.156  5674  5674 I SKBD    : and isTosAccept false
01-28 15:19:45.282 18930 19033 V Benchmark_thread: The benchmarking thread 0 reached 190000 workload
01-28 15:19:45.357  5674  5674 I SKBD    : and isTosAccept false
01-28 15:19:45.758  5674  5674 I chatty  : uid=10159(com.sec.android.inputmethod) identical 2 lines
01-28 15:19:45.959  5674  5674 I SKBD    : and isTosAccept false
01-28 15:19:46.080  3789  4043 I WifiVendorHal: getWifiLinkLayerStats(l.2973) before calling iface.getLinkLayerStats
01-28 15:19:46.081  3312  3312 I android.hardware.wifi@1.0-service: enter getLinkLayerStats
01-28 15:19:46.081  3312  3312 I android.hardware.wifi@1.0-service: enter getLinkLayerStatsInternal
01-28 15:19:46.121  3312  3312 I android.hardware.wifi@1.0-service: Successfully getLinkLayerStats.
01-28 15:19:46.122  3789  4043 I WifiVendorHal: getWifiLinkLayerStats(l.2973) after calling iface.getLinkLayerStats
01-28 15:19:46.159  5674  5674 I SKBD    : and isTosAccept false
01-28 15:19:46.161  3789  4043 I WifiStateMachine: checkScoreBasedQuality -  mPreviousScore[0]:124 mPreviousScore[1]:123 mPreviousScore[2]:123 s2Score:123mPrevoiusScoreAverage:123
01-28 15:19:46.360  5674  5674 I SKBD    : and isTosAccept false
01-28 15:19:46.962  5674  5674 I chatty  : uid=10159(com.sec.android.inputmethod) identical 3 lines
01-28 15:19:47.162  5674  5674 I SKBD    : and isTosAccept false
01-28 15:19:47.312  3286  3458 D Netd    : notify() code: 613, msg: IfaceClass idle 1 1518304273798
01-28 15:19:47.315  3789  3876 I WifiService: getSupportedFeatures uid=1000
01-28 15:19:47.316  3789  4043 I WifiVendorHal: getWifiLinkLayerStats(l.2973) before calling iface.getLinkLayerStats
01-28 15:19:47.317  3312  3312 I android.hardware.wifi@1.0-service: enter getLinkLayerStats
01-28 15:19:47.317  3312  3312 I android.hardware.wifi@1.0-service: enter getLinkLayerStatsInternal
01-28 15:19:47.352  3312  3312 I android.hardware.wifi@1.0-service: Successfully getLinkLayerStats.
01-28 15:19:47.353  3789  4043 I WifiVendorHal: getWifiLinkLayerStats(l.2973) after calling iface.getLinkLayerStats
01-28 15:19:47.363  5674  5674 I SKBD    : and isTosAccept false
01-28 15:19:47.366  3789  3876 D BatteryStatsImpl: !@ currentWifiRunningTimeMs : 38359 totalTimeMs : 2305 totalWifiRunningTimeMs :40664 batteryRealtimeMs :248789
01-28 15:19:47.764  5674  5674 I chatty  : uid=10159(com.sec.android.inputmethod) identical 2 lines
01-28 15:19:47.964  5674  5674 I SKBD    : and isTosAccept false
01-28 15:19:48.045  5095  5560 D SDHMS:s : SIOP:: AP:368(557,110) BAT:339(339,0) CHG:479(479,0) USB:335(335,0) PA:363(420,50) LRP:0(0,-999) ATC:0(0,-999) 
01-28 15:19:48.045  5095  5560 D aa      : broadcastCheckSiopLvIntent:: curLevel = 0
01-28 15:19:48.048  3789  3789 D WifiP2pService: GopsReceiver : received : com.samsung.intent.action.CHECK_SIOP_LEVEL
01-28 15:19:48.048  3789  3789 I WifiP2pService: siop_level = 0
01-28 15:19:48.048  6866  6913 I SystemBroadcastReceiver: [#CMH#] Received broadcast 
01-28 15:19:48.049  3789  3789 D WifiP2pService: GopsReceiver : received : com.samsung.intent.action.CHECK_SIOP_LEVEL time : 1ms
01-28 15:19:48.049  6866  6913 I PolicyManager: [#CMH#] onReceive action = EVENT_SIOP
01-28 15:19:48.049  6866  6913 I SystemBroadcastReceiver: [#CMH#] onReceive completed 
01-28 15:19:48.164  5674  5674 I SKBD    : and isTosAccept false
01-28 15:19:48.234 18930 19036 V Benchmark_thread: The benchmarking thread : usb cable counter waiting for 20000 seconds to remove cable
01-28 15:19:48.365  5674  5674 I SKBD    : and isTosAccept false
01-28 15:19:48.565  5674  5674 I SKBD    : and isTosAccept false
01-28 15:19:48.697  5095  5553 D TelephonyManager: getAllCellInfo : Caller (PID / UID / TID): 5095 / 1000 / 5553
01-28 15:19:48.766  5674  5674 I SKBD    : and isTosAccept false
01-28 15:19:48.966  5674  5674 I SKBD    : and isTosAccept false
01-28 15:19:49.163  3789  4043 I WifiVendorHal: getWifiLinkLayerStats(l.2973) before calling iface.getLinkLayerStats
01-28 15:19:49.164  3312  3312 I android.hardware.wifi@1.0-service: enter getLinkLayerStats
01-28 15:19:49.164  3312  3312 I android.hardware.wifi@1.0-service: enter getLinkLayerStatsInternal
01-28 15:19:49.167  5674  5674 I SKBD    : and isTosAccept false
01-28 15:19:49.206  3312  3312 I android.hardware.wifi@1.0-service: Successfully getLinkLayerStats.
01-28 15:19:49.208  3789  4043 I WifiVendorHal: getWifiLinkLayerStats(l.2973) after calling iface.getLinkLayerStats
01-28 15:19:49.250  3789  4043 I WifiStateMachine: checkScoreBasedQuality -  mPreviousScore[0]:123 mPreviousScore[1]:123 mPreviousScore[2]:123 s2Score:122mPrevoiusScoreAverage:123
01-28 15:19:49.368  5674  5674 I SKBD    : and isTosAccept false
01-28 15:19:51.109  4944  4944 D io_stats: !@   8,0 r 45172 2802148 w 56236 1478344 d 3262 381428 f 7806 26250 iot 48156 40643 th 307200 0 0 pt 0 inp 0 0 1522.099
01-28 15:19:51.174  5674  5674 I chatty  : uid=10159(com.sec.android.inputmethod) identical 9 lines
01-28 15:19:51.375  5674  5674 I SKBD    : and isTosAccept false
01-28 15:19:51.568  5712  5941 D ContactsProvider_EventLog: contents_sample_state: [CONTACT contacts(0) data(0) accounts({}) accounts deleted({}) calls([]) countryIso(FR) userId(0)  ]
01-28 15:19:51.568  5712  5941 D ContactsProvider_EventLog: contents_sample_state: [ agr({})  ]
01-28 15:19:51.568  5712  5941 D ContactsProvider_EventLog: contents_sample_state: [ actCnt({android.process.acore(5712)=1})  ]
01-28 15:19:51.568  5712  5941 D ContactsProvider_EventLog: contents_sample_state: [PROFILE contacts(0) data(0) accounts({})  ] [SAPROFILE contacts(0) data(0) accounts({})  ]
01-28 15:19:51.568  5712  5941 D ContactsProvider_EventLog: contents_sample_state: [STORAGE Contacts(CE) Profile(CE) SAProfile(CE) CallLog(CE)  ]
01-28 15:19:51.576  5674  5674 I SKBD    : and isTosAccept false
01-28 15:19:51.977  5674  5674 I chatty  : uid=10159(com.sec.android.inputmethod) identical 2 lines
01-28 15:19:52.177  5674  5674 I SKBD    : and isTosAccept false
01-28 15:19:52.255  3789  4043 I WifiVendorHal: getWifiLinkLayerStats(l.2973) before calling iface.getLinkLayerStats
01-28 15:19:52.255  3312  3312 I android.hardware.wifi@1.0-service: enter getLinkLayerStats
01-28 15:19:52.255  3312  3312 I android.hardware.wifi@1.0-service: enter getLinkLayerStatsInternal
01-28 15:19:52.282  3286  3458 D Netd    : notify() code: 613, msg: IfaceClass active 1 1523273819256 1051
01-28 15:19:52.283  3789  3876 I WifiService: getSupportedFeatures uid=1000
01-28 15:19:52.291  3312  3312 I android.hardware.wifi@1.0-service: Successfully getLinkLayerStats.
01-28 15:19:52.292  3789  4043 I WifiVendorHal: getWifiLinkLayerStats(l.2973) after calling iface.getLinkLayerStats
01-28 15:19:52.305  3789  4043 I WifiStateMachine: checkScoreBasedQuality -  mPreviousScore[0]:123 mPreviousScore[1]:123 mPreviousScore[2]:122 s2Score:122mPrevoiusScoreAverage:122
01-28 15:19:52.309  3789  4043 I WifiVendorHal: getWifiLinkLayerStats(l.2973) before calling iface.getLinkLayerStats
01-28 15:19:52.310  3312  3312 I android.hardware.wifi@1.0-service: enter getLinkLayerStats
01-28 15:19:52.310  3312  3312 I android.hardware.wifi@1.0-service: enter getLinkLayerStatsInternal
01-28 15:19:52.315  3312  3312 I android.hardware.wifi@1.0-service: Successfully getLinkLayerStats.
01-28 15:19:52.316  3789  4043 I WifiVendorHal: getWifiLinkLayerStats(l.2973) after calling iface.getLinkLayerStats
01-28 15:19:52.329  3789  3876 D BatteryStatsImpl: !@ currentWifiRunningTimeMs : 40664 totalTimeMs : 735 totalWifiRunningTimeMs :41399 batteryRealtimeMs :253752
01-28 15:19:52.378  5674  5674 I SKBD    : and isTosAccept false
01-28 15:19:52.490  4170  4170 D SecStatusBarWifiView: updateState: WifiIconState(resId=2131232632, visible=true, activityId=2131232638)
01-28 15:19:52.578  5674  5674 I SKBD    : and isTosAccept false
01-28 15:19:53.180  5674  5674 I chatty  : uid=10159(com.sec.android.inputmethod) identical 3 lines
01-28 15:19:53.381  5674  5674 I SKBD    : and isTosAccept false
01-28 15:19:53.492  4170  4170 D SecStatusBarWifiView: updateState: WifiIconState(resId=2131232632, visible=true, activityId=2131232657)
01-28 15:19:53.581  5674  5674 I SKBD    : and isTosAccept false
01-28 15:19:54.182  5674  5674 I chatty  : uid=10159(com.sec.android.inputmethod) identical 3 lines
01-28 15:19:54.383  5674  5674 I SKBD    : and isTosAccept false
01-28 15:19:54.497  3789  4204 D WifiPermissionsUtil: canAccessScanResults: pkgName = com.sec.android.sdhms, uid = 1000
01-28 15:19:54.584  5674  5674 I SKBD    : and isTosAccept false
01-28 15:19:54.785  5674  5674 I chatty  : uid=10159(com.sec.android.inputmethod) identical 1 line
01-28 15:19:54.985  5674  5674 I SKBD    : and isTosAccept false
01-28 15:19:55.017  3323 13077 V APM_AudioPolicyManager: getAudioPolicyConfig: audioParam;outDevice
01-28 15:19:55.017  3323 13077 V APM_AudioPolicyManager: getNewOutputDevice() selected device 0
01-28 15:19:55.018  3323 13077 V APM_AudioPolicyManager: ### curdevice : 2
01-28 15:19:55.186  5674  5674 I SKBD    : and isTosAccept false
01-28 15:19:55.309  3789  4043 I WifiVendorHal: getWifiLinkLayerStats(l.2973) before calling iface.getLinkLayerStats
01-28 15:19:55.310  3312  3312 I android.hardware.wifi@1.0-service: enter getLinkLayerStats
01-28 15:19:55.310  3312  3312 I android.hardware.wifi@1.0-service: enter getLinkLayerStatsInternal
01-28 15:19:55.344  3312  3312 I android.hardware.wifi@1.0-service: Successfully getLinkLayerStats.
01-28 15:19:55.345  3789  4043 I WifiVendorHal: getWifiLinkLayerStats(l.2973) after calling iface.getLinkLayerStats
01-28 15:19:55.387  5674  5674 I SKBD    : and isTosAccept false
01-28 15:19:55.390  3789  4043 I WifiStateMachine: checkScoreBasedQuality -  mPreviousScore[0]:123 mPreviousScore[1]:122 mPreviousScore[2]:122 s2Score:122mPrevoiusScoreAverage:122
01-28 15:19:55.587  5674  5674 I SKBD    : and isTosAccept false
01-28 15:19:55.788  5674  5674 I SKBD    : and isTosAccept false
01-28 15:19:55.877 18930 19033 V Benchmark_thread: The benchmarking thread 0 reached 200000 workload
01-28 15:19:55.989  5674  5674 I SKBD    : and isTosAccept false
01-28 15:19:56.113  4944  4944 D io_stats: !@   8,0 r 45172 2802148 w 56239 1478368 d 3262 381428 f 7806 26252 iot 48156 40645 th 307200 0 0 pt 0 inp 0 0 1527.104
01-28 15:19:57.394  5674  5674 I chatty  : uid=10159(com.sec.android.inputmethod) identical 7 lines
01-28 15:19:57.595  5674  5674 I SKBD    : and isTosAccept false
01-28 15:19:57.756  5297 17069 I CastDatabase: Saving the database
01-28 15:19:57.764  5297 17069 I SQLiteCastStore: [CastNetworkInfo] saved: 0, skipped: 0, [CastDeviceInfo]: saved 0, skipped 0, [Paired Guest Mode DeviceInfo] saved: 0, skipped: 0. [ProbedNetworks]: saved 0, skipped: 0, [ProbedSocketAddress]: saved 0, skipped: 0, [Network-Device pairs]: saved: 0
01-28 15:19:57.795  5674  5674 I SKBD    : and isTosAccept false
01-28 15:19:57.996  5674  5674 I SKBD    : and isTosAccept false
01-28 15:19:58.069  5095  5560 D SDHMS:s : SIOP:: AP:383(559,110) BAT:339(339,0) CHG:481(481,0) USB:336(336,0) PA:367(423,50) LRP:0(0,-999) ATC:0(0,-999) 
01-28 15:19:58.070  5095  5560 D aa      : broadcastCheckSiopLvIntent:: curLevel = 1
01-28 15:19:58.073  3789  3789 D WifiP2pService: GopsReceiver : received : com.samsung.intent.action.CHECK_SIOP_LEVEL
01-28 15:19:58.074  3789  3789 I WifiP2pService: siop_level = 1
01-28 15:19:58.074  6866  6913 I SystemBroadcastReceiver: [#CMH#] Received broadcast 
01-28 15:19:58.075  6866  6913 I PolicyManager: [#CMH#] onReceive action = EVENT_SIOP
01-28 15:19:58.075  3789  3789 D WifiP2pService: GopsReceiver : received : com.samsung.intent.action.CHECK_SIOP_LEVEL time : 2ms
01-28 15:19:58.076  6866  6913 I SystemBroadcastReceiver: [#CMH#] onReceive completed 
01-28 15:19:58.197  5674  5674 I SKBD    : and isTosAccept false
01-28 15:19:58.395  3789  4043 I WifiVendorHal: getWifiLinkLayerStats(l.2973) before calling iface.getLinkLayerStats
01-28 15:19:58.396  3312  3312 I android.hardware.wifi@1.0-service: enter getLinkLayerStats
01-28 15:19:58.396  3312  3312 I android.hardware.wifi@1.0-service: enter getLinkLayerStatsInternal
01-28 15:19:58.397  5674  5674 I SKBD    : and isTosAccept false
01-28 15:19:58.446  3312  3312 I android.hardware.wifi@1.0-service: Successfully getLinkLayerStats.
01-28 15:19:58.447  3789  4043 I WifiVendorHal: getWifiLinkLayerStats(l.2973) after calling iface.getLinkLayerStats
01-28 15:19:58.489  3789  4043 I WifiStateMachine: checkScoreBasedQuality -  mPreviousScore[0]:122 mPreviousScore[1]:122 mPreviousScore[2]:122 s2Score:122mPrevoiusScoreAverage:122
01-28 15:19:58.598  5674  5674 I SKBD    : and isTosAccept false
01-28 15:19:59.602  5674  5674 I chatty  : uid=10159(com.sec.android.inputmethod) identical 5 lines
01-28 15:19:59.802  5674  5674 I SKBD    : and isTosAccept false
01-28 15:20:00.000  3789  3989 D SamsungAlarmManager: Expired : 8
01-28 15:20:00.000  3789  3989 V SamsungAlarmManager: Sending to uid : 10100 action=com.samsung.action.EVERY_MINUTE_CLOCK_UPDATE alarm=Alarm{502e212 type 1 when 1643379600000 com.sec.android.app.launcher}
01-28 15:20:00.002  3789  3989 I SamsungAlarmManager: setLocked to kernel - T:2 / 20220128T152239, SetElapsed=1690756, nowELAPSED=1530994
01-28 15:20:00.003  3789  3989 I SamsungAlarmManager: setLocked to kernel - T:3 / 20220128T152000, SetElapsed=1530993, nowELAPSED=1530995
01-28 15:20:00.003  3789  3989 D SamsungAlarmManager: Expired : 8
01-28 15:20:00.003  5245  5245 I LiveIconManager: onReceive: com.samsung.action.EVERY_MINUTE_CLOCK_UPDATE
01-28 15:20:00.003  3789  3989 V SamsungAlarmManager: Sending to uid : 1000 action=android.intent.action.TIME_TICK alarm=Alarm{16da3e0 type 3 when 1530993 android}
01-28 15:20:00.004  5674  5674 I SKBD    : and isTosAccept false
01-28 15:20:00.005  3789  3989 I SamsungAlarmManager: setLocked to kernel - T:2 / 20220128T152239, SetElapsed=1690756, nowELAPSED=1530997
01-28 15:20:00.009  3789  4204 D SamsungAlarmManager: setInexact Intent (T:1/F:0/AC:false) 20220128T152100 - CU:10100/CP:5245
01-28 15:20:00.009  3789  4204 I SamsungAlarmManager: setLocked to kernel - T:2 / 20220128T152239, SetElapsed=1690756, nowELAPSED=1531001
01-28 15:20:00.010  3789  4204 I SamsungAlarmManager: setLocked to kernel - T:3 / 20220128T152059, SetElapsed=1590992, nowELAPSED=1531002
01-28 15:20:00.011  3789  3789 D SamsungAlarmManager: setExact Intent (T:3/F:1/AC:false) 20220128T152100 - CU:1000/CP:3789
01-28 15:20:00.011  3789  3789 I SamsungAlarmManager: setLocked to kernel - T:2 / 20220128T152239, SetElapsed=1690756, nowELAPSED=1531003
01-28 15:20:00.012  3789  3789 I SamsungAlarmManager: setLocked to kernel - T:3 / 20220128T152100, SetElapsed=1590992, nowELAPSED=1531004
01-28 15:20:00.019  4170  4170 D KeyguardUpdateMonitor: handleTimeUpdate
01-28 15:20:00.019  4170  4170 D KeyguardServiceBoxContainer: refreshTime() 1
01-28 15:20:00.026  4170  4170 D QSClockBellTower: He is ready to ring the bell. (((timeText:15:20, skipUpdateForDemo:false, dateText:Fri 28 January)))
01-28 15:20:00.027  4170  4170 D QSClock : status_bar_clock notifyTimeChanged(currentTime:15:20) mClockVisibleByPolicy:true, mClockVisibleByUser:true, visible?true, parent:android.widget.LinearLayout{b021d6b V.E...... ......ID 0,0-123,72 #7f0a02df app:id/left_clock_container}
01-28 15:20:00.028  4170  4170 D QSClockBellTower: Everyone heard the bell. run(currentTime:1643379600024,   getTime():Fri Jan 28 15:20:00 GMT+01:00 2022,   getTimeZone():libcore.util.ZoneInfo[id="Europe/Paris",mRawOffset=3600000,mEarliestRawOffset=0,mUseDst=true,mDstSavings=3600000,transitions=183])
01-28 15:20:00.046  4170  4170 I StackScroller: ADJUST STACK.TRANSLATION
01-28 15:20:00.072  4170  4170 I chatty  : uid=10008(com.samsung.android.app.aodservice) com.android.systemui identical 4 lines
01-28 15:20:00.072  4170  4170 I StackScroller: ADJUST STACK.TRANSLATION
01-28 15:20:00.205  5674  5674 I SKBD    : and isTosAccept false
01-28 15:20:01.116  4944  4944 D io_stats: !@   8,0 r 45172 2802148 w 56253 1478500 d 3262 381428 f 7809 26257 iot 48164 40651 th 307200 0 0 pt 0 inp 0 0 1532.108
01-28 15:20:01.165  3789  4511 E BartenderActivityManager: BarTender: pid : 5385 cached=true abnormal=false kill=false stay=false release=false
01-28 15:20:01.208  5674  5674 I chatty  : uid=10159(com.sec.android.inputmethod) identical 5 lines
01-28 15:20:01.408  5674  5674 I SKBD    : and isTosAccept false
01-28 15:20:01.493  3789  4043 I WifiVendorHal: getWifiLinkLayerStats(l.2973) before calling iface.getLinkLayerStats
01-28 15:20:01.494  3312  3312 I android.hardware.wifi@1.0-service: enter getLinkLayerStats
01-28 15:20:01.494  3312  3312 I android.hardware.wifi@1.0-service: enter getLinkLayerStatsInternal
01-28 15:20:01.543  3312  3312 I android.hardware.wifi@1.0-service: Successfully getLinkLayerStats.
01-28 15:20:01.544  3789  4043 I WifiVendorHal: getWifiLinkLayerStats(l.2973) after calling iface.getLinkLayerStats
01-28 15:20:01.581  3789  4043 I WifiStateMachine: checkScoreBasedQuality -  mPreviousScore[0]:122 mPreviousScore[1]:122 mPreviousScore[2]:122 s2Score:122mPrevoiusScoreAverage:122
01-28 15:20:01.609  5674  5674 I SKBD    : and isTosAccept false
01-28 15:20:03.817  5674  5674 I chatty  : uid=10159(com.sec.android.inputmethod) identical 11 lines
01-28 15:20:04.017  5674  5674 I SKBD    : and isTosAccept false
01-28 15:20:04.100  3326  3326 I SurfaceFlinger: SFWD update time=1535092789709
01-28 15:20:04.218  5674  5674 I SKBD    : and isTosAccept false
01-28 15:20:04.419  5674  5674 I SKBD    : and isTosAccept false
01-28 15:20:04.518  3789  4511 D WifiPermissionsUtil: canAccessScanResults: pkgName = com.sec.android.sdhms, uid = 1000
01-28 15:20:04.564  4457  4805 D EPDG -- EpdgSecChannelCallback: receive
01-28 15:20:04.564  4457  4805 D EPDG -- EpdgIpcMessageFactory: ipcMainCmd: 112
01-28 15:20:04.565  4457  4805 D EPDG -- SIM0 [RILRECEIVER]: [Rx]: Main: IPC_IIL_CMD Sub: IPC_IIL_SSAC_INFO
01-28 15:20:04.566  4457  4805 D EPDG -- SIM0 [RILRECEIVER]: [Rx]: Param: FF 00 00 FF 00 00 
01-28 15:20:04.568  4137  4707 E ImsAdaptorImpl: setSSACInfo : ImsAdaptorImpl.
01-28 15:20:04.569  4457  4805 D EPDG -- [NETIPCMESSAGE]: decodeIilSsacInfo()
01-28 15:20:04.569  4457  4805 E EPDG -- SIM0 [RILRECEIVER]: Incorrect EpdgIilIpcMessage IPC Message -- not initialized
01-28 15:20:04.571  4427  5330 D SsacManager: updateSSACInfo[0] : Voice(-1:0) Video(-1:0)
01-28 15:20:04.572  4427  5330 D SsacManager: Voice Call updateSSACInfo[0] : f[100], t[0]
01-28 15:20:04.572  4427  5330 D SsacManager: Video Call updateSSACInfo[0] : f[100], t[0]
01-28 15:20:04.576  4457  4805 D EPDG -- EpdgSecChannelCallback: receive
01-28 15:20:04.576  4457  4805 D EPDG -- EpdgIpcMessageFactory: ipcMainCmd: 112
01-28 15:20:04.578  4457  4805 D EPDG -- SIM0 [RILRECEIVER]: [Rx]: Main: IPC_IIL_CMD Sub: IPC_IIL_SSAC_INFO
01-28 15:20:04.578  4457  4805 D EPDG -- SIM0 [RILRECEIVER]: [Rx]: Param: FF 00 00 FF 00 00 
01-28 15:20:04.579  4457  4805 D EPDG -- [NETIPCMESSAGE]: decodeIilSsacInfo()
01-28 15:20:04.579  4457  4805 E EPDG -- SIM0 [RILRECEIVER]: Incorrect EpdgIilIpcMessage IPC Message -- not initialized
01-28 15:20:04.579  4137  4707 E ImsAdaptorImpl: setSSACInfo : ImsAdaptorImpl.
01-28 15:20:04.580  4457  4805 D EPDG -- EpdgSecChannelCallback: receive
01-28 15:20:04.580  4457  4805 D EPDG -- EpdgIpcMessageFactory: ipcMainCmd: 8
01-28 15:20:04.581  4457  4805 D EPDG -- SIM0 [RILRECEIVER]: [Rx]: Main: IPC_NET_CMD Sub: IPC_NET_REGIST
01-28 15:20:04.581  4457  4805 D EPDG -- SIM0 [RILRECEIVER]: [Rx]: Param: FF 03 
01-28 15:20:04.581  4457  4805 E EPDG -- SIM0 [RILRECEIVER]: RX [NET_REGIST] -- RESPONSE -- not initialized
01-28 15:20:04.581  4427  4915 D SsacManager: updateSSACInfo[0] : Voice(-1:0) Video(-1:0)
01-28 15:20:04.582  4427  4915 D SsacManager: Voice Call updateSSACInfo[0] : f[100], t[0]
01-28 15:20:04.582  4457  4805 D EPDG -- [NETIPCMESSAGE]: encodeNetRegist
01-28 15:20:04.582  4427  4915 D SsacManager: Video Call updateSSACInfo[0] : f[100], t[0]
01-28 15:20:04.584  3789  4043 I WifiVendorHal: getWifiLinkLayerStats(l.2973) before calling iface.getLinkLayerStats
01-28 15:20:04.585  3312  3312 I android.hardware.wifi@1.0-service: enter getLinkLayerStats
01-28 15:20:04.585  4457  4805 D EPDG -- SIM0 [IPCDISPATCHER]: [Tx]: Main: IPC_NET_CMD Sub: IPC_NET_REGIST Cmd Type: IPC_CMD_RESP
01-28 15:20:04.585  3312  3312 I android.hardware.wifi@1.0-service: enter getLinkLayerStatsInternal
01-28 15:20:04.585  4457  4805 D EPDG -- SIM0 [IPCDISPATCHER]: [Tx]: Param: 30 03 01 00 00 00 00 00 00 00 00 00 00 00 00 00 00 00 00 00 
01-28 15:20:04.587  4457  4804 D EPDG -- SIM0 [MODEM]: EpdgModemSender(): send
01-28 15:20:04.599  3789  4511 I KG.KnoxGuardService: call setNetRegistRejectCause. slotNum : 0, state : 0
01-28 15:20:04.619  4170  4361 D NetworkController.MobileSignalController(0/-2): onServiceStateChanged voiceState=2 dataState=2
01-28 15:20:04.619  5674  5674 I SKBD    : and isTosAccept false
01-28 15:20:04.623  4170  4361 D NetworkController: updateCarrierText : Emergency calls only, slotId = 0 numberOfSim = 0 airplane = false
01-28 15:20:04.624  4170  4361 D NetworkController: updateCarrierText final  : Emergency calls only
01-28 15:20:04.624  4170  4170 D KeyguardUpdateMonitor: updateCarrierTextInfo
01-28 15:20:04.625  4170  4361 D NetworkController.MobileSignalController(0/-2): getMobileIconGroup(): 0
01-28 15:20:04.627  4170  4170 D KeyguardClockPage: isNetworkRoamingState id=-2 roaming=false
01-28 15:20:04.627  4170  4170 D KeyguardClockPage: onRefreshCarrierInfo(pre, now): false, false
01-28 15:20:04.627  4170  4170 D CarrierText: updateCarrierText(): 0
01-28 15:20:04.630  4137  4137 D ServiceStateProvider: subId=-2
01-28 15:20:04.634  3312  3312 I android.hardware.wifi@1.0-service: Successfully getLinkLayerStats.
01-28 15:20:04.635  3789  4043 I WifiVendorHal: getWifiLinkLayerStats(l.2973) after calling iface.getLinkLayerStats
01-28 15:20:04.637  4170  4170 D CarrierText: Getting plmn/spn/subId sticky brdcst  plmn : Emergency calls only, spn : , subId :-2
01-28 15:20:04.637  4170  4170 D CarrierText: plmn Of NetworkController Impl : Emergency calls only
01-28 15:20:04.638  4170  4170 D CarrierText: setText : No SIM card — Emergency calls only
01-28 15:20:04.638  4137  4137 V PhoneGlobals: handleServiceStateChanged
01-28 15:20:04.638  4170  4170 D KeyguardUpdateMonitor: received broadcast android.intent.action.SERVICE_STATE
01-28 15:20:04.638  4137  4137 D Telephony:SamsungTelephonyUIManager: updateNetworkSelection subid : -2
01-28 15:20:04.639  4170  4170 V KeyguardUpdateMonitor: action android.intent.action.SERVICE_STATE serviceState={mVoiceRegState=2(EMERGENCY_ONLY), mDataRegState=2(EMERGENCY_ONLY), mChannelNumber=-1, duplexMode()=0, mCellBandwidths=[], mVoiceRoamingType=home, mDataRoamingType=home, isManualNetworkSelection=false(automatic), mRilVoiceRadioTechnology=3(UMTS), mRilDataRadioTechnology=0(Unknown), mCssIndicator=unsupported, mCdmaRoamingIndicator=-1, mCdmaDefaultRoamingIndicator=-1, VoiceRegType=0, ImsVoiceAvail=0, IsEbSupport=2, IsEaBarred=0, Snap=0, MobileVoice=EMERGENCY_ONLY, MobileVoiceRat=UMTS, MobileData=EMERGENCY_ONLY, MobileDataRoamingType=home, MobileDataRat=Unknown PsOnly=false FemtocellInd=0 EndcStatus=0 RestrictDcnr=0 NrBearerStatus=0, mIsEmergencyOnly=true, mIsDataRoamingFromRegistration=false, mIsUsingCarrierAggregation=false, mLteEarfcnRsrpBoost=0, mNetworkRegistrationStates=[]} subId=-2
01-28 15:20:04.640  4170  4170 D Tile.AirplaneModeTile: onReceive: android.intent.action.SERVICE_STATE
01-28 15:20:04.644  4170  4170 I StackScroller: ADJUST STACK.TRANSLATION
01-28 15:20:04.645  9442  9442 I ORC/PermissionUtil: hasRequiredLegacyMsgPermissions done,Elapsed time : 5.712269 ms
01-28 15:20:04.645  9442  9442 D ORC/CbCmasReceiver: onReceive : action = android.intent.action.SERVICE_STATE
01-28 15:20:04.646  9442  9442 D ORC/MethodReflector: newFromBundle is called
01-28 15:20:04.646  9442  9442 D ORC/ScpmChannelUtil: getCurrentNetworkMCC() : 208
01-28 15:20:04.646  9442  9442 D ORC/CbCmasReceiver: handleRoamingCMAS : prevMCC = null, curMCC = 208, simSlot = 0
01-28 15:20:04.646  9442  9442 D ORC/ScpmChannelUtil: getCurrentNetworkMCC() : 208
01-28 15:20:04.646  9442  9442 D ORC/CmasUtil: isSupportGlobalPws : checkGlobalPwsChecked is UN_SUPPORT
01-28 15:20:04.646  9442  9442 D ORC/CbCmasReceiver: serviceState = 2
01-28 15:20:04.646  9442  9442 D ORC/CbCmasReceiver: handleRoamingCMAS : state is null or not in_svc
01-28 15:20:04.649  4170  4170 I StackScroller: ADJUST STACK.TRANSLATION
01-28 15:20:04.650  4170  4170 I StackScroller: ADJUST STACK.TRANSLATION
01-28 15:20:04.651  4170  4361 D Tile.AirplaneModeTile:  handleUpdateState: airplane mode is disabled
01-28 15:20:04.651  4170  4361 D Tile.AirplaneModeTile:  handleUpdateState:  value = false, state = 1
01-28 15:20:04.652  4170  4170 D KeyguardUpdateMonitor: handleServiceStateChange(subId=-2, serviceState={mVoiceRegState=2(EMERGENCY_ONLY), mDataRegState=2(EMERGENCY_ONLY), mChannelNumber=-1, duplexMode()=0, mCellBandwidths=[], mVoiceRoamingType=home, mDataRoamingType=home, isManualNetworkSelection=false(automatic), mRilVoiceRadioTechnology=3(UMTS), mRilDataRadioTechnology=0(Unknown), mCssIndicator=unsupported, mCdmaRoamingIndicator=-1, mCdmaDefaultRoamingIndicator=-1, VoiceRegType=0, ImsVoiceAvail=0, IsEbSupport=2, IsEaBarred=0, Snap=0, MobileVoice=EMERGENCY_ONLY, MobileVoiceRat=UMTS, MobileData=EMERGENCY_ONLY, MobileDataRoamingType=home, MobileDataRat=Unknown PsOnly=false FemtocellInd=0 EndcStatus=0 RestrictDcnr=0 NrBearerStatus=0, mIsEmergencyOnly=true, mIsDataRoamingFromRegistration=false, mIsUsingCarrierAggregation=false, mLteEarfcnRsrpBoost=0, mNetworkRegistrationStates=[]}
01-28 15:20:04.652  4170  4170 W KeyguardUpdateMonitor: invalid subId in handleServiceStateChange()
01-28 15:20:04.655 19087 19108 D InternalContentProvider: update_network_selection null
01-28 15:20:04.655 19087 19108 D InternalContentProvider: Take CarrierUiCallFunctions
01-28 15:20:04.655 19087 19108 D CarrierUiCallFunctions: call update_network_selection null Bundle[mParcelledData.dataSize=28]
01-28 15:20:04.656 19087 19108 V UT.Worker-General: schedule job 8942069
01-28 15:20:04.656 19087 19116 V UT.Worker-General: handle job 8942069
01-28 15:20:04.656 19087 19116 V UT.Worker-General: completed job 8942069
01-28 15:20:04.657  3789  4043 I WifiStateMachine: checkScoreBasedQuality -  mPreviousScore[0]:122 mPreviousScore[1]:122 mPreviousScore[2]:122 s2Score:122mPrevoiusScoreAverage:122
01-28 15:20:04.658  9442  9442 I ORC/PermissionUtil: hasRequiredLegacyMsgPermissions done,Elapsed time : 4.211039 ms
01-28 15:20:04.658  9442  9442 D ORC/SmsAppReceiver: DefaultSmsAppSmsReceiver : action = android.intent.action.SERVICE_STATE
01-28 15:20:04.659 19087 19087 V UT.Worker-General: issue callback for job 8942069
01-28 15:20:04.659 19087 19087 D FT.TuiSalesCodeFeature: NONE.isCurrentCountry
01-28 15:20:04.659  4137  4137 V PhoneGlobals: subId=-2,mDefaultDataSubId=-1,ss roaming=false
01-28 15:20:04.660  4137  4137 I Telephony: TelecomAccountRegistry$3: Receive ServiceStateChanged, {mVoiceRegState=2(EMERGENCY_ONLY), mDataRegState=2(EMERGENCY_ONLY), mChannelNumber=-1, duplexMode()=0, mCellBandwidths=[], mVoiceRoamingType=home, mDataRoamingType=home, isManualNetworkSelection=false(automatic), mRilVoiceRadioTechnology=3(UMTS), mRilDataRadioTechnology=0(Unknown), mCssIndicator=unsupported, mCdmaRoamingIndicator=-1, mCdmaDefaultRoamingIndicator=-1, VoiceRegType=0, ImsVoiceAvail=0, IsEbSupport=2, IsEaBarred=0, Snap=0, MobileVoice=EMERGENCY_ONLY, MobileVoiceRat=UMTS, MobileData=EMERGENCY_ONLY, MobileDataRoamingType=home, MobileDataRat=Unknown PsOnly=false FemtocellInd=0 EndcStatus=0 RestrictDcnr=0 NrBearerStatus=0, mIsEmergencyOnly=true, mIsDataRoamingFromRegistration=false, mIsUsingCarrierAggregation=false, mLteEarfcnRsrpBoost=0, mNetworkRegistrationStates=[]}
01-28 15:20:04.661  4137  4137 I Telephony: TelecomAccountRegistry$3: subId: -2, operatorAlphaShort: , voiceNetwokType: 3 -> 3, dataNetwokType: 0 -> 0
01-28 15:20:04.665 19087 19087 V UT.TelephonyUtils: getServiceState 2, subId -2
01-28 15:20:04.665 19087 19087 D CU.NetworkSelectionNotificationMgr: updateNetworkSelection()... state = {mVoiceRegState=2(EMERGENCY_ONLY), mDataRegState=2(EMERGENCY_ONLY), mChannelNumber=-1, duplexMode()=0, mCellBandwidths=[], mVoiceRoamingType=home, mDataRoamingType=home, isManualNetworkSelection=false(automatic), mRilVoiceRadioTechnology=3(UMTS), mRilDataRadioTechnology=0(Unknown), mCssIndicator=unsupported, mCdmaRoamingIndicator=-1, mCdmaDefaultRoamingIndicator=-1, VoiceRegType=0, ImsVoiceAvail=0, IsEbSupport=2, IsEaBarred=0, Snap=0, MobileVoice=EMERGENCY_ONLY, MobileVoiceRat=UMTS, MobileData=EMERGENCY_ONLY, MobileDataRoamingType=home, MobileDataRat=Unknown PsOnly=false FemtocellInd=0 EndcStatus=0 RestrictDcnr=0 NrBearerStatus=0, mIsEmergencyOnly=true, mIsDataRoamingFromRegistration=false, mIsUsingCarrierAggregation=false, mLteEarfcnRsrpBoost=0, mNetworkRegistrationStates=[NetworkRegistrationState{transportType=1 domain=PS regState=NOT_REG_NOT_SEARCHING accessNetworkTechnology=UNKNOWN reasonForDenial=0 emergencyEnabled=false supportedServices=null cellIdentity=null voiceSpecificStates=null dataSpecificStates=DataSpecificRegistrationStates { mMaxDataCalls=4 mLac=3690 mCid=84087169 mTac=65534 mSnapshotStatus=0 mMobileState=0 mMobileRat=0 mMobileOptionalRat=0}}, NetworkRegistrationState{transportType=1 domain=CS regState=DENIED accessNetworkTechnology=UMTS reasonForDenial=0 emergencyEnabled=true supportedServices=[I@e825d87 cellIdentity=CellIdentityWcdma:{ mLac=3690 mCid=84087169 mPsc=0 mUarfcn=-1 mMcc=208 mMnc=15 mAlphaLong=Free mAlphaShort=Free} voiceSpecificStates=VoiceSpecificRegistrationStates { mCssSupported=false mRoamingIndicator=0 mSystemIsInPrl=0 mDefaultRoamingIndicator=0 mLac=3690 mCid=84087169 mPsVoiceSupport2 mImsEmergencyCallSupport2 mImsEmergencyCallBarring0 mMobileState3 mMobileRat3 mIsPsOnlyRegfalse} dataSpecificStates=null}]} not updating network due to invalid subId : -2
01-28 15:20:04.671 19087 19108 D InternalContentProvider: service_state_changed null
01-28 15:20:04.671 19087 19108 D InternalContentProvider: Take CarrierUiCallFunctions
01-28 15:20:04.672 19087 19108 D CarrierUiCallFunctions: call service_state_changed null Bundle[mParcelledData.dataSize=2412]
01-28 15:20:04.672 19087 19108 V UT.Worker-General: schedule job 8942069
01-28 15:20:04.672 19087 19116 V UT.Worker-General: handle job 8942069
01-28 15:20:04.672 19087 19116 V UT.Worker-General: completed job 8942069
01-28 15:20:04.673 19087 19087 V UT.Worker-General: issue callback for job 8942069
01-28 15:20:04.673 19087 19087 D FT.TuiSalesCodeFeature: NONE.isCurrentCountry
01-28 15:20:04.674 19087 19087 D FT.TuiUtilFeature: isAirplaneModeOn = false
01-28 15:20:04.674 19087 19087 D FT.TuiSalesCodeFeature: UNKNOWN.isCurrentOperator
01-28 15:20:04.674 19087 19087 D FT.TuiSalesCodeFeature: NONE.isCurrentCountry
01-28 15:20:04.674 19087 19087 D FT.TuiSalesCodeFeature: NONE.isCurrentCountry
01-28 15:20:04.675 19087 19087 D FT.TuiUtilFeature: isAirplaneModeOn = false
01-28 15:20:04.675 19087 19087 D FT.TuiSalesCodeFeature: NONE.isCurrentCountry
01-28 15:20:04.676 19087 19087 V FT.PhoneUtilsMultiSim: getMultiSimIccType phoneId 0 icctype 0 
01-28 15:20:04.676 19087 19087 V FT.PhoneUtilsMultiSim: isSimCardInserted[slot0] false
01-28 15:20:04.676 19087 19087 V FT.PhoneUtilsMultiSim: getMultiSimIccType phoneId 1 icctype 0 
01-28 15:20:04.677 19087 19087 V FT.PhoneUtilsMultiSim: isSimCardInserted[slot1] false
01-28 15:20:04.677 19087 19087 D CU.NetworkUiReceiver: SimState is not Loaded. defaultDataPhoneId : 0
01-28 15:20:04.677 19087 19087 D FT.TuiUtilFeature: isAirplaneModeOn = false
01-28 15:20:04.820  5674  5674 I SKBD    : and isTosAccept false
01-28 15:20:05.020  5674  5674 I SKBD    : and isTosAccept false
01-28 15:20:05.058  3323 13077 V APM_AudioPolicyManager: getAudioPolicyConfig: audioParam;outDevice
01-28 15:20:05.058  3323 13077 V APM_AudioPolicyManager: getNewOutputDevice() selected device 0
01-28 15:20:05.058  3323 13077 V APM_AudioPolicyManager: ### curdevice : 2
01-28 15:20:05.221  5674  5674 I SKBD    : and isTosAccept false
01-28 15:20:06.120  4944  4944 D io_stats: !@   8,0 r 45172 2802148 w 56258 1478536 d 3262 381428 f 7811 26261 iot 48168 40653 th 307200 0 0 pt 0 inp 0 0 1537.111
01-28 15:20:06.826  5674  5674 I chatty  : uid=10159(com.sec.android.inputmethod) identical 8 lines
01-28 15:20:07.027  5674  5674 I SKBD    : and isTosAccept false
01-28 15:20:07.044 18930 19033 V Benchmark_thread: The benchmarking thread 0 reached 210000 workload
01-28 15:20:07.228  5674  5674 I SKBD    : and isTosAccept false
01-28 15:20:07.312  3286  3458 D Netd    : notify() code: 613, msg: IfaceClass idle 1 1538304262707
01-28 15:20:07.314  3789  3876 I WifiService: getSupportedFeatures uid=1000
01-28 15:20:07.316  3789  4043 I WifiVendorHal: getWifiLinkLayerStats(l.2973) before calling iface.getLinkLayerStats
01-28 15:20:07.317  3312  3312 I android.hardware.wifi@1.0-service: enter getLinkLayerStats
01-28 15:20:07.317  3312  3312 I android.hardware.wifi@1.0-service: enter getLinkLayerStatsInternal
01-28 15:20:07.376  3312  3312 I android.hardware.wifi@1.0-service: Successfully getLinkLayerStats.
01-28 15:20:07.376  3789  4043 I WifiVendorHal: getWifiLinkLayerStats(l.2973) after calling iface.getLinkLayerStats
01-28 15:20:07.383  3789  3876 D BatteryStatsImpl: !@ currentWifiRunningTimeMs : 41399 totalTimeMs : 2470 totalWifiRunningTimeMs :43869 batteryRealtimeMs :268806
01-28 15:20:07.428  5674  5674 I SKBD    : and isTosAccept false
01-28 15:20:07.629  5674  5674 I SKBD    : and isTosAccept false
